Archive member included to satisfy reference by file (symbol)

D:\STM32G4\Benchmarking-STM32G4-Accelerators\Benchmark_Accelerators\Drivers\DSP_Drivers\Lib\GCC\libarm_cortexM4lf_math.a(arm_conv_f32.o)
                              ./Core/Src/main.o (arm_conv_f32)
D:/Program Files/STM32CubeIDE_1.14.1/STM32CubeIDE/plugins/com.st.stm32cube.ide.mcu.externaltools.gnu-tools-for-stm32.11.3.rel1.win32_1.1.100.202309141235/tools/bin/../lib/gcc/arm-none-eabi/11.3.1/../../../../arm-none-eabi/lib/thumb/v7e-m+fp/hard\libc_nano.a(libc_a-exit.o)
                              D:/Program Files/STM32CubeIDE_1.14.1/STM32CubeIDE/plugins/com.st.stm32cube.ide.mcu.externaltools.gnu-tools-for-stm32.11.3.rel1.win32_1.1.100.202309141235/tools/bin/../lib/gcc/arm-none-eabi/11.3.1/../../../../arm-none-eabi/lib/thumb/v7e-m+fp/hard/crt0.o (exit)
D:/Program Files/STM32CubeIDE_1.14.1/STM32CubeIDE/plugins/com.st.stm32cube.ide.mcu.externaltools.gnu-tools-for-stm32.11.3.rel1.win32_1.1.100.202309141235/tools/bin/../lib/gcc/arm-none-eabi/11.3.1/../../../../arm-none-eabi/lib/thumb/v7e-m+fp/hard\libc_nano.a(libc_a-findfp.o)
                              D:/Program Files/STM32CubeIDE_1.14.1/STM32CubeIDE/plugins/com.st.stm32cube.ide.mcu.externaltools.gnu-tools-for-stm32.11.3.rel1.win32_1.1.100.202309141235/tools/bin/../lib/gcc/arm-none-eabi/11.3.1/../../../../arm-none-eabi/lib/thumb/v7e-m+fp/hard\libc_nano.a(libc_a-exit.o) (__stdio_exit_handler)
D:/Program Files/STM32CubeIDE_1.14.1/STM32CubeIDE/plugins/com.st.stm32cube.ide.mcu.externaltools.gnu-tools-for-stm32.11.3.rel1.win32_1.1.100.202309141235/tools/bin/../lib/gcc/arm-none-eabi/11.3.1/../../../../arm-none-eabi/lib/thumb/v7e-m+fp/hard\libc_nano.a(libc_a-fwalk.o)
                              D:/Program Files/STM32CubeIDE_1.14.1/STM32CubeIDE/plugins/com.st.stm32cube.ide.mcu.externaltools.gnu-tools-for-stm32.11.3.rel1.win32_1.1.100.202309141235/tools/bin/../lib/gcc/arm-none-eabi/11.3.1/../../../../arm-none-eabi/lib/thumb/v7e-m+fp/hard\libc_nano.a(libc_a-findfp.o) (_fwalk_sglue)
D:/Program Files/STM32CubeIDE_1.14.1/STM32CubeIDE/plugins/com.st.stm32cube.ide.mcu.externaltools.gnu-tools-for-stm32.11.3.rel1.win32_1.1.100.202309141235/tools/bin/../lib/gcc/arm-none-eabi/11.3.1/../../../../arm-none-eabi/lib/thumb/v7e-m+fp/hard\libc_nano.a(libc_a-stdio.o)
                              D:/Program Files/STM32CubeIDE_1.14.1/STM32CubeIDE/plugins/com.st.stm32cube.ide.mcu.externaltools.gnu-tools-for-stm32.11.3.rel1.win32_1.1.100.202309141235/tools/bin/../lib/gcc/arm-none-eabi/11.3.1/../../../../arm-none-eabi/lib/thumb/v7e-m+fp/hard\libc_nano.a(libc_a-findfp.o) (__sread)
D:/Program Files/STM32CubeIDE_1.14.1/STM32CubeIDE/plugins/com.st.stm32cube.ide.mcu.externaltools.gnu-tools-for-stm32.11.3.rel1.win32_1.1.100.202309141235/tools/bin/../lib/gcc/arm-none-eabi/11.3.1/../../../../arm-none-eabi/lib/thumb/v7e-m+fp/hard\libc_nano.a(libc_a-memset.o)
                              D:/Program Files/STM32CubeIDE_1.14.1/STM32CubeIDE/plugins/com.st.stm32cube.ide.mcu.externaltools.gnu-tools-for-stm32.11.3.rel1.win32_1.1.100.202309141235/tools/bin/../lib/gcc/arm-none-eabi/11.3.1/../../../../arm-none-eabi/lib/thumb/v7e-m+fp/hard/crt0.o (memset)
D:/Program Files/STM32CubeIDE_1.14.1/STM32CubeIDE/plugins/com.st.stm32cube.ide.mcu.externaltools.gnu-tools-for-stm32.11.3.rel1.win32_1.1.100.202309141235/tools/bin/../lib/gcc/arm-none-eabi/11.3.1/../../../../arm-none-eabi/lib/thumb/v7e-m+fp/hard\libc_nano.a(libc_a-closer.o)
                              D:/Program Files/STM32CubeIDE_1.14.1/STM32CubeIDE/plugins/com.st.stm32cube.ide.mcu.externaltools.gnu-tools-for-stm32.11.3.rel1.win32_1.1.100.202309141235/tools/bin/../lib/gcc/arm-none-eabi/11.3.1/../../../../arm-none-eabi/lib/thumb/v7e-m+fp/hard\libc_nano.a(libc_a-stdio.o) (_close_r)
D:/Program Files/STM32CubeIDE_1.14.1/STM32CubeIDE/plugins/com.st.stm32cube.ide.mcu.externaltools.gnu-tools-for-stm32.11.3.rel1.win32_1.1.100.202309141235/tools/bin/../lib/gcc/arm-none-eabi/11.3.1/../../../../arm-none-eabi/lib/thumb/v7e-m+fp/hard\libc_nano.a(libc_a-reent.o)
                              D:/Program Files/STM32CubeIDE_1.14.1/STM32CubeIDE/plugins/com.st.stm32cube.ide.mcu.externaltools.gnu-tools-for-stm32.11.3.rel1.win32_1.1.100.202309141235/tools/bin/../lib/gcc/arm-none-eabi/11.3.1/../../../../arm-none-eabi/lib/thumb/v7e-m+fp/hard\libc_nano.a(libc_a-closer.o) (errno)
D:/Program Files/STM32CubeIDE_1.14.1/STM32CubeIDE/plugins/com.st.stm32cube.ide.mcu.externaltools.gnu-tools-for-stm32.11.3.rel1.win32_1.1.100.202309141235/tools/bin/../lib/gcc/arm-none-eabi/11.3.1/../../../../arm-none-eabi/lib/thumb/v7e-m+fp/hard\libc_nano.a(libc_a-impure.o)
                              D:/Program Files/STM32CubeIDE_1.14.1/STM32CubeIDE/plugins/com.st.stm32cube.ide.mcu.externaltools.gnu-tools-for-stm32.11.3.rel1.win32_1.1.100.202309141235/tools/bin/../lib/gcc/arm-none-eabi/11.3.1/../../../../arm-none-eabi/lib/thumb/v7e-m+fp/hard\libc_nano.a(libc_a-reent.o) (_impure_ptr)
[...]
Memory Configuration

Name             Origin             Length             Attributes
RAM              0x0000000020000000 0x0000000000020000 xrw
FLASH            0x0000000008000000 0x0000000000080000 xr
*default*        0x0000000000000000 0xffffffffffffffff

Linker script and memory map

LOAD D:/Program Files/STM32CubeIDE_1.14.1/STM32CubeIDE/plugins/com.st.stm32cube.ide.mcu.externaltools.gnu-tools-for-stm32.11.3.rel1.win32_1.1.100.202309141235/tools/bin/../lib/gcc/arm-none-eabi/11.3.1/thumb/v7e-m+fp/hard/crti.o
LOAD D:/Program Files/STM32CubeIDE_1.14.1/STM32CubeIDE/plugins/com.st.stm32cube.ide.mcu.externaltools.gnu-tools-for-stm32.11.3.rel1.win32_1.1.100.202309141235/tools/bin/../lib/gcc/arm-none-eabi/11.3.1/thumb/v7e-m+fp/hard/crtbegin.o
LOAD D:/Program Files/STM32CubeIDE_1.14.1/STM32CubeIDE/plugins/com.st.stm32cube.ide.mcu.externaltools.gnu-tools-for-stm32.11.3.rel1.win32_1.1.100.202309141235/tools/bin/../lib/gcc/arm-none-eabi/11.3.1/../../../../arm-none-eabi/lib/thumb/v7e-m+fp/hard/crt0.o
LOAD ./Core/Src/main.o
LOAD ./Core/Src/stm32g4xx_hal_msp.o
LOAD ./Core/Src/stm32g4xx_it.o
LOAD ./Core/Src/syscalls.o
LOAD ./Core/Src/sysmem.o
LOAD ./Core/Src/system_stm32g4xx.o
LOAD ./Core/Startup/startup_stm32g474qetx.o
LOAD ./Drivers/STM32G4xx_HAL_Driver/Src/stm32g4xx_hal.o
LOAD ./Drivers/STM32G4xx_HAL_Driver/Src/stm32g4xx_hal_adc.o
LOAD ./Drivers/STM32G4xx_HAL_Driver/Src/stm32g4xx_hal_adc_ex.o
LOAD ./Drivers/STM32G4xx_HAL_Driver/Src/stm32g4xx_hal_cortex.o
LOAD ./Drivers/STM32G4xx_HAL_Driver/Src/stm32g4xx_hal_dma.o
LOAD ./Drivers/STM32G4xx_HAL_Driver/Src/stm32g4xx_hal_dma_ex.o
LOAD ./Drivers/STM32G4xx_HAL_Driver/Src/stm32g4xx_hal_exti.o
LOAD ./Drivers/STM32G4xx_HAL_Driver/Src/stm32g4xx_hal_flash.o
LOAD ./Drivers/STM32G4xx_HAL_Driver/Src/stm32g4xx_hal_flash_ex.o
LOAD ./Drivers/STM32G4xx_HAL_Driver/Src/stm32g4xx_hal_flash_ramfunc.o
LOAD ./Drivers/STM32G4xx_HAL_Driver/Src/stm32g4xx_hal_fmac.o
LOAD ./Drivers/STM32G4xx_HAL_Driver/Src/stm32g4xx_hal_gpio.o
LOAD ./Drivers/STM32G4xx_HAL_Driver/Src/stm32g4xx_hal_hrtim.o
LOAD ./Drivers/STM32G4xx_HAL_Driver/Src/stm32g4xx_hal_pcd.o
LOAD ./Drivers/STM32G4xx_HAL_Driver/Src/stm32g4xx_hal_pcd_ex.o
LOAD ./Drivers/STM32G4xx_HAL_Driver/Src/stm32g4xx_hal_pwr.o
LOAD ./Drivers/STM32G4xx_HAL_Driver/Src/stm32g4xx_hal_pwr_ex.o
LOAD ./Drivers/STM32G4xx_HAL_Driver/Src/stm32g4xx_hal_rcc.o
LOAD ./Drivers/STM32G4xx_HAL_Driver/Src/stm32g4xx_hal_rcc_ex.o
LOAD ./Drivers/STM32G4xx_HAL_Driver/Src/stm32g4xx_hal_spi.o
LOAD ./Drivers/STM32G4xx_HAL_Driver/Src/stm32g4xx_hal_spi_ex.o
LOAD ./Drivers/STM32G4xx_HAL_Driver/Src/stm32g4xx_hal_tim.o
LOAD ./Drivers/STM32G4xx_HAL_Driver/Src/stm32g4xx_hal_tim_ex.o
LOAD ./Drivers/STM32G4xx_HAL_Driver/Src/stm32g4xx_hal_uart.o
LOAD ./Drivers/STM32G4xx_HAL_Driver/Src/stm32g4xx_hal_uart_ex.o
LOAD ./Drivers/STM32G4xx_HAL_Driver/Src/stm32g4xx_ll_adc.o
LOAD ./Drivers/STM32G4xx_HAL_Driver/Src/stm32g4xx_ll_usb.o
LOAD D:\STM32G4\Benchmarking-STM32G4-Accelerators\Benchmark_Accelerators\Drivers\DSP_Drivers\Lib\GCC\libarm_cortexM4lf_math.a
START GROUP
LOAD D:/Program Files/STM32CubeIDE_1.14.1/STM32CubeIDE/plugins/com.st.stm32cube.ide.mcu.externaltools.gnu-tools-for-stm32.11.3.rel1.win32_1.1.100.202309141235/tools/bin/../lib/gcc/arm-none-eabi/11.3.1/../../../../arm-none-eabi/lib/thumb/v7e-m+fp/hard\libc_nano.a
LOAD D:/Program Files/STM32CubeIDE_1.14.1/STM32CubeIDE/plugins/com.st.stm32cube.ide.mcu.externaltools.gnu-tools-for-stm32.11.3.rel1.win32_1.1.100.202309141235/tools/bin/../lib/gcc/arm-none-eabi/11.3.1/../../../../arm-none-eabi/lib/thumb/v7e-m+fp/hard\libm.a
END GROUP
START GROUP
LOAD D:/Program Files/STM32CubeIDE_1.14.1/STM32CubeIDE/plugins/com.st.stm32cube.ide.mcu.externaltools.gnu-tools-for-stm32.11.3.rel1.win32_1.1.100.202309141235/tools/bin/../lib/gcc/arm-none-eabi/11.3.1/thumb/v7e-m+fp/hard\libgcc.a
LOAD D:/Program Files/STM32CubeIDE_1.14.1/STM32CubeIDE/plugins/com.st.stm32cube.ide.mcu.externaltools.gnu-tools-for-stm32.11.3.rel1.win32_1.1.100.202309141235/tools/bin/../lib/gcc/arm-none-eabi/11.3.1/../../../../arm-none-eabi/lib/thumb/v7e-m+fp/hard\libc_nano.a
END GROUP
START GROUP
LOAD D:/Program Files/STM32CubeIDE_1.14.1/STM32CubeIDE/plugins/com.st.stm32cube.ide.mcu.externaltools.gnu-tools-for-stm32.11.3.rel1.win32_1.1.100.202309141235/tools/bin/../lib/gcc/arm-none-eabi/11.3.1/thumb/v7e-m+fp/hard\libgcc.a
LOAD D:/Program Files/STM32CubeIDE_1.14.1/STM32CubeIDE/plugins/com.st.stm32cube.ide.mcu.externaltools.gnu-tools-for-stm32.11.3.rel1.win32_1.1.100.202309141235/tools/bin/../lib/gcc/arm-none-eabi/11.3.1/../../../../arm-none-eabi/lib/thumb/v7e-m+fp/hard\libc_nano.a
LOAD D:/Program Files/STM32CubeIDE_1.14.1/STM32CubeIDE/plugins/com.st.stm32cube.ide.mcu.externaltools.gnu-tools-for-stm32.11.3.rel1.win32_1.1.100.202309141235/tools/bin/../lib/gcc/arm-none-eabi/11.3.1/../../../../arm-none-eabi/lib/thumb/v7e-m+fp/hard\libnosys.a
END GROUP
START GROUP
LOAD D:/Program Files/STM32CubeIDE_1.14.1/STM32CubeIDE/plugins/com.st.stm32cube.ide.mcu.externaltools.gnu-tools-for-stm32.11.3.rel1.win32_1.1.100.202309141235/tools/bin/../lib/gcc/arm-none-eabi/11.3.1/thumb/v7e-m+fp/hard\libgcc.a
LOAD D:/Program Files/STM32CubeIDE_1.14.1/STM32CubeIDE/plugins/com.st.stm32cube.ide.mcu.externaltools.gnu-tools-for-stm32.11.3.rel1.win32_1.1.100.202309141235/tools/bin/../lib/gcc/arm-none-eabi/11.3.1/../../../../arm-none-eabi/lib/thumb/v7e-m+fp/hard\libc_nano.a
LOAD D:/Program Files/STM32CubeIDE_1.14.1/STM32CubeIDE/plugins/com.st.stm32cube.ide.mcu.externaltools.gnu-tools-for-stm32.11.3.rel1.win32_1.1.100.202309141235/tools/bin/../lib/gcc/arm-none-eabi/11.3.1/../../../../arm-none-eabi/lib/thumb/v7e-m+fp/hard\libnosys.a
END GROUP
LOAD D:/Program Files/STM32CubeIDE_1.14.1/STM32CubeIDE/plugins/com.st.stm32cube.ide.mcu.externaltools.gnu-tools-for-stm32.11.3.rel1.win32_1.1.100.202309141235/tools/bin/../lib/gcc/arm-none-eabi/11.3.1/thumb/v7e-m+fp/hard/crtend.o
LOAD D:/Program Files/STM32CubeIDE_1.14.1/STM32CubeIDE/plugins/com.st.stm32cube.ide.mcu.externaltools.gnu-tools-for-stm32.11.3.rel1.win32_1.1.100.202309141235/tools/bin/../lib/gcc/arm-none-eabi/11.3.1/thumb/v7e-m+fp/hard/crtn.o
                0x0000000020020000                _estack = (ORIGIN (RAM) + LENGTH (RAM))
                0x0000000000000200                _Min_Heap_Size = 0x200
                0x0000000000000400                _Min_Stack_Size = 0x400

.isr_vector     0x0000000008000000      0x1d8
                0x0000000008000000                . = ALIGN (0x4)
 *(.isr_vector)
 .isr_vector    0x0000000008000000      0x1d8 ./Core/Startup/startup_stm32g474qetx.o
                0x0000000008000000                g_pfnVectors
                0x00000000080001d8                . = ALIGN (0x4)

.text           0x00000000080001d8     0x76b4
                0x00000000080001d8                . = ALIGN (0x4)
 *(.text)
 .text          0x00000000080001d8       0x40 D:/Program Files/STM32CubeIDE_1.14.1/STM32CubeIDE/plugins/com.st.stm32cube.ide.mcu.externaltools.gnu-tools-for-stm32.11.3.rel1.win32_1.1.100.202309141235/tools/bin/../lib/gcc/arm-none-eabi/11.3.1/thumb/v7e-m+fp/hard/crtbegin.o
 .text          0x0000000008000218       0x30 D:/Program Files/STM32CubeIDE_1.14.1/STM32CubeIDE/plugins/com.st.stm32cube.ide.mcu.externaltools.gnu-tools-for-stm32.11.3.rel1.win32_1.1.100.202309141235/tools/bin/../lib/gcc/arm-none-eabi/11.3.1/thumb/v7e-m+fp/hard\libgcc.a(_aeabi_uldivmod.o)
                0x0000000008000218                __aeabi_uldivmod
 .text          0x0000000008000248      0x2c8 D:/Program Files/STM32CubeIDE_1.14.1/STM32CubeIDE/plugins/com.st.stm32cube.ide.mcu.externaltools.gnu-tools-for-stm32.11.3.rel1.win32_1.1.100.202309141235/tools/bin/../lib/gcc/arm-none-eabi/11.3.1/thumb/v7e-m+fp/hard\libgcc.a(_udivmoddi4.o)
                0x0000000008000248                __udivmoddi4
 .text          0x0000000008000510        0x4 D:/Program Files/STM32CubeIDE_1.14.1/STM32CubeIDE/plugins/com.st.stm32cube.ide.mcu.externaltools.gnu-tools-for-stm32.11.3.rel1.win32_1.1.100.202309141235/tools/bin/../lib/gcc/arm-none-eabi/11.3.1/thumb/v7e-m+fp/hard\libgcc.a(_dvmd_tls.o)
                0x0000000008000510                __aeabi_idiv0
                0x0000000008000510                __aeabi_ldiv0
 *(.text*)
 .text.main     0x0000000008000514       0x5c ./Core/Src/main.o
                0x0000000008000514                main
 .text.SystemClock_Config
                0x0000000008000570       0x98 ./Core/Src/main.o
                0x0000000008000570                SystemClock_Config
 .text.MX_ADC3_Init
                0x0000000008000608       0xf0 ./Core/Src/main.o
 .text.MX_FMAC_Init
                0x00000000080006f8       0x28 ./Core/Src/main.o
 .text.MX_HRTIM1_Init
                0x0000000008000720       0xf4 ./Core/Src/main.o
 .text.MX_SPI2_Init
                0x0000000008000814       0x7c ./Core/Src/main.o
 .text.MX_TIM1_Init
                0x0000000008000890      0x188 ./Core/Src/main.o
 .text.MX_TIM2_Init
                0x0000000008000a18       0xe0 ./Core/Src/main.o
 .text.MX_TIM3_Init
                0x0000000008000af8       0xcc ./Core/Src/main.o
 .text.MX_TIM5_Init
                0x0000000008000bc4       0xe0 ./Core/Src/main.o
 .text.MX_TIM8_Init
                0x0000000008000ca4      0x1f4 ./Core/Src/main.o
 .text.MX_USART1_UART_Init
                0x0000000008000e98       0x9c ./Core/Src/main.o
 .text.MX_USB_PCD_Init
                0x0000000008000f34       0x50 ./Core/Src/main.o
 .text.MX_GPIO_Init
                0x0000000008000f84      0x290 ./Core/Src/main.o
 .text.Error_Handler
                0x0000000008001214        0xa ./Core/Src/main.o
                0x0000000008001214                Error_Handler
 *fill*         0x000000000800121e        0x2 
 .text.HAL_MspInit
                0x0000000008001220       0x48 ./Core/Src/stm32g4xx_hal_msp.o
                0x0000000008001220                HAL_MspInit
 .text.HAL_ADC_MspInit
                0x0000000008001268       0xe4 ./Core/Src/stm32g4xx_hal_msp.o
                0x0000000008001268                HAL_ADC_MspInit
 .text.HAL_FMAC_MspInit
                0x000000000800134c       0x40 ./Core/Src/stm32g4xx_hal_msp.o
                0x000000000800134c                HAL_FMAC_MspInit
 .text.HAL_HRTIM_MspInit
                0x000000000800138c       0x40 ./Core/Src/stm32g4xx_hal_msp.o
                0x000000000800138c                HAL_HRTIM_MspInit
 .text.HAL_SPI_MspInit
                0x00000000080013cc       0xc8 ./Core/Src/stm32g4xx_hal_msp.o
                0x00000000080013cc                HAL_SPI_MspInit
 .text.HAL_TIM_OC_MspInit
                0x0000000008001494      0x174 ./Core/Src/stm32g4xx_hal_msp.o
                0x0000000008001494                HAL_TIM_OC_MspInit
 .text.HAL_TIM_Base_MspInit
                0x0000000008001608       0x88 ./Core/Src/stm32g4xx_hal_msp.o
                0x0000000008001608                HAL_TIM_Base_MspInit
 .text.HAL_TIM_MspPostInit
                0x0000000008001690      0x1d8 ./Core/Src/stm32g4xx_hal_msp.o
                0x0000000008001690                HAL_TIM_MspPostInit
 .text.HAL_UART_MspInit
                0x0000000008001868       0xb0 ./Core/Src/stm32g4xx_hal_msp.o
                0x0000000008001868                HAL_UART_MspInit
 .text.HAL_PCD_MspInit
                0x0000000008001918       0x68 ./Core/Src/stm32g4xx_hal_msp.o
                0x0000000008001918                HAL_PCD_MspInit
 .text.NMI_Handler
                0x0000000008001980        0x6 ./Core/Src/stm32g4xx_it.o
                0x0000000008001980                NMI_Handler
 .text.HardFault_Handler
                0x0000000008001986        0x6 ./Core/Src/stm32g4xx_it.o
                0x0000000008001986                HardFault_Handler
 .text.MemManage_Handler
                0x000000000800198c        0x6 ./Core/Src/stm32g4xx_it.o
                0x000000000800198c                MemManage_Handler
 .text.BusFault_Handler
                0x0000000008001992        0x6 ./Core/Src/stm32g4xx_it.o
                0x0000000008001992                BusFault_Handler
 .text.UsageFault_Handler
                0x0000000008001998        0x6 ./Core/Src/stm32g4xx_it.o
                0x0000000008001998                UsageFault_Handler
 .text.SVC_Handler
                0x000000000800199e        0xe ./Core/Src/stm32g4xx_it.o
                0x000000000800199e                SVC_Handler
 .text.DebugMon_Handler
                0x00000000080019ac        0xe ./Core/Src/stm32g4xx_it.o
                0x00000000080019ac                DebugMon_Handler
 .text.PendSV_Handler
                0x00000000080019ba        0xe ./Core/Src/stm32g4xx_it.o
                0x00000000080019ba                PendSV_Handler
 .text.SysTick_Handler
                0x00000000080019c8        0xc ./Core/Src/stm32g4xx_it.o
                0x00000000080019c8                SysTick_Handler
 .text.SystemInit
                0x00000000080019d4       0x24 ./Core/Src/system_stm32g4xx.o
                0x00000000080019d4                SystemInit
 .text.Reset_Handler
                0x00000000080019f8       0x50 ./Core/Startup/startup_stm32g474qetx.o
                0x00000000080019f8                Reset_Handler
 .text.Default_Handler
                0x0000000008001a48        0x2 ./Core/Startup/startup_stm32g474qetx.o
                0x0000000008001a48                RTC_Alarm_IRQHandler
                0x0000000008001a48                EXTI2_IRQHandler
                0x0000000008001a48                TIM8_TRG_COM_IRQHandler
                0x0000000008001a48                TIM8_CC_IRQHandler
                0x0000000008001a48                HRTIM1_Master_IRQHandler
                0x0000000008001a48                SPI4_IRQHandler
                0x0000000008001a48                FDCAN3_IT0_IRQHandler
                0x0000000008001a48                TIM1_CC_IRQHandler
                0x0000000008001a48                HRTIM1_FLT_IRQHandler
                0x0000000008001a48                HRTIM1_TIMF_IRQHandler
                0x0000000008001a48                USB_HP_IRQHandler
                0x0000000008001a48                CORDIC_IRQHandler
                0x0000000008001a48                HRTIM1_TIMD_IRQHandler
                0x0000000008001a48                DMA2_Channel8_IRQHandler
                0x0000000008001a48                EXTI3_IRQHandler
                0x0000000008001a48                I2C3_ER_IRQHandler
                0x0000000008001a48                EXTI0_IRQHandler
                0x0000000008001a48                I2C2_EV_IRQHandler
                0x0000000008001a48                FPU_IRQHandler
                0x0000000008001a48                FDCAN1_IT1_IRQHandler
                0x0000000008001a48                TIM1_UP_TIM16_IRQHandler
                0x0000000008001a48                ADC1_2_IRQHandler
                0x0000000008001a48                HRTIM1_TIME_IRQHandler
                0x0000000008001a48                SPI1_IRQHandler
                0x0000000008001a48                TIM6_DAC_IRQHandler
                0x0000000008001a48                HRTIM1_TIMC_IRQHandler
                0x0000000008001a48                TIM8_UP_IRQHandler
                0x0000000008001a48                DMA2_Channel2_IRQHandler
                0x0000000008001a48                DMA1_Channel4_IRQHandler
                0x0000000008001a48                TIM20_TRG_COM_IRQHandler
                0x0000000008001a48                USART3_IRQHandler
                0x0000000008001a48                DMA1_Channel7_IRQHandler
                0x0000000008001a48                UART5_IRQHandler
                0x0000000008001a48                ADC3_IRQHandler
                0x0000000008001a48                TIM4_IRQHandler
                0x0000000008001a48                DMA2_Channel1_IRQHandler
                0x0000000008001a48                QUADSPI_IRQHandler
                0x0000000008001a48                I2C1_EV_IRQHandler
                0x0000000008001a48                DMA1_Channel6_IRQHandler
                0x0000000008001a48                UART4_IRQHandler
                0x0000000008001a48                DMA2_Channel4_IRQHandler
                0x0000000008001a48                TIM3_IRQHandler
                0x0000000008001a48                RCC_IRQHandler
                0x0000000008001a48                TIM20_UP_IRQHandler
                0x0000000008001a48                DMA1_Channel1_IRQHandler
                0x0000000008001a48                Default_Handler
                0x0000000008001a48                DMA2_Channel7_IRQHandler
                0x0000000008001a48                RTC_TAMP_LSECSS_IRQHandler
                0x0000000008001a48                FMAC_IRQHandler
                0x0000000008001a48                EXTI15_10_IRQHandler
                0x0000000008001a48                DMA1_Channel8_IRQHandler
                0x0000000008001a48                HRTIM1_TIMA_IRQHandler
                0x0000000008001a48                TIM7_DAC_IRQHandler
                0x0000000008001a48                FDCAN3_IT1_IRQHandler
                0x0000000008001a48                TIM5_IRQHandler
                0x0000000008001a48                UCPD1_IRQHandler
                0x0000000008001a48                I2C3_EV_IRQHandler
                0x0000000008001a48                EXTI9_5_IRQHandler
                0x0000000008001a48                RTC_WKUP_IRQHandler
                0x0000000008001a48                PVD_PVM_IRQHandler
                0x0000000008001a48                SPI2_IRQHandler
                0x0000000008001a48                ADC5_IRQHandler
                0x0000000008001a48                DMA2_Channel5_IRQHandler
                0x0000000008001a48                CRS_IRQHandler
                0x0000000008001a48                DMA1_Channel5_IRQHandler
                0x0000000008001a48                USB_LP_IRQHandler
                0x0000000008001a48                EXTI4_IRQHandler
                0x0000000008001a48                RNG_IRQHandler
                0x0000000008001a48                HRTIM1_TIMB_IRQHandler
                0x0000000008001a48                TIM1_TRG_COM_TIM17_IRQHandler
                0x0000000008001a48                FDCAN2_IT1_IRQHandler
                0x0000000008001a48                DMA1_Channel3_IRQHandler
                0x0000000008001a48                ADC4_IRQHandler
                0x0000000008001a48                WWDG_IRQHandler
                0x0000000008001a48                I2C4_EV_IRQHandler
                0x0000000008001a48                FDCAN2_IT0_IRQHandler
                0x0000000008001a48                LPUART1_IRQHandler
                0x0000000008001a48                DMA2_Channel6_IRQHandler
                0x0000000008001a48                FDCAN1_IT0_IRQHandler
                0x0000000008001a48                TIM2_IRQHandler
                0x0000000008001a48                COMP7_IRQHandler
                0x0000000008001a48                COMP1_2_3_IRQHandler
                0x0000000008001a48                EXTI1_IRQHandler
                0x0000000008001a48                USART2_IRQHandler
                0x0000000008001a48                COMP4_5_6_IRQHandler
                0x0000000008001a48                TIM20_BRK_IRQHandler
                0x0000000008001a48                I2C2_ER_IRQHandler
                0x0000000008001a48                DMA1_Channel2_IRQHandler
                0x0000000008001a48                TIM8_BRK_IRQHandler
                0x0000000008001a48                FLASH_IRQHandler
                0x0000000008001a48                TIM20_CC_IRQHandler
                0x0000000008001a48                USART1_IRQHandler
                0x0000000008001a48                SPI3_IRQHandler
                0x0000000008001a48                I2C1_ER_IRQHandler
                0x0000000008001a48                FMC_IRQHandler
                0x0000000008001a48                LPTIM1_IRQHandler
                0x0000000008001a48                DMAMUX_OVR_IRQHandler
                0x0000000008001a48                I2C4_ER_IRQHandler
                0x0000000008001a48                USBWakeUp_IRQHandler
                0x0000000008001a48                SAI1_IRQHandler
                0x0000000008001a48                DMA2_Channel3_IRQHandler
                0x0000000008001a48                TIM1_BRK_TIM15_IRQHandler
 .text.HAL_Init
                0x0000000008001a4a       0x30 ./Drivers/STM32G4xx_HAL_Driver/Src/stm32g4xx_hal.o
                0x0000000008001a4a                HAL_Init
 *fill*         0x0000000008001a7a        0x2 
 .text.HAL_InitTick
                0x0000000008001a7c       0x74 ./Drivers/STM32G4xx_HAL_Driver/Src/stm32g4xx_hal.o
                0x0000000008001a7c                HAL_InitTick
 .text.HAL_IncTick
                0x0000000008001af0       0x24 ./Drivers/STM32G4xx_HAL_Driver/Src/stm32g4xx_hal.o
                0x0000000008001af0                HAL_IncTick
 .text.HAL_GetTick
                0x0000000008001b14       0x18 ./Drivers/STM32G4xx_HAL_Driver/Src/stm32g4xx_hal.o
                0x0000000008001b14                HAL_GetTick
 .text.LL_ADC_SetCommonClock
                0x0000000008001b2c       0x26 ./Drivers/STM32G4xx_HAL_Driver/Src/stm32g4xx_hal_adc.o
 .text.LL_ADC_SetCommonPathInternalCh
                0x0000000008001b52       0x26 ./Drivers/STM32G4xx_HAL_Driver/Src/stm32g4xx_hal_adc.o
 .text.LL_ADC_GetCommonPathInternalCh
                0x0000000008001b78       0x1c ./Drivers/STM32G4xx_HAL_Driver/Src/stm32g4xx_hal_adc.o
 .text.LL_ADC_SetOffset
                0x0000000008001b94       0x48 ./Drivers/STM32G4xx_HAL_Driver/Src/stm32g4xx_hal_adc.o
 .text.LL_ADC_GetOffsetChannel
                0x0000000008001bdc       0x2c ./Drivers/STM32G4xx_HAL_Driver/Src/stm32g4xx_hal_adc.o
 .text.LL_ADC_SetOffsetState
                0x0000000008001c08       0x36 ./Drivers/STM32G4xx_HAL_Driver/Src/stm32g4xx_hal_adc.o
 .text.LL_ADC_SetOffsetSign
                0x0000000008001c3e       0x36 ./Drivers/STM32G4xx_HAL_Driver/Src/stm32g4xx_hal_adc.o
 .text.LL_ADC_SetOffsetSaturation
                0x0000000008001c74       0x36 ./Drivers/STM32G4xx_HAL_Driver/Src/stm32g4xx_hal_adc.o
 .text.LL_ADC_SetSamplingTimeCommonConfig
                0x0000000008001caa       0x26 ./Drivers/STM32G4xx_HAL_Driver/Src/stm32g4xx_hal_adc.o
 .text.LL_ADC_REG_SetSequencerRanks
                0x0000000008001cd0       0x58 ./Drivers/STM32G4xx_HAL_Driver/Src/stm32g4xx_hal_adc.o
 .text.LL_ADC_SetChannelSamplingTime
                0x0000000008001d28       0x56 ./Drivers/STM32G4xx_HAL_Driver/Src/stm32g4xx_hal_adc.o
 *fill*         0x0000000008001d7e        0x2 
 .text.LL_ADC_SetChannelSingleDiff
                0x0000000008001d80       0x48 ./Drivers/STM32G4xx_HAL_Driver/Src/stm32g4xx_hal_adc.o
 .text.LL_ADC_DisableDeepPowerDown
                0x0000000008001dc8       0x24 ./Drivers/STM32G4xx_HAL_Driver/Src/stm32g4xx_hal_adc.o
 .text.LL_ADC_IsDeepPowerDownEnabled
                0x0000000008001dec       0x28 ./Drivers/STM32G4xx_HAL_Driver/Src/stm32g4xx_hal_adc.o
 .text.LL_ADC_EnableInternalRegulator
                0x0000000008001e14       0x28 ./Drivers/STM32G4xx_HAL_Driver/Src/stm32g4xx_hal_adc.o
 .text.LL_ADC_IsInternalRegulatorEnabled
                0x0000000008001e3c       0x28 ./Drivers/STM32G4xx_HAL_Driver/Src/stm32g4xx_hal_adc.o
 .text.LL_ADC_IsEnabled
                0x0000000008001e64       0x26 ./Drivers/STM32G4xx_HAL_Driver/Src/stm32g4xx_hal_adc.o
 .text.LL_ADC_REG_IsConversionOngoing
                0x0000000008001e8a       0x26 ./Drivers/STM32G4xx_HAL_Driver/Src/stm32g4xx_hal_adc.o
 .text.LL_ADC_INJ_IsConversionOngoing
                0x0000000008001eb0       0x26 ./Drivers/STM32G4xx_HAL_Driver/Src/stm32g4xx_hal_adc.o
 *fill*         0x0000000008001ed6        0x2 
 .text.HAL_ADC_Init
                0x0000000008001ed8      0x378 ./Drivers/STM32G4xx_HAL_Driver/Src/stm32g4xx_hal_adc.o
                0x0000000008001ed8                HAL_ADC_Init
 .text.HAL_ADC_ConfigChannel
                0x0000000008002250      0x880 ./Drivers/STM32G4xx_HAL_Driver/Src/stm32g4xx_hal_adc.o
                0x0000000008002250                HAL_ADC_ConfigChannel
 .text.LL_ADC_IsEnabled
                0x0000000008002ad0       0x26 ./Drivers/STM32G4xx_HAL_Driver/Src/stm32g4xx_hal_adc_ex.o
 .text.LL_ADC_REG_IsConversionOngoing
                0x0000000008002af6       0x26 ./Drivers/STM32G4xx_HAL_Driver/Src/stm32g4xx_hal_adc_ex.o
 .text.HAL_ADCEx_MultiModeConfigChannel
                0x0000000008002b1c      0x210 ./Drivers/STM32G4xx_HAL_Driver/Src/stm32g4xx_hal_adc_ex.o
                0x0000000008002b1c                HAL_ADCEx_MultiModeConfigChannel
 .text.__NVIC_SetPriorityGrouping
                0x0000000008002d2c       0x48 ./Drivers/STM32G4xx_HAL_Driver/Src/stm32g4xx_hal_cortex.o
 .text.__NVIC_GetPriorityGrouping
                0x0000000008002d74       0x1c ./Drivers/STM32G4xx_HAL_Driver/Src/stm32g4xx_hal_cortex.o
 .text.__NVIC_SetPriority
                0x0000000008002d90       0x54 ./Drivers/STM32G4xx_HAL_Driver/Src/stm32g4xx_hal_cortex.o
 .text.NVIC_EncodePriority
                0x0000000008002de4       0x66 ./Drivers/STM32G4xx_HAL_Driver/Src/stm32g4xx_hal_cortex.o
 *fill*         0x0000000008002e4a        0x2 
 .text.SysTick_Config
                0x0000000008002e4c       0x44 ./Drivers/STM32G4xx_HAL_Driver/Src/stm32g4xx_hal_cortex.o
 .text.HAL_NVIC_SetPriorityGrouping
                0x0000000008002e90       0x16 ./Drivers/STM32G4xx_HAL_Driver/Src/stm32g4xx_hal_cortex.o
                0x0000000008002e90                HAL_NVIC_SetPriorityGrouping
 .text.HAL_NVIC_SetPriority
                0x0000000008002ea6       0x34 ./Drivers/STM32G4xx_HAL_Driver/Src/stm32g4xx_hal_cortex.o
                0x0000000008002ea6                HAL_NVIC_SetPriority
 .text.HAL_SYSTICK_Config
                0x0000000008002eda       0x18 ./Drivers/STM32G4xx_HAL_Driver/Src/stm32g4xx_hal_cortex.o
                0x0000000008002eda                HAL_SYSTICK_Config
 .text.HAL_FMAC_Init
                0x0000000008002ef2       0x82 ./Drivers/STM32G4xx_HAL_Driver/Src/stm32g4xx_hal_fmac.o
                0x0000000008002ef2                HAL_FMAC_Init
 .text.FMAC_Reset
                0x0000000008002f74       0x5e ./Drivers/STM32G4xx_HAL_Driver/Src/stm32g4xx_hal_fmac.o
 .text.FMAC_ResetDataPointers
                0x0000000008002fd2       0x1c ./Drivers/STM32G4xx_HAL_Driver/Src/stm32g4xx_hal_fmac.o
 .text.FMAC_ResetInputStateAndDataPointers
                0x0000000008002fee       0x2e ./Drivers/STM32G4xx_HAL_Driver/Src/stm32g4xx_hal_fmac.o
 .text.FMAC_ResetOutputStateAndDataPointers
                0x000000000800301c       0x2e ./Drivers/STM32G4xx_HAL_Driver/Src/stm32g4xx_hal_fmac.o
 *fill*         0x000000000800304a        0x2 
 .text.HAL_GPIO_Init
                0x000000000800304c      0x304 ./Drivers/STM32G4xx_HAL_Driver/Src/stm32g4xx_hal_gpio.o
                0x000000000800304c                HAL_GPIO_Init
 .text.HAL_GPIO_WritePin
                0x0000000008003350       0x30 ./Drivers/STM32G4xx_HAL_Driver/Src/stm32g4xx_hal_gpio.o
                0x0000000008003350                HAL_GPIO_WritePin
 .text.HAL_HRTIM_Init
                0x0000000008003380      0x1a0 ./Drivers/STM32G4xx_HAL_Driver/Src/stm32g4xx_hal_hrtim.o
                0x0000000008003380                HAL_HRTIM_Init
 .text.HAL_HRTIM_DLLCalibrationStart
                0x0000000008003520       0xb0 ./Drivers/STM32G4xx_HAL_Driver/Src/stm32g4xx_hal_hrtim.o
                0x0000000008003520                HAL_HRTIM_DLLCalibrationStart
 .text.HAL_HRTIM_PollForDLLCalibration
                0x00000000080035d0       0x68 ./Drivers/STM32G4xx_HAL_Driver/Src/stm32g4xx_hal_hrtim.o
                0x00000000080035d0                HAL_HRTIM_PollForDLLCalibration
 .text.HAL_HRTIM_TimeBaseConfig
                0x0000000008003638       0x50 ./Drivers/STM32G4xx_HAL_Driver/Src/stm32g4xx_hal_hrtim.o
                0x0000000008003638                HAL_HRTIM_TimeBaseConfig
 .text.HAL_HRTIM_WaveformTimerConfig
                0x0000000008003688      0x11a ./Drivers/STM32G4xx_HAL_Driver/Src/stm32g4xx_hal_hrtim.o
                0x0000000008003688                HAL_HRTIM_WaveformTimerConfig
 .text.HRTIM_MasterBase_Config
                0x00000000080037a2       0x5e ./Drivers/STM32G4xx_HAL_Driver/Src/stm32g4xx_hal_hrtim.o
 .text.HRTIM_TimingUnitBase_Config
                0x0000000008003800       0x80 ./Drivers/STM32G4xx_HAL_Driver/Src/stm32g4xx_hal_hrtim.o
 .text.HRTIM_MasterWaveform_Config
                0x0000000008003880      0x13a ./Drivers/STM32G4xx_HAL_Driver/Src/stm32g4xx_hal_hrtim.o
 *fill*         0x00000000080039ba        0x2 
 .text.HRTIM_TimingUnitWaveform_Config
                0x00000000080039bc      0x30c ./Drivers/STM32G4xx_HAL_Driver/Src/stm32g4xx_hal_hrtim.o
 .text.HRTIM_ForceRegistersUpdate
                0x0000000008003cc8       0xdc ./Drivers/STM32G4xx_HAL_Driver/Src/stm32g4xx_hal_hrtim.o
 .text.HAL_PCD_Init
                0x0000000008003da4      0x19c ./Drivers/STM32G4xx_HAL_Driver/Src/stm32g4xx_hal_pcd.o
                0x0000000008003da4                HAL_PCD_Init
 .text.HAL_PCDEx_ActivateLPM
                0x0000000008003f40       0x54 ./Drivers/STM32G4xx_HAL_Driver/Src/stm32g4xx_hal_pcd_ex.o
                0x0000000008003f40                HAL_PCDEx_ActivateLPM
 .text.HAL_PWREx_ControlVoltageScaling
                0x0000000008003f94      0x148 ./Drivers/STM32G4xx_HAL_Driver/Src/stm32g4xx_hal_pwr_ex.o
                0x0000000008003f94                HAL_PWREx_ControlVoltageScaling
 .text.HAL_PWREx_DisableUCPDDeadBattery
                0x00000000080040dc       0x20 ./Drivers/STM32G4xx_HAL_Driver/Src/stm32g4xx_hal_pwr_ex.o
                0x00000000080040dc                HAL_PWREx_DisableUCPDDeadBattery
 .text.HAL_RCC_OscConfig
                0x00000000080040fc      0x624 ./Drivers/STM32G4xx_HAL_Driver/Src/stm32g4xx_hal_rcc.o
                0x00000000080040fc                HAL_RCC_OscConfig
 .text.HAL_RCC_ClockConfig
                0x0000000008004720      0x278 ./Drivers/STM32G4xx_HAL_Driver/Src/stm32g4xx_hal_rcc.o
                0x0000000008004720                HAL_RCC_ClockConfig
 .text.HAL_RCC_GetSysClockFreq
                0x0000000008004998       0xc4 ./Drivers/STM32G4xx_HAL_Driver/Src/stm32g4xx_hal_rcc.o
                0x0000000008004998                HAL_RCC_GetSysClockFreq
 .text.HAL_RCC_GetHCLKFreq
                0x0000000008004a5c       0x18 ./Drivers/STM32G4xx_HAL_Driver/Src/stm32g4xx_hal_rcc.o
                0x0000000008004a5c                HAL_RCC_GetHCLKFreq
 .text.HAL_RCC_GetPCLK1Freq
                0x0000000008004a74       0x2c ./Drivers/STM32G4xx_HAL_Driver/Src/stm32g4xx_hal_rcc.o
                0x0000000008004a74                HAL_RCC_GetPCLK1Freq
 .text.HAL_RCC_GetPCLK2Freq
                0x0000000008004aa0       0x2c ./Drivers/STM32G4xx_HAL_Driver/Src/stm32g4xx_hal_rcc.o
                0x0000000008004aa0                HAL_RCC_GetPCLK2Freq
 .text.RCC_GetSysClockFreqFromPLLSource
                0x0000000008004acc       0x8c ./Drivers/STM32G4xx_HAL_Driver/Src/stm32g4xx_hal_rcc.o
 .text.HAL_RCCEx_PeriphCLKConfig
                0x0000000008004b58      0x49c ./Drivers/STM32G4xx_HAL_Driver/Src/stm32g4xx_hal_rcc_ex.o
                0x0000000008004b58                HAL_RCCEx_PeriphCLKConfig
 .text.HAL_SPI_Init
                0x0000000008004ff4      0x156 ./Drivers/STM32G4xx_HAL_Driver/Src/stm32g4xx_hal_spi.o
                0x0000000008004ff4                HAL_SPI_Init
 .text.HAL_TIM_Base_Init
                0x000000000800514a       0xae ./Drivers/STM32G4xx_HAL_Driver/Src/stm32g4xx_hal_tim.o
                0x000000000800514a                HAL_TIM_Base_Init
 .text.HAL_TIM_OC_Init
                0x00000000080051f8       0xae ./Drivers/STM32G4xx_HAL_Driver/Src/stm32g4xx_hal_tim.o
                0x00000000080051f8                HAL_TIM_OC_Init
 *fill*         0x00000000080052a6        0x2 
 .text.HAL_TIM_OC_ConfigChannel
                0x00000000080052a8       0xf4 ./Drivers/STM32G4xx_HAL_Driver/Src/stm32g4xx_hal_tim.o
                0x00000000080052a8                HAL_TIM_OC_ConfigChannel
 .text.HAL_TIM_ConfigClockSource
                0x000000000800539c      0x22c ./Drivers/STM32G4xx_HAL_Driver/Src/stm32g4xx_hal_tim.o
                0x000000000800539c                HAL_TIM_ConfigClockSource
 .text.HAL_TIM_SlaveConfigSynchro
                0x00000000080055c8       0x84 ./Drivers/STM32G4xx_HAL_Driver/Src/stm32g4xx_hal_tim.o
                0x00000000080055c8                HAL_TIM_SlaveConfigSynchro
 .text.TIM_Base_SetConfig
                0x000000000800564c      0x168 ./Drivers/STM32G4xx_HAL_Driver/Src/stm32g4xx_hal_tim.o
                0x000000000800564c                TIM_Base_SetConfig
 .text.TIM_OC1_SetConfig
                0x00000000080057b4      0x134 ./Drivers/STM32G4xx_HAL_Driver/Src/stm32g4xx_hal_tim.o
 .text.TIM_OC2_SetConfig
                0x00000000080058e8      0x128 ./Drivers/STM32G4xx_HAL_Driver/Src/stm32g4xx_hal_tim.o
                0x00000000080058e8                TIM_OC2_SetConfig
 .text.TIM_OC3_SetConfig
                0x0000000008005a10      0x124 ./Drivers/STM32G4xx_HAL_Driver/Src/stm32g4xx_hal_tim.o
 .text.TIM_OC4_SetConfig
                0x0000000008005b34      0x128 ./Drivers/STM32G4xx_HAL_Driver/Src/stm32g4xx_hal_tim.o
 .text.TIM_OC5_SetConfig
                0x0000000008005c5c       0xd4 ./Drivers/STM32G4xx_HAL_Driver/Src/stm32g4xx_hal_tim.o
 .text.TIM_OC6_SetConfig
                0x0000000008005d30       0xd8 ./Drivers/STM32G4xx_HAL_Driver/Src/stm32g4xx_hal_tim.o
 .text.TIM_SlaveTimer_SetConfig
                0x0000000008005e08      0x1c0 ./Drivers/STM32G4xx_HAL_Driver/Src/stm32g4xx_hal_tim.o
 .text.TIM_TI1_ConfigInputStage
                0x0000000008005fc8       0x5e ./Drivers/STM32G4xx_HAL_Driver/Src/stm32g4xx_hal_tim.o
 .text.TIM_TI2_ConfigInputStage
                0x0000000008006026       0x60 ./Drivers/STM32G4xx_HAL_Driver/Src/stm32g4xx_hal_tim.o
 .text.TIM_ITRx_SetConfig
                0x0000000008006086       0x3a ./Drivers/STM32G4xx_HAL_Driver/Src/stm32g4xx_hal_tim.o
 .text.TIM_ETR_SetConfig
                0x00000000080060c0       0x40 ./Drivers/STM32G4xx_HAL_Driver/Src/stm32g4xx_hal_tim.o
                0x00000000080060c0                TIM_ETR_SetConfig
 .text.HAL_TIMEx_MasterConfigSynchronization
                0x0000000008006100      0x12c ./Drivers/STM32G4xx_HAL_Driver/Src/stm32g4xx_hal_tim_ex.o
                0x0000000008006100                HAL_TIMEx_MasterConfigSynchronization
 .text.HAL_TIMEx_ConfigBreakDeadTime
                0x000000000800622c      0x128 ./Drivers/STM32G4xx_HAL_Driver/Src/stm32g4xx_hal_tim_ex.o
                0x000000000800622c                HAL_TIMEx_ConfigBreakDeadTime
 .text.HAL_TIMEx_ConfigBreakInput
                0x0000000008006354      0x244 ./Drivers/STM32G4xx_HAL_Driver/Src/stm32g4xx_hal_tim_ex.o
                0x0000000008006354                HAL_TIMEx_ConfigBreakInput
 .text.HAL_UART_Init
                0x0000000008006598       0xa0 ./Drivers/STM32G4xx_HAL_Driver/Src/stm32g4xx_hal_uart.o
                0x0000000008006598                HAL_UART_Init
 .text.UART_SetConfig
                0x0000000008006638      0x5f8 ./Drivers/STM32G4xx_HAL_Driver/Src/stm32g4xx_hal_uart.o
                0x0000000008006638                UART_SetConfig
 .text.UART_AdvFeatureConfig
                0x0000000008006c30      0x144 ./Drivers/STM32G4xx_HAL_Driver/Src/stm32g4xx_hal_uart.o
                0x0000000008006c30                UART_AdvFeatureConfig
 .text.UART_CheckIdleState
                0x0000000008006d74      0x154 ./Drivers/STM32G4xx_HAL_Driver/Src/stm32g4xx_hal_uart.o
                0x0000000008006d74                UART_CheckIdleState
 .text.UART_WaitOnFlagUntilTimeout
                0x0000000008006ec8       0xda ./Drivers/STM32G4xx_HAL_Driver/Src/stm32g4xx_hal_uart.o
                0x0000000008006ec8                UART_WaitOnFlagUntilTimeout
 .text.UART_EndRxTransfer
                0x0000000008006fa2       0xcc ./Drivers/STM32G4xx_HAL_Driver/Src/stm32g4xx_hal_uart.o
 .text.HAL_UARTEx_DisableFifoMode
                0x000000000800706e       0x72 ./Drivers/STM32G4xx_HAL_Driver/Src/stm32g4xx_hal_uart_ex.o
                0x000000000800706e                HAL_UARTEx_DisableFifoMode
 .text.HAL_UARTEx_SetTxFifoThreshold
                0x00000000080070e0       0x7c ./Drivers/STM32G4xx_HAL_Driver/Src/stm32g4xx_hal_uart_ex.o
                0x00000000080070e0                HAL_UARTEx_SetTxFifoThreshold
 .text.HAL_UARTEx_SetRxFifoThreshold
                0x000000000800715c       0x7c ./Drivers/STM32G4xx_HAL_Driver/Src/stm32g4xx_hal_uart_ex.o
                0x000000000800715c                HAL_UARTEx_SetRxFifoThreshold
 .text.UARTEx_SetNbDataToProcess
                0x00000000080071d8       0x9c ./Drivers/STM32G4xx_HAL_Driver/Src/stm32g4xx_hal_uart_ex.o
 .text.USB_DisableGlobalInt
                0x0000000008007274       0x36 ./Drivers/STM32G4xx_HAL_Driver/Src/stm32g4xx_ll_usb.o
                0x0000000008007274                USB_DisableGlobalInt
 .text.USB_DevInit
                0x00000000080072aa       0x3c ./Drivers/STM32G4xx_HAL_Driver/Src/stm32g4xx_ll_usb.o
                0x00000000080072aa                USB_DevInit
 *fill*         0x00000000080072e6        0x2 
 .text.arm_conv_f32
                0x00000000080072e8      0x534 D:\STM32G4\Benchmarking-STM32G4-Accelerators\Benchmark_Accelerators\Drivers\DSP_Drivers\Lib\GCC\libarm_cortexM4lf_math.a(arm_conv_f32.o)
                0x00000000080072e8                arm_conv_f32
 .text.memset   0x000000000800781c       0x10 D:/Program Files/STM32CubeIDE_1.14.1/STM32CubeIDE/plugins/com.st.stm32cube.ide.mcu.externaltools.gnu-tools-for-stm32.11.3.rel1.win32_1.1.100.202309141235/tools/bin/../lib/gcc/arm-none-eabi/11.3.1/../../../../arm-none-eabi/lib/thumb/v7e-m+fp/hard\libc_nano.a(libc_a-memset.o)
                0x000000000800781c                memset
 .text.__libc_init_array
                0x000000000800782c       0x48 D:/Program Files/STM32CubeIDE_1.14.1/STM32CubeIDE/plugins/com.st.stm32cube.ide.mcu.externaltools.gnu-tools-for-stm32.11.3.rel1.win32_1.1.100.202309141235/tools/bin/../lib/gcc/arm-none-eabi/11.3.1/../../../../arm-none-eabi/lib/thumb/v7e-m+fp/hard\libc_nano.a(libc_a-init.o)
                0x000000000800782c                __libc_init_array
 *(.glue_7)
 .glue_7        0x0000000008007874        0x0 linker stubs
 *(.glue_7t)
 .glue_7t       0x0000000008007874        0x0 linker stubs
 *(.eh_frame)
 .eh_frame      0x0000000008007874        0x0 D:/Program Files/STM32CubeIDE_1.14.1/STM32CubeIDE/plugins/com.st.stm32cube.ide.mcu.externaltools.gnu-tools-for-stm32.11.3.rel1.win32_1.1.100.202309141235/tools/bin/../lib/gcc/arm-none-eabi/11.3.1/thumb/v7e-m+fp/hard/crtbegin.o
 *(.init)
 .init          0x0000000008007874        0x4 D:/Program Files/STM32CubeIDE_1.14.1/STM32CubeIDE/plugins/com.st.stm32cube.ide.mcu.externaltools.gnu-tools-for-stm32.11.3.rel1.win32_1.1.100.202309141235/tools/bin/../lib/gcc/arm-none-eabi/11.3.1/thumb/v7e-m+fp/hard/crti.o
                0x0000000008007874                _init
 .init          0x0000000008007878        0x8 D:/Program Files/STM32CubeIDE_1.14.1/STM32CubeIDE/plugins/com.st.stm32cube.ide.mcu.externaltools.gnu-tools-for-stm32.11.3.rel1.win32_1.1.100.202309141235/tools/bin/../lib/gcc/arm-none-eabi/11.3.1/thumb/v7e-m+fp/hard/crtn.o
 *(.fini)
 .fini          0x0000000008007880        0x4 D:/Program Files/STM32CubeIDE_1.14.1/STM32CubeIDE/plugins/com.st.stm32cube.ide.mcu.externaltools.gnu-tools-for-stm32.11.3.rel1.win32_1.1.100.202309141235/tools/bin/../lib/gcc/arm-none-eabi/11.3.1/thumb/v7e-m+fp/hard/crti.o
                0x0000000008007880                _fini
 .fini          0x0000000008007884        0x8 D:/Program Files/STM32CubeIDE_1.14.1/STM32CubeIDE/plugins/com.st.stm32cube.ide.mcu.externaltools.gnu-tools-for-stm32.11.3.rel1.win32_1.1.100.202309141235/tools/bin/../lib/gcc/arm-none-eabi/11.3.1/thumb/v7e-m+fp/hard/crtn.o
                0x000000000800788c                . = ALIGN (0x4)
                0x000000000800788c                _etext = .

.vfp11_veneer   0x000000000800788c        0x0
 .vfp11_veneer  0x000000000800788c        0x0 linker stubs

.v4_bx          0x000000000800788c        0x0
 .v4_bx         0x000000000800788c        0x0 linker stubs

.iplt           0x000000000800788c        0x0
 .iplt          0x000000000800788c        0x0 D:/Program Files/STM32CubeIDE_1.14.1/STM32CubeIDE/plugins/com.st.stm32cube.ide.mcu.externaltools.gnu-tools-for-stm32.11.3.rel1.win32_1.1.100.202309141235/tools/bin/../lib/gcc/arm-none-eabi/11.3.1/thumb/v7e-m+fp/hard/crtbegin.o

.rodata         0x000000000800788c       0x40
                0x000000000800788c                . = ALIGN (0x4)
 *(.rodata)
 *(.rodata*)
 .rodata.AHBPrescTable
                0x000000000800788c       0x10 ./Core/Src/system_stm32g4xx.o
                0x000000000800788c                AHBPrescTable
 .rodata.APBPrescTable
                0x000000000800789c        0x8 ./Core/Src/system_stm32g4xx.o
                0x000000000800789c                APBPrescTable
 .rodata.UARTPrescTable
                0x00000000080078a4       0x18 ./Drivers/STM32G4xx_HAL_Driver/Src/stm32g4xx_hal_uart.o
                0x00000000080078a4                UARTPrescTable
 .rodata.numerator.1
                0x00000000080078bc        0x8 ./Drivers/STM32G4xx_HAL_Driver/Src/stm32g4xx_hal_uart_ex.o
 .rodata.denominator.0
                0x00000000080078c4        0x8 ./Drivers/STM32G4xx_HAL_Driver/Src/stm32g4xx_hal_uart_ex.o
                0x00000000080078cc                . = ALIGN (0x4)

.ARM.extab      0x00000000080078cc        0x0
                0x00000000080078cc                . = ALIGN (0x4)
 *(.ARM.extab* .gnu.linkonce.armextab.*)
                0x00000000080078cc                . = ALIGN (0x4)

.ARM            0x00000000080078cc        0x8
                0x00000000080078cc                . = ALIGN (0x4)
                0x00000000080078cc                __exidx_start = .
 *(.ARM.exidx*)
 .ARM.exidx     0x00000000080078cc        0x8 D:/Program Files/STM32CubeIDE_1.14.1/STM32CubeIDE/plugins/com.st.stm32cube.ide.mcu.externaltools.gnu-tools-for-stm32.11.3.rel1.win32_1.1.100.202309141235/tools/bin/../lib/gcc/arm-none-eabi/11.3.1/thumb/v7e-m+fp/hard\libgcc.a(_udivmoddi4.o)
                0x00000000080078d4                __exidx_end = .
                0x00000000080078d4                . = ALIGN (0x4)

.rel.dyn        0x00000000080078d4        0x0
 .rel.iplt      0x00000000080078d4        0x0 D:/Program Files/STM32CubeIDE_1.14.1/STM32CubeIDE/plugins/com.st.stm32cube.ide.mcu.externaltools.gnu-tools-for-stm32.11.3.rel1.win32_1.1.100.202309141235/tools/bin/../lib/gcc/arm-none-eabi/11.3.1/thumb/v7e-m+fp/hard/crtbegin.o

.preinit_array  0x00000000080078d4        0x0
                0x00000000080078d4                . = ALIGN (0x4)
                0x00000000080078d4                PROVIDE (__preinit_array_start = .)
 *(.preinit_array*)
                0x00000000080078d4                PROVIDE (__preinit_array_end = .)
                0x00000000080078d4                . = ALIGN (0x4)

.init_array     0x00000000080078d4        0x4
                0x00000000080078d4                . = ALIGN (0x4)
                0x00000000080078d4                PROVIDE (__init_array_start = .)
 *(SORT_BY_NAME(.init_array.*))
 *(.init_array*)
 .init_array    0x00000000080078d4        0x4 D:/Program Files/STM32CubeIDE_1.14.1/STM32CubeIDE/plugins/com.st.stm32cube.ide.mcu.externaltools.gnu-tools-for-stm32.11.3.rel1.win32_1.1.100.202309141235/tools/bin/../lib/gcc/arm-none-eabi/11.3.1/thumb/v7e-m+fp/hard/crtbegin.o
                0x00000000080078d8                PROVIDE (__init_array_end = .)
                0x00000000080078d8                . = ALIGN (0x4)

.fini_array     0x00000000080078d8        0x4
                0x00000000080078d8                . = ALIGN (0x4)
                [!provide]                        PROVIDE (__fini_array_start = .)
 *(SORT_BY_NAME(.fini_array.*))
 *(.fini_array*)
 .fini_array    0x00000000080078d8        0x4 D:/Program Files/STM32CubeIDE_1.14.1/STM32CubeIDE/plugins/com.st.stm32cube.ide.mcu.externaltools.gnu-tools-for-stm32.11.3.rel1.win32_1.1.100.202309141235/tools/bin/../lib/gcc/arm-none-eabi/11.3.1/thumb/v7e-m+fp/hard/crtbegin.o
                [!provide]                        PROVIDE (__fini_array_end = .)
                0x00000000080078dc                . = ALIGN (0x4)
                0x00000000080078dc                _sidata = LOADADDR (.data)

.data           0x0000000020000000       0x34 load address 0x00000000080078dc
                0x0000000020000000                . = ALIGN (0x4)
                0x0000000020000000                _sdata = .
 *(.data)
 *(.data*)
 .data.a        0x0000000020000000       0x14 ./Core/Src/main.o
                0x0000000020000000                a
 .data.b        0x0000000020000014       0x14 ./Core/Src/main.o
                0x0000000020000014                b
 .data.SystemCoreClock
                0x0000000020000028        0x4 ./Core/Src/system_stm32g4xx.o
                0x0000000020000028                SystemCoreClock
 .data.uwTickPrio
                0x000000002000002c        0x4 ./Drivers/STM32G4xx_HAL_Driver/Src/stm32g4xx_hal.o
                0x000000002000002c                uwTickPrio
 .data.uwTickFreq
                0x0000000020000030        0x4 ./Drivers/STM32G4xx_HAL_Driver/Src/stm32g4xx_hal.o
                0x0000000020000030                uwTickFreq
 *(.RamFunc)
 *(.RamFunc*)
                0x0000000020000034                . = ALIGN (0x4)
                0x0000000020000034                _edata = .

.igot.plt       0x0000000020000034        0x0 load address 0x0000000008007910
 .igot.plt      0x0000000020000034        0x0 D:/Program Files/STM32CubeIDE_1.14.1/STM32CubeIDE/plugins/com.st.stm32cube.ide.mcu.externaltools.gnu-tools-for-stm32.11.3.rel1.win32_1.1.100.202309141235/tools/bin/../lib/gcc/arm-none-eabi/11.3.1/thumb/v7e-m+fp/hard/crtbegin.o
                0x0000000020000034                . = ALIGN (0x4)

.bss            0x0000000020000034      0x734 load address 0x0000000008007910
                0x0000000020000034                _sbss = .
                0x0000000020000034                __bss_start__ = _sbss
 *(.bss)
 .bss           0x0000000020000034       0x1c D:/Program Files/STM32CubeIDE_1.14.1/STM32CubeIDE/plugins/com.st.stm32cube.ide.mcu.externaltools.gnu-tools-for-stm32.11.3.rel1.win32_1.1.100.202309141235/tools/bin/../lib/gcc/arm-none-eabi/11.3.1/thumb/v7e-m+fp/hard/crtbegin.o
 *(.bss*)
 .bss.hadc3     0x0000000020000050       0x6c ./Core/Src/main.o
                0x0000000020000050                hadc3
 .bss.hfmac     0x00000000200000bc       0x38 ./Core/Src/main.o
                0x00000000200000bc                hfmac
 .bss.hhrtim1   0x00000000200000f4       0xfc ./Core/Src/main.o
                0x00000000200000f4                hhrtim1
 .bss.hspi2     0x00000000200001f0       0x64 ./Core/Src/main.o
                0x00000000200001f0                hspi2
 .bss.htim1     0x0000000020000254       0x4c ./Core/Src/main.o
                0x0000000020000254                htim1
 .bss.htim2     0x00000000200002a0       0x4c ./Core/Src/main.o
                0x00000000200002a0                htim2
 .bss.htim3     0x00000000200002ec       0x4c ./Core/Src/main.o
                0x00000000200002ec                htim3
 .bss.htim5     0x0000000020000338       0x4c ./Core/Src/main.o
                0x0000000020000338                htim5
 .bss.htim8     0x0000000020000384       0x4c ./Core/Src/main.o
                0x0000000020000384                htim8
 .bss.huart1    0x00000000200003d0       0x94 ./Core/Src/main.o
                0x00000000200003d0                huart1
 .bss.hpcd_USB_FS
                0x0000000020000464      0x2dc ./Core/Src/main.o
                0x0000000020000464                hpcd_USB_FS
 .bss.c         0x0000000020000740       0x24 ./Core/Src/main.o
                0x0000000020000740                c
 .bss.uwTick    0x0000000020000764        0x4 ./Drivers/STM32G4xx_HAL_Driver/Src/stm32g4xx_hal.o
                0x0000000020000764                uwTick
 *(COMMON)
                0x0000000020000768                . = ALIGN (0x4)
                0x0000000020000768                _ebss = .
                0x0000000020000768                __bss_end__ = _ebss

._user_heap_stack
                0x0000000020000768      0x600 load address 0x0000000008007910
                0x0000000020000768                . = ALIGN (0x8)
                [!provide]                        PROVIDE (end = .)
                0x0000000020000768                PROVIDE (_end = .)
                0x0000000020000968                . = (. + _Min_Heap_Size)
 *fill*         0x0000000020000768      0x200 
                0x0000000020000d68                . = (. + _Min_Stack_Size)
 *fill*         0x0000000020000968      0x400 
                0x0000000020000d68                . = ALIGN (0x8)

/DISCARD/
 libc.a(*)
 libm.a(*)
 libgcc.a(*)

.ARM.attributes
                0x0000000000000000       0x30
 *(.ARM.attributes)
 .ARM.attributes
                0x0000000000000000       0x1e D:/Program Files/STM32CubeIDE_1.14.1/STM32CubeIDE/plugins/com.st.stm32cube.ide.mcu.externaltools.gnu-tools-for-stm32.11.3.rel1.win32_1.1.100.202309141235/tools/bin/../lib/gcc/arm-none-eabi/11.3.1/thumb/v7e-m+fp/hard/crti.o
 .ARM.attributes
                0x000000000000001e       0x34 D:/Program Files/STM32CubeIDE_1.14.1/STM32CubeIDE/plugins/com.st.stm32cube.ide.mcu.externaltools.gnu-tools-for-stm32.11.3.rel1.win32_1.1.100.202309141235/tools/bin/../lib/gcc/arm-none-eabi/11.3.1/thumb/v7e-m+fp/hard/crtbegin.o
 .ARM.attributes
                0x0000000000000052       0x34 ./Core/Src/main.o
 .ARM.attributes
                0x0000000000000086       0x34 ./Core/Src/stm32g4xx_hal_msp.o
 .ARM.attributes
                0x00000000000000ba       0x34 ./Core/Src/stm32g4xx_it.o
 .ARM.attributes
                0x00000000000000ee       0x34 ./Core/Src/system_stm32g4xx.o
 .ARM.attributes
                0x0000000000000122       0x21 ./Core/Startup/startup_stm32g474qetx.o
 .ARM.attributes
                0x0000000000000143       0x34 ./Drivers/STM32G4xx_HAL_Driver/Src/stm32g4xx_hal.o
 .ARM.attributes
                0x0000000000000177       0x34 ./Drivers/STM32G4xx_HAL_Driver/Src/stm32g4xx_hal_adc.o
 .ARM.attributes
                0x00000000000001ab       0x34 ./Drivers/STM32G4xx_HAL_Driver/Src/stm32g4xx_hal_adc_ex.o
 .ARM.attributes
                0x00000000000001df       0x34 ./Drivers/STM32G4xx_HAL_Driver/Src/stm32g4xx_hal_cortex.o
 .ARM.attributes
                0x0000000000000213       0x34 ./Drivers/STM32G4xx_HAL_Driver/Src/stm32g4xx_hal_fmac.o
 .ARM.attributes
                0x0000000000000247       0x34 ./Drivers/STM32G4xx_HAL_Driver/Src/stm32g4xx_hal_gpio.o
 .ARM.attributes
                0x000000000000027b       0x34 ./Drivers/STM32G4xx_HAL_Driver/Src/stm32g4xx_hal_hrtim.o
 .ARM.attributes
                0x00000000000002af       0x34 ./Drivers/STM32G4xx_HAL_Driver/Src/stm32g4xx_hal_pcd.o
 .ARM.attributes
                0x00000000000002e3       0x34 ./Drivers/STM32G4xx_HAL_Driver/Src/stm32g4xx_hal_pcd_ex.o
 .ARM.attributes
                0x0000000000000317       0x34 ./Drivers/STM32G4xx_HAL_Driver/Src/stm32g4xx_hal_pwr_ex.o
 .ARM.attributes
                0x000000000000034b       0x34 ./Drivers/STM32G4xx_HAL_Driver/Src/stm32g4xx_hal_rcc.o
 .ARM.attributes
                0x000000000000037f       0x34 ./Drivers/STM32G4xx_HAL_Driver/Src/stm32g4xx_hal_rcc_ex.o
 .ARM.attributes
                0x00000000000003b3       0x34 ./Drivers/STM32G4xx_HAL_Driver/Src/stm32g4xx_hal_spi.o
 .ARM.attributes
                0x00000000000003e7       0x34 ./Drivers/STM32G4xx_HAL_Driver/Src/stm32g4xx_hal_tim.o
 .ARM.attributes
                0x000000000000041b       0x34 ./Drivers/STM32G4xx_HAL_Driver/Src/stm32g4xx_hal_tim_ex.o
 .ARM.attributes
                0x000000000000044f       0x34 ./Drivers/STM32G4xx_HAL_Driver/Src/stm32g4xx_hal_uart.o
 .ARM.attributes
                0x0000000000000483       0x34 ./Drivers/STM32G4xx_HAL_Driver/Src/stm32g4xx_hal_uart_ex.o
 .ARM.attributes
                0x00000000000004b7       0x34 ./Drivers/STM32G4xx_HAL_Driver/Src/stm32g4xx_ll_usb.o
 .ARM.attributes
                0x00000000000004eb       0x34 D:\STM32G4\Benchmarking-STM32G4-Accelerators\Benchmark_Accelerators\Drivers\DSP_Drivers\Lib\GCC\libarm_cortexM4lf_math.a(arm_conv_f32.o)
 .ARM.attributes
                0x000000000000051f       0x34 D:/Program Files/STM32CubeIDE_1.14.1/STM32CubeIDE/plugins/com.st.stm32cube.ide.mcu.externaltools.gnu-tools-for-stm32.11.3.rel1.win32_1.1.100.202309141235/tools/bin/../lib/gcc/arm-none-eabi/11.3.1/../../../../arm-none-eabi/lib/thumb/v7e-m+fp/hard\libc_nano.a(libc_a-memset.o)
 .ARM.attributes
                0x0000000000000553       0x34 D:/Program Files/STM32CubeIDE_1.14.1/STM32CubeIDE/plugins/com.st.stm32cube.ide.mcu.externaltools.gnu-tools-for-stm32.11.3.rel1.win32_1.1.100.202309141235/tools/bin/../lib/gcc/arm-none-eabi/11.3.1/../../../../arm-none-eabi/lib/thumb/v7e-m+fp/hard\libc_nano.a(libc_a-init.o)
 .ARM.attributes
                0x0000000000000587       0x1e D:/Program Files/STM32CubeIDE_1.14.1/STM32CubeIDE/plugins/com.st.stm32cube.ide.mcu.externaltools.gnu-tools-for-stm32.11.3.rel1.win32_1.1.100.202309141235/tools/bin/../lib/gcc/arm-none-eabi/11.3.1/thumb/v7e-m+fp/hard\libgcc.a(_aeabi_uldivmod.o)
 .ARM.attributes
                0x00000000000005a5       0x34 D:/Program Files/STM32CubeIDE_1.14.1/STM32CubeIDE/plugins/com.st.stm32cube.ide.mcu.externaltools.gnu-tools-for-stm32.11.3.rel1.win32_1.1.100.202309141235/tools/bin/../lib/gcc/arm-none-eabi/11.3.1/thumb/v7e-m+fp/hard\libgcc.a(_udivmoddi4.o)
 .ARM.attributes
                0x00000000000005d9       0x1e D:/Program Files/STM32CubeIDE_1.14.1/STM32CubeIDE/plugins/com.st.stm32cube.ide.mcu.externaltools.gnu-tools-for-stm32.11.3.rel1.win32_1.1.100.202309141235/tools/bin/../lib/gcc/arm-none-eabi/11.3.1/thumb/v7e-m+fp/hard\libgcc.a(_dvmd_tls.o)
 .ARM.attributes
                0x00000000000005f7       0x1e D:/Program Files/STM32CubeIDE_1.14.1/STM32CubeIDE/plugins/com.st.stm32cube.ide.mcu.externaltools.gnu-tools-for-stm32.11.3.rel1.win32_1.1.100.202309141235/tools/bin/../lib/gcc/arm-none-eabi/11.3.1/thumb/v7e-m+fp/hard/crtn.o
OUTPUT(Benchmark_Accelerators.elf elf32-littlearm)
LOAD linker stubs
LOAD D:/Program Files/STM32CubeIDE_1.14.1/STM32CubeIDE/plugins/com.st.stm32cube.ide.mcu.externaltools.gnu-tools-for-stm32.11.3.rel1.win32_1.1.100.202309141235/tools/bin/../lib/gcc/arm-none-eabi/11.3.1/../../../../arm-none-eabi/lib/thumb/v7e-m+fp/hard\libc.a
LOAD D:/Program Files/STM32CubeIDE_1.14.1/STM32CubeIDE/plugins/com.st.stm32cube.ide.mcu.externaltools.gnu-tools-for-stm32.11.3.rel1.win32_1.1.100.202309141235/tools/bin/../lib/gcc/arm-none-eabi/11.3.1/../../../../arm-none-eabi/lib/thumb/v7e-m+fp/hard\libm.a
LOAD D:/Program Files/STM32CubeIDE_1.14.1/STM32CubeIDE/plugins/com.st.stm32cube.ide.mcu.externaltools.gnu-tools-for-stm32.11.3.rel1.win32_1.1.100.202309141235/tools/bin/../lib/gcc/arm-none-eabi/11.3.1/thumb/v7e-m+fp/hard\libgcc.a

.comment        0x0000000000000000       0xb8
 .comment       0x0000000000000000       0x43 D:/Program Files/STM32CubeIDE_1.14.1/STM32CubeIDE/plugins/com.st.stm32cube.ide.mcu.externaltools.gnu-tools-for-stm32.11.3.rel1.win32_1.1.100.202309141235/tools/bin/../lib/gcc/arm-none-eabi/11.3.1/thumb/v7e-m+fp/hard/crtbegin.o
                                         0x44 (size before relaxing)
 .comment       0x0000000000000043       0x44 ./Core/Src/main.o
 .comment       0x0000000000000043       0x44 ./Core/Src/stm32g4xx_hal_msp.o
 .comment       0x0000000000000043       0x44 ./Core/Src/stm32g4xx_it.o
 .comment       0x0000000000000043       0x44 ./Core/Src/system_stm32g4xx.o
 .comment       0x0000000000000043       0x44 ./Drivers/STM32G4xx_HAL_Driver/Src/stm32g4xx_hal.o
 .comment       0x0000000000000043       0x44 ./Drivers/STM32G4xx_HAL_Driver/Src/stm32g4xx_hal_adc.o
 .comment       0x0000000000000043       0x44 ./Drivers/STM32G4xx_HAL_Driver/Src/stm32g4xx_hal_adc_ex.o
 .comment       0x0000000000000043       0x44 ./Drivers/STM32G4xx_HAL_Driver/Src/stm32g4xx_hal_cortex.o
 .comment       0x0000000000000043       0x44 ./Drivers/STM32G4xx_HAL_Driver/Src/stm32g4xx_hal_fmac.o
 .comment       0x0000000000000043       0x44 ./Drivers/STM32G4xx_HAL_Driver/Src/stm32g4xx_hal_gpio.o
 .comment       0x0000000000000043       0x44 ./Drivers/STM32G4xx_HAL_Driver/Src/stm32g4xx_hal_hrtim.o
 .comment       0x0000000000000043       0x44 ./Drivers/STM32G4xx_HAL_Driver/Src/stm32g4xx_hal_pcd.o
 .comment       0x0000000000000043       0x44 ./Drivers/STM32G4xx_HAL_Driver/Src/stm32g4xx_hal_pcd_ex.o
 .comment       0x0000000000000043       0x44 ./Drivers/STM32G4xx_HAL_Driver/Src/stm32g4xx_hal_pwr_ex.o
 .comment       0x0000000000000043       0x44 ./Drivers/STM32G4xx_HAL_Driver/Src/stm32g4xx_hal_rcc.o
 .comment       0x0000000000000043       0x44 ./Drivers/STM32G4xx_HAL_Driver/Src/stm32g4xx_hal_rcc_ex.o
 .comment       0x0000000000000043       0x44 ./Drivers/STM32G4xx_HAL_Driver/Src/stm32g4xx_hal_spi.o
 .comment       0x0000000000000043       0x44 ./Drivers/STM32G4xx_HAL_Driver/Src/stm32g4xx_hal_tim.o
 .comment       0x0000000000000043       0x44 ./Drivers/STM32G4xx_HAL_Driver/Src/stm32g4xx_hal_tim_ex.o
 .comment       0x0000000000000043       0x44 ./Drivers/STM32G4xx_HAL_Driver/Src/stm32g4xx_hal_uart.o
 .comment       0x0000000000000043       0x44 ./Drivers/STM32G4xx_HAL_Driver/Src/stm32g4xx_hal_uart_ex.o
 .comment       0x0000000000000043       0x44 ./Drivers/STM32G4xx_HAL_Driver/Src/stm32g4xx_ll_usb.o
 .comment       0x0000000000000043       0x75 D:\STM32G4\Benchmarking-STM32G4-Accelerators\Benchmark_Accelerators\Drivers\DSP_Drivers\Lib\GCC\libarm_cortexM4lf_math.a(arm_conv_f32.o)
                                         0x76 (size before relaxing)

.debug_info     0x0000000000000000    0x22e9e
 .debug_info    0x0000000000000000     0x31cf ./Core/Src/main.o
 .debug_info    0x00000000000031cf     0x2add ./Core/Src/stm32g4xx_hal_msp.o
 .debug_info    0x0000000000005cac      0x113 ./Core/Src/stm32g4xx_it.o
 .debug_info    0x0000000000005dbf      0x58e ./Core/Src/system_stm32g4xx.o
 .debug_info    0x000000000000634d       0x23 ./Core/Startup/startup_stm32g474qetx.o
 .debug_info    0x0000000000006370      0xb95 ./Drivers/STM32G4xx_HAL_Driver/Src/stm32g4xx_hal.o
 .debug_info    0x0000000000006f05     0x2063 ./Drivers/STM32G4xx_HAL_Driver/Src/stm32g4xx_hal_adc.o
 .debug_info    0x0000000000008f68     0x1d80 ./Drivers/STM32G4xx_HAL_Driver/Src/stm32g4xx_hal_adc_ex.o
 .debug_info    0x000000000000ace8      0xdad ./Drivers/STM32G4xx_HAL_Driver/Src/stm32g4xx_hal_cortex.o
 .debug_info    0x000000000000ba95     0x11a4 ./Drivers/STM32G4xx_HAL_Driver/Src/stm32g4xx_hal_fmac.o
 .debug_info    0x000000000000cc39      0x763 ./Drivers/STM32G4xx_HAL_Driver/Src/stm32g4xx_hal_gpio.o
 .debug_info    0x000000000000d39c     0x3f23 ./Drivers/STM32G4xx_HAL_Driver/Src/stm32g4xx_hal_hrtim.o
 .debug_info    0x00000000000112bf     0x161b ./Drivers/STM32G4xx_HAL_Driver/Src/stm32g4xx_hal_pcd.o
 .debug_info    0x00000000000128da      0x80a ./Drivers/STM32G4xx_HAL_Driver/Src/stm32g4xx_hal_pcd_ex.o
 .debug_info    0x00000000000130e4      0x93f ./Drivers/STM32G4xx_HAL_Driver/Src/stm32g4xx_hal_pwr_ex.o
 .debug_info    0x0000000000013a23      0xbe0 ./Drivers/STM32G4xx_HAL_Driver/Src/stm32g4xx_hal_rcc.o
 .debug_info    0x0000000000014603      0xc45 ./Drivers/STM32G4xx_HAL_Driver/Src/stm32g4xx_hal_rcc_ex.o
 .debug_info    0x0000000000015248     0x1748 ./Drivers/STM32G4xx_HAL_Driver/Src/stm32g4xx_hal_spi.o
 .debug_info    0x0000000000016990     0x2c52 ./Drivers/STM32G4xx_HAL_Driver/Src/stm32g4xx_hal_tim.o
 .debug_info    0x00000000000195e2     0x1d95 ./Drivers/STM32G4xx_HAL_Driver/Src/stm32g4xx_hal_tim_ex.o
 .debug_info    0x000000000001b377     0x481e ./Drivers/STM32G4xx_HAL_Driver/Src/stm32g4xx_hal_uart.o
 .debug_info    0x000000000001fb95      0xfdd ./Drivers/STM32G4xx_HAL_Driver/Src/stm32g4xx_hal_uart_ex.o
 .debug_info    0x0000000000020b72     0x166b ./Drivers/STM32G4xx_HAL_Driver/Src/stm32g4xx_ll_usb.o
 .debug_info    0x00000000000221dd      0xcc1 D:\STM32G4\Benchmarking-STM32G4-Accelerators\Benchmark_Accelerators\Drivers\DSP_Drivers\Lib\GCC\libarm_cortexM4lf_math.a(arm_conv_f32.o)

.debug_abbrev   0x0000000000000000     0x3793
 .debug_abbrev  0x0000000000000000      0x31c ./Core/Src/main.o
 .debug_abbrev  0x000000000000031c      0x2c8 ./Core/Src/stm32g4xx_hal_msp.o
 .debug_abbrev  0x00000000000005e4       0x73 ./Core/Src/stm32g4xx_it.o
 .debug_abbrev  0x0000000000000657      0x11a ./Core/Src/system_stm32g4xx.o
 .debug_abbrev  0x0000000000000771       0x12 ./Core/Startup/startup_stm32g474qetx.o
 .debug_abbrev  0x0000000000000783      0x271 ./Drivers/STM32G4xx_HAL_Driver/Src/stm32g4xx_hal.o
 .debug_abbrev  0x00000000000009f4      0x2d3 ./Drivers/STM32G4xx_HAL_Driver/Src/stm32g4xx_hal_adc.o
 .debug_abbrev  0x0000000000000cc7      0x2ee ./Drivers/STM32G4xx_HAL_Driver/Src/stm32g4xx_hal_adc_ex.o
 .debug_abbrev  0x0000000000000fb5      0x31c ./Drivers/STM32G4xx_HAL_Driver/Src/stm32g4xx_hal_cortex.o
 .debug_abbrev  0x00000000000012d1      0x246 ./Drivers/STM32G4xx_HAL_Driver/Src/stm32g4xx_hal_fmac.o
 .debug_abbrev  0x0000000000001517      0x1cb ./Drivers/STM32G4xx_HAL_Driver/Src/stm32g4xx_hal_gpio.o
 .debug_abbrev  0x00000000000016e2      0x285 ./Drivers/STM32G4xx_HAL_Driver/Src/stm32g4xx_hal_hrtim.o
 .debug_abbrev  0x0000000000001967      0x2b9 ./Drivers/STM32G4xx_HAL_Driver/Src/stm32g4xx_hal_pcd.o
 .debug_abbrev  0x0000000000001c20      0x228 ./Drivers/STM32G4xx_HAL_Driver/Src/stm32g4xx_hal_pcd_ex.o
 .debug_abbrev  0x0000000000001e48      0x22c ./Drivers/STM32G4xx_HAL_Driver/Src/stm32g4xx_hal_pwr_ex.o
 .debug_abbrev  0x0000000000002074      0x2c9 ./Drivers/STM32G4xx_HAL_Driver/Src/stm32g4xx_hal_rcc.o
 .debug_abbrev  0x000000000000233d      0x258 ./Drivers/STM32G4xx_HAL_Driver/Src/stm32g4xx_hal_rcc_ex.o
 .debug_abbrev  0x0000000000002595      0x267 ./Drivers/STM32G4xx_HAL_Driver/Src/stm32g4xx_hal_spi.o
 .debug_abbrev  0x00000000000027fc      0x2a7 ./Drivers/STM32G4xx_HAL_Driver/Src/stm32g4xx_hal_tim.o
 .debug_abbrev  0x0000000000002aa3      0x2c5 ./Drivers/STM32G4xx_HAL_Driver/Src/stm32g4xx_hal_tim_ex.o
 .debug_abbrev  0x0000000000002d68      0x304 ./Drivers/STM32G4xx_HAL_Driver/Src/stm32g4xx_hal_uart.o
 .debug_abbrev  0x000000000000306c      0x2d2 ./Drivers/STM32G4xx_HAL_Driver/Src/stm32g4xx_hal_uart_ex.o
 .debug_abbrev  0x000000000000333e      0x247 ./Drivers/STM32G4xx_HAL_Driver/Src/stm32g4xx_ll_usb.o
 .debug_abbrev  0x0000000000003585      0x20e D:\STM32G4\Benchmarking-STM32G4-Accelerators\Benchmark_Accelerators\Drivers\DSP_Drivers\Lib\GCC\libarm_cortexM4lf_math.a(arm_conv_f32.o)

.debug_aranges  0x0000000000000000     0x1e98
 .debug_aranges
                0x0000000000000000       0x90 ./Core/Src/main.o
 .debug_aranges
                0x0000000000000090       0xa8 ./Core/Src/stm32g4xx_hal_msp.o
 .debug_aranges
                0x0000000000000138       0x60 ./Core/Src/stm32g4xx_it.o
 .debug_aranges
                0x0000000000000198       0x28 ./Core/Src/system_stm32g4xx.o
 .debug_aranges
                0x00000000000001c0       0x28 ./Core/Startup/startup_stm32g474qetx.o
 .debug_aranges
                0x00000000000001e8      0x148 ./Drivers/STM32G4xx_HAL_Driver/Src/stm32g4xx_hal.o
 .debug_aranges
                0x0000000000000330      0x248 ./Drivers/STM32G4xx_HAL_Driver/Src/stm32g4xx_hal_adc.o
 .debug_aranges
                0x0000000000000578      0x1c0 ./Drivers/STM32G4xx_HAL_Driver/Src/stm32g4xx_hal_adc_ex.o
 .debug_aranges
                0x0000000000000738      0x118 ./Drivers/STM32G4xx_HAL_Driver/Src/stm32g4xx_hal_cortex.o
 .debug_aranges
                0x0000000000000850      0x168 ./Drivers/STM32G4xx_HAL_Driver/Src/stm32g4xx_hal_fmac.o
 .debug_aranges
                0x00000000000009b8       0x58 ./Drivers/STM32G4xx_HAL_Driver/Src/stm32g4xx_hal_gpio.o
 .debug_aranges
                0x0000000000000a10      0x4a0 ./Drivers/STM32G4xx_HAL_Driver/Src/stm32g4xx_hal_hrtim.o
 .debug_aranges
                0x0000000000000eb0      0x138 ./Drivers/STM32G4xx_HAL_Driver/Src/stm32g4xx_hal_pcd.o
 .debug_aranges
                0x0000000000000fe8       0x58 ./Drivers/STM32G4xx_HAL_Driver/Src/stm32g4xx_hal_pcd_ex.o
 .debug_aranges
                0x0000000000001040      0x140 ./Drivers/STM32G4xx_HAL_Driver/Src/stm32g4xx_hal_pwr_ex.o
 .debug_aranges
                0x0000000000001180       0x98 ./Drivers/STM32G4xx_HAL_Driver/Src/stm32g4xx_hal_rcc.o
 .debug_aranges
                0x0000000000001218       0xb0 ./Drivers/STM32G4xx_HAL_Driver/Src/stm32g4xx_hal_rcc_ex.o
 .debug_aranges
                0x00000000000012c8      0x1d8 ./Drivers/STM32G4xx_HAL_Driver/Src/stm32g4xx_hal_spi.o
 .debug_aranges
                0x00000000000014a0      0x3e0 ./Drivers/STM32G4xx_HAL_Driver/Src/stm32g4xx_hal_tim.o
 .debug_aranges
                0x0000000000001880      0x240 ./Drivers/STM32G4xx_HAL_Driver/Src/stm32g4xx_hal_tim_ex.o
 .debug_aranges
                0x0000000000001ac0      0x248 ./Drivers/STM32G4xx_HAL_Driver/Src/stm32g4xx_hal_uart.o
 .debug_aranges
                0x0000000000001d08       0xa8 ./Drivers/STM32G4xx_HAL_Driver/Src/stm32g4xx_hal_uart_ex.o
 .debug_aranges
                0x0000000000001db0       0xc8 ./Drivers/STM32G4xx_HAL_Driver/Src/stm32g4xx_ll_usb.o
 .debug_aranges
                0x0000000000001e78       0x20 D:\STM32G4\Benchmarking-STM32G4-Accelerators\Benchmark_Accelerators\Drivers\DSP_Drivers\Lib\GCC\libarm_cortexM4lf_math.a(arm_conv_f32.o)

.debug_rnglists
                0x0000000000000000     0x17f1
 .debug_rnglists
                0x0000000000000000       0x71 ./Core/Src/main.o
 .debug_rnglists
                0x0000000000000071       0x80 ./Core/Src/stm32g4xx_hal_msp.o
 .debug_rnglists
                0x00000000000000f1       0x43 ./Core/Src/stm32g4xx_it.o
 .debug_rnglists
                0x0000000000000134       0x1a ./Core/Src/system_stm32g4xx.o
 .debug_rnglists
                0x000000000000014e       0x19 ./Core/Startup/startup_stm32g474qetx.o
 .debug_rnglists
                0x0000000000000167       0xf1 ./Drivers/STM32G4xx_HAL_Driver/Src/stm32g4xx_hal.o
 .debug_rnglists
                0x0000000000000258      0x1c0 ./Drivers/STM32G4xx_HAL_Driver/Src/stm32g4xx_hal_adc.o
 .debug_rnglists
                0x0000000000000418      0x15a ./Drivers/STM32G4xx_HAL_Driver/Src/stm32g4xx_hal_adc_ex.o
 .debug_rnglists
                0x0000000000000572       0xce ./Drivers/STM32G4xx_HAL_Driver/Src/stm32g4xx_hal_cortex.o
 .debug_rnglists
                0x0000000000000640      0x118 ./Drivers/STM32G4xx_HAL_Driver/Src/stm32g4xx_hal_fmac.o
 .debug_rnglists
                0x0000000000000758       0x3f ./Drivers/STM32G4xx_HAL_Driver/Src/stm32g4xx_hal_gpio.o
 .debug_rnglists
                0x0000000000000797      0x3c3 ./Drivers/STM32G4xx_HAL_Driver/Src/stm32g4xx_hal_hrtim.o
 .debug_rnglists
                0x0000000000000b5a       0xee ./Drivers/STM32G4xx_HAL_Driver/Src/stm32g4xx_hal_pcd.o
 .debug_rnglists
                0x0000000000000c48       0x3f ./Drivers/STM32G4xx_HAL_Driver/Src/stm32g4xx_hal_pcd_ex.o
 .debug_rnglists
                0x0000000000000c87       0xf1 ./Drivers/STM32G4xx_HAL_Driver/Src/stm32g4xx_hal_pwr_ex.o
 .debug_rnglists
                0x0000000000000d78       0x74 ./Drivers/STM32G4xx_HAL_Driver/Src/stm32g4xx_hal_rcc.o
 .debug_rnglists
                0x0000000000000dec       0x87 ./Drivers/STM32G4xx_HAL_Driver/Src/stm32g4xx_hal_rcc_ex.o
 .debug_rnglists
                0x0000000000000e73      0x178 ./Drivers/STM32G4xx_HAL_Driver/Src/stm32g4xx_hal_spi.o
 .debug_rnglists
                0x0000000000000feb      0x328 ./Drivers/STM32G4xx_HAL_Driver/Src/stm32g4xx_hal_tim.o
 .debug_rnglists
                0x0000000000001313      0x1cc ./Drivers/STM32G4xx_HAL_Driver/Src/stm32g4xx_hal_tim_ex.o
 .debug_rnglists
                0x00000000000014df      0x1fa ./Drivers/STM32G4xx_HAL_Driver/Src/stm32g4xx_hal_uart.o
 .debug_rnglists
                0x00000000000016d9       0x7f ./Drivers/STM32G4xx_HAL_Driver/Src/stm32g4xx_hal_uart_ex.o
 .debug_rnglists
                0x0000000000001758       0x99 ./Drivers/STM32G4xx_HAL_Driver/Src/stm32g4xx_ll_usb.o

.debug_macro    0x0000000000000000    0x2c387
 .debug_macro   0x0000000000000000      0x34f ./Core/Src/main.o
 .debug_macro   0x000000000000034f      0xaa8 ./Core/Src/main.o
 .debug_macro   0x0000000000000df7      0x179 ./Core/Src/main.o
 .debug_macro   0x0000000000000f70       0x2e ./Core/Src/main.o
 .debug_macro   0x0000000000000f9e       0x28 ./Core/Src/main.o
 .debug_macro   0x0000000000000fc6       0x22 ./Core/Src/main.o
 .debug_macro   0x0000000000000fe8       0x8e ./Core/Src/main.o
 .debug_macro   0x0000000000001076       0x51 ./Core/Src/main.o
 .debug_macro   0x00000000000010c7      0x103 ./Core/Src/main.o
 .debug_macro   0x00000000000011ca       0x6a ./Core/Src/main.o
 .debug_macro   0x0000000000001234      0x1df ./Core/Src/main.o
 .debug_macro   0x0000000000001413       0x1c ./Core/Src/main.o
 .debug_macro   0x000000000000142f       0x22 ./Core/Src/main.o
 .debug_macro   0x0000000000001451       0xfb ./Core/Src/main.o
 .debug_macro   0x000000000000154c     0x1011 ./Core/Src/main.o
 .debug_macro   0x000000000000255d      0x11f ./Core/Src/main.o
 .debug_macro   0x000000000000267c    0x18b45 ./Core/Src/main.o
 .debug_macro   0x000000000001b1c1       0x6d ./Core/Src/main.o
 .debug_macro   0x000000000001b22e     0x354d ./Core/Src/main.o
 .debug_macro   0x000000000001e77b      0x174 ./Core/Src/main.o
 .debug_macro   0x000000000001e8ef       0x5c ./Core/Src/main.o
 .debug_macro   0x000000000001e94b     0x171f ./Core/Src/main.o
 .debug_macro   0x000000000002006a      0x600 ./Core/Src/main.o
 .debug_macro   0x000000000002066a      0x1b6 ./Core/Src/main.o
 .debug_macro   0x0000000000020820      0x34a ./Core/Src/main.o
 .debug_macro   0x0000000000020b6a      0x53c ./Core/Src/main.o
 .debug_macro   0x00000000000210a6      0x18b ./Core/Src/main.o
 .debug_macro   0x0000000000021231       0x43 ./Core/Src/main.o
 .debug_macro   0x0000000000021274      0x23d ./Core/Src/main.o
 .debug_macro   0x00000000000214b1     0x1112 ./Core/Src/main.o
 .debug_macro   0x00000000000225c3      0x72e ./Core/Src/main.o
 .debug_macro   0x0000000000022cf1      0x391 ./Core/Src/main.o
 .debug_macro   0x0000000000023082      0x211 ./Core/Src/main.o
 .debug_macro   0x0000000000023293      0x45c ./Core/Src/main.o
 .debug_macro   0x00000000000236ef      0x11c ./Core/Src/main.o
 .debug_macro   0x000000000002380b      0x1ae ./Core/Src/main.o
 .debug_macro   0x00000000000239b9     0x20a8 ./Core/Src/main.o
 .debug_macro   0x0000000000025a61       0x73 ./Core/Src/main.o
 .debug_macro   0x0000000000025ad4      0x22d ./Core/Src/main.o
 .debug_macro   0x0000000000025d01      0x122 ./Core/Src/main.o
 .debug_macro   0x0000000000025e23      0x3d1 ./Core/Src/main.o
 .debug_macro   0x00000000000261f4      0x2fe ./Core/Src/main.o
 .debug_macro   0x00000000000264f2      0xc0b ./Core/Src/main.o
 .debug_macro   0x00000000000270fd      0x718 ./Core/Src/main.o
 .debug_macro   0x0000000000027815      0x693 ./Core/Src/main.o
 .debug_macro   0x0000000000027ea8       0xa6 ./Core/Src/main.o
 .debug_macro   0x0000000000027f4e      0x358 ./Core/Src/main.o
 .debug_macro   0x00000000000282a6      0x342 ./Core/Src/main.o
 .debug_macro   0x00000000000285e8       0x61 ./Core/Src/main.o
 .debug_macro   0x0000000000028649       0x2a ./Core/Src/main.o
 .debug_macro   0x0000000000028673       0x43 ./Core/Src/main.o
 .debug_macro   0x00000000000286b6       0x34 ./Core/Src/main.o
 .debug_macro   0x00000000000286ea       0x16 ./Core/Src/main.o
 .debug_macro   0x0000000000028700       0x43 ./Core/Src/main.o
 .debug_macro   0x0000000000028743       0x34 ./Core/Src/main.o
 .debug_macro   0x0000000000028777       0x10 ./Core/Src/main.o
 .debug_macro   0x0000000000028787       0x58 ./Core/Src/main.o
 .debug_macro   0x00000000000287df       0x8e ./Core/Src/main.o
 .debug_macro   0x000000000002886d       0x1c ./Core/Src/main.o
 .debug_macro   0x0000000000028889      0x177 ./Core/Src/main.o
 .debug_macro   0x0000000000028a00      0x369 ./Core/Src/main.o
 .debug_macro   0x0000000000028d69       0x10 ./Core/Src/main.o
 .debug_macro   0x0000000000028d79       0x35 ./Core/Src/main.o
 .debug_macro   0x0000000000028dae       0x20 ./Core/Src/main.o
 .debug_macro   0x0000000000028dce      0x19b ./Core/Src/main.o
 .debug_macro   0x0000000000028f69      0x201 ./Core/Src/main.o
 .debug_macro   0x000000000002916a       0xc8 ./Core/Src/main.o
 .debug_macro   0x0000000000029232      0x24d ./Core/Src/stm32g4xx_hal_msp.o
 .debug_macro   0x000000000002947f      0x257 ./Core/Src/stm32g4xx_it.o
 .debug_macro   0x00000000000296d6      0x23e ./Core/Src/system_stm32g4xx.o
 .debug_macro   0x0000000000029914      0x28c ./Drivers/STM32G4xx_HAL_Driver/Src/stm32g4xx_hal.o
 .debug_macro   0x0000000000029ba0      0x25b ./Drivers/STM32G4xx_HAL_Driver/Src/stm32g4xx_hal_adc.o
 .debug_macro   0x0000000000029dfb      0x24a ./Drivers/STM32G4xx_HAL_Driver/Src/stm32g4xx_hal_adc_ex.o
 .debug_macro   0x000000000002a045      0x23e ./Drivers/STM32G4xx_HAL_Driver/Src/stm32g4xx_hal_cortex.o
 .debug_macro   0x000000000002a283      0x2cb ./Drivers/STM32G4xx_HAL_Driver/Src/stm32g4xx_hal_fmac.o
 .debug_macro   0x000000000002a54e      0x245 ./Drivers/STM32G4xx_HAL_Driver/Src/stm32g4xx_hal_gpio.o
 .debug_macro   0x000000000002a793      0x25b ./Drivers/STM32G4xx_HAL_Driver/Src/stm32g4xx_hal_hrtim.o
 .debug_macro   0x000000000002a9ee      0x24a ./Drivers/STM32G4xx_HAL_Driver/Src/stm32g4xx_hal_pcd.o
 .debug_macro   0x000000000002ac38      0x23e ./Drivers/STM32G4xx_HAL_Driver/Src/stm32g4xx_hal_pcd_ex.o
 .debug_macro   0x000000000002ae76      0x268 ./Drivers/STM32G4xx_HAL_Driver/Src/stm32g4xx_hal_pwr_ex.o
 .debug_macro   0x000000000002b0de      0x280 ./Drivers/STM32G4xx_HAL_Driver/Src/stm32g4xx_hal_rcc.o
 .debug_macro   0x000000000002b35e      0x268 ./Drivers/STM32G4xx_HAL_Driver/Src/stm32g4xx_hal_rcc_ex.o
 .debug_macro   0x000000000002b5c6      0x246 ./Drivers/STM32G4xx_HAL_Driver/Src/stm32g4xx_hal_spi.o
 .debug_macro   0x000000000002b80c      0x246 ./Drivers/STM32G4xx_HAL_Driver/Src/stm32g4xx_hal_tim.o
 .debug_macro   0x000000000002ba52      0x244 ./Drivers/STM32G4xx_HAL_Driver/Src/stm32g4xx_hal_tim_ex.o
 .debug_macro   0x000000000002bc96      0x269 ./Drivers/STM32G4xx_HAL_Driver/Src/stm32g4xx_hal_uart.o
 .debug_macro   0x000000000002beff      0x24a ./Drivers/STM32G4xx_HAL_Driver/Src/stm32g4xx_hal_uart_ex.o
 .debug_macro   0x000000000002c149      0x23e ./Drivers/STM32G4xx_HAL_Driver/Src/stm32g4xx_ll_usb.o

.debug_line     0x0000000000000000    0x231c5
 .debug_line    0x0000000000000000     0x1150 ./Core/Src/main.o
 .debug_line    0x0000000000001150      0xc23 ./Core/Src/stm32g4xx_hal_msp.o
 .debug_line    0x0000000000001d73      0x918 ./Core/Src/stm32g4xx_it.o
 .debug_line    0x000000000000268b      0x8bf ./Core/Src/system_stm32g4xx.o
 .debug_line    0x0000000000002f4a       0x7b ./Core/Startup/startup_stm32g474qetx.o
 .debug_line    0x0000000000002fc5      0xc7e ./Drivers/STM32G4xx_HAL_Driver/Src/stm32g4xx_hal.o
 .debug_line    0x0000000000003c43     0x2393 ./Drivers/STM32G4xx_HAL_Driver/Src/stm32g4xx_hal_adc.o
 .debug_line    0x0000000000005fd6     0x1d35 ./Drivers/STM32G4xx_HAL_Driver/Src/stm32g4xx_hal_adc_ex.o
 .debug_line    0x0000000000007d0b      0xde9 ./Drivers/STM32G4xx_HAL_Driver/Src/stm32g4xx_hal_cortex.o
 .debug_line    0x0000000000008af4     0x158f ./Drivers/STM32G4xx_HAL_Driver/Src/stm32g4xx_hal_fmac.o
 .debug_line    0x000000000000a083      0xc79 ./Drivers/STM32G4xx_HAL_Driver/Src/stm32g4xx_hal_gpio.o
 .debug_line    0x000000000000acfc     0x4ae0 ./Drivers/STM32G4xx_HAL_Driver/Src/stm32g4xx_hal_hrtim.o
 .debug_line    0x000000000000f7dc     0x1488 ./Drivers/STM32G4xx_HAL_Driver/Src/stm32g4xx_hal_pcd.o
 .debug_line    0x0000000000010c64      0x9be ./Drivers/STM32G4xx_HAL_Driver/Src/stm32g4xx_hal_pcd_ex.o
 .debug_line    0x0000000000011622      0xded ./Drivers/STM32G4xx_HAL_Driver/Src/stm32g4xx_hal_pwr_ex.o
 .debug_line    0x000000000001240f     0x1046 ./Drivers/STM32G4xx_HAL_Driver/Src/stm32g4xx_hal_rcc.o
 .debug_line    0x0000000000013455     0x1359 ./Drivers/STM32G4xx_HAL_Driver/Src/stm32g4xx_hal_rcc_ex.o
 .debug_line    0x00000000000147ae     0x20b3 ./Drivers/STM32G4xx_HAL_Driver/Src/stm32g4xx_hal_spi.o
 .debug_line    0x0000000000016861     0x411a ./Drivers/STM32G4xx_HAL_Driver/Src/stm32g4xx_hal_tim.o
 .debug_line    0x000000000001a97b     0x2281 ./Drivers/STM32G4xx_HAL_Driver/Src/stm32g4xx_hal_tim_ex.o
 .debug_line    0x000000000001cbfc     0x3cc6 ./Drivers/STM32G4xx_HAL_Driver/Src/stm32g4xx_hal_uart.o
 .debug_line    0x00000000000208c2      0xea1 ./Drivers/STM32G4xx_HAL_Driver/Src/stm32g4xx_hal_uart_ex.o
 .debug_line    0x0000000000021763     0x111e ./Drivers/STM32G4xx_HAL_Driver/Src/stm32g4xx_ll_usb.o
 .debug_line    0x0000000000022881      0x944 D:\STM32G4\Benchmarking-STM32G4-Accelerators\Benchmark_Accelerators\Drivers\DSP_Drivers\Lib\GCC\libarm_cortexM4lf_math.a(arm_conv_f32.o)

.debug_str      0x0000000000000000   0x13acc8
 .debug_str     0x0000000000000000   0x132033 ./Core/Src/main.o
                                     0x1328db (size before relaxing)
 .debug_str     0x0000000000132033      0x397 ./Core/Src/stm32g4xx_hal_msp.o
                                     0x12ddad (size before relaxing)
 .debug_str     0x00000000001323ca       0xc9 ./Core/Src/stm32g4xx_it.o
                                     0x12c35d (size before relaxing)
 .debug_str     0x0000000000132493       0xdb ./Core/Src/system_stm32g4xx.o
                                     0x12b7c3 (size before relaxing)
 .debug_str     0x000000000013256e       0x34 ./Core/Startup/startup_stm32g474qetx.o
                                         0x7e (size before relaxing)
 .debug_str     0x00000000001325a2      0xc24 ./Drivers/STM32G4xx_HAL_Driver/Src/stm32g4xx_hal.o
                                     0x12c4d5 (size before relaxing)
 .debug_str     0x00000000001331c6      0xae7 ./Drivers/STM32G4xx_HAL_Driver/Src/stm32g4xx_hal_adc.o
                                     0x12c7f0 (size before relaxing)
 .debug_str     0x0000000000133cad      0x691 ./Drivers/STM32G4xx_HAL_Driver/Src/stm32g4xx_hal_adc_ex.o
                                     0x12c796 (size before relaxing)
 .debug_str     0x000000000013433e      0x344 ./Drivers/STM32G4xx_HAL_Driver/Src/stm32g4xx_hal_cortex.o
                                     0x12c159 (size before relaxing)
 .debug_str     0x0000000000134682      0x9ef ./Drivers/STM32G4xx_HAL_Driver/Src/stm32g4xx_hal_fmac.o
                                     0x12c521 (size before relaxing)
 .debug_str     0x0000000000135071      0x123 ./Drivers/STM32G4xx_HAL_Driver/Src/stm32g4xx_hal_gpio.o
                                     0x12b94e (size before relaxing)
 .debug_str     0x0000000000135194     0x18fb ./Drivers/STM32G4xx_HAL_Driver/Src/stm32g4xx_hal_hrtim.o
                                     0x12dbbe (size before relaxing)
 .debug_str     0x0000000000136a8f      0x55e ./Drivers/STM32G4xx_HAL_Driver/Src/stm32g4xx_hal_pcd.o
                                     0x12bf3f (size before relaxing)
 .debug_str     0x0000000000136fed      0x186 ./Drivers/STM32G4xx_HAL_Driver/Src/stm32g4xx_hal_pcd_ex.o
                                     0x12bb7b (size before relaxing)
 .debug_str     0x0000000000137173      0x495 ./Drivers/STM32G4xx_HAL_Driver/Src/stm32g4xx_hal_pwr_ex.o
                                     0x12bcb1 (size before relaxing)
 .debug_str     0x0000000000137608      0x506 ./Drivers/STM32G4xx_HAL_Driver/Src/stm32g4xx_hal_rcc.o
                                     0x12bee2 (size before relaxing)
 .debug_str     0x0000000000137b0e      0x40b ./Drivers/STM32G4xx_HAL_Driver/Src/stm32g4xx_hal_rcc_ex.o
                                     0x12bf0c (size before relaxing)
 .debug_str     0x0000000000137f19      0x57a ./Drivers/STM32G4xx_HAL_Driver/Src/stm32g4xx_hal_spi.o
                                     0x12c0fb (size before relaxing)
 .debug_str     0x0000000000138493      0xdef ./Drivers/STM32G4xx_HAL_Driver/Src/stm32g4xx_hal_tim.o
                                     0x12ccc1 (size before relaxing)
 .debug_str     0x0000000000139282      0x7b9 ./Drivers/STM32G4xx_HAL_Driver/Src/stm32g4xx_hal_tim_ex.o
                                     0x12c935 (size before relaxing)
 .debug_str     0x0000000000139a3b      0x994 ./Drivers/STM32G4xx_HAL_Driver/Src/stm32g4xx_hal_uart.o
                                     0x12c77e (size before relaxing)
 .debug_str     0x000000000013a3cf      0x264 ./Drivers/STM32G4xx_HAL_Driver/Src/stm32g4xx_hal_uart_ex.o
                                     0x12bf7c (size before relaxing)
 .debug_str     0x000000000013a633       0xd3 ./Drivers/STM32G4xx_HAL_Driver/Src/stm32g4xx_ll_usb.o
                                     0x12ba7c (size before relaxing)
 .debug_str     0x000000000013a706      0x5c2 D:\STM32G4\Benchmarking-STM32G4-Accelerators\Benchmark_Accelerators\Drivers\DSP_Drivers\Lib\GCC\libarm_cortexM4lf_math.a(arm_conv_f32.o)
                                        0x6cf (size before relaxing)

.debug_frame    0x0000000000000000     0x87b8
 .debug_frame   0x0000000000000000      0x204 ./Core/Src/main.o
 .debug_frame   0x0000000000000204      0x2b4 ./Core/Src/stm32g4xx_hal_msp.o
 .debug_frame   0x00000000000004b8      0x104 ./Core/Src/stm32g4xx_it.o
 .debug_frame   0x00000000000005bc       0x58 ./Core/Src/system_stm32g4xx.o
 .debug_frame   0x0000000000000614      0x500 ./Drivers/STM32G4xx_HAL_Driver/Src/stm32g4xx_hal.o
 .debug_frame   0x0000000000000b14      0xacc ./Drivers/STM32G4xx_HAL_Driver/Src/stm32g4xx_hal_adc.o
 .debug_frame   0x00000000000015e0      0x81c ./Drivers/STM32G4xx_HAL_Driver/Src/stm32g4xx_hal_adc_ex.o
 .debug_frame   0x0000000000001dfc      0x498 ./Drivers/STM32G4xx_HAL_Driver/Src/stm32g4xx_hal_cortex.o
 .debug_frame   0x0000000000002294      0x640 ./Drivers/STM32G4xx_HAL_Driver/Src/stm32g4xx_hal_fmac.o
 .debug_frame   0x00000000000028d4      0x14c ./Drivers/STM32G4xx_HAL_Driver/Src/stm32g4xx_hal_gpio.o
 .debug_frame   0x0000000000002a20     0x164c ./Drivers/STM32G4xx_HAL_Driver/Src/stm32g4xx_hal_hrtim.o
 .debug_frame   0x000000000000406c      0x56c ./Drivers/STM32G4xx_HAL_Driver/Src/stm32g4xx_hal_pcd.o
 .debug_frame   0x00000000000045d8      0x14c ./Drivers/STM32G4xx_HAL_Driver/Src/stm32g4xx_hal_pcd_ex.o
 .debug_frame   0x0000000000004724      0x4fc ./Drivers/STM32G4xx_HAL_Driver/Src/stm32g4xx_hal_pwr_ex.o
 .debug_frame   0x0000000000004c20      0x23c ./Drivers/STM32G4xx_HAL_Driver/Src/stm32g4xx_hal_rcc.o
 .debug_frame   0x0000000000004e5c      0x2ac ./Drivers/STM32G4xx_HAL_Driver/Src/stm32g4xx_hal_rcc_ex.o
 .debug_frame   0x0000000000005108      0x860 ./Drivers/STM32G4xx_HAL_Driver/Src/stm32g4xx_hal_spi.o
 .debug_frame   0x0000000000005968     0x1220 ./Drivers/STM32G4xx_HAL_Driver/Src/stm32g4xx_hal_tim.o
 .debug_frame   0x0000000000006b88      0xa70 ./Drivers/STM32G4xx_HAL_Driver/Src/stm32g4xx_hal_tim_ex.o
 .debug_frame   0x00000000000075f8      0xa94 ./Drivers/STM32G4xx_HAL_Driver/Src/stm32g4xx_hal_uart.o
 .debug_frame   0x000000000000808c      0x2c0 ./Drivers/STM32G4xx_HAL_Driver/Src/stm32g4xx_hal_uart_ex.o
 .debug_frame   0x000000000000834c      0x380 ./Drivers/STM32G4xx_HAL_Driver/Src/stm32g4xx_ll_usb.o
 .debug_frame   0x00000000000086cc       0x40 D:\STM32G4\Benchmarking-STM32G4-Accelerators\Benchmark_Accelerators\Drivers\DSP_Drivers\Lib\GCC\libarm_cortexM4lf_math.a(arm_conv_f32.o)
 .debug_frame   0x000000000000870c       0x20 D:/Program Files/STM32CubeIDE_1.14.1/STM32CubeIDE/plugins/com.st.stm32cube.ide.mcu.externaltools.gnu-tools-for-stm32.11.3.rel1.win32_1.1.100.202309141235/tools/bin/../lib/gcc/arm-none-eabi/11.3.1/../../../../arm-none-eabi/lib/thumb/v7e-m+fp/hard\libc_nano.a(libc_a-memset.o)
 .debug_frame   0x000000000000872c       0x2c D:/Program Files/STM32CubeIDE_1.14.1/STM32CubeIDE/plugins/com.st.stm32cube.ide.mcu.externaltools.gnu-tools-for-stm32.11.3.rel1.win32_1.1.100.202309141235/tools/bin/../lib/gcc/arm-none-eabi/11.3.1/../../../../arm-none-eabi/lib/thumb/v7e-m+fp/hard\libc_nano.a(libc_a-init.o)
 .debug_frame   0x0000000000008758       0x2c D:/Program Files/STM32CubeIDE_1.14.1/STM32CubeIDE/plugins/com.st.stm32cube.ide.mcu.externaltools.gnu-tools-for-stm32.11.3.rel1.win32_1.1.100.202309141235/tools/bin/../lib/gcc/arm-none-eabi/11.3.1/thumb/v7e-m+fp/hard\libgcc.a(_aeabi_uldivmod.o)
 .debug_frame   0x0000000000008784       0x34 D:/Program Files/STM32CubeIDE_1.14.1/STM32CubeIDE/plugins/com.st.stm32cube.ide.mcu.externaltools.gnu-tools-for-stm32.11.3.rel1.win32_1.1.100.202309141235/tools/bin/../lib/gcc/arm-none-eabi/11.3.1/thumb/v7e-m+fp/hard\libgcc.a(_udivmoddi4.o)

.debug_line_str
                0x0000000000000000       0x72
 .debug_line_str
                0x0000000000000000       0x72 ./Core/Startup/startup_stm32g474qetx.o
                                         0x8a (size before relaxing)

.debug_loc      0x0000000000000000     0x1363
 .debug_loc     0x0000000000000000     0x1363 D:\STM32G4\Benchmarking-STM32G4-Accelerators\Benchmark_Accelerators\Drivers\DSP_Drivers\Lib\GCC\libarm_cortexM4lf_math.a(arm_conv_f32.o)

.debug_ranges   0x0000000000000000       0x10
 .debug_ranges  0x0000000000000000       0x10 D:\STM32G4\Benchmarking-STM32G4-Accelerators\Benchmark_Accelerators\Drivers\DSP_Drivers\Lib\GCC\libarm_cortexM4lf_math.a(arm_conv_f32.o)
