Archive member included to satisfy reference by file (symbol)

D:\STM32G4\Benchmarking-STM32G4-Accelerators\Benchmark_Accelerators\Drivers\DSP_Drivers\Lib\GCC\libarm_cortexM4lf_math.a(arm_conv_f32.o)
                              ./Core/Src/main.o (arm_conv_f32)
D:/Program Files/STM32CubeIDE_1.14.1/STM32CubeIDE/plugins/com.st.stm32cube.ide.mcu.externaltools.gnu-tools-for-stm32.11.3.rel1.win32_1.1.100.202309141235/tools/bin/../lib/gcc/arm-none-eabi/11.3.1/../../../../arm-none-eabi/lib/thumb/v7e-m+fp/hard\libc_nano.a(libc_a-exit.o)
                              D:/Program Files/STM32CubeIDE_1.14.1/STM32CubeIDE/plugins/com.st.stm32cube.ide.mcu.externaltools.gnu-tools-for-stm32.11.3.rel1.win32_1.1.100.202309141235/tools/bin/../lib/gcc/arm-none-eabi/11.3.1/../../../../arm-none-eabi/lib/thumb/v7e-m+fp/hard/crt0.o (exit)
D:/Program Files/STM32CubeIDE_1.14.1/STM32CubeIDE/plugins/com.st.stm32cube.ide.mcu.externaltools.gnu-tools-for-stm32.11.3.rel1.win32_1.1.100.202309141235/tools/bin/../lib/gcc/arm-none-eabi/11.3.1/../../../../arm-none-eabi/lib/thumb/v7e-m+fp/hard\libc_nano.a(libc_a-findfp.o)
                              D:/Program Files/STM32CubeIDE_1.14.1/STM32CubeIDE/plugins/com.st.stm32cube.ide.mcu.externaltools.gnu-tools-for-stm32.11.3.rel1.win32_1.1.100.202309141235/tools/bin/../lib/gcc/arm-none-eabi/11.3.1/../../../../arm-none-eabi/lib/thumb/v7e-m+fp/hard\libc_nano.a(libc_a-exit.o) (__stdio_exit_handler)
D:/Program Files/STM32CubeIDE_1.14.1/STM32CubeIDE/plugins/com.st.stm32cube.ide.mcu.externaltools.gnu-tools-for-stm32.11.3.rel1.win32_1.1.100.202309141235/tools/bin/../lib/gcc/arm-none-eabi/11.3.1/../../../../arm-none-eabi/lib/thumb/v7e-m+fp/hard\libc_nano.a(libc_a-fwalk.o)
                              D:/Program Files/STM32CubeIDE_1.14.1/STM32CubeIDE/plugins/com.st.stm32cube.ide.mcu.externaltools.gnu-tools-for-stm32.11.3.rel1.win32_1.1.100.202309141235/tools/bin/../lib/gcc/arm-none-eabi/11.3.1/../../../../arm-none-eabi/lib/thumb/v7e-m+fp/hard\libc_nano.a(libc_a-findfp.o) (_fwalk_sglue)
D:/Program Files/STM32CubeIDE_1.14.1/STM32CubeIDE/plugins/com.st.stm32cube.ide.mcu.externaltools.gnu-tools-for-stm32.11.3.rel1.win32_1.1.100.202309141235/tools/bin/../lib/gcc/arm-none-eabi/11.3.1/../../../../arm-none-eabi/lib/thumb/v7e-m+fp/hard\libc_nano.a(libc_a-stdio.o)
                              D:/Program Files/STM32CubeIDE_1.14.1/STM32CubeIDE/plugins/com.st.stm32cube.ide.mcu.externaltools.gnu-tools-for-stm32.11.3.rel1.win32_1.1.100.202309141235/tools/bin/../lib/gcc/arm-none-eabi/11.3.1/../../../../arm-none-eabi/lib/thumb/v7e-m+fp/hard\libc_nano.a(libc_a-findfp.o) (__sread)
D:/Program Files/STM32CubeIDE_1.14.1/STM32CubeIDE/plugins/com.st.stm32cube.ide.mcu.externaltools.gnu-tools-for-stm32.11.3.rel1.win32_1.1.100.202309141235/tools/bin/../lib/gcc/arm-none-eabi/11.3.1/../../../../arm-none-eabi/lib/thumb/v7e-m+fp/hard\libc_nano.a(libc_a-memset.o)
                              D:/Program Files/STM32CubeIDE_1.14.1/STM32CubeIDE/plugins/com.st.stm32cube.ide.mcu.externaltools.gnu-tools-for-stm32.11.3.rel1.win32_1.1.100.202309141235/tools/bin/../lib/gcc/arm-none-eabi/11.3.1/../../../../arm-none-eabi/lib/thumb/v7e-m+fp/hard/crt0.o (memset)
D:/Program Files/STM32CubeIDE_1.14.1/STM32CubeIDE/plugins/com.st.stm32cube.ide.mcu.externaltools.gnu-tools-for-stm32.11.3.rel1.win32_1.1.100.202309141235/tools/bin/../lib/gcc/arm-none-eabi/11.3.1/../../../../arm-none-eabi/lib/thumb/v7e-m+fp/hard\libc_nano.a(libc_a-closer.o)
                              D:/Program Files/STM32CubeIDE_1.14.1/STM32CubeIDE/plugins/com.st.stm32cube.ide.mcu.externaltools.gnu-tools-for-stm32.11.3.rel1.win32_1.1.100.202309141235/tools/bin/../lib/gcc/arm-none-eabi/11.3.1/../../../../arm-none-eabi/lib/thumb/v7e-m+fp/hard\libc_nano.a(libc_a-stdio.o) (_close_r)
D:/Program Files/STM32CubeIDE_1.14.1/STM32CubeIDE/plugins/com.st.stm32cube.ide.mcu.externaltools.gnu-tools-for-stm32.11.3.rel1.win32_1.1.100.202309141235/tools/bin/../lib/gcc/arm-none-eabi/11.3.1/../../../../arm-none-eabi/lib/thumb/v7e-m+fp/hard\libc_nano.a(libc_a-reent.o)
                              D:/Program Files/STM32CubeIDE_1.14.1/STM32CubeIDE/plugins/com.st.stm32cube.ide.mcu.externaltools.gnu-tools-for-stm32.11.3.rel1.win32_1.1.100.202309141235/tools/bin/../lib/gcc/arm-none-eabi/11.3.1/../../../../arm-none-eabi/lib/thumb/v7e-m+fp/hard\libc_nano.a(libc_a-closer.o) (errno)
D:/Program Files/STM32CubeIDE_1.14.1/STM32CubeIDE/plugins/com.st.stm32cube.ide.mcu.externaltools.gnu-tools-for-stm32.11.3.rel1.win32_1.1.100.202309141235/tools/bin/../lib/gcc/arm-none-eabi/11.3.1/../../../../arm-none-eabi/lib/thumb/v7e-m+fp/hard\libc_nano.a(libc_a-impure.o)
                              D:/Program Files/STM32CubeIDE_1.14.1/STM32CubeIDE/plugins/com.st.stm32cube.ide.mcu.externaltools.gnu-tools-for-stm32.11.3.rel1.win32_1.1.100.202309141235/tools/bin/../lib/gcc/arm-none-eabi/11.3.1/../../../../arm-none-eabi/lib/thumb/v7e-m+fp/hard\libc_nano.a(libc_a-reent.o) (_impure_ptr)
[...]
Memory Configuration

Name             Origin             Length             Attributes
RAM              0x0000000020000000 0x0000000000020000 xrw
FLASH            0x0000000008000000 0x0000000000080000 xr
*default*        0x0000000000000000 0xffffffffffffffff

Linker script and memory map

LOAD D:/Program Files/STM32CubeIDE_1.14.1/STM32CubeIDE/plugins/com.st.stm32cube.ide.mcu.externaltools.gnu-tools-for-stm32.11.3.rel1.win32_1.1.100.202309141235/tools/bin/../lib/gcc/arm-none-eabi/11.3.1/thumb/v7e-m+fp/hard/crti.o
LOAD D:/Program Files/STM32CubeIDE_1.14.1/STM32CubeIDE/plugins/com.st.stm32cube.ide.mcu.externaltools.gnu-tools-for-stm32.11.3.rel1.win32_1.1.100.202309141235/tools/bin/../lib/gcc/arm-none-eabi/11.3.1/thumb/v7e-m+fp/hard/crtbegin.o
LOAD D:/Program Files/STM32CubeIDE_1.14.1/STM32CubeIDE/plugins/com.st.stm32cube.ide.mcu.externaltools.gnu-tools-for-stm32.11.3.rel1.win32_1.1.100.202309141235/tools/bin/../lib/gcc/arm-none-eabi/11.3.1/../../../../arm-none-eabi/lib/thumb/v7e-m+fp/hard/crt0.o
LOAD ./Core/Src/main.o
LOAD ./Core/Src/stm32g4xx_hal_msp.o
LOAD ./Core/Src/stm32g4xx_it.o
LOAD ./Core/Src/syscalls.o
LOAD ./Core/Src/sysmem.o
LOAD ./Core/Src/system_stm32g4xx.o
LOAD ./Core/Startup/startup_stm32g474qetx.o
LOAD ./Drivers/STM32G4xx_HAL_Driver/Src/stm32g4xx_hal.o
LOAD ./Drivers/STM32G4xx_HAL_Driver/Src/stm32g4xx_hal_adc.o
LOAD ./Drivers/STM32G4xx_HAL_Driver/Src/stm32g4xx_hal_adc_ex.o
LOAD ./Drivers/STM32G4xx_HAL_Driver/Src/stm32g4xx_hal_cortex.o
LOAD ./Drivers/STM32G4xx_HAL_Driver/Src/stm32g4xx_hal_dac.o
LOAD ./Drivers/STM32G4xx_HAL_Driver/Src/stm32g4xx_hal_dac_ex.o
LOAD ./Drivers/STM32G4xx_HAL_Driver/Src/stm32g4xx_hal_dma.o
LOAD ./Drivers/STM32G4xx_HAL_Driver/Src/stm32g4xx_hal_dma_ex.o
LOAD ./Drivers/STM32G4xx_HAL_Driver/Src/stm32g4xx_hal_exti.o
LOAD ./Drivers/STM32G4xx_HAL_Driver/Src/stm32g4xx_hal_fdcan.o
LOAD ./Drivers/STM32G4xx_HAL_Driver/Src/stm32g4xx_hal_flash.o
LOAD ./Drivers/STM32G4xx_HAL_Driver/Src/stm32g4xx_hal_flash_ex.o
LOAD ./Drivers/STM32G4xx_HAL_Driver/Src/stm32g4xx_hal_flash_ramfunc.o
LOAD ./Drivers/STM32G4xx_HAL_Driver/Src/stm32g4xx_hal_gpio.o
LOAD ./Drivers/STM32G4xx_HAL_Driver/Src/stm32g4xx_hal_hrtim.o
LOAD ./Drivers/STM32G4xx_HAL_Driver/Src/stm32g4xx_hal_opamp.o
LOAD ./Drivers/STM32G4xx_HAL_Driver/Src/stm32g4xx_hal_opamp_ex.o
LOAD ./Drivers/STM32G4xx_HAL_Driver/Src/stm32g4xx_hal_pcd.o
LOAD ./Drivers/STM32G4xx_HAL_Driver/Src/stm32g4xx_hal_pcd_ex.o
LOAD ./Drivers/STM32G4xx_HAL_Driver/Src/stm32g4xx_hal_pwr.o
LOAD ./Drivers/STM32G4xx_HAL_Driver/Src/stm32g4xx_hal_pwr_ex.o
LOAD ./Drivers/STM32G4xx_HAL_Driver/Src/stm32g4xx_hal_rcc.o
LOAD ./Drivers/STM32G4xx_HAL_Driver/Src/stm32g4xx_hal_rcc_ex.o
LOAD ./Drivers/STM32G4xx_HAL_Driver/Src/stm32g4xx_hal_smbus.o
LOAD ./Drivers/STM32G4xx_HAL_Driver/Src/stm32g4xx_hal_smbus_ex.o
LOAD ./Drivers/STM32G4xx_HAL_Driver/Src/stm32g4xx_hal_spi.o
LOAD ./Drivers/STM32G4xx_HAL_Driver/Src/stm32g4xx_hal_spi_ex.o
LOAD ./Drivers/STM32G4xx_HAL_Driver/Src/stm32g4xx_hal_tim.o
LOAD ./Drivers/STM32G4xx_HAL_Driver/Src/stm32g4xx_hal_tim_ex.o
LOAD ./Drivers/STM32G4xx_HAL_Driver/Src/stm32g4xx_hal_uart.o
LOAD ./Drivers/STM32G4xx_HAL_Driver/Src/stm32g4xx_hal_uart_ex.o
LOAD ./Drivers/STM32G4xx_HAL_Driver/Src/stm32g4xx_ll_adc.o
LOAD ./Drivers/STM32G4xx_HAL_Driver/Src/stm32g4xx_ll_usb.o
LOAD D:\STM32G4\Benchmarking-STM32G4-Accelerators\Benchmark_Accelerators\Drivers\DSP_Drivers\Lib\GCC\libarm_cortexM4lf_math.a
START GROUP
LOAD D:/Program Files/STM32CubeIDE_1.14.1/STM32CubeIDE/plugins/com.st.stm32cube.ide.mcu.externaltools.gnu-tools-for-stm32.11.3.rel1.win32_1.1.100.202309141235/tools/bin/../lib/gcc/arm-none-eabi/11.3.1/../../../../arm-none-eabi/lib/thumb/v7e-m+fp/hard\libc_nano.a
LOAD D:/Program Files/STM32CubeIDE_1.14.1/STM32CubeIDE/plugins/com.st.stm32cube.ide.mcu.externaltools.gnu-tools-for-stm32.11.3.rel1.win32_1.1.100.202309141235/tools/bin/../lib/gcc/arm-none-eabi/11.3.1/../../../../arm-none-eabi/lib/thumb/v7e-m+fp/hard\libm.a
END GROUP
START GROUP
LOAD D:/Program Files/STM32CubeIDE_1.14.1/STM32CubeIDE/plugins/com.st.stm32cube.ide.mcu.externaltools.gnu-tools-for-stm32.11.3.rel1.win32_1.1.100.202309141235/tools/bin/../lib/gcc/arm-none-eabi/11.3.1/thumb/v7e-m+fp/hard\libgcc.a
LOAD D:/Program Files/STM32CubeIDE_1.14.1/STM32CubeIDE/plugins/com.st.stm32cube.ide.mcu.externaltools.gnu-tools-for-stm32.11.3.rel1.win32_1.1.100.202309141235/tools/bin/../lib/gcc/arm-none-eabi/11.3.1/../../../../arm-none-eabi/lib/thumb/v7e-m+fp/hard\libc_nano.a
END GROUP
START GROUP
LOAD D:/Program Files/STM32CubeIDE_1.14.1/STM32CubeIDE/plugins/com.st.stm32cube.ide.mcu.externaltools.gnu-tools-for-stm32.11.3.rel1.win32_1.1.100.202309141235/tools/bin/../lib/gcc/arm-none-eabi/11.3.1/thumb/v7e-m+fp/hard\libgcc.a
LOAD D:/Program Files/STM32CubeIDE_1.14.1/STM32CubeIDE/plugins/com.st.stm32cube.ide.mcu.externaltools.gnu-tools-for-stm32.11.3.rel1.win32_1.1.100.202309141235/tools/bin/../lib/gcc/arm-none-eabi/11.3.1/../../../../arm-none-eabi/lib/thumb/v7e-m+fp/hard\libc_nano.a
LOAD D:/Program Files/STM32CubeIDE_1.14.1/STM32CubeIDE/plugins/com.st.stm32cube.ide.mcu.externaltools.gnu-tools-for-stm32.11.3.rel1.win32_1.1.100.202309141235/tools/bin/../lib/gcc/arm-none-eabi/11.3.1/../../../../arm-none-eabi/lib/thumb/v7e-m+fp/hard\libnosys.a
END GROUP
START GROUP
LOAD D:/Program Files/STM32CubeIDE_1.14.1/STM32CubeIDE/plugins/com.st.stm32cube.ide.mcu.externaltools.gnu-tools-for-stm32.11.3.rel1.win32_1.1.100.202309141235/tools/bin/../lib/gcc/arm-none-eabi/11.3.1/thumb/v7e-m+fp/hard\libgcc.a
LOAD D:/Program Files/STM32CubeIDE_1.14.1/STM32CubeIDE/plugins/com.st.stm32cube.ide.mcu.externaltools.gnu-tools-for-stm32.11.3.rel1.win32_1.1.100.202309141235/tools/bin/../lib/gcc/arm-none-eabi/11.3.1/../../../../arm-none-eabi/lib/thumb/v7e-m+fp/hard\libc_nano.a
LOAD D:/Program Files/STM32CubeIDE_1.14.1/STM32CubeIDE/plugins/com.st.stm32cube.ide.mcu.externaltools.gnu-tools-for-stm32.11.3.rel1.win32_1.1.100.202309141235/tools/bin/../lib/gcc/arm-none-eabi/11.3.1/../../../../arm-none-eabi/lib/thumb/v7e-m+fp/hard\libnosys.a
END GROUP
LOAD D:/Program Files/STM32CubeIDE_1.14.1/STM32CubeIDE/plugins/com.st.stm32cube.ide.mcu.externaltools.gnu-tools-for-stm32.11.3.rel1.win32_1.1.100.202309141235/tools/bin/../lib/gcc/arm-none-eabi/11.3.1/thumb/v7e-m+fp/hard/crtend.o
LOAD D:/Program Files/STM32CubeIDE_1.14.1/STM32CubeIDE/plugins/com.st.stm32cube.ide.mcu.externaltools.gnu-tools-for-stm32.11.3.rel1.win32_1.1.100.202309141235/tools/bin/../lib/gcc/arm-none-eabi/11.3.1/thumb/v7e-m+fp/hard/crtn.o
                0x0000000020020000                _estack = (ORIGIN (RAM) + LENGTH (RAM))
                0x0000000000000200                _Min_Heap_Size = 0x200
                0x0000000000000400                _Min_Stack_Size = 0x400

.isr_vector     0x0000000008000000      0x1d8
                0x0000000008000000                . = ALIGN (0x4)
 *(.isr_vector)
 .isr_vector    0x0000000008000000      0x1d8 ./Core/Startup/startup_stm32g474qetx.o
                0x0000000008000000                g_pfnVectors
                0x00000000080001d8                . = ALIGN (0x4)

.text           0x00000000080001d8     0x8a2c
                0x00000000080001d8                . = ALIGN (0x4)
 *(.text)
 .text          0x00000000080001d8       0x40 D:/Program Files/STM32CubeIDE_1.14.1/STM32CubeIDE/plugins/com.st.stm32cube.ide.mcu.externaltools.gnu-tools-for-stm32.11.3.rel1.win32_1.1.100.202309141235/tools/bin/../lib/gcc/arm-none-eabi/11.3.1/thumb/v7e-m+fp/hard/crtbegin.o
 .text          0x0000000008000218       0x30 D:/Program Files/STM32CubeIDE_1.14.1/STM32CubeIDE/plugins/com.st.stm32cube.ide.mcu.externaltools.gnu-tools-for-stm32.11.3.rel1.win32_1.1.100.202309141235/tools/bin/../lib/gcc/arm-none-eabi/11.3.1/thumb/v7e-m+fp/hard\libgcc.a(_aeabi_uldivmod.o)
                0x0000000008000218                __aeabi_uldivmod
 .text          0x0000000008000248      0x2c8 D:/Program Files/STM32CubeIDE_1.14.1/STM32CubeIDE/plugins/com.st.stm32cube.ide.mcu.externaltools.gnu-tools-for-stm32.11.3.rel1.win32_1.1.100.202309141235/tools/bin/../lib/gcc/arm-none-eabi/11.3.1/thumb/v7e-m+fp/hard\libgcc.a(_udivmoddi4.o)
                0x0000000008000248                __udivmoddi4
 .text          0x0000000008000510        0x4 D:/Program Files/STM32CubeIDE_1.14.1/STM32CubeIDE/plugins/com.st.stm32cube.ide.mcu.externaltools.gnu-tools-for-stm32.11.3.rel1.win32_1.1.100.202309141235/tools/bin/../lib/gcc/arm-none-eabi/11.3.1/thumb/v7e-m+fp/hard\libgcc.a(_dvmd_tls.o)
                0x0000000008000510                __aeabi_idiv0
                0x0000000008000510                __aeabi_ldiv0
 *(.text*)
 .text.main     0x0000000008000514       0x80 ./Core/Src/main.o
                0x0000000008000514                main
 .text.SystemClock_Config
                0x0000000008000594       0x98 ./Core/Src/main.o
                0x0000000008000594                SystemClock_Config
 .text.MX_ADC1_Init
                0x000000000800062c       0xf0 ./Core/Src/main.o
 .text.MX_ADC2_Init
                0x000000000800071c       0xcc ./Core/Src/main.o
 .text.MX_ADC3_Init
                0x00000000080007e8       0xf0 ./Core/Src/main.o
 .text.MX_ADC4_Init
                0x00000000080008d8       0xcc ./Core/Src/main.o
 .text.MX_DAC1_Init
                0x00000000080009a4       0x88 ./Core/Src/main.o
 .text.MX_FDCAN1_Init
                0x0000000008000a2c       0x8c ./Core/Src/main.o
 .text.MX_HRTIM1_Init
                0x0000000008000ab8       0xf4 ./Core/Src/main.o
 .text.MX_I2C3_SMBUS_Init
                0x0000000008000bac       0x84 ./Core/Src/main.o
 .text.MX_OPAMP1_Init
                0x0000000008000c30       0x50 ./Core/Src/main.o
 .text.MX_OPAMP2_Init
                0x0000000008000c80       0x50 ./Core/Src/main.o
 .text.MX_OPAMP3_Init
                0x0000000008000cd0       0x50 ./Core/Src/main.o
 .text.MX_OPAMP4_Init
                0x0000000008000d20       0x50 ./Core/Src/main.o
 .text.MX_SPI2_Init
                0x0000000008000d70       0x7c ./Core/Src/main.o
 .text.MX_TIM1_Init
                0x0000000008000dec      0x188 ./Core/Src/main.o
 .text.MX_TIM2_Init
                0x0000000008000f74       0xe0 ./Core/Src/main.o
 .text.MX_TIM3_Init
                0x0000000008001054       0xcc ./Core/Src/main.o
 .text.MX_TIM5_Init
                0x0000000008001120       0xe0 ./Core/Src/main.o
 .text.MX_TIM8_Init
                0x0000000008001200      0x1f4 ./Core/Src/main.o
 .text.MX_USART1_UART_Init
                0x00000000080013f4       0x9c ./Core/Src/main.o
 .text.MX_USB_PCD_Init
                0x0000000008001490       0x50 ./Core/Src/main.o
 .text.MX_GPIO_Init
                0x00000000080014e0      0x1e0 ./Core/Src/main.o
 .text.Error_Handler
                0x00000000080016c0        0xa ./Core/Src/main.o
                0x00000000080016c0                Error_Handler
 *fill*         0x00000000080016ca        0x2 
 .text.HAL_MspInit
                0x00000000080016cc       0x48 ./Core/Src/stm32g4xx_hal_msp.o
                0x00000000080016cc                HAL_MspInit
 .text.HAL_ADC_MspInit
                0x0000000008001714      0x2f4 ./Core/Src/stm32g4xx_hal_msp.o
                0x0000000008001714                HAL_ADC_MspInit
 .text.HAL_DAC_MspInit
                0x0000000008001a08       0x7c ./Core/Src/stm32g4xx_hal_msp.o
                0x0000000008001a08                HAL_DAC_MspInit
 .text.HAL_FDCAN_MspInit
                0x0000000008001a84       0xb8 ./Core/Src/stm32g4xx_hal_msp.o
                0x0000000008001a84                HAL_FDCAN_MspInit
 .text.HAL_HRTIM_MspInit
                0x0000000008001b3c       0x40 ./Core/Src/stm32g4xx_hal_msp.o
                0x0000000008001b3c                HAL_HRTIM_MspInit
 .text.HAL_SMBUS_MspInit
                0x0000000008001b7c       0xb4 ./Core/Src/stm32g4xx_hal_msp.o
                0x0000000008001b7c                HAL_SMBUS_MspInit
 .text.HAL_OPAMP_MspInit
                0x0000000008001c30      0x198 ./Core/Src/stm32g4xx_hal_msp.o
                0x0000000008001c30                HAL_OPAMP_MspInit
 .text.HAL_SPI_MspInit
                0x0000000008001dc8       0xc8 ./Core/Src/stm32g4xx_hal_msp.o
                0x0000000008001dc8                HAL_SPI_MspInit
 .text.HAL_TIM_OC_MspInit
                0x0000000008001e90      0x174 ./Core/Src/stm32g4xx_hal_msp.o
                0x0000000008001e90                HAL_TIM_OC_MspInit
 .text.HAL_TIM_Base_MspInit
                0x0000000008002004       0x88 ./Core/Src/stm32g4xx_hal_msp.o
                0x0000000008002004                HAL_TIM_Base_MspInit
 .text.HAL_TIM_MspPostInit
                0x000000000800208c      0x1d8 ./Core/Src/stm32g4xx_hal_msp.o
                0x000000000800208c                HAL_TIM_MspPostInit
 .text.HAL_UART_MspInit
                0x0000000008002264       0xb0 ./Core/Src/stm32g4xx_hal_msp.o
                0x0000000008002264                HAL_UART_MspInit
 .text.HAL_PCD_MspInit
                0x0000000008002314       0x68 ./Core/Src/stm32g4xx_hal_msp.o
                0x0000000008002314                HAL_PCD_MspInit
 .text.NMI_Handler
                0x000000000800237c        0x6 ./Core/Src/stm32g4xx_it.o
                0x000000000800237c                NMI_Handler
 .text.HardFault_Handler
                0x0000000008002382        0x6 ./Core/Src/stm32g4xx_it.o
                0x0000000008002382                HardFault_Handler
 .text.MemManage_Handler
                0x0000000008002388        0x6 ./Core/Src/stm32g4xx_it.o
                0x0000000008002388                MemManage_Handler
 .text.BusFault_Handler
                0x000000000800238e        0x6 ./Core/Src/stm32g4xx_it.o
                0x000000000800238e                BusFault_Handler
 .text.UsageFault_Handler
                0x0000000008002394        0x6 ./Core/Src/stm32g4xx_it.o
                0x0000000008002394                UsageFault_Handler
 .text.SVC_Handler
                0x000000000800239a        0xe ./Core/Src/stm32g4xx_it.o
                0x000000000800239a                SVC_Handler
 .text.DebugMon_Handler
                0x00000000080023a8        0xe ./Core/Src/stm32g4xx_it.o
                0x00000000080023a8                DebugMon_Handler
 .text.PendSV_Handler
                0x00000000080023b6        0xe ./Core/Src/stm32g4xx_it.o
                0x00000000080023b6                PendSV_Handler
 .text.SysTick_Handler
                0x00000000080023c4        0xc ./Core/Src/stm32g4xx_it.o
                0x00000000080023c4                SysTick_Handler
 .text.SystemInit
                0x00000000080023d0       0x24 ./Core/Src/system_stm32g4xx.o
                0x00000000080023d0                SystemInit
 .text.Reset_Handler
                0x00000000080023f4       0x50 ./Core/Startup/startup_stm32g474qetx.o
                0x00000000080023f4                Reset_Handler
 .text.Default_Handler
                0x0000000008002444        0x2 ./Core/Startup/startup_stm32g474qetx.o
                0x0000000008002444                RTC_Alarm_IRQHandler
                0x0000000008002444                EXTI2_IRQHandler
                0x0000000008002444                TIM8_TRG_COM_IRQHandler
                0x0000000008002444                TIM8_CC_IRQHandler
                0x0000000008002444                HRTIM1_Master_IRQHandler
                0x0000000008002444                SPI4_IRQHandler
                0x0000000008002444                FDCAN3_IT0_IRQHandler
                0x0000000008002444                TIM1_CC_IRQHandler
                0x0000000008002444                HRTIM1_FLT_IRQHandler
                0x0000000008002444                HRTIM1_TIMF_IRQHandler
                0x0000000008002444                USB_HP_IRQHandler
                0x0000000008002444                CORDIC_IRQHandler
                0x0000000008002444                HRTIM1_TIMD_IRQHandler
                0x0000000008002444                DMA2_Channel8_IRQHandler
                0x0000000008002444                EXTI3_IRQHandler
                0x0000000008002444                I2C3_ER_IRQHandler
                0x0000000008002444                EXTI0_IRQHandler
                0x0000000008002444                I2C2_EV_IRQHandler
                0x0000000008002444                FPU_IRQHandler
                0x0000000008002444                FDCAN1_IT1_IRQHandler
                0x0000000008002444                TIM1_UP_TIM16_IRQHandler
                0x0000000008002444                ADC1_2_IRQHandler
                0x0000000008002444                HRTIM1_TIME_IRQHandler
                0x0000000008002444                SPI1_IRQHandler
                0x0000000008002444                TIM6_DAC_IRQHandler
                0x0000000008002444                HRTIM1_TIMC_IRQHandler
                0x0000000008002444                TIM8_UP_IRQHandler
                0x0000000008002444                DMA2_Channel2_IRQHandler
                0x0000000008002444                DMA1_Channel4_IRQHandler
                0x0000000008002444                TIM20_TRG_COM_IRQHandler
                0x0000000008002444                USART3_IRQHandler
                0x0000000008002444                DMA1_Channel7_IRQHandler
                0x0000000008002444                UART5_IRQHandler
                0x0000000008002444                ADC3_IRQHandler
                0x0000000008002444                TIM4_IRQHandler
                0x0000000008002444                DMA2_Channel1_IRQHandler
                0x0000000008002444                QUADSPI_IRQHandler
                0x0000000008002444                I2C1_EV_IRQHandler
                0x0000000008002444                DMA1_Channel6_IRQHandler
                0x0000000008002444                UART4_IRQHandler
                0x0000000008002444                DMA2_Channel4_IRQHandler
                0x0000000008002444                TIM3_IRQHandler
                0x0000000008002444                RCC_IRQHandler
                0x0000000008002444                TIM20_UP_IRQHandler
                0x0000000008002444                DMA1_Channel1_IRQHandler
                0x0000000008002444                Default_Handler
                0x0000000008002444                DMA2_Channel7_IRQHandler
                0x0000000008002444                RTC_TAMP_LSECSS_IRQHandler
                0x0000000008002444                FMAC_IRQHandler
                0x0000000008002444                EXTI15_10_IRQHandler
                0x0000000008002444                DMA1_Channel8_IRQHandler
                0x0000000008002444                HRTIM1_TIMA_IRQHandler
                0x0000000008002444                TIM7_DAC_IRQHandler
                0x0000000008002444                FDCAN3_IT1_IRQHandler
                0x0000000008002444                TIM5_IRQHandler
                0x0000000008002444                UCPD1_IRQHandler
                0x0000000008002444                I2C3_EV_IRQHandler
                0x0000000008002444                EXTI9_5_IRQHandler
                0x0000000008002444                RTC_WKUP_IRQHandler
                0x0000000008002444                PVD_PVM_IRQHandler
                0x0000000008002444                SPI2_IRQHandler
                0x0000000008002444                ADC5_IRQHandler
                0x0000000008002444                DMA2_Channel5_IRQHandler
                0x0000000008002444                CRS_IRQHandler
                0x0000000008002444                DMA1_Channel5_IRQHandler
                0x0000000008002444                USB_LP_IRQHandler
                0x0000000008002444                EXTI4_IRQHandler
                0x0000000008002444                RNG_IRQHandler
                0x0000000008002444                HRTIM1_TIMB_IRQHandler
                0x0000000008002444                TIM1_TRG_COM_TIM17_IRQHandler
                0x0000000008002444                FDCAN2_IT1_IRQHandler
                0x0000000008002444                DMA1_Channel3_IRQHandler
                0x0000000008002444                ADC4_IRQHandler
                0x0000000008002444                WWDG_IRQHandler
                0x0000000008002444                I2C4_EV_IRQHandler
                0x0000000008002444                FDCAN2_IT0_IRQHandler
                0x0000000008002444                LPUART1_IRQHandler
                0x0000000008002444                DMA2_Channel6_IRQHandler
                0x0000000008002444                FDCAN1_IT0_IRQHandler
                0x0000000008002444                TIM2_IRQHandler
                0x0000000008002444                COMP7_IRQHandler
                0x0000000008002444                COMP1_2_3_IRQHandler
                0x0000000008002444                EXTI1_IRQHandler
                0x0000000008002444                USART2_IRQHandler
                0x0000000008002444                COMP4_5_6_IRQHandler
                0x0000000008002444                TIM20_BRK_IRQHandler
                0x0000000008002444                I2C2_ER_IRQHandler
                0x0000000008002444                DMA1_Channel2_IRQHandler
                0x0000000008002444                TIM8_BRK_IRQHandler
                0x0000000008002444                FLASH_IRQHandler
                0x0000000008002444                TIM20_CC_IRQHandler
                0x0000000008002444                USART1_IRQHandler
                0x0000000008002444                SPI3_IRQHandler
                0x0000000008002444                I2C1_ER_IRQHandler
                0x0000000008002444                FMC_IRQHandler
                0x0000000008002444                LPTIM1_IRQHandler
                0x0000000008002444                DMAMUX_OVR_IRQHandler
                0x0000000008002444                I2C4_ER_IRQHandler
                0x0000000008002444                USBWakeUp_IRQHandler
                0x0000000008002444                SAI1_IRQHandler
                0x0000000008002444                DMA2_Channel3_IRQHandler
                0x0000000008002444                TIM1_BRK_TIM15_IRQHandler
 .text.HAL_Init
                0x0000000008002446       0x30 ./Drivers/STM32G4xx_HAL_Driver/Src/stm32g4xx_hal.o
                0x0000000008002446                HAL_Init
 *fill*         0x0000000008002476        0x2 
 .text.HAL_InitTick
                0x0000000008002478       0x74 ./Drivers/STM32G4xx_HAL_Driver/Src/stm32g4xx_hal.o
                0x0000000008002478                HAL_InitTick
 .text.HAL_IncTick
                0x00000000080024ec       0x24 ./Drivers/STM32G4xx_HAL_Driver/Src/stm32g4xx_hal.o
                0x00000000080024ec                HAL_IncTick
 .text.HAL_GetTick
                0x0000000008002510       0x18 ./Drivers/STM32G4xx_HAL_Driver/Src/stm32g4xx_hal.o
                0x0000000008002510                HAL_GetTick
 .text.LL_ADC_SetCommonClock
                0x0000000008002528       0x26 ./Drivers/STM32G4xx_HAL_Driver/Src/stm32g4xx_hal_adc.o
 .text.LL_ADC_SetCommonPathInternalCh
                0x000000000800254e       0x26 ./Drivers/STM32G4xx_HAL_Driver/Src/stm32g4xx_hal_adc.o
 .text.LL_ADC_GetCommonPathInternalCh
                0x0000000008002574       0x1c ./Drivers/STM32G4xx_HAL_Driver/Src/stm32g4xx_hal_adc.o
 .text.LL_ADC_SetOffset
                0x0000000008002590       0x48 ./Drivers/STM32G4xx_HAL_Driver/Src/stm32g4xx_hal_adc.o
 .text.LL_ADC_GetOffsetChannel
                0x00000000080025d8       0x2c ./Drivers/STM32G4xx_HAL_Driver/Src/stm32g4xx_hal_adc.o
 .text.LL_ADC_SetOffsetState
                0x0000000008002604       0x36 ./Drivers/STM32G4xx_HAL_Driver/Src/stm32g4xx_hal_adc.o
 .text.LL_ADC_SetOffsetSign
                0x000000000800263a       0x36 ./Drivers/STM32G4xx_HAL_Driver/Src/stm32g4xx_hal_adc.o
 .text.LL_ADC_SetOffsetSaturation
                0x0000000008002670       0x36 ./Drivers/STM32G4xx_HAL_Driver/Src/stm32g4xx_hal_adc.o
 .text.LL_ADC_SetSamplingTimeCommonConfig
                0x00000000080026a6       0x26 ./Drivers/STM32G4xx_HAL_Driver/Src/stm32g4xx_hal_adc.o
 .text.LL_ADC_REG_SetSequencerRanks
                0x00000000080026cc       0x58 ./Drivers/STM32G4xx_HAL_Driver/Src/stm32g4xx_hal_adc.o
 .text.LL_ADC_SetChannelSamplingTime
                0x0000000008002724       0x56 ./Drivers/STM32G4xx_HAL_Driver/Src/stm32g4xx_hal_adc.o
 *fill*         0x000000000800277a        0x2 
 .text.LL_ADC_SetChannelSingleDiff
                0x000000000800277c       0x48 ./Drivers/STM32G4xx_HAL_Driver/Src/stm32g4xx_hal_adc.o
 .text.LL_ADC_DisableDeepPowerDown
                0x00000000080027c4       0x24 ./Drivers/STM32G4xx_HAL_Driver/Src/stm32g4xx_hal_adc.o
 .text.LL_ADC_IsDeepPowerDownEnabled
                0x00000000080027e8       0x28 ./Drivers/STM32G4xx_HAL_Driver/Src/stm32g4xx_hal_adc.o
 .text.LL_ADC_EnableInternalRegulator
                0x0000000008002810       0x28 ./Drivers/STM32G4xx_HAL_Driver/Src/stm32g4xx_hal_adc.o
 .text.LL_ADC_IsInternalRegulatorEnabled
                0x0000000008002838       0x28 ./Drivers/STM32G4xx_HAL_Driver/Src/stm32g4xx_hal_adc.o
 .text.LL_ADC_IsEnabled
                0x0000000008002860       0x26 ./Drivers/STM32G4xx_HAL_Driver/Src/stm32g4xx_hal_adc.o
 .text.LL_ADC_REG_IsConversionOngoing
                0x0000000008002886       0x26 ./Drivers/STM32G4xx_HAL_Driver/Src/stm32g4xx_hal_adc.o
 .text.LL_ADC_INJ_IsConversionOngoing
                0x00000000080028ac       0x26 ./Drivers/STM32G4xx_HAL_Driver/Src/stm32g4xx_hal_adc.o
 *fill*         0x00000000080028d2        0x2 
 .text.HAL_ADC_Init
                0x00000000080028d4      0x378 ./Drivers/STM32G4xx_HAL_Driver/Src/stm32g4xx_hal_adc.o
                0x00000000080028d4                HAL_ADC_Init
 .text.HAL_ADC_ConfigChannel
                0x0000000008002c4c      0x880 ./Drivers/STM32G4xx_HAL_Driver/Src/stm32g4xx_hal_adc.o
                0x0000000008002c4c                HAL_ADC_ConfigChannel
 .text.LL_ADC_IsEnabled
                0x00000000080034cc       0x26 ./Drivers/STM32G4xx_HAL_Driver/Src/stm32g4xx_hal_adc_ex.o
 .text.LL_ADC_REG_IsConversionOngoing
                0x00000000080034f2       0x26 ./Drivers/STM32G4xx_HAL_Driver/Src/stm32g4xx_hal_adc_ex.o
 .text.HAL_ADCEx_MultiModeConfigChannel
                0x0000000008003518      0x210 ./Drivers/STM32G4xx_HAL_Driver/Src/stm32g4xx_hal_adc_ex.o
                0x0000000008003518                HAL_ADCEx_MultiModeConfigChannel
 .text.__NVIC_SetPriorityGrouping
                0x0000000008003728       0x48 ./Drivers/STM32G4xx_HAL_Driver/Src/stm32g4xx_hal_cortex.o
 .text.__NVIC_GetPriorityGrouping
                0x0000000008003770       0x1c ./Drivers/STM32G4xx_HAL_Driver/Src/stm32g4xx_hal_cortex.o
 .text.__NVIC_SetPriority
                0x000000000800378c       0x54 ./Drivers/STM32G4xx_HAL_Driver/Src/stm32g4xx_hal_cortex.o
 .text.NVIC_EncodePriority
                0x00000000080037e0       0x66 ./Drivers/STM32G4xx_HAL_Driver/Src/stm32g4xx_hal_cortex.o
 *fill*         0x0000000008003846        0x2 
 .text.SysTick_Config
                0x0000000008003848       0x44 ./Drivers/STM32G4xx_HAL_Driver/Src/stm32g4xx_hal_cortex.o
 .text.HAL_NVIC_SetPriorityGrouping
                0x000000000800388c       0x16 ./Drivers/STM32G4xx_HAL_Driver/Src/stm32g4xx_hal_cortex.o
                0x000000000800388c                HAL_NVIC_SetPriorityGrouping
 .text.HAL_NVIC_SetPriority
                0x00000000080038a2       0x34 ./Drivers/STM32G4xx_HAL_Driver/Src/stm32g4xx_hal_cortex.o
                0x00000000080038a2                HAL_NVIC_SetPriority
 .text.HAL_SYSTICK_Config
                0x00000000080038d6       0x18 ./Drivers/STM32G4xx_HAL_Driver/Src/stm32g4xx_hal_cortex.o
                0x00000000080038d6                HAL_SYSTICK_Config
 .text.HAL_DAC_Init
                0x00000000080038ee       0x44 ./Drivers/STM32G4xx_HAL_Driver/Src/stm32g4xx_hal_dac.o
                0x00000000080038ee                HAL_DAC_Init
 *fill*         0x0000000008003932        0x2 
 .text.HAL_DAC_ConfigChannel
                0x0000000008003934      0x370 ./Drivers/STM32G4xx_HAL_Driver/Src/stm32g4xx_hal_dac.o
                0x0000000008003934                HAL_DAC_ConfigChannel
 .text.HAL_FDCAN_Init
                0x0000000008003ca4      0x2b4 ./Drivers/STM32G4xx_HAL_Driver/Src/stm32g4xx_hal_fdcan.o
                0x0000000008003ca4                HAL_FDCAN_Init
 .text.FDCAN_CalcultateRamBlockAddresses
                0x0000000008003f58       0xd8 ./Drivers/STM32G4xx_HAL_Driver/Src/stm32g4xx_hal_fdcan.o
 .text.HAL_GPIO_Init
                0x0000000008004030      0x304 ./Drivers/STM32G4xx_HAL_Driver/Src/stm32g4xx_hal_gpio.o
                0x0000000008004030                HAL_GPIO_Init
 .text.HAL_GPIO_WritePin
                0x0000000008004334       0x30 ./Drivers/STM32G4xx_HAL_Driver/Src/stm32g4xx_hal_gpio.o
                0x0000000008004334                HAL_GPIO_WritePin
 .text.HAL_HRTIM_Init
                0x0000000008004364      0x1a0 ./Drivers/STM32G4xx_HAL_Driver/Src/stm32g4xx_hal_hrtim.o
                0x0000000008004364                HAL_HRTIM_Init
 .text.HAL_HRTIM_DLLCalibrationStart
                0x0000000008004504       0xb0 ./Drivers/STM32G4xx_HAL_Driver/Src/stm32g4xx_hal_hrtim.o
                0x0000000008004504                HAL_HRTIM_DLLCalibrationStart
 .text.HAL_HRTIM_PollForDLLCalibration
                0x00000000080045b4       0x68 ./Drivers/STM32G4xx_HAL_Driver/Src/stm32g4xx_hal_hrtim.o
                0x00000000080045b4                HAL_HRTIM_PollForDLLCalibration
 .text.HAL_HRTIM_TimeBaseConfig
                0x000000000800461c       0x50 ./Drivers/STM32G4xx_HAL_Driver/Src/stm32g4xx_hal_hrtim.o
                0x000000000800461c                HAL_HRTIM_TimeBaseConfig
 .text.HAL_HRTIM_WaveformTimerConfig
                0x000000000800466c      0x11a ./Drivers/STM32G4xx_HAL_Driver/Src/stm32g4xx_hal_hrtim.o
                0x000000000800466c                HAL_HRTIM_WaveformTimerConfig
 .text.HRTIM_MasterBase_Config
                0x0000000008004786       0x5e ./Drivers/STM32G4xx_HAL_Driver/Src/stm32g4xx_hal_hrtim.o
 .text.HRTIM_TimingUnitBase_Config
                0x00000000080047e4       0x80 ./Drivers/STM32G4xx_HAL_Driver/Src/stm32g4xx_hal_hrtim.o
 .text.HRTIM_MasterWaveform_Config
                0x0000000008004864      0x13a ./Drivers/STM32G4xx_HAL_Driver/Src/stm32g4xx_hal_hrtim.o
 *fill*         0x000000000800499e        0x2 
 .text.HRTIM_TimingUnitWaveform_Config
                0x00000000080049a0      0x30c ./Drivers/STM32G4xx_HAL_Driver/Src/stm32g4xx_hal_hrtim.o
 .text.HRTIM_ForceRegistersUpdate
                0x0000000008004cac       0xdc ./Drivers/STM32G4xx_HAL_Driver/Src/stm32g4xx_hal_hrtim.o
 .text.HAL_OPAMP_Init
                0x0000000008004d88      0x1a0 ./Drivers/STM32G4xx_HAL_Driver/Src/stm32g4xx_hal_opamp.o
                0x0000000008004d88                HAL_OPAMP_Init
 .text.HAL_PCD_Init
                0x0000000008004f28      0x19c ./Drivers/STM32G4xx_HAL_Driver/Src/stm32g4xx_hal_pcd.o
                0x0000000008004f28                HAL_PCD_Init
 .text.HAL_PCDEx_ActivateLPM
                0x00000000080050c4       0x54 ./Drivers/STM32G4xx_HAL_Driver/Src/stm32g4xx_hal_pcd_ex.o
                0x00000000080050c4                HAL_PCDEx_ActivateLPM
 .text.HAL_PWREx_ControlVoltageScaling
                0x0000000008005118      0x148 ./Drivers/STM32G4xx_HAL_Driver/Src/stm32g4xx_hal_pwr_ex.o
                0x0000000008005118                HAL_PWREx_ControlVoltageScaling
 .text.HAL_RCC_OscConfig
                0x0000000008005260      0x624 ./Drivers/STM32G4xx_HAL_Driver/Src/stm32g4xx_hal_rcc.o
                0x0000000008005260                HAL_RCC_OscConfig
 .text.HAL_RCC_ClockConfig
                0x0000000008005884      0x278 ./Drivers/STM32G4xx_HAL_Driver/Src/stm32g4xx_hal_rcc.o
                0x0000000008005884                HAL_RCC_ClockConfig
 .text.HAL_RCC_GetSysClockFreq
                0x0000000008005afc       0xc4 ./Drivers/STM32G4xx_HAL_Driver/Src/stm32g4xx_hal_rcc.o
                0x0000000008005afc                HAL_RCC_GetSysClockFreq
 .text.HAL_RCC_GetHCLKFreq
                0x0000000008005bc0       0x18 ./Drivers/STM32G4xx_HAL_Driver/Src/stm32g4xx_hal_rcc.o
                0x0000000008005bc0                HAL_RCC_GetHCLKFreq
 .text.HAL_RCC_GetPCLK1Freq
                0x0000000008005bd8       0x2c ./Drivers/STM32G4xx_HAL_Driver/Src/stm32g4xx_hal_rcc.o
                0x0000000008005bd8                HAL_RCC_GetPCLK1Freq
 .text.HAL_RCC_GetPCLK2Freq
                0x0000000008005c04       0x2c ./Drivers/STM32G4xx_HAL_Driver/Src/stm32g4xx_hal_rcc.o
                0x0000000008005c04                HAL_RCC_GetPCLK2Freq
 .text.RCC_GetSysClockFreqFromPLLSource
                0x0000000008005c30       0x8c ./Drivers/STM32G4xx_HAL_Driver/Src/stm32g4xx_hal_rcc.o
 .text.HAL_RCCEx_PeriphCLKConfig
                0x0000000008005cbc      0x49c ./Drivers/STM32G4xx_HAL_Driver/Src/stm32g4xx_hal_rcc_ex.o
                0x0000000008005cbc                HAL_RCCEx_PeriphCLKConfig
 .text.HAL_SMBUS_Init
                0x0000000008006158      0x170 ./Drivers/STM32G4xx_HAL_Driver/Src/stm32g4xx_hal_smbus.o
                0x0000000008006158                HAL_SMBUS_Init
 .text.HAL_SMBUS_EnableAlert_IT
                0x00000000080062c8       0x34 ./Drivers/STM32G4xx_HAL_Driver/Src/stm32g4xx_hal_smbus.o
                0x00000000080062c8                HAL_SMBUS_EnableAlert_IT
 .text.SMBUS_Enable_IRQ
                0x00000000080062fc       0x72 ./Drivers/STM32G4xx_HAL_Driver/Src/stm32g4xx_hal_smbus.o
 .text.HAL_SPI_Init
                0x000000000800636e      0x156 ./Drivers/STM32G4xx_HAL_Driver/Src/stm32g4xx_hal_spi.o
                0x000000000800636e                HAL_SPI_Init
 .text.HAL_TIM_Base_Init
                0x00000000080064c4       0xae ./Drivers/STM32G4xx_HAL_Driver/Src/stm32g4xx_hal_tim.o
                0x00000000080064c4                HAL_TIM_Base_Init
 .text.HAL_TIM_OC_Init
                0x0000000008006572       0xae ./Drivers/STM32G4xx_HAL_Driver/Src/stm32g4xx_hal_tim.o
                0x0000000008006572                HAL_TIM_OC_Init
 .text.HAL_TIM_OC_ConfigChannel
                0x0000000008006620       0xf4 ./Drivers/STM32G4xx_HAL_Driver/Src/stm32g4xx_hal_tim.o
                0x0000000008006620                HAL_TIM_OC_ConfigChannel
 .text.HAL_TIM_ConfigClockSource
                0x0000000008006714      0x22c ./Drivers/STM32G4xx_HAL_Driver/Src/stm32g4xx_hal_tim.o
                0x0000000008006714                HAL_TIM_ConfigClockSource
 .text.HAL_TIM_SlaveConfigSynchro
                0x0000000008006940       0x84 ./Drivers/STM32G4xx_HAL_Driver/Src/stm32g4xx_hal_tim.o
                0x0000000008006940                HAL_TIM_SlaveConfigSynchro
 .text.TIM_Base_SetConfig
                0x00000000080069c4      0x168 ./Drivers/STM32G4xx_HAL_Driver/Src/stm32g4xx_hal_tim.o
                0x00000000080069c4                TIM_Base_SetConfig
 .text.TIM_OC1_SetConfig
                0x0000000008006b2c      0x134 ./Drivers/STM32G4xx_HAL_Driver/Src/stm32g4xx_hal_tim.o
 .text.TIM_OC2_SetConfig
                0x0000000008006c60      0x128 ./Drivers/STM32G4xx_HAL_Driver/Src/stm32g4xx_hal_tim.o
                0x0000000008006c60                TIM_OC2_SetConfig
 .text.TIM_OC3_SetConfig
                0x0000000008006d88      0x124 ./Drivers/STM32G4xx_HAL_Driver/Src/stm32g4xx_hal_tim.o
 .text.TIM_OC4_SetConfig
                0x0000000008006eac      0x128 ./Drivers/STM32G4xx_HAL_Driver/Src/stm32g4xx_hal_tim.o
 .text.TIM_OC5_SetConfig
                0x0000000008006fd4       0xd4 ./Drivers/STM32G4xx_HAL_Driver/Src/stm32g4xx_hal_tim.o
 .text.TIM_OC6_SetConfig
                0x00000000080070a8       0xd8 ./Drivers/STM32G4xx_HAL_Driver/Src/stm32g4xx_hal_tim.o
 .text.TIM_SlaveTimer_SetConfig
                0x0000000008007180      0x1c0 ./Drivers/STM32G4xx_HAL_Driver/Src/stm32g4xx_hal_tim.o
 .text.TIM_TI1_ConfigInputStage
                0x0000000008007340       0x5e ./Drivers/STM32G4xx_HAL_Driver/Src/stm32g4xx_hal_tim.o
 .text.TIM_TI2_ConfigInputStage
                0x000000000800739e       0x60 ./Drivers/STM32G4xx_HAL_Driver/Src/stm32g4xx_hal_tim.o
 .text.TIM_ITRx_SetConfig
                0x00000000080073fe       0x3a ./Drivers/STM32G4xx_HAL_Driver/Src/stm32g4xx_hal_tim.o
 .text.TIM_ETR_SetConfig
                0x0000000008007438       0x40 ./Drivers/STM32G4xx_HAL_Driver/Src/stm32g4xx_hal_tim.o
                0x0000000008007438                TIM_ETR_SetConfig
 .text.HAL_TIMEx_MasterConfigSynchronization
                0x0000000008007478      0x12c ./Drivers/STM32G4xx_HAL_Driver/Src/stm32g4xx_hal_tim_ex.o
                0x0000000008007478                HAL_TIMEx_MasterConfigSynchronization
 .text.HAL_TIMEx_ConfigBreakDeadTime
                0x00000000080075a4      0x128 ./Drivers/STM32G4xx_HAL_Driver/Src/stm32g4xx_hal_tim_ex.o
                0x00000000080075a4                HAL_TIMEx_ConfigBreakDeadTime
 .text.HAL_TIMEx_ConfigBreakInput
                0x00000000080076cc      0x244 ./Drivers/STM32G4xx_HAL_Driver/Src/stm32g4xx_hal_tim_ex.o
                0x00000000080076cc                HAL_TIMEx_ConfigBreakInput
 .text.HAL_UART_Init
                0x0000000008007910       0xa0 ./Drivers/STM32G4xx_HAL_Driver/Src/stm32g4xx_hal_uart.o
                0x0000000008007910                HAL_UART_Init
 .text.UART_SetConfig
                0x00000000080079b0      0x5f8 ./Drivers/STM32G4xx_HAL_Driver/Src/stm32g4xx_hal_uart.o
                0x00000000080079b0                UART_SetConfig
 .text.UART_AdvFeatureConfig
                0x0000000008007fa8      0x144 ./Drivers/STM32G4xx_HAL_Driver/Src/stm32g4xx_hal_uart.o
                0x0000000008007fa8                UART_AdvFeatureConfig
 .text.UART_CheckIdleState
                0x00000000080080ec      0x154 ./Drivers/STM32G4xx_HAL_Driver/Src/stm32g4xx_hal_uart.o
                0x00000000080080ec                UART_CheckIdleState
 .text.UART_WaitOnFlagUntilTimeout
                0x0000000008008240       0xda ./Drivers/STM32G4xx_HAL_Driver/Src/stm32g4xx_hal_uart.o
                0x0000000008008240                UART_WaitOnFlagUntilTimeout
 .text.UART_EndRxTransfer
                0x000000000800831a       0xcc ./Drivers/STM32G4xx_HAL_Driver/Src/stm32g4xx_hal_uart.o
 .text.HAL_UARTEx_DisableFifoMode
                0x00000000080083e6       0x72 ./Drivers/STM32G4xx_HAL_Driver/Src/stm32g4xx_hal_uart_ex.o
                0x00000000080083e6                HAL_UARTEx_DisableFifoMode
 .text.HAL_UARTEx_SetTxFifoThreshold
                0x0000000008008458       0x7c ./Drivers/STM32G4xx_HAL_Driver/Src/stm32g4xx_hal_uart_ex.o
                0x0000000008008458                HAL_UARTEx_SetTxFifoThreshold
 .text.HAL_UARTEx_SetRxFifoThreshold
                0x00000000080084d4       0x7c ./Drivers/STM32G4xx_HAL_Driver/Src/stm32g4xx_hal_uart_ex.o
                0x00000000080084d4                HAL_UARTEx_SetRxFifoThreshold
 .text.UARTEx_SetNbDataToProcess
                0x0000000008008550       0x9c ./Drivers/STM32G4xx_HAL_Driver/Src/stm32g4xx_hal_uart_ex.o
 .text.USB_DisableGlobalInt
                0x00000000080085ec       0x36 ./Drivers/STM32G4xx_HAL_Driver/Src/stm32g4xx_ll_usb.o
                0x00000000080085ec                USB_DisableGlobalInt
 .text.USB_DevInit
                0x0000000008008622       0x3c ./Drivers/STM32G4xx_HAL_Driver/Src/stm32g4xx_ll_usb.o
                0x0000000008008622                USB_DevInit
 *fill*         0x000000000800865e        0x2 
 .text.arm_conv_f32
                0x0000000008008660      0x534 D:\STM32G4\Benchmarking-STM32G4-Accelerators\Benchmark_Accelerators\Drivers\DSP_Drivers\Lib\GCC\libarm_cortexM4lf_math.a(arm_conv_f32.o)
                0x0000000008008660                arm_conv_f32
 .text.memset   0x0000000008008b94       0x10 D:/Program Files/STM32CubeIDE_1.14.1/STM32CubeIDE/plugins/com.st.stm32cube.ide.mcu.externaltools.gnu-tools-for-stm32.11.3.rel1.win32_1.1.100.202309141235/tools/bin/../lib/gcc/arm-none-eabi/11.3.1/../../../../arm-none-eabi/lib/thumb/v7e-m+fp/hard\libc_nano.a(libc_a-memset.o)
                0x0000000008008b94                memset
 .text.__libc_init_array
                0x0000000008008ba4       0x48 D:/Program Files/STM32CubeIDE_1.14.1/STM32CubeIDE/plugins/com.st.stm32cube.ide.mcu.externaltools.gnu-tools-for-stm32.11.3.rel1.win32_1.1.100.202309141235/tools/bin/../lib/gcc/arm-none-eabi/11.3.1/../../../../arm-none-eabi/lib/thumb/v7e-m+fp/hard\libc_nano.a(libc_a-init.o)
                0x0000000008008ba4                __libc_init_array
 *(.glue_7)
 .glue_7        0x0000000008008bec        0x0 linker stubs
 *(.glue_7t)
 .glue_7t       0x0000000008008bec        0x0 linker stubs
 *(.eh_frame)
 .eh_frame      0x0000000008008bec        0x0 D:/Program Files/STM32CubeIDE_1.14.1/STM32CubeIDE/plugins/com.st.stm32cube.ide.mcu.externaltools.gnu-tools-for-stm32.11.3.rel1.win32_1.1.100.202309141235/tools/bin/../lib/gcc/arm-none-eabi/11.3.1/thumb/v7e-m+fp/hard/crtbegin.o
 *(.init)
 .init          0x0000000008008bec        0x4 D:/Program Files/STM32CubeIDE_1.14.1/STM32CubeIDE/plugins/com.st.stm32cube.ide.mcu.externaltools.gnu-tools-for-stm32.11.3.rel1.win32_1.1.100.202309141235/tools/bin/../lib/gcc/arm-none-eabi/11.3.1/thumb/v7e-m+fp/hard/crti.o
                0x0000000008008bec                _init
 .init          0x0000000008008bf0        0x8 D:/Program Files/STM32CubeIDE_1.14.1/STM32CubeIDE/plugins/com.st.stm32cube.ide.mcu.externaltools.gnu-tools-for-stm32.11.3.rel1.win32_1.1.100.202309141235/tools/bin/../lib/gcc/arm-none-eabi/11.3.1/thumb/v7e-m+fp/hard/crtn.o
 *(.fini)
 .fini          0x0000000008008bf8        0x4 D:/Program Files/STM32CubeIDE_1.14.1/STM32CubeIDE/plugins/com.st.stm32cube.ide.mcu.externaltools.gnu-tools-for-stm32.11.3.rel1.win32_1.1.100.202309141235/tools/bin/../lib/gcc/arm-none-eabi/11.3.1/thumb/v7e-m+fp/hard/crti.o
                0x0000000008008bf8                _fini
 .fini          0x0000000008008bfc        0x8 D:/Program Files/STM32CubeIDE_1.14.1/STM32CubeIDE/plugins/com.st.stm32cube.ide.mcu.externaltools.gnu-tools-for-stm32.11.3.rel1.win32_1.1.100.202309141235/tools/bin/../lib/gcc/arm-none-eabi/11.3.1/thumb/v7e-m+fp/hard/crtn.o
                0x0000000008008c04                . = ALIGN (0x4)
                0x0000000008008c04                _etext = .

.vfp11_veneer   0x0000000008008c04        0x0
 .vfp11_veneer  0x0000000008008c04        0x0 linker stubs

.v4_bx          0x0000000008008c04        0x0
 .v4_bx         0x0000000008008c04        0x0 linker stubs

.iplt           0x0000000008008c04        0x0
 .iplt          0x0000000008008c04        0x0 D:/Program Files/STM32CubeIDE_1.14.1/STM32CubeIDE/plugins/com.st.stm32cube.ide.mcu.externaltools.gnu-tools-for-stm32.11.3.rel1.win32_1.1.100.202309141235/tools/bin/../lib/gcc/arm-none-eabi/11.3.1/thumb/v7e-m+fp/hard/crtbegin.o

.rodata         0x0000000008008c04       0x40
                0x0000000008008c04                . = ALIGN (0x4)
 *(.rodata)
 *(.rodata*)
 .rodata.AHBPrescTable
                0x0000000008008c04       0x10 ./Core/Src/system_stm32g4xx.o
                0x0000000008008c04                AHBPrescTable
 .rodata.APBPrescTable
                0x0000000008008c14        0x8 ./Core/Src/system_stm32g4xx.o
                0x0000000008008c14                APBPrescTable
 .rodata.UARTPrescTable
                0x0000000008008c1c       0x18 ./Drivers/STM32G4xx_HAL_Driver/Src/stm32g4xx_hal_uart.o
                0x0000000008008c1c                UARTPrescTable
 .rodata.numerator.1
                0x0000000008008c34        0x8 ./Drivers/STM32G4xx_HAL_Driver/Src/stm32g4xx_hal_uart_ex.o
 .rodata.denominator.0
                0x0000000008008c3c        0x8 ./Drivers/STM32G4xx_HAL_Driver/Src/stm32g4xx_hal_uart_ex.o
                0x0000000008008c44                . = ALIGN (0x4)

.ARM.extab      0x0000000008008c44        0x0
                0x0000000008008c44                . = ALIGN (0x4)
 *(.ARM.extab* .gnu.linkonce.armextab.*)
                0x0000000008008c44                . = ALIGN (0x4)

.ARM            0x0000000008008c44        0x8
                0x0000000008008c44                . = ALIGN (0x4)
                0x0000000008008c44                __exidx_start = .
 *(.ARM.exidx*)
 .ARM.exidx     0x0000000008008c44        0x8 D:/Program Files/STM32CubeIDE_1.14.1/STM32CubeIDE/plugins/com.st.stm32cube.ide.mcu.externaltools.gnu-tools-for-stm32.11.3.rel1.win32_1.1.100.202309141235/tools/bin/../lib/gcc/arm-none-eabi/11.3.1/thumb/v7e-m+fp/hard\libgcc.a(_udivmoddi4.o)
                0x0000000008008c4c                __exidx_end = .
                0x0000000008008c4c                . = ALIGN (0x4)

.rel.dyn        0x0000000008008c4c        0x0
 .rel.iplt      0x0000000008008c4c        0x0 D:/Program Files/STM32CubeIDE_1.14.1/STM32CubeIDE/plugins/com.st.stm32cube.ide.mcu.externaltools.gnu-tools-for-stm32.11.3.rel1.win32_1.1.100.202309141235/tools/bin/../lib/gcc/arm-none-eabi/11.3.1/thumb/v7e-m+fp/hard/crtbegin.o

.preinit_array  0x0000000008008c4c        0x0
                0x0000000008008c4c                . = ALIGN (0x4)
                0x0000000008008c4c                PROVIDE (__preinit_array_start = .)
 *(.preinit_array*)
                0x0000000008008c4c                PROVIDE (__preinit_array_end = .)
                0x0000000008008c4c                . = ALIGN (0x4)

.init_array     0x0000000008008c4c        0x4
                0x0000000008008c4c                . = ALIGN (0x4)
                0x0000000008008c4c                PROVIDE (__init_array_start = .)
 *(SORT_BY_NAME(.init_array.*))
 *(.init_array*)
 .init_array    0x0000000008008c4c        0x4 D:/Program Files/STM32CubeIDE_1.14.1/STM32CubeIDE/plugins/com.st.stm32cube.ide.mcu.externaltools.gnu-tools-for-stm32.11.3.rel1.win32_1.1.100.202309141235/tools/bin/../lib/gcc/arm-none-eabi/11.3.1/thumb/v7e-m+fp/hard/crtbegin.o
                0x0000000008008c50                PROVIDE (__init_array_end = .)
                0x0000000008008c50                . = ALIGN (0x4)

.fini_array     0x0000000008008c50        0x4
                0x0000000008008c50                . = ALIGN (0x4)
                [!provide]                        PROVIDE (__fini_array_start = .)
 *(SORT_BY_NAME(.fini_array.*))
 *(.fini_array*)
 .fini_array    0x0000000008008c50        0x4 D:/Program Files/STM32CubeIDE_1.14.1/STM32CubeIDE/plugins/com.st.stm32cube.ide.mcu.externaltools.gnu-tools-for-stm32.11.3.rel1.win32_1.1.100.202309141235/tools/bin/../lib/gcc/arm-none-eabi/11.3.1/thumb/v7e-m+fp/hard/crtbegin.o
                [!provide]                        PROVIDE (__fini_array_end = .)
                0x0000000008008c54                . = ALIGN (0x4)
                0x0000000008008c54                _sidata = LOADADDR (.data)

.data           0x0000000020000000       0x34 load address 0x0000000008008c54
                0x0000000020000000                . = ALIGN (0x4)
                0x0000000020000000                _sdata = .
 *(.data)
 *(.data*)
 .data.a        0x0000000020000000       0x14 ./Core/Src/main.o
                0x0000000020000000                a
 .data.b        0x0000000020000014       0x14 ./Core/Src/main.o
                0x0000000020000014                b
 .data.SystemCoreClock
                0x0000000020000028        0x4 ./Core/Src/system_stm32g4xx.o
                0x0000000020000028                SystemCoreClock
 .data.uwTickPrio
                0x000000002000002c        0x4 ./Drivers/STM32G4xx_HAL_Driver/Src/stm32g4xx_hal.o
                0x000000002000002c                uwTickPrio
 .data.uwTickFreq
                0x0000000020000030        0x4 ./Drivers/STM32G4xx_HAL_Driver/Src/stm32g4xx_hal.o
                0x0000000020000030                uwTickFreq
 *(.RamFunc)
 *(.RamFunc*)
                0x0000000020000034                . = ALIGN (0x4)
                0x0000000020000034                _edata = .

.igot.plt       0x0000000020000034        0x0 load address 0x0000000008008c88
 .igot.plt      0x0000000020000034        0x0 D:/Program Files/STM32CubeIDE_1.14.1/STM32CubeIDE/plugins/com.st.stm32cube.ide.mcu.externaltools.gnu-tools-for-stm32.11.3.rel1.win32_1.1.100.202309141235/tools/bin/../lib/gcc/arm-none-eabi/11.3.1/thumb/v7e-m+fp/hard/crtbegin.o
                0x0000000020000034                . = ALIGN (0x4)

.bss            0x0000000020000034      0xa00 load address 0x0000000008008c88
                0x0000000020000034                _sbss = .
                0x0000000020000034                __bss_start__ = _sbss
 *(.bss)
 .bss           0x0000000020000034       0x1c D:/Program Files/STM32CubeIDE_1.14.1/STM32CubeIDE/plugins/com.st.stm32cube.ide.mcu.externaltools.gnu-tools-for-stm32.11.3.rel1.win32_1.1.100.202309141235/tools/bin/../lib/gcc/arm-none-eabi/11.3.1/thumb/v7e-m+fp/hard/crtbegin.o
 *(.bss*)
 .bss.hadc1     0x0000000020000050       0x6c ./Core/Src/main.o
                0x0000000020000050                hadc1
 .bss.hadc2     0x00000000200000bc       0x6c ./Core/Src/main.o
                0x00000000200000bc                hadc2
 .bss.hadc3     0x0000000020000128       0x6c ./Core/Src/main.o
                0x0000000020000128                hadc3
 .bss.hadc4     0x0000000020000194       0x6c ./Core/Src/main.o
                0x0000000020000194                hadc4
 .bss.hdac1     0x0000000020000200       0x14 ./Core/Src/main.o
                0x0000000020000200                hdac1
 .bss.hfdcan1   0x0000000020000214       0x64 ./Core/Src/main.o
                0x0000000020000214                hfdcan1
 .bss.hhrtim1   0x0000000020000278       0xfc ./Core/Src/main.o
                0x0000000020000278                hhrtim1
 .bss.hsmbus3   0x0000000020000374       0x50 ./Core/Src/main.o
                0x0000000020000374                hsmbus3
 .bss.hopamp1   0x00000000200003c4       0x3c ./Core/Src/main.o
                0x00000000200003c4                hopamp1
 .bss.hopamp2   0x0000000020000400       0x3c ./Core/Src/main.o
                0x0000000020000400                hopamp2
 .bss.hopamp3   0x000000002000043c       0x3c ./Core/Src/main.o
                0x000000002000043c                hopamp3
 .bss.hopamp4   0x0000000020000478       0x3c ./Core/Src/main.o
                0x0000000020000478                hopamp4
 .bss.hspi2     0x00000000200004b4       0x64 ./Core/Src/main.o
                0x00000000200004b4                hspi2
 .bss.htim1     0x0000000020000518       0x4c ./Core/Src/main.o
                0x0000000020000518                htim1
 .bss.htim2     0x0000000020000564       0x4c ./Core/Src/main.o
                0x0000000020000564                htim2
 .bss.htim3     0x00000000200005b0       0x4c ./Core/Src/main.o
                0x00000000200005b0                htim3
 .bss.htim5     0x00000000200005fc       0x4c ./Core/Src/main.o
                0x00000000200005fc                htim5
 .bss.htim8     0x0000000020000648       0x4c ./Core/Src/main.o
                0x0000000020000648                htim8
 .bss.huart1    0x0000000020000694       0x94 ./Core/Src/main.o
                0x0000000020000694                huart1
 .bss.hpcd_USB_FS
                0x0000000020000728      0x2dc ./Core/Src/main.o
                0x0000000020000728                hpcd_USB_FS
 .bss.c         0x0000000020000a04       0x24 ./Core/Src/main.o
                0x0000000020000a04                c
 .bss.HAL_RCC_ADC12_CLK_ENABLED
                0x0000000020000a28        0x4 ./Core/Src/stm32g4xx_hal_msp.o
 .bss.HAL_RCC_ADC345_CLK_ENABLED
                0x0000000020000a2c        0x4 ./Core/Src/stm32g4xx_hal_msp.o
 .bss.uwTick    0x0000000020000a30        0x4 ./Drivers/STM32G4xx_HAL_Driver/Src/stm32g4xx_hal.o
                0x0000000020000a30                uwTick
 *(COMMON)
                0x0000000020000a34                . = ALIGN (0x4)
                0x0000000020000a34                _ebss = .
                0x0000000020000a34                __bss_end__ = _ebss

._user_heap_stack
                0x0000000020000a34      0x604 load address 0x0000000008008c88
                0x0000000020000a38                . = ALIGN (0x8)
 *fill*         0x0000000020000a34        0x4 
                [!provide]                        PROVIDE (end = .)
                0x0000000020000a38                PROVIDE (_end = .)
                0x0000000020000c38                . = (. + _Min_Heap_Size)
 *fill*         0x0000000020000a38      0x200 
                0x0000000020001038                . = (. + _Min_Stack_Size)
 *fill*         0x0000000020000c38      0x400 
                0x0000000020001038                . = ALIGN (0x8)

/DISCARD/
 libc.a(*)
 libm.a(*)
 libgcc.a(*)

.ARM.attributes
                0x0000000000000000       0x30
 *(.ARM.attributes)
 .ARM.attributes
                0x0000000000000000       0x1e D:/Program Files/STM32CubeIDE_1.14.1/STM32CubeIDE/plugins/com.st.stm32cube.ide.mcu.externaltools.gnu-tools-for-stm32.11.3.rel1.win32_1.1.100.202309141235/tools/bin/../lib/gcc/arm-none-eabi/11.3.1/thumb/v7e-m+fp/hard/crti.o
 .ARM.attributes
                0x000000000000001e       0x34 D:/Program Files/STM32CubeIDE_1.14.1/STM32CubeIDE/plugins/com.st.stm32cube.ide.mcu.externaltools.gnu-tools-for-stm32.11.3.rel1.win32_1.1.100.202309141235/tools/bin/../lib/gcc/arm-none-eabi/11.3.1/thumb/v7e-m+fp/hard/crtbegin.o
 .ARM.attributes
                0x0000000000000052       0x34 ./Core/Src/main.o
 .ARM.attributes
                0x0000000000000086       0x34 ./Core/Src/stm32g4xx_hal_msp.o
 .ARM.attributes
                0x00000000000000ba       0x34 ./Core/Src/stm32g4xx_it.o
 .ARM.attributes
                0x00000000000000ee       0x34 ./Core/Src/system_stm32g4xx.o
 .ARM.attributes
                0x0000000000000122       0x21 ./Core/Startup/startup_stm32g474qetx.o
 .ARM.attributes
                0x0000000000000143       0x34 ./Drivers/STM32G4xx_HAL_Driver/Src/stm32g4xx_hal.o
 .ARM.attributes
                0x0000000000000177       0x34 ./Drivers/STM32G4xx_HAL_Driver/Src/stm32g4xx_hal_adc.o
 .ARM.attributes
                0x00000000000001ab       0x34 ./Drivers/STM32G4xx_HAL_Driver/Src/stm32g4xx_hal_adc_ex.o
 .ARM.attributes
                0x00000000000001df       0x34 ./Drivers/STM32G4xx_HAL_Driver/Src/stm32g4xx_hal_cortex.o
 .ARM.attributes
                0x0000000000000213       0x34 ./Drivers/STM32G4xx_HAL_Driver/Src/stm32g4xx_hal_dac.o
 .ARM.attributes
                0x0000000000000247       0x34 ./Drivers/STM32G4xx_HAL_Driver/Src/stm32g4xx_hal_fdcan.o
 .ARM.attributes
                0x000000000000027b       0x34 ./Drivers/STM32G4xx_HAL_Driver/Src/stm32g4xx_hal_gpio.o
 .ARM.attributes
                0x00000000000002af       0x34 ./Drivers/STM32G4xx_HAL_Driver/Src/stm32g4xx_hal_hrtim.o
 .ARM.attributes
                0x00000000000002e3       0x34 ./Drivers/STM32G4xx_HAL_Driver/Src/stm32g4xx_hal_opamp.o
 .ARM.attributes
                0x0000000000000317       0x34 ./Drivers/STM32G4xx_HAL_Driver/Src/stm32g4xx_hal_pcd.o
 .ARM.attributes
                0x000000000000034b       0x34 ./Drivers/STM32G4xx_HAL_Driver/Src/stm32g4xx_hal_pcd_ex.o
 .ARM.attributes
                0x000000000000037f       0x34 ./Drivers/STM32G4xx_HAL_Driver/Src/stm32g4xx_hal_pwr_ex.o
 .ARM.attributes
                0x00000000000003b3       0x34 ./Drivers/STM32G4xx_HAL_Driver/Src/stm32g4xx_hal_rcc.o
 .ARM.attributes
                0x00000000000003e7       0x34 ./Drivers/STM32G4xx_HAL_Driver/Src/stm32g4xx_hal_rcc_ex.o
 .ARM.attributes
                0x000000000000041b       0x34 ./Drivers/STM32G4xx_HAL_Driver/Src/stm32g4xx_hal_smbus.o
 .ARM.attributes
                0x000000000000044f       0x34 ./Drivers/STM32G4xx_HAL_Driver/Src/stm32g4xx_hal_spi.o
 .ARM.attributes
                0x0000000000000483       0x34 ./Drivers/STM32G4xx_HAL_Driver/Src/stm32g4xx_hal_tim.o
 .ARM.attributes
                0x00000000000004b7       0x34 ./Drivers/STM32G4xx_HAL_Driver/Src/stm32g4xx_hal_tim_ex.o
 .ARM.attributes
                0x00000000000004eb       0x34 ./Drivers/STM32G4xx_HAL_Driver/Src/stm32g4xx_hal_uart.o
 .ARM.attributes
                0x000000000000051f       0x34 ./Drivers/STM32G4xx_HAL_Driver/Src/stm32g4xx_hal_uart_ex.o
 .ARM.attributes
                0x0000000000000553       0x34 ./Drivers/STM32G4xx_HAL_Driver/Src/stm32g4xx_ll_usb.o
 .ARM.attributes
                0x0000000000000587       0x34 D:\STM32G4\Benchmarking-STM32G4-Accelerators\Benchmark_Accelerators\Drivers\DSP_Drivers\Lib\GCC\libarm_cortexM4lf_math.a(arm_conv_f32.o)
 .ARM.attributes
                0x00000000000005bb       0x34 D:/Program Files/STM32CubeIDE_1.14.1/STM32CubeIDE/plugins/com.st.stm32cube.ide.mcu.externaltools.gnu-tools-for-stm32.11.3.rel1.win32_1.1.100.202309141235/tools/bin/../lib/gcc/arm-none-eabi/11.3.1/../../../../arm-none-eabi/lib/thumb/v7e-m+fp/hard\libc_nano.a(libc_a-memset.o)
 .ARM.attributes
                0x00000000000005ef       0x34 D:/Program Files/STM32CubeIDE_1.14.1/STM32CubeIDE/plugins/com.st.stm32cube.ide.mcu.externaltools.gnu-tools-for-stm32.11.3.rel1.win32_1.1.100.202309141235/tools/bin/../lib/gcc/arm-none-eabi/11.3.1/../../../../arm-none-eabi/lib/thumb/v7e-m+fp/hard\libc_nano.a(libc_a-init.o)
 .ARM.attributes
                0x0000000000000623       0x1e D:/Program Files/STM32CubeIDE_1.14.1/STM32CubeIDE/plugins/com.st.stm32cube.ide.mcu.externaltools.gnu-tools-for-stm32.11.3.rel1.win32_1.1.100.202309141235/tools/bin/../lib/gcc/arm-none-eabi/11.3.1/thumb/v7e-m+fp/hard\libgcc.a(_aeabi_uldivmod.o)
 .ARM.attributes
                0x0000000000000641       0x34 D:/Program Files/STM32CubeIDE_1.14.1/STM32CubeIDE/plugins/com.st.stm32cube.ide.mcu.externaltools.gnu-tools-for-stm32.11.3.rel1.win32_1.1.100.202309141235/tools/bin/../lib/gcc/arm-none-eabi/11.3.1/thumb/v7e-m+fp/hard\libgcc.a(_udivmoddi4.o)
 .ARM.attributes
                0x0000000000000675       0x1e D:/Program Files/STM32CubeIDE_1.14.1/STM32CubeIDE/plugins/com.st.stm32cube.ide.mcu.externaltools.gnu-tools-for-stm32.11.3.rel1.win32_1.1.100.202309141235/tools/bin/../lib/gcc/arm-none-eabi/11.3.1/thumb/v7e-m+fp/hard\libgcc.a(_dvmd_tls.o)
 .ARM.attributes
                0x0000000000000693       0x1e D:/Program Files/STM32CubeIDE_1.14.1/STM32CubeIDE/plugins/com.st.stm32cube.ide.mcu.externaltools.gnu-tools-for-stm32.11.3.rel1.win32_1.1.100.202309141235/tools/bin/../lib/gcc/arm-none-eabi/11.3.1/thumb/v7e-m+fp/hard/crtn.o
OUTPUT(Benchmark_Accelerators.elf elf32-littlearm)
LOAD linker stubs
LOAD D:/Program Files/STM32CubeIDE_1.14.1/STM32CubeIDE/plugins/com.st.stm32cube.ide.mcu.externaltools.gnu-tools-for-stm32.11.3.rel1.win32_1.1.100.202309141235/tools/bin/../lib/gcc/arm-none-eabi/11.3.1/../../../../arm-none-eabi/lib/thumb/v7e-m+fp/hard\libc.a
LOAD D:/Program Files/STM32CubeIDE_1.14.1/STM32CubeIDE/plugins/com.st.stm32cube.ide.mcu.externaltools.gnu-tools-for-stm32.11.3.rel1.win32_1.1.100.202309141235/tools/bin/../lib/gcc/arm-none-eabi/11.3.1/../../../../arm-none-eabi/lib/thumb/v7e-m+fp/hard\libm.a
LOAD D:/Program Files/STM32CubeIDE_1.14.1/STM32CubeIDE/plugins/com.st.stm32cube.ide.mcu.externaltools.gnu-tools-for-stm32.11.3.rel1.win32_1.1.100.202309141235/tools/bin/../lib/gcc/arm-none-eabi/11.3.1/thumb/v7e-m+fp/hard\libgcc.a

.comment        0x0000000000000000       0xb8
 .comment       0x0000000000000000       0x43 D:/Program Files/STM32CubeIDE_1.14.1/STM32CubeIDE/plugins/com.st.stm32cube.ide.mcu.externaltools.gnu-tools-for-stm32.11.3.rel1.win32_1.1.100.202309141235/tools/bin/../lib/gcc/arm-none-eabi/11.3.1/thumb/v7e-m+fp/hard/crtbegin.o
                                         0x44 (size before relaxing)
 .comment       0x0000000000000043       0x44 ./Core/Src/main.o
 .comment       0x0000000000000043       0x44 ./Core/Src/stm32g4xx_hal_msp.o
 .comment       0x0000000000000043       0x44 ./Core/Src/stm32g4xx_it.o
 .comment       0x0000000000000043       0x44 ./Core/Src/system_stm32g4xx.o
 .comment       0x0000000000000043       0x44 ./Drivers/STM32G4xx_HAL_Driver/Src/stm32g4xx_hal.o
 .comment       0x0000000000000043       0x44 ./Drivers/STM32G4xx_HAL_Driver/Src/stm32g4xx_hal_adc.o
 .comment       0x0000000000000043       0x44 ./Drivers/STM32G4xx_HAL_Driver/Src/stm32g4xx_hal_adc_ex.o
 .comment       0x0000000000000043       0x44 ./Drivers/STM32G4xx_HAL_Driver/Src/stm32g4xx_hal_cortex.o
 .comment       0x0000000000000043       0x44 ./Drivers/STM32G4xx_HAL_Driver/Src/stm32g4xx_hal_dac.o
 .comment       0x0000000000000043       0x44 ./Drivers/STM32G4xx_HAL_Driver/Src/stm32g4xx_hal_fdcan.o
 .comment       0x0000000000000043       0x44 ./Drivers/STM32G4xx_HAL_Driver/Src/stm32g4xx_hal_gpio.o
 .comment       0x0000000000000043       0x44 ./Drivers/STM32G4xx_HAL_Driver/Src/stm32g4xx_hal_hrtim.o
 .comment       0x0000000000000043       0x44 ./Drivers/STM32G4xx_HAL_Driver/Src/stm32g4xx_hal_opamp.o
 .comment       0x0000000000000043       0x44 ./Drivers/STM32G4xx_HAL_Driver/Src/stm32g4xx_hal_pcd.o
 .comment       0x0000000000000043       0x44 ./Drivers/STM32G4xx_HAL_Driver/Src/stm32g4xx_hal_pcd_ex.o
 .comment       0x0000000000000043       0x44 ./Drivers/STM32G4xx_HAL_Driver/Src/stm32g4xx_hal_pwr_ex.o
 .comment       0x0000000000000043       0x44 ./Drivers/STM32G4xx_HAL_Driver/Src/stm32g4xx_hal_rcc.o
 .comment       0x0000000000000043       0x44 ./Drivers/STM32G4xx_HAL_Driver/Src/stm32g4xx_hal_rcc_ex.o
 .comment       0x0000000000000043       0x44 ./Drivers/STM32G4xx_HAL_Driver/Src/stm32g4xx_hal_smbus.o
 .comment       0x0000000000000043       0x44 ./Drivers/STM32G4xx_HAL_Driver/Src/stm32g4xx_hal_spi.o
 .comment       0x0000000000000043       0x44 ./Drivers/STM32G4xx_HAL_Driver/Src/stm32g4xx_hal_tim.o
 .comment       0x0000000000000043       0x44 ./Drivers/STM32G4xx_HAL_Driver/Src/stm32g4xx_hal_tim_ex.o
 .comment       0x0000000000000043       0x44 ./Drivers/STM32G4xx_HAL_Driver/Src/stm32g4xx_hal_uart.o
 .comment       0x0000000000000043       0x44 ./Drivers/STM32G4xx_HAL_Driver/Src/stm32g4xx_hal_uart_ex.o
 .comment       0x0000000000000043       0x44 ./Drivers/STM32G4xx_HAL_Driver/Src/stm32g4xx_ll_usb.o
 .comment       0x0000000000000043       0x75 D:\STM32G4\Benchmarking-STM32G4-Accelerators\Benchmark_Accelerators\Drivers\DSP_Drivers\Lib\GCC\libarm_cortexM4lf_math.a(arm_conv_f32.o)
                                         0x76 (size before relaxing)

.debug_info     0x0000000000000000    0x26c91
 .debug_info    0x0000000000000000     0x3d04 ./Core/Src/main.o
 .debug_info    0x0000000000003d04     0x367e ./Core/Src/stm32g4xx_hal_msp.o
 .debug_info    0x0000000000007382      0x113 ./Core/Src/stm32g4xx_it.o
 .debug_info    0x0000000000007495      0x58e ./Core/Src/system_stm32g4xx.o
 .debug_info    0x0000000000007a23       0x23 ./Core/Startup/startup_stm32g474qetx.o
 .debug_info    0x0000000000007a46      0xb95 ./Drivers/STM32G4xx_HAL_Driver/Src/stm32g4xx_hal.o
 .debug_info    0x00000000000085db     0x2063 ./Drivers/STM32G4xx_HAL_Driver/Src/stm32g4xx_hal_adc.o
 .debug_info    0x000000000000a63e     0x1d80 ./Drivers/STM32G4xx_HAL_Driver/Src/stm32g4xx_hal_adc_ex.o
 .debug_info    0x000000000000c3be      0xdad ./Drivers/STM32G4xx_HAL_Driver/Src/stm32g4xx_hal_cortex.o
 .debug_info    0x000000000000d16b      0xcbc ./Drivers/STM32G4xx_HAL_Driver/Src/stm32g4xx_hal_dac.o
 .debug_info    0x000000000000de27     0x18bb ./Drivers/STM32G4xx_HAL_Driver/Src/stm32g4xx_hal_fdcan.o
 .debug_info    0x000000000000f6e2      0x763 ./Drivers/STM32G4xx_HAL_Driver/Src/stm32g4xx_hal_gpio.o
 .debug_info    0x000000000000fe45     0x3f23 ./Drivers/STM32G4xx_HAL_Driver/Src/stm32g4xx_hal_hrtim.o
 .debug_info    0x0000000000013d68      0x76a ./Drivers/STM32G4xx_HAL_Driver/Src/stm32g4xx_hal_opamp.o
 .debug_info    0x00000000000144d2     0x161b ./Drivers/STM32G4xx_HAL_Driver/Src/stm32g4xx_hal_pcd.o
 .debug_info    0x0000000000015aed      0x80a ./Drivers/STM32G4xx_HAL_Driver/Src/stm32g4xx_hal_pcd_ex.o
 .debug_info    0x00000000000162f7      0x93f ./Drivers/STM32G4xx_HAL_Driver/Src/stm32g4xx_hal_pwr_ex.o
 .debug_info    0x0000000000016c36      0xbe0 ./Drivers/STM32G4xx_HAL_Driver/Src/stm32g4xx_hal_rcc.o
 .debug_info    0x0000000000017816      0xc45 ./Drivers/STM32G4xx_HAL_Driver/Src/stm32g4xx_hal_rcc_ex.o
 .debug_info    0x000000000001845b      0xbe0 ./Drivers/STM32G4xx_HAL_Driver/Src/stm32g4xx_hal_smbus.o
 .debug_info    0x000000000001903b     0x1748 ./Drivers/STM32G4xx_HAL_Driver/Src/stm32g4xx_hal_spi.o
 .debug_info    0x000000000001a783     0x2c52 ./Drivers/STM32G4xx_HAL_Driver/Src/stm32g4xx_hal_tim.o
 .debug_info    0x000000000001d3d5     0x1d95 ./Drivers/STM32G4xx_HAL_Driver/Src/stm32g4xx_hal_tim_ex.o
 .debug_info    0x000000000001f16a     0x481e ./Drivers/STM32G4xx_HAL_Driver/Src/stm32g4xx_hal_uart.o
 .debug_info    0x0000000000023988      0xfdd ./Drivers/STM32G4xx_HAL_Driver/Src/stm32g4xx_hal_uart_ex.o
 .debug_info    0x0000000000024965     0x166b ./Drivers/STM32G4xx_HAL_Driver/Src/stm32g4xx_ll_usb.o
 .debug_info    0x0000000000025fd0      0xcc1 D:\STM32G4\Benchmarking-STM32G4-Accelerators\Benchmark_Accelerators\Drivers\DSP_Drivers\Lib\GCC\libarm_cortexM4lf_math.a(arm_conv_f32.o)

.debug_abbrev   0x0000000000000000     0x3ceb
 .debug_abbrev  0x0000000000000000      0x31c ./Core/Src/main.o
 .debug_abbrev  0x000000000000031c      0x297 ./Core/Src/stm32g4xx_hal_msp.o
 .debug_abbrev  0x00000000000005b3       0x73 ./Core/Src/stm32g4xx_it.o
 .debug_abbrev  0x0000000000000626      0x11a ./Core/Src/system_stm32g4xx.o
 .debug_abbrev  0x0000000000000740       0x12 ./Core/Startup/startup_stm32g474qetx.o
 .debug_abbrev  0x0000000000000752      0x271 ./Drivers/STM32G4xx_HAL_Driver/Src/stm32g4xx_hal.o
 .debug_abbrev  0x00000000000009c3      0x2d3 ./Drivers/STM32G4xx_HAL_Driver/Src/stm32g4xx_hal_adc.o
 .debug_abbrev  0x0000000000000c96      0x2ee ./Drivers/STM32G4xx_HAL_Driver/Src/stm32g4xx_hal_adc_ex.o
 .debug_abbrev  0x0000000000000f84      0x31c ./Drivers/STM32G4xx_HAL_Driver/Src/stm32g4xx_hal_cortex.o
 .debug_abbrev  0x00000000000012a0      0x231 ./Drivers/STM32G4xx_HAL_Driver/Src/stm32g4xx_hal_dac.o
 .debug_abbrev  0x00000000000014d1      0x1e7 ./Drivers/STM32G4xx_HAL_Driver/Src/stm32g4xx_hal_fdcan.o
 .debug_abbrev  0x00000000000016b8      0x1cb ./Drivers/STM32G4xx_HAL_Driver/Src/stm32g4xx_hal_gpio.o
 .debug_abbrev  0x0000000000001883      0x285 ./Drivers/STM32G4xx_HAL_Driver/Src/stm32g4xx_hal_hrtim.o
 .debug_abbrev  0x0000000000001b08      0x1a6 ./Drivers/STM32G4xx_HAL_Driver/Src/stm32g4xx_hal_opamp.o
 .debug_abbrev  0x0000000000001cae      0x2b9 ./Drivers/STM32G4xx_HAL_Driver/Src/stm32g4xx_hal_pcd.o
 .debug_abbrev  0x0000000000001f67      0x228 ./Drivers/STM32G4xx_HAL_Driver/Src/stm32g4xx_hal_pcd_ex.o
 .debug_abbrev  0x000000000000218f      0x22c ./Drivers/STM32G4xx_HAL_Driver/Src/stm32g4xx_hal_pwr_ex.o
 .debug_abbrev  0x00000000000023bb      0x2c9 ./Drivers/STM32G4xx_HAL_Driver/Src/stm32g4xx_hal_rcc.o
 .debug_abbrev  0x0000000000002684      0x258 ./Drivers/STM32G4xx_HAL_Driver/Src/stm32g4xx_hal_rcc_ex.o
 .debug_abbrev  0x00000000000028dc      0x211 ./Drivers/STM32G4xx_HAL_Driver/Src/stm32g4xx_hal_smbus.o
 .debug_abbrev  0x0000000000002aed      0x267 ./Drivers/STM32G4xx_HAL_Driver/Src/stm32g4xx_hal_spi.o
 .debug_abbrev  0x0000000000002d54      0x2a7 ./Drivers/STM32G4xx_HAL_Driver/Src/stm32g4xx_hal_tim.o
 .debug_abbrev  0x0000000000002ffb      0x2c5 ./Drivers/STM32G4xx_HAL_Driver/Src/stm32g4xx_hal_tim_ex.o
 .debug_abbrev  0x00000000000032c0      0x304 ./Drivers/STM32G4xx_HAL_Driver/Src/stm32g4xx_hal_uart.o
 .debug_abbrev  0x00000000000035c4      0x2d2 ./Drivers/STM32G4xx_HAL_Driver/Src/stm32g4xx_hal_uart_ex.o
 .debug_abbrev  0x0000000000003896      0x247 ./Drivers/STM32G4xx_HAL_Driver/Src/stm32g4xx_ll_usb.o
 .debug_abbrev  0x0000000000003add      0x20e D:\STM32G4\Benchmarking-STM32G4-Accelerators\Benchmark_Accelerators\Drivers\DSP_Drivers\Lib\GCC\libarm_cortexM4lf_math.a(arm_conv_f32.o)

.debug_aranges  0x0000000000000000     0x2218
 .debug_aranges
                0x0000000000000000       0xd8 ./Core/Src/main.o
 .debug_aranges
                0x00000000000000d8       0xd8 ./Core/Src/stm32g4xx_hal_msp.o
 .debug_aranges
                0x00000000000001b0       0x60 ./Core/Src/stm32g4xx_it.o
 .debug_aranges
                0x0000000000000210       0x28 ./Core/Src/system_stm32g4xx.o
 .debug_aranges
                0x0000000000000238       0x28 ./Core/Startup/startup_stm32g474qetx.o
 .debug_aranges
                0x0000000000000260      0x148 ./Drivers/STM32G4xx_HAL_Driver/Src/stm32g4xx_hal.o
 .debug_aranges
                0x00000000000003a8      0x248 ./Drivers/STM32G4xx_HAL_Driver/Src/stm32g4xx_hal_adc.o
 .debug_aranges
                0x00000000000005f0      0x1c0 ./Drivers/STM32G4xx_HAL_Driver/Src/stm32g4xx_hal_adc_ex.o
 .debug_aranges
                0x00000000000007b0      0x118 ./Drivers/STM32G4xx_HAL_Driver/Src/stm32g4xx_hal_cortex.o
 .debug_aranges
                0x00000000000008c8       0xc0 ./Drivers/STM32G4xx_HAL_Driver/Src/stm32g4xx_hal_dac.o
 .debug_aranges
                0x0000000000000988      0x208 ./Drivers/STM32G4xx_HAL_Driver/Src/stm32g4xx_hal_fdcan.o
 .debug_aranges
                0x0000000000000b90       0x58 ./Drivers/STM32G4xx_HAL_Driver/Src/stm32g4xx_hal_gpio.o
 .debug_aranges
                0x0000000000000be8      0x4a0 ./Drivers/STM32G4xx_HAL_Driver/Src/stm32g4xx_hal_hrtim.o
 .debug_aranges
                0x0000000000001088       0x70 ./Drivers/STM32G4xx_HAL_Driver/Src/stm32g4xx_hal_opamp.o
 .debug_aranges
                0x00000000000010f8      0x138 ./Drivers/STM32G4xx_HAL_Driver/Src/stm32g4xx_hal_pcd.o
 .debug_aranges
                0x0000000000001230       0x58 ./Drivers/STM32G4xx_HAL_Driver/Src/stm32g4xx_hal_pcd_ex.o
 .debug_aranges
                0x0000000000001288      0x140 ./Drivers/STM32G4xx_HAL_Driver/Src/stm32g4xx_hal_pwr_ex.o
 .debug_aranges
                0x00000000000013c8       0x98 ./Drivers/STM32G4xx_HAL_Driver/Src/stm32g4xx_hal_rcc.o
 .debug_aranges
                0x0000000000001460       0xb0 ./Drivers/STM32G4xx_HAL_Driver/Src/stm32g4xx_hal_rcc_ex.o
 .debug_aranges
                0x0000000000001510      0x138 ./Drivers/STM32G4xx_HAL_Driver/Src/stm32g4xx_hal_smbus.o
 .debug_aranges
                0x0000000000001648      0x1d8 ./Drivers/STM32G4xx_HAL_Driver/Src/stm32g4xx_hal_spi.o
 .debug_aranges
                0x0000000000001820      0x3e0 ./Drivers/STM32G4xx_HAL_Driver/Src/stm32g4xx_hal_tim.o
 .debug_aranges
                0x0000000000001c00      0x240 ./Drivers/STM32G4xx_HAL_Driver/Src/stm32g4xx_hal_tim_ex.o
 .debug_aranges
                0x0000000000001e40      0x248 ./Drivers/STM32G4xx_HAL_Driver/Src/stm32g4xx_hal_uart.o
 .debug_aranges
                0x0000000000002088       0xa8 ./Drivers/STM32G4xx_HAL_Driver/Src/stm32g4xx_hal_uart_ex.o
 .debug_aranges
                0x0000000000002130       0xc8 ./Drivers/STM32G4xx_HAL_Driver/Src/stm32g4xx_ll_usb.o
 .debug_aranges
                0x00000000000021f8       0x20 D:\STM32G4\Benchmarking-STM32G4-Accelerators\Benchmark_Accelerators\Drivers\DSP_Drivers\Lib\GCC\libarm_cortexM4lf_math.a(arm_conv_f32.o)

.debug_rnglists
                0x0000000000000000     0x1aa2
 .debug_rnglists
                0x0000000000000000       0xae ./Core/Src/main.o
 .debug_rnglists
                0x00000000000000ae       0xa9 ./Core/Src/stm32g4xx_hal_msp.o
 .debug_rnglists
                0x0000000000000157       0x43 ./Core/Src/stm32g4xx_it.o
 .debug_rnglists
                0x000000000000019a       0x1a ./Core/Src/system_stm32g4xx.o
 .debug_rnglists
                0x00000000000001b4       0x19 ./Core/Startup/startup_stm32g474qetx.o
 .debug_rnglists
                0x00000000000001cd       0xf1 ./Drivers/STM32G4xx_HAL_Driver/Src/stm32g4xx_hal.o
 .debug_rnglists
                0x00000000000002be      0x1c0 ./Drivers/STM32G4xx_HAL_Driver/Src/stm32g4xx_hal_adc.o
 .debug_rnglists
                0x000000000000047e      0x15a ./Drivers/STM32G4xx_HAL_Driver/Src/stm32g4xx_hal_adc_ex.o
 .debug_rnglists
                0x00000000000005d8       0xce ./Drivers/STM32G4xx_HAL_Driver/Src/stm32g4xx_hal_cortex.o
 .debug_rnglists
                0x00000000000006a6       0x90 ./Drivers/STM32G4xx_HAL_Driver/Src/stm32g4xx_hal_dac.o
 .debug_rnglists
                0x0000000000000736      0x18d ./Drivers/STM32G4xx_HAL_Driver/Src/stm32g4xx_hal_fdcan.o
 .debug_rnglists
                0x00000000000008c3       0x3f ./Drivers/STM32G4xx_HAL_Driver/Src/stm32g4xx_hal_gpio.o
 .debug_rnglists
                0x0000000000000902      0x3c3 ./Drivers/STM32G4xx_HAL_Driver/Src/stm32g4xx_hal_hrtim.o
 .debug_rnglists
                0x0000000000000cc5       0x52 ./Drivers/STM32G4xx_HAL_Driver/Src/stm32g4xx_hal_opamp.o
 .debug_rnglists
                0x0000000000000d17       0xee ./Drivers/STM32G4xx_HAL_Driver/Src/stm32g4xx_hal_pcd.o
 .debug_rnglists
                0x0000000000000e05       0x3f ./Drivers/STM32G4xx_HAL_Driver/Src/stm32g4xx_hal_pcd_ex.o
 .debug_rnglists
                0x0000000000000e44       0xf1 ./Drivers/STM32G4xx_HAL_Driver/Src/stm32g4xx_hal_pwr_ex.o
 .debug_rnglists
                0x0000000000000f35       0x74 ./Drivers/STM32G4xx_HAL_Driver/Src/stm32g4xx_hal_rcc.o
 .debug_rnglists
                0x0000000000000fa9       0x87 ./Drivers/STM32G4xx_HAL_Driver/Src/stm32g4xx_hal_rcc_ex.o
 .debug_rnglists
                0x0000000000001030       0xf4 ./Drivers/STM32G4xx_HAL_Driver/Src/stm32g4xx_hal_smbus.o
 .debug_rnglists
                0x0000000000001124      0x178 ./Drivers/STM32G4xx_HAL_Driver/Src/stm32g4xx_hal_spi.o
 .debug_rnglists
                0x000000000000129c      0x328 ./Drivers/STM32G4xx_HAL_Driver/Src/stm32g4xx_hal_tim.o
 .debug_rnglists
                0x00000000000015c4      0x1cc ./Drivers/STM32G4xx_HAL_Driver/Src/stm32g4xx_hal_tim_ex.o
 .debug_rnglists
                0x0000000000001790      0x1fa ./Drivers/STM32G4xx_HAL_Driver/Src/stm32g4xx_hal_uart.o
 .debug_rnglists
                0x000000000000198a       0x7f ./Drivers/STM32G4xx_HAL_Driver/Src/stm32g4xx_hal_uart_ex.o
 .debug_rnglists
                0x0000000000001a09       0x99 ./Drivers/STM32G4xx_HAL_Driver/Src/stm32g4xx_ll_usb.o

.debug_macro    0x0000000000000000    0x2deaf
 .debug_macro   0x0000000000000000      0x38c ./Core/Src/main.o
 .debug_macro   0x000000000000038c      0xaa8 ./Core/Src/main.o
 .debug_macro   0x0000000000000e34      0x18b ./Core/Src/main.o
 .debug_macro   0x0000000000000fbf       0x2e ./Core/Src/main.o
 .debug_macro   0x0000000000000fed       0x28 ./Core/Src/main.o
 .debug_macro   0x0000000000001015       0x22 ./Core/Src/main.o
 .debug_macro   0x0000000000001037       0x8e ./Core/Src/main.o
 .debug_macro   0x00000000000010c5       0x51 ./Core/Src/main.o
 .debug_macro   0x0000000000001116      0x103 ./Core/Src/main.o
 .debug_macro   0x0000000000001219       0x6a ./Core/Src/main.o
 .debug_macro   0x0000000000001283      0x1df ./Core/Src/main.o
 .debug_macro   0x0000000000001462       0x1c ./Core/Src/main.o
 .debug_macro   0x000000000000147e       0x22 ./Core/Src/main.o
 .debug_macro   0x00000000000014a0       0xfb ./Core/Src/main.o
 .debug_macro   0x000000000000159b     0x1011 ./Core/Src/main.o
 .debug_macro   0x00000000000025ac      0x11f ./Core/Src/main.o
 .debug_macro   0x00000000000026cb    0x18b45 ./Core/Src/main.o
 .debug_macro   0x000000000001b210       0x6d ./Core/Src/main.o
 .debug_macro   0x000000000001b27d     0x354d ./Core/Src/main.o
 .debug_macro   0x000000000001e7ca      0x174 ./Core/Src/main.o
 .debug_macro   0x000000000001e93e       0x5c ./Core/Src/main.o
 .debug_macro   0x000000000001e99a     0x171f ./Core/Src/main.o
 .debug_macro   0x00000000000200b9      0x600 ./Core/Src/main.o
 .debug_macro   0x00000000000206b9      0x1b6 ./Core/Src/main.o
 .debug_macro   0x000000000002086f      0x34a ./Core/Src/main.o
 .debug_macro   0x0000000000020bb9      0x53c ./Core/Src/main.o
 .debug_macro   0x00000000000210f5      0x18b ./Core/Src/main.o
 .debug_macro   0x0000000000021280       0x43 ./Core/Src/main.o
 .debug_macro   0x00000000000212c3      0x23d ./Core/Src/main.o
 .debug_macro   0x0000000000021500     0x1112 ./Core/Src/main.o
 .debug_macro   0x0000000000022612      0x72e ./Core/Src/main.o
 .debug_macro   0x0000000000022d40      0x391 ./Core/Src/main.o
 .debug_macro   0x00000000000230d1      0x209 ./Core/Src/main.o
 .debug_macro   0x00000000000232da      0x107 ./Core/Src/main.o
 .debug_macro   0x00000000000233e1      0x211 ./Core/Src/main.o
 .debug_macro   0x00000000000235f2      0x6bd ./Core/Src/main.o
 .debug_macro   0x0000000000023caf      0x45c ./Core/Src/main.o
 .debug_macro   0x000000000002410b      0x11c ./Core/Src/main.o
 .debug_macro   0x0000000000024227     0x20a8 ./Core/Src/main.o
 .debug_macro   0x00000000000262cf      0x1b5 ./Core/Src/main.o
 .debug_macro   0x0000000000026484       0x73 ./Core/Src/main.o
 .debug_macro   0x00000000000264f7      0x22d ./Core/Src/main.o
 .debug_macro   0x0000000000026724      0x122 ./Core/Src/main.o
 .debug_macro   0x0000000000026846      0x3d1 ./Core/Src/main.o
 .debug_macro   0x0000000000026c17      0x34e ./Core/Src/main.o
 .debug_macro   0x0000000000026f65       0x46 ./Core/Src/main.o
 .debug_macro   0x0000000000026fab      0x2fe ./Core/Src/main.o
 .debug_macro   0x00000000000272a9      0xc0b ./Core/Src/main.o
 .debug_macro   0x0000000000027eb4      0x718 ./Core/Src/main.o
 .debug_macro   0x00000000000285cc      0x693 ./Core/Src/main.o
 .debug_macro   0x0000000000028c5f       0xa6 ./Core/Src/main.o
 .debug_macro   0x0000000000028d05      0x358 ./Core/Src/main.o
 .debug_macro   0x000000000002905d      0x342 ./Core/Src/main.o
 .debug_macro   0x000000000002939f       0x61 ./Core/Src/main.o
 .debug_macro   0x0000000000029400       0x2a ./Core/Src/main.o
 .debug_macro   0x000000000002942a       0x43 ./Core/Src/main.o
 .debug_macro   0x000000000002946d       0x34 ./Core/Src/main.o
 .debug_macro   0x00000000000294a1       0x16 ./Core/Src/main.o
 .debug_macro   0x00000000000294b7       0x43 ./Core/Src/main.o
 .debug_macro   0x00000000000294fa       0x34 ./Core/Src/main.o
 .debug_macro   0x000000000002952e       0x10 ./Core/Src/main.o
 .debug_macro   0x000000000002953e       0x58 ./Core/Src/main.o
 .debug_macro   0x0000000000029596       0x8e ./Core/Src/main.o
 .debug_macro   0x0000000000029624       0x1c ./Core/Src/main.o
 .debug_macro   0x0000000000029640      0x177 ./Core/Src/main.o
 .debug_macro   0x00000000000297b7      0x369 ./Core/Src/main.o
 .debug_macro   0x0000000000029b20       0x10 ./Core/Src/main.o
 .debug_macro   0x0000000000029b30       0x35 ./Core/Src/main.o
 .debug_macro   0x0000000000029b65       0x20 ./Core/Src/main.o
 .debug_macro   0x0000000000029b85      0x19b ./Core/Src/main.o
 .debug_macro   0x0000000000029d20      0x201 ./Core/Src/main.o
 .debug_macro   0x0000000000029f21       0xc8 ./Core/Src/main.o
 .debug_macro   0x0000000000029fe9      0x28a ./Core/Src/stm32g4xx_hal_msp.o
 .debug_macro   0x000000000002a273      0x294 ./Core/Src/stm32g4xx_it.o
 .debug_macro   0x000000000002a507      0x27b ./Core/Src/system_stm32g4xx.o
 .debug_macro   0x000000000002a782      0x2c9 ./Drivers/STM32G4xx_HAL_Driver/Src/stm32g4xx_hal.o
 .debug_macro   0x000000000002aa4b      0x298 ./Drivers/STM32G4xx_HAL_Driver/Src/stm32g4xx_hal_adc.o
 .debug_macro   0x000000000002ace3      0x287 ./Drivers/STM32G4xx_HAL_Driver/Src/stm32g4xx_hal_adc_ex.o
 .debug_macro   0x000000000002af6a      0x27b ./Drivers/STM32G4xx_HAL_Driver/Src/stm32g4xx_hal_cortex.o
 .debug_macro   0x000000000002b1e5      0x291 ./Drivers/STM32G4xx_HAL_Driver/Src/stm32g4xx_hal_dac.o
 .debug_macro   0x000000000002b476      0x38d ./Drivers/STM32G4xx_HAL_Driver/Src/stm32g4xx_hal_fdcan.o
 .debug_macro   0x000000000002b803      0x282 ./Drivers/STM32G4xx_HAL_Driver/Src/stm32g4xx_hal_gpio.o
 .debug_macro   0x000000000002ba85      0x298 ./Drivers/STM32G4xx_HAL_Driver/Src/stm32g4xx_hal_hrtim.o
 .debug_macro   0x000000000002bd1d      0x298 ./Drivers/STM32G4xx_HAL_Driver/Src/stm32g4xx_hal_opamp.o
 .debug_macro   0x000000000002bfb5      0x287 ./Drivers/STM32G4xx_HAL_Driver/Src/stm32g4xx_hal_pcd.o
 .debug_macro   0x000000000002c23c      0x27b ./Drivers/STM32G4xx_HAL_Driver/Src/stm32g4xx_hal_pcd_ex.o
 .debug_macro   0x000000000002c4b7      0x2a5 ./Drivers/STM32G4xx_HAL_Driver/Src/stm32g4xx_hal_pwr_ex.o
 .debug_macro   0x000000000002c75c      0x2bd ./Drivers/STM32G4xx_HAL_Driver/Src/stm32g4xx_hal_rcc.o
 .debug_macro   0x000000000002ca19      0x2a5 ./Drivers/STM32G4xx_HAL_Driver/Src/stm32g4xx_hal_rcc_ex.o
 .debug_macro   0x000000000002ccbe      0x2c2 ./Drivers/STM32G4xx_HAL_Driver/Src/stm32g4xx_hal_smbus.o
 .debug_macro   0x000000000002cf80      0x283 ./Drivers/STM32G4xx_HAL_Driver/Src/stm32g4xx_hal_spi.o
 .debug_macro   0x000000000002d203      0x283 ./Drivers/STM32G4xx_HAL_Driver/Src/stm32g4xx_hal_tim.o
 .debug_macro   0x000000000002d486      0x281 ./Drivers/STM32G4xx_HAL_Driver/Src/stm32g4xx_hal_tim_ex.o
 .debug_macro   0x000000000002d707      0x2a6 ./Drivers/STM32G4xx_HAL_Driver/Src/stm32g4xx_hal_uart.o
 .debug_macro   0x000000000002d9ad      0x287 ./Drivers/STM32G4xx_HAL_Driver/Src/stm32g4xx_hal_uart_ex.o
 .debug_macro   0x000000000002dc34      0x27b ./Drivers/STM32G4xx_HAL_Driver/Src/stm32g4xx_ll_usb.o

.debug_line     0x0000000000000000    0x27d9d
 .debug_line    0x0000000000000000     0x14a8 ./Core/Src/main.o
 .debug_line    0x00000000000014a8      0xf8c ./Core/Src/stm32g4xx_hal_msp.o
 .debug_line    0x0000000000002434      0x9b4 ./Core/Src/stm32g4xx_it.o
 .debug_line    0x0000000000002de8      0x95b ./Core/Src/system_stm32g4xx.o
 .debug_line    0x0000000000003743       0x7b ./Core/Startup/startup_stm32g474qetx.o
 .debug_line    0x00000000000037be      0xd1a ./Drivers/STM32G4xx_HAL_Driver/Src/stm32g4xx_hal.o
 .debug_line    0x00000000000044d8     0x242f ./Drivers/STM32G4xx_HAL_Driver/Src/stm32g4xx_hal_adc.o
 .debug_line    0x0000000000006907     0x1dd1 ./Drivers/STM32G4xx_HAL_Driver/Src/stm32g4xx_hal_adc_ex.o
 .debug_line    0x00000000000086d8      0xe85 ./Drivers/STM32G4xx_HAL_Driver/Src/stm32g4xx_hal_cortex.o
 .debug_line    0x000000000000955d      0xec9 ./Drivers/STM32G4xx_HAL_Driver/Src/stm32g4xx_hal_dac.o
 .debug_line    0x000000000000a426     0x1a8f ./Drivers/STM32G4xx_HAL_Driver/Src/stm32g4xx_hal_fdcan.o
 .debug_line    0x000000000000beb5      0xd15 ./Drivers/STM32G4xx_HAL_Driver/Src/stm32g4xx_hal_gpio.o
 .debug_line    0x000000000000cbca     0x4b7c ./Drivers/STM32G4xx_HAL_Driver/Src/stm32g4xx_hal_hrtim.o
 .debug_line    0x0000000000011746      0xc2c ./Drivers/STM32G4xx_HAL_Driver/Src/stm32g4xx_hal_opamp.o
 .debug_line    0x0000000000012372     0x1524 ./Drivers/STM32G4xx_HAL_Driver/Src/stm32g4xx_hal_pcd.o
 .debug_line    0x0000000000013896      0xa5a ./Drivers/STM32G4xx_HAL_Driver/Src/stm32g4xx_hal_pcd_ex.o
 .debug_line    0x00000000000142f0      0xe89 ./Drivers/STM32G4xx_HAL_Driver/Src/stm32g4xx_hal_pwr_ex.o
 .debug_line    0x0000000000015179     0x10e2 ./Drivers/STM32G4xx_HAL_Driver/Src/stm32g4xx_hal_rcc.o
 .debug_line    0x000000000001625b     0x13f5 ./Drivers/STM32G4xx_HAL_Driver/Src/stm32g4xx_hal_rcc_ex.o
 .debug_line    0x0000000000017650     0x198e ./Drivers/STM32G4xx_HAL_Driver/Src/stm32g4xx_hal_smbus.o
 .debug_line    0x0000000000018fde     0x214f ./Drivers/STM32G4xx_HAL_Driver/Src/stm32g4xx_hal_spi.o
 .debug_line    0x000000000001b12d     0x41b6 ./Drivers/STM32G4xx_HAL_Driver/Src/stm32g4xx_hal_tim.o
 .debug_line    0x000000000001f2e3     0x231d ./Drivers/STM32G4xx_HAL_Driver/Src/stm32g4xx_hal_tim_ex.o
 .debug_line    0x0000000000021600     0x3d62 ./Drivers/STM32G4xx_HAL_Driver/Src/stm32g4xx_hal_uart.o
 .debug_line    0x0000000000025362      0xf3d ./Drivers/STM32G4xx_HAL_Driver/Src/stm32g4xx_hal_uart_ex.o
 .debug_line    0x000000000002629f     0x11ba ./Drivers/STM32G4xx_HAL_Driver/Src/stm32g4xx_ll_usb.o
 .debug_line    0x0000000000027459      0x944 D:\STM32G4\Benchmarking-STM32G4-Accelerators\Benchmark_Accelerators\Drivers\DSP_Drivers\Lib\GCC\libarm_cortexM4lf_math.a(arm_conv_f32.o)

.debug_str      0x0000000000000000   0x1453fe
 .debug_str     0x0000000000000000   0x13b382 ./Core/Src/main.o
                                     0x13bcb4 (size before relaxing)
 .debug_str     0x000000000013b382      0x435 ./Core/Src/stm32g4xx_hal_msp.o
                                     0x136fd0 (size before relaxing)
 .debug_str     0x000000000013b7b7       0xc9 ./Core/Src/stm32g4xx_it.o
                                     0x134fc2 (size before relaxing)
 .debug_str     0x000000000013b880       0xdb ./Core/Src/system_stm32g4xx.o
                                     0x134428 (size before relaxing)
 .debug_str     0x000000000013b95b       0x34 ./Core/Startup/startup_stm32g474qetx.o
                                         0x7e (size before relaxing)
 .debug_str     0x000000000013b98f      0xc16 ./Drivers/STM32G4xx_HAL_Driver/Src/stm32g4xx_hal.o
                                     0x13513a (size before relaxing)
 .debug_str     0x000000000013c5a5      0xae7 ./Drivers/STM32G4xx_HAL_Driver/Src/stm32g4xx_hal_adc.o
                                     0x135455 (size before relaxing)
 .debug_str     0x000000000013d08c      0x691 ./Drivers/STM32G4xx_HAL_Driver/Src/stm32g4xx_hal_adc_ex.o
                                     0x1353fb (size before relaxing)
 .debug_str     0x000000000013d71d      0x344 ./Drivers/STM32G4xx_HAL_Driver/Src/stm32g4xx_hal_cortex.o
                                     0x134dbe (size before relaxing)
 .debug_str     0x000000000013da61      0x29b ./Drivers/STM32G4xx_HAL_Driver/Src/stm32g4xx_hal_dac.o
                                     0x134afd (size before relaxing)
 .debug_str     0x000000000013dcfc     0x1318 ./Drivers/STM32G4xx_HAL_Driver/Src/stm32g4xx_hal_fdcan.o
                                     0x1359d7 (size before relaxing)
 .debug_str     0x000000000013f014      0x123 ./Drivers/STM32G4xx_HAL_Driver/Src/stm32g4xx_hal_gpio.o
                                     0x1345b3 (size before relaxing)
 .debug_str     0x000000000013f137     0x18fb ./Drivers/STM32G4xx_HAL_Driver/Src/stm32g4xx_hal_hrtim.o
                                     0x136823 (size before relaxing)
 .debug_str     0x0000000000140a32      0x314 ./Drivers/STM32G4xx_HAL_Driver/Src/stm32g4xx_hal_opamp.o
                                     0x1348f6 (size before relaxing)
 .debug_str     0x0000000000140d46      0x55e ./Drivers/STM32G4xx_HAL_Driver/Src/stm32g4xx_hal_pcd.o
                                     0x134ba4 (size before relaxing)
 .debug_str     0x00000000001412a4      0x186 ./Drivers/STM32G4xx_HAL_Driver/Src/stm32g4xx_hal_pcd_ex.o
                                     0x1347e0 (size before relaxing)
 .debug_str     0x000000000014142a      0x4b6 ./Drivers/STM32G4xx_HAL_Driver/Src/stm32g4xx_hal_pwr_ex.o
                                     0x134916 (size before relaxing)
 .debug_str     0x00000000001418e0      0x4f2 ./Drivers/STM32G4xx_HAL_Driver/Src/stm32g4xx_hal_rcc.o
                                     0x134b47 (size before relaxing)
 .debug_str     0x0000000000141dd2      0x40b ./Drivers/STM32G4xx_HAL_Driver/Src/stm32g4xx_hal_rcc_ex.o
                                     0x134b71 (size before relaxing)
 .debug_str     0x00000000001421dd      0x48f ./Drivers/STM32G4xx_HAL_Driver/Src/stm32g4xx_hal_smbus.o
                                     0x134988 (size before relaxing)
 .debug_str     0x000000000014266c      0x568 ./Drivers/STM32G4xx_HAL_Driver/Src/stm32g4xx_hal_spi.o
                                     0x134d60 (size before relaxing)
 .debug_str     0x0000000000142bd4      0xde4 ./Drivers/STM32G4xx_HAL_Driver/Src/stm32g4xx_hal_tim.o
                                     0x135926 (size before relaxing)
 .debug_str     0x00000000001439b8      0x7b9 ./Drivers/STM32G4xx_HAL_Driver/Src/stm32g4xx_hal_tim_ex.o
                                     0x13559a (size before relaxing)
 .debug_str     0x0000000000144171      0x994 ./Drivers/STM32G4xx_HAL_Driver/Src/stm32g4xx_hal_uart.o
                                     0x1353e3 (size before relaxing)
 .debug_str     0x0000000000144b05      0x264 ./Drivers/STM32G4xx_HAL_Driver/Src/stm32g4xx_hal_uart_ex.o
                                     0x134be1 (size before relaxing)
 .debug_str     0x0000000000144d69       0xd3 ./Drivers/STM32G4xx_HAL_Driver/Src/stm32g4xx_ll_usb.o
                                     0x1346e1 (size before relaxing)
 .debug_str     0x0000000000144e3c      0x5c2 D:\STM32G4\Benchmarking-STM32G4-Accelerators\Benchmark_Accelerators\Drivers\DSP_Drivers\Lib\GCC\libarm_cortexM4lf_math.a(arm_conv_f32.o)
                                        0x6cf (size before relaxing)

.debug_frame    0x0000000000000000     0x9798
 .debug_frame   0x0000000000000000      0x31c ./Core/Src/main.o
 .debug_frame   0x000000000000031c      0x390 ./Core/Src/stm32g4xx_hal_msp.o
 .debug_frame   0x00000000000006ac      0x104 ./Core/Src/stm32g4xx_it.o
 .debug_frame   0x00000000000007b0       0x58 ./Core/Src/system_stm32g4xx.o
 .debug_frame   0x0000000000000808      0x500 ./Drivers/STM32G4xx_HAL_Driver/Src/stm32g4xx_hal.o
 .debug_frame   0x0000000000000d08      0xacc ./Drivers/STM32G4xx_HAL_Driver/Src/stm32g4xx_hal_adc.o
 .debug_frame   0x00000000000017d4      0x81c ./Drivers/STM32G4xx_HAL_Driver/Src/stm32g4xx_hal_adc_ex.o
 .debug_frame   0x0000000000001ff0      0x498 ./Drivers/STM32G4xx_HAL_Driver/Src/stm32g4xx_hal_cortex.o
 .debug_frame   0x0000000000002488      0x338 ./Drivers/STM32G4xx_HAL_Driver/Src/stm32g4xx_hal_dac.o
 .debug_frame   0x00000000000027c0      0x9b0 ./Drivers/STM32G4xx_HAL_Driver/Src/stm32g4xx_hal_fdcan.o
 .debug_frame   0x0000000000003170      0x14c ./Drivers/STM32G4xx_HAL_Driver/Src/stm32g4xx_hal_gpio.o
 .debug_frame   0x00000000000032bc     0x164c ./Drivers/STM32G4xx_HAL_Driver/Src/stm32g4xx_hal_hrtim.o
 .debug_frame   0x0000000000004908      0x1c0 ./Drivers/STM32G4xx_HAL_Driver/Src/stm32g4xx_hal_opamp.o
 .debug_frame   0x0000000000004ac8      0x56c ./Drivers/STM32G4xx_HAL_Driver/Src/stm32g4xx_hal_pcd.o
 .debug_frame   0x0000000000005034      0x14c ./Drivers/STM32G4xx_HAL_Driver/Src/stm32g4xx_hal_pcd_ex.o
 .debug_frame   0x0000000000005180      0x4fc ./Drivers/STM32G4xx_HAL_Driver/Src/stm32g4xx_hal_pwr_ex.o
 .debug_frame   0x000000000000567c      0x23c ./Drivers/STM32G4xx_HAL_Driver/Src/stm32g4xx_hal_rcc.o
 .debug_frame   0x00000000000058b8      0x2ac ./Drivers/STM32G4xx_HAL_Driver/Src/stm32g4xx_hal_rcc_ex.o
 .debug_frame   0x0000000000005b64      0x584 ./Drivers/STM32G4xx_HAL_Driver/Src/stm32g4xx_hal_smbus.o
 .debug_frame   0x00000000000060e8      0x860 ./Drivers/STM32G4xx_HAL_Driver/Src/stm32g4xx_hal_spi.o
 .debug_frame   0x0000000000006948     0x1220 ./Drivers/STM32G4xx_HAL_Driver/Src/stm32g4xx_hal_tim.o
 .debug_frame   0x0000000000007b68      0xa70 ./Drivers/STM32G4xx_HAL_Driver/Src/stm32g4xx_hal_tim_ex.o
 .debug_frame   0x00000000000085d8      0xa94 ./Drivers/STM32G4xx_HAL_Driver/Src/stm32g4xx_hal_uart.o
 .debug_frame   0x000000000000906c      0x2c0 ./Drivers/STM32G4xx_HAL_Driver/Src/stm32g4xx_hal_uart_ex.o
 .debug_frame   0x000000000000932c      0x380 ./Drivers/STM32G4xx_HAL_Driver/Src/stm32g4xx_ll_usb.o
 .debug_frame   0x00000000000096ac       0x40 D:\STM32G4\Benchmarking-STM32G4-Accelerators\Benchmark_Accelerators\Drivers\DSP_Drivers\Lib\GCC\libarm_cortexM4lf_math.a(arm_conv_f32.o)
 .debug_frame   0x00000000000096ec       0x20 D:/Program Files/STM32CubeIDE_1.14.1/STM32CubeIDE/plugins/com.st.stm32cube.ide.mcu.externaltools.gnu-tools-for-stm32.11.3.rel1.win32_1.1.100.202309141235/tools/bin/../lib/gcc/arm-none-eabi/11.3.1/../../../../arm-none-eabi/lib/thumb/v7e-m+fp/hard\libc_nano.a(libc_a-memset.o)
 .debug_frame   0x000000000000970c       0x2c D:/Program Files/STM32CubeIDE_1.14.1/STM32CubeIDE/plugins/com.st.stm32cube.ide.mcu.externaltools.gnu-tools-for-stm32.11.3.rel1.win32_1.1.100.202309141235/tools/bin/../lib/gcc/arm-none-eabi/11.3.1/../../../../arm-none-eabi/lib/thumb/v7e-m+fp/hard\libc_nano.a(libc_a-init.o)
 .debug_frame   0x0000000000009738       0x2c D:/Program Files/STM32CubeIDE_1.14.1/STM32CubeIDE/plugins/com.st.stm32cube.ide.mcu.externaltools.gnu-tools-for-stm32.11.3.rel1.win32_1.1.100.202309141235/tools/bin/../lib/gcc/arm-none-eabi/11.3.1/thumb/v7e-m+fp/hard\libgcc.a(_aeabi_uldivmod.o)
 .debug_frame   0x0000000000009764       0x34 D:/Program Files/STM32CubeIDE_1.14.1/STM32CubeIDE/plugins/com.st.stm32cube.ide.mcu.externaltools.gnu-tools-for-stm32.11.3.rel1.win32_1.1.100.202309141235/tools/bin/../lib/gcc/arm-none-eabi/11.3.1/thumb/v7e-m+fp/hard\libgcc.a(_udivmoddi4.o)

.debug_line_str
                0x0000000000000000       0x72
 .debug_line_str
                0x0000000000000000       0x72 ./Core/Startup/startup_stm32g474qetx.o
                                         0x8a (size before relaxing)

.debug_loc      0x0000000000000000     0x1363
 .debug_loc     0x0000000000000000     0x1363 D:\STM32G4\Benchmarking-STM32G4-Accelerators\Benchmark_Accelerators\Drivers\DSP_Drivers\Lib\GCC\libarm_cortexM4lf_math.a(arm_conv_f32.o)

.debug_ranges   0x0000000000000000       0x10
 .debug_ranges  0x0000000000000000       0x10 D:\STM32G4\Benchmarking-STM32G4-Accelerators\Benchmark_Accelerators\Drivers\DSP_Drivers\Lib\GCC\libarm_cortexM4lf_math.a(arm_conv_f32.o)
