Archive member included to satisfy reference by file (symbol)

D:\STM32G4\Benchmarking-STM32G4-Accelerators\BenchmarkingAccelerators\Drivers\DSP_Drivers\Lib\GCC\libarm_cortexM4lf_math.a(arm_conv_f32.o)
                              ./Core/Src/main.o (arm_conv_f32)
D:/Program Files/STM32CubeIDE_1.14.1/STM32CubeIDE/plugins/com.st.stm32cube.ide.mcu.externaltools.gnu-tools-for-stm32.11.3.rel1.win32_1.1.100.202309141235/tools/bin/../lib/gcc/arm-none-eabi/11.3.1/../../../../arm-none-eabi/lib/thumb/v7e-m+fp/hard\libc_nano.a(libc_a-exit.o)
                              D:/Program Files/STM32CubeIDE_1.14.1/STM32CubeIDE/plugins/com.st.stm32cube.ide.mcu.externaltools.gnu-tools-for-stm32.11.3.rel1.win32_1.1.100.202309141235/tools/bin/../lib/gcc/arm-none-eabi/11.3.1/../../../../arm-none-eabi/lib/thumb/v7e-m+fp/hard/crt0.o (exit)
D:/Program Files/STM32CubeIDE_1.14.1/STM32CubeIDE/plugins/com.st.stm32cube.ide.mcu.externaltools.gnu-tools-for-stm32.11.3.rel1.win32_1.1.100.202309141235/tools/bin/../lib/gcc/arm-none-eabi/11.3.1/../../../../arm-none-eabi/lib/thumb/v7e-m+fp/hard\libc_nano.a(libc_a-findfp.o)
                              D:/Program Files/STM32CubeIDE_1.14.1/STM32CubeIDE/plugins/com.st.stm32cube.ide.mcu.externaltools.gnu-tools-for-stm32.11.3.rel1.win32_1.1.100.202309141235/tools/bin/../lib/gcc/arm-none-eabi/11.3.1/../../../../arm-none-eabi/lib/thumb/v7e-m+fp/hard\libc_nano.a(libc_a-exit.o) (__stdio_exit_handler)
D:/Program Files/STM32CubeIDE_1.14.1/STM32CubeIDE/plugins/com.st.stm32cube.ide.mcu.externaltools.gnu-tools-for-stm32.11.3.rel1.win32_1.1.100.202309141235/tools/bin/../lib/gcc/arm-none-eabi/11.3.1/../../../../arm-none-eabi/lib/thumb/v7e-m+fp/hard\libc_nano.a(libc_a-fwalk.o)
                              D:/Program Files/STM32CubeIDE_1.14.1/STM32CubeIDE/plugins/com.st.stm32cube.ide.mcu.externaltools.gnu-tools-for-stm32.11.3.rel1.win32_1.1.100.202309141235/tools/bin/../lib/gcc/arm-none-eabi/11.3.1/../../../../arm-none-eabi/lib/thumb/v7e-m+fp/hard\libc_nano.a(libc_a-findfp.o) (_fwalk_sglue)
D:/Program Files/STM32CubeIDE_1.14.1/STM32CubeIDE/plugins/com.st.stm32cube.ide.mcu.externaltools.gnu-tools-for-stm32.11.3.rel1.win32_1.1.100.202309141235/tools/bin/../lib/gcc/arm-none-eabi/11.3.1/../../../../arm-none-eabi/lib/thumb/v7e-m+fp/hard\libc_nano.a(libc_a-stdio.o)
                              D:/Program Files/STM32CubeIDE_1.14.1/STM32CubeIDE/plugins/com.st.stm32cube.ide.mcu.externaltools.gnu-tools-for-stm32.11.3.rel1.win32_1.1.100.202309141235/tools/bin/../lib/gcc/arm-none-eabi/11.3.1/../../../../arm-none-eabi/lib/thumb/v7e-m+fp/hard\libc_nano.a(libc_a-findfp.o) (__sread)
D:/Program Files/STM32CubeIDE_1.14.1/STM32CubeIDE/plugins/com.st.stm32cube.ide.mcu.externaltools.gnu-tools-for-stm32.11.3.rel1.win32_1.1.100.202309141235/tools/bin/../lib/gcc/arm-none-eabi/11.3.1/../../../../arm-none-eabi/lib/thumb/v7e-m+fp/hard\libc_nano.a(libc_a-memset.o)
                              D:/Program Files/STM32CubeIDE_1.14.1/STM32CubeIDE/plugins/com.st.stm32cube.ide.mcu.externaltools.gnu-tools-for-stm32.11.3.rel1.win32_1.1.100.202309141235/tools/bin/../lib/gcc/arm-none-eabi/11.3.1/../../../../arm-none-eabi/lib/thumb/v7e-m+fp/hard/crt0.o (memset)
D:/Program Files/STM32CubeIDE_1.14.1/STM32CubeIDE/plugins/com.st.stm32cube.ide.mcu.externaltools.gnu-tools-for-stm32.11.3.rel1.win32_1.1.100.202309141235/tools/bin/../lib/gcc/arm-none-eabi/11.3.1/../../../../arm-none-eabi/lib/thumb/v7e-m+fp/hard\libc_nano.a(libc_a-closer.o)
                              D:/Program Files/STM32CubeIDE_1.14.1/STM32CubeIDE/plugins/com.st.stm32cube.ide.mcu.externaltools.gnu-tools-for-stm32.11.3.rel1.win32_1.1.100.202309141235/tools/bin/../lib/gcc/arm-none-eabi/11.3.1/../../../../arm-none-eabi/lib/thumb/v7e-m+fp/hard\libc_nano.a(libc_a-stdio.o) (_close_r)
D:/Program Files/STM32CubeIDE_1.14.1/STM32CubeIDE/plugins/com.st.stm32cube.ide.mcu.externaltools.gnu-tools-for-stm32.11.3.rel1.win32_1.1.100.202309141235/tools/bin/../lib/gcc/arm-none-eabi/11.3.1/../../../../arm-none-eabi/lib/thumb/v7e-m+fp/hard\libc_nano.a(libc_a-reent.o)
                              D:/Program Files/STM32CubeIDE_1.14.1/STM32CubeIDE/plugins/com.st.stm32cube.ide.mcu.externaltools.gnu-tools-for-stm32.11.3.rel1.win32_1.1.100.202309141235/tools/bin/../lib/gcc/arm-none-eabi/11.3.1/../../../../arm-none-eabi/lib/thumb/v7e-m+fp/hard\libc_nano.a(libc_a-closer.o) (errno)
D:/Program Files/STM32CubeIDE_1.14.1/STM32CubeIDE/plugins/com.st.stm32cube.ide.mcu.externaltools.gnu-tools-for-stm32.11.3.rel1.win32_1.1.100.202309141235/tools/bin/../lib/gcc/arm-none-eabi/11.3.1/../../../../arm-none-eabi/lib/thumb/v7e-m+fp/hard\libc_nano.a(libc_a-impure.o)
                              D:/Program Files/STM32CubeIDE_1.14.1/STM32CubeIDE/plugins/com.st.stm32cube.ide.mcu.externaltools.gnu-tools-for-stm32.11.3.rel1.win32_1.1.100.202309141235/tools/bin/../lib/gcc/arm-none-eabi/11.3.1/../../../../arm-none-eabi/lib/thumb/v7e-m+fp/hard\libc_nano.a(libc_a-reent.o) (_impure_ptr)
[...]
Memory Configuration

Name             Origin             Length             Attributes
RAM              0x0000000020000000 0x0000000000020000 xrw
FLASH            0x0000000008000000 0x0000000000080000 xr
*default*        0x0000000000000000 0xffffffffffffffff

Linker script and memory map

LOAD D:/Program Files/STM32CubeIDE_1.14.1/STM32CubeIDE/plugins/com.st.stm32cube.ide.mcu.externaltools.gnu-tools-for-stm32.11.3.rel1.win32_1.1.100.202309141235/tools/bin/../lib/gcc/arm-none-eabi/11.3.1/thumb/v7e-m+fp/hard/crti.o
LOAD D:/Program Files/STM32CubeIDE_1.14.1/STM32CubeIDE/plugins/com.st.stm32cube.ide.mcu.externaltools.gnu-tools-for-stm32.11.3.rel1.win32_1.1.100.202309141235/tools/bin/../lib/gcc/arm-none-eabi/11.3.1/thumb/v7e-m+fp/hard/crtbegin.o
LOAD D:/Program Files/STM32CubeIDE_1.14.1/STM32CubeIDE/plugins/com.st.stm32cube.ide.mcu.externaltools.gnu-tools-for-stm32.11.3.rel1.win32_1.1.100.202309141235/tools/bin/../lib/gcc/arm-none-eabi/11.3.1/../../../../arm-none-eabi/lib/thumb/v7e-m+fp/hard/crt0.o
LOAD ./Core/Src/main.o
LOAD ./Core/Src/stm32g4xx_hal_msp.o
LOAD ./Core/Src/stm32g4xx_it.o
LOAD ./Core/Src/syscalls.o
LOAD ./Core/Src/sysmem.o
LOAD ./Core/Src/system_stm32g4xx.o
LOAD ./Core/Startup/startup_stm32g474retx.o
LOAD ./Drivers/STM32G4xx_HAL_Driver/Src/stm32g4xx_hal.o
LOAD ./Drivers/STM32G4xx_HAL_Driver/Src/stm32g4xx_hal_cortex.o
LOAD ./Drivers/STM32G4xx_HAL_Driver/Src/stm32g4xx_hal_dma.o
LOAD ./Drivers/STM32G4xx_HAL_Driver/Src/stm32g4xx_hal_dma_ex.o
LOAD ./Drivers/STM32G4xx_HAL_Driver/Src/stm32g4xx_hal_exti.o
LOAD ./Drivers/STM32G4xx_HAL_Driver/Src/stm32g4xx_hal_flash.o
LOAD ./Drivers/STM32G4xx_HAL_Driver/Src/stm32g4xx_hal_flash_ex.o
LOAD ./Drivers/STM32G4xx_HAL_Driver/Src/stm32g4xx_hal_flash_ramfunc.o
LOAD ./Drivers/STM32G4xx_HAL_Driver/Src/stm32g4xx_hal_gpio.o
LOAD ./Drivers/STM32G4xx_HAL_Driver/Src/stm32g4xx_hal_pwr.o
LOAD ./Drivers/STM32G4xx_HAL_Driver/Src/stm32g4xx_hal_pwr_ex.o
LOAD ./Drivers/STM32G4xx_HAL_Driver/Src/stm32g4xx_hal_rcc.o
LOAD ./Drivers/STM32G4xx_HAL_Driver/Src/stm32g4xx_hal_rcc_ex.o
LOAD ./Drivers/STM32G4xx_HAL_Driver/Src/stm32g4xx_hal_tim.o
LOAD ./Drivers/STM32G4xx_HAL_Driver/Src/stm32g4xx_hal_tim_ex.o
LOAD D:\STM32G4\Benchmarking-STM32G4-Accelerators\BenchmarkingAccelerators\Drivers\DSP_Drivers\Lib\GCC\libarm_cortexM4lf_math.a
START GROUP
LOAD D:/Program Files/STM32CubeIDE_1.14.1/STM32CubeIDE/plugins/com.st.stm32cube.ide.mcu.externaltools.gnu-tools-for-stm32.11.3.rel1.win32_1.1.100.202309141235/tools/bin/../lib/gcc/arm-none-eabi/11.3.1/../../../../arm-none-eabi/lib/thumb/v7e-m+fp/hard\libc_nano.a
LOAD D:/Program Files/STM32CubeIDE_1.14.1/STM32CubeIDE/plugins/com.st.stm32cube.ide.mcu.externaltools.gnu-tools-for-stm32.11.3.rel1.win32_1.1.100.202309141235/tools/bin/../lib/gcc/arm-none-eabi/11.3.1/../../../../arm-none-eabi/lib/thumb/v7e-m+fp/hard\libm.a
END GROUP
START GROUP
LOAD D:/Program Files/STM32CubeIDE_1.14.1/STM32CubeIDE/plugins/com.st.stm32cube.ide.mcu.externaltools.gnu-tools-for-stm32.11.3.rel1.win32_1.1.100.202309141235/tools/bin/../lib/gcc/arm-none-eabi/11.3.1/thumb/v7e-m+fp/hard\libgcc.a
LOAD D:/Program Files/STM32CubeIDE_1.14.1/STM32CubeIDE/plugins/com.st.stm32cube.ide.mcu.externaltools.gnu-tools-for-stm32.11.3.rel1.win32_1.1.100.202309141235/tools/bin/../lib/gcc/arm-none-eabi/11.3.1/../../../../arm-none-eabi/lib/thumb/v7e-m+fp/hard\libc_nano.a
END GROUP
START GROUP
LOAD D:/Program Files/STM32CubeIDE_1.14.1/STM32CubeIDE/plugins/com.st.stm32cube.ide.mcu.externaltools.gnu-tools-for-stm32.11.3.rel1.win32_1.1.100.202309141235/tools/bin/../lib/gcc/arm-none-eabi/11.3.1/thumb/v7e-m+fp/hard\libgcc.a
LOAD D:/Program Files/STM32CubeIDE_1.14.1/STM32CubeIDE/plugins/com.st.stm32cube.ide.mcu.externaltools.gnu-tools-for-stm32.11.3.rel1.win32_1.1.100.202309141235/tools/bin/../lib/gcc/arm-none-eabi/11.3.1/../../../../arm-none-eabi/lib/thumb/v7e-m+fp/hard\libc_nano.a
LOAD D:/Program Files/STM32CubeIDE_1.14.1/STM32CubeIDE/plugins/com.st.stm32cube.ide.mcu.externaltools.gnu-tools-for-stm32.11.3.rel1.win32_1.1.100.202309141235/tools/bin/../lib/gcc/arm-none-eabi/11.3.1/../../../../arm-none-eabi/lib/thumb/v7e-m+fp/hard\libnosys.a
END GROUP
START GROUP
LOAD D:/Program Files/STM32CubeIDE_1.14.1/STM32CubeIDE/plugins/com.st.stm32cube.ide.mcu.externaltools.gnu-tools-for-stm32.11.3.rel1.win32_1.1.100.202309141235/tools/bin/../lib/gcc/arm-none-eabi/11.3.1/thumb/v7e-m+fp/hard\libgcc.a
LOAD D:/Program Files/STM32CubeIDE_1.14.1/STM32CubeIDE/plugins/com.st.stm32cube.ide.mcu.externaltools.gnu-tools-for-stm32.11.3.rel1.win32_1.1.100.202309141235/tools/bin/../lib/gcc/arm-none-eabi/11.3.1/../../../../arm-none-eabi/lib/thumb/v7e-m+fp/hard\libc_nano.a
LOAD D:/Program Files/STM32CubeIDE_1.14.1/STM32CubeIDE/plugins/com.st.stm32cube.ide.mcu.externaltools.gnu-tools-for-stm32.11.3.rel1.win32_1.1.100.202309141235/tools/bin/../lib/gcc/arm-none-eabi/11.3.1/../../../../arm-none-eabi/lib/thumb/v7e-m+fp/hard\libnosys.a
END GROUP
LOAD D:/Program Files/STM32CubeIDE_1.14.1/STM32CubeIDE/plugins/com.st.stm32cube.ide.mcu.externaltools.gnu-tools-for-stm32.11.3.rel1.win32_1.1.100.202309141235/tools/bin/../lib/gcc/arm-none-eabi/11.3.1/thumb/v7e-m+fp/hard/crtend.o
LOAD D:/Program Files/STM32CubeIDE_1.14.1/STM32CubeIDE/plugins/com.st.stm32cube.ide.mcu.externaltools.gnu-tools-for-stm32.11.3.rel1.win32_1.1.100.202309141235/tools/bin/../lib/gcc/arm-none-eabi/11.3.1/thumb/v7e-m+fp/hard/crtn.o
                0x0000000020020000                _estack = (ORIGIN (RAM) + LENGTH (RAM))
                0x0000000000000200                _Min_Heap_Size = 0x200
                0x0000000000000400                _Min_Stack_Size = 0x400

.isr_vector     0x0000000008000000      0x1d8
                0x0000000008000000                . = ALIGN (0x4)
 *(.isr_vector)
 .isr_vector    0x0000000008000000      0x1d8 ./Core/Startup/startup_stm32g474retx.o
                0x0000000008000000                g_pfnVectors
                0x00000000080001d8                . = ALIGN (0x4)

.text           0x00000000080001d8     0x1aac
                0x00000000080001d8                . = ALIGN (0x4)
 *(.text)
 .text          0x00000000080001d8       0x40 D:/Program Files/STM32CubeIDE_1.14.1/STM32CubeIDE/plugins/com.st.stm32cube.ide.mcu.externaltools.gnu-tools-for-stm32.11.3.rel1.win32_1.1.100.202309141235/tools/bin/../lib/gcc/arm-none-eabi/11.3.1/thumb/v7e-m+fp/hard/crtbegin.o
 *(.text*)
 .text.main     0x0000000008000218       0x30 ./Core/Src/main.o
                0x0000000008000218                main
 .text.SystemClock_Config
                0x0000000008000248       0x96 ./Core/Src/main.o
                0x0000000008000248                SystemClock_Config
 *fill*         0x00000000080002de        0x2 
 .text.MX_GPIO_Init
                0x00000000080002e0      0x100 ./Core/Src/main.o
 .text.Error_Handler
                0x00000000080003e0        0xa ./Core/Src/main.o
                0x00000000080003e0                Error_Handler
 *fill*         0x00000000080003ea        0x2 
 .text.HAL_MspInit
                0x00000000080003ec       0x48 ./Core/Src/stm32g4xx_hal_msp.o
                0x00000000080003ec                HAL_MspInit
 .text.NMI_Handler
                0x0000000008000434        0x6 ./Core/Src/stm32g4xx_it.o
                0x0000000008000434                NMI_Handler
 .text.HardFault_Handler
                0x000000000800043a        0x6 ./Core/Src/stm32g4xx_it.o
                0x000000000800043a                HardFault_Handler
 .text.MemManage_Handler
                0x0000000008000440        0x6 ./Core/Src/stm32g4xx_it.o
                0x0000000008000440                MemManage_Handler
 .text.BusFault_Handler
                0x0000000008000446        0x6 ./Core/Src/stm32g4xx_it.o
                0x0000000008000446                BusFault_Handler
 .text.UsageFault_Handler
                0x000000000800044c        0x6 ./Core/Src/stm32g4xx_it.o
                0x000000000800044c                UsageFault_Handler
 .text.SVC_Handler
                0x0000000008000452        0xe ./Core/Src/stm32g4xx_it.o
                0x0000000008000452                SVC_Handler
 .text.DebugMon_Handler
                0x0000000008000460        0xe ./Core/Src/stm32g4xx_it.o
                0x0000000008000460                DebugMon_Handler
 .text.PendSV_Handler
                0x000000000800046e        0xe ./Core/Src/stm32g4xx_it.o
                0x000000000800046e                PendSV_Handler
 .text.SysTick_Handler
                0x000000000800047c        0xc ./Core/Src/stm32g4xx_it.o
                0x000000000800047c                SysTick_Handler
 .text.EXTI15_10_IRQHandler
                0x0000000008000488       0x10 ./Core/Src/stm32g4xx_it.o
                0x0000000008000488                EXTI15_10_IRQHandler
 .text.SystemInit
                0x0000000008000498       0x24 ./Core/Src/system_stm32g4xx.o
                0x0000000008000498                SystemInit
 .text.Reset_Handler
                0x00000000080004bc       0x50 ./Core/Startup/startup_stm32g474retx.o
                0x00000000080004bc                Reset_Handler
 .text.Default_Handler
                0x000000000800050c        0x2 ./Core/Startup/startup_stm32g474retx.o
                0x000000000800050c                RTC_Alarm_IRQHandler
                0x000000000800050c                EXTI2_IRQHandler
                0x000000000800050c                TIM8_TRG_COM_IRQHandler
                0x000000000800050c                TIM8_CC_IRQHandler
                0x000000000800050c                HRTIM1_Master_IRQHandler
                0x000000000800050c                SPI4_IRQHandler
                0x000000000800050c                FDCAN3_IT0_IRQHandler
                0x000000000800050c                TIM1_CC_IRQHandler
                0x000000000800050c                HRTIM1_FLT_IRQHandler
                0x000000000800050c                HRTIM1_TIMF_IRQHandler
                0x000000000800050c                USB_HP_IRQHandler
                0x000000000800050c                CORDIC_IRQHandler
                0x000000000800050c                HRTIM1_TIMD_IRQHandler
                0x000000000800050c                DMA2_Channel8_IRQHandler
                0x000000000800050c                EXTI3_IRQHandler
                0x000000000800050c                I2C3_ER_IRQHandler
                0x000000000800050c                EXTI0_IRQHandler
                0x000000000800050c                I2C2_EV_IRQHandler
                0x000000000800050c                FPU_IRQHandler
                0x000000000800050c                FDCAN1_IT1_IRQHandler
                0x000000000800050c                TIM1_UP_TIM16_IRQHandler
                0x000000000800050c                ADC1_2_IRQHandler
                0x000000000800050c                HRTIM1_TIME_IRQHandler
                0x000000000800050c                SPI1_IRQHandler
                0x000000000800050c                TIM6_DAC_IRQHandler
                0x000000000800050c                HRTIM1_TIMC_IRQHandler
                0x000000000800050c                TIM8_UP_IRQHandler
                0x000000000800050c                DMA2_Channel2_IRQHandler
                0x000000000800050c                DMA1_Channel4_IRQHandler
                0x000000000800050c                TIM20_TRG_COM_IRQHandler
                0x000000000800050c                USART3_IRQHandler
                0x000000000800050c                DMA1_Channel7_IRQHandler
                0x000000000800050c                UART5_IRQHandler
                0x000000000800050c                ADC3_IRQHandler
                0x000000000800050c                TIM4_IRQHandler
                0x000000000800050c                DMA2_Channel1_IRQHandler
                0x000000000800050c                QUADSPI_IRQHandler
                0x000000000800050c                I2C1_EV_IRQHandler
                0x000000000800050c                DMA1_Channel6_IRQHandler
                0x000000000800050c                UART4_IRQHandler
                0x000000000800050c                DMA2_Channel4_IRQHandler
                0x000000000800050c                TIM3_IRQHandler
                0x000000000800050c                RCC_IRQHandler
                0x000000000800050c                TIM20_UP_IRQHandler
                0x000000000800050c                DMA1_Channel1_IRQHandler
                0x000000000800050c                Default_Handler
                0x000000000800050c                DMA2_Channel7_IRQHandler
                0x000000000800050c                RTC_TAMP_LSECSS_IRQHandler
                0x000000000800050c                FMAC_IRQHandler
                0x000000000800050c                DMA1_Channel8_IRQHandler
                0x000000000800050c                HRTIM1_TIMA_IRQHandler
                0x000000000800050c                TIM7_DAC_IRQHandler
                0x000000000800050c                FDCAN3_IT1_IRQHandler
                0x000000000800050c                TIM5_IRQHandler
                0x000000000800050c                UCPD1_IRQHandler
                0x000000000800050c                I2C3_EV_IRQHandler
                0x000000000800050c                EXTI9_5_IRQHandler
                0x000000000800050c                RTC_WKUP_IRQHandler
                0x000000000800050c                PVD_PVM_IRQHandler
                0x000000000800050c                SPI2_IRQHandler
                0x000000000800050c                ADC5_IRQHandler
                0x000000000800050c                DMA2_Channel5_IRQHandler
                0x000000000800050c                CRS_IRQHandler
                0x000000000800050c                DMA1_Channel5_IRQHandler
                0x000000000800050c                USB_LP_IRQHandler
                0x000000000800050c                EXTI4_IRQHandler
                0x000000000800050c                RNG_IRQHandler
                0x000000000800050c                HRTIM1_TIMB_IRQHandler
                0x000000000800050c                TIM1_TRG_COM_TIM17_IRQHandler
                0x000000000800050c                FDCAN2_IT1_IRQHandler
                0x000000000800050c                DMA1_Channel3_IRQHandler
                0x000000000800050c                ADC4_IRQHandler
                0x000000000800050c                WWDG_IRQHandler
                0x000000000800050c                I2C4_EV_IRQHandler
                0x000000000800050c                FDCAN2_IT0_IRQHandler
                0x000000000800050c                LPUART1_IRQHandler
                0x000000000800050c                DMA2_Channel6_IRQHandler
                0x000000000800050c                FDCAN1_IT0_IRQHandler
                0x000000000800050c                TIM2_IRQHandler
                0x000000000800050c                COMP7_IRQHandler
                0x000000000800050c                COMP1_2_3_IRQHandler
                0x000000000800050c                EXTI1_IRQHandler
                0x000000000800050c                USART2_IRQHandler
                0x000000000800050c                COMP4_5_6_IRQHandler
                0x000000000800050c                TIM20_BRK_IRQHandler
                0x000000000800050c                I2C2_ER_IRQHandler
                0x000000000800050c                DMA1_Channel2_IRQHandler
                0x000000000800050c                TIM8_BRK_IRQHandler
                0x000000000800050c                FLASH_IRQHandler
                0x000000000800050c                TIM20_CC_IRQHandler
                0x000000000800050c                USART1_IRQHandler
                0x000000000800050c                SPI3_IRQHandler
                0x000000000800050c                I2C1_ER_IRQHandler
                0x000000000800050c                FMC_IRQHandler
                0x000000000800050c                LPTIM1_IRQHandler
                0x000000000800050c                DMAMUX_OVR_IRQHandler
                0x000000000800050c                I2C4_ER_IRQHandler
                0x000000000800050c                USBWakeUp_IRQHandler
                0x000000000800050c                SAI1_IRQHandler
                0x000000000800050c                DMA2_Channel3_IRQHandler
                0x000000000800050c                TIM1_BRK_TIM15_IRQHandler
 .text.HAL_Init
                0x000000000800050e       0x30 ./Drivers/STM32G4xx_HAL_Driver/Src/stm32g4xx_hal.o
                0x000000000800050e                HAL_Init
 *fill*         0x000000000800053e        0x2 
 .text.HAL_InitTick
                0x0000000008000540       0x74 ./Drivers/STM32G4xx_HAL_Driver/Src/stm32g4xx_hal.o
                0x0000000008000540                HAL_InitTick
 .text.HAL_IncTick
                0x00000000080005b4       0x24 ./Drivers/STM32G4xx_HAL_Driver/Src/stm32g4xx_hal.o
                0x00000000080005b4                HAL_IncTick
 .text.HAL_GetTick
                0x00000000080005d8       0x18 ./Drivers/STM32G4xx_HAL_Driver/Src/stm32g4xx_hal.o
                0x00000000080005d8                HAL_GetTick
 .text.__NVIC_SetPriorityGrouping
                0x00000000080005f0       0x48 ./Drivers/STM32G4xx_HAL_Driver/Src/stm32g4xx_hal_cortex.o
 .text.__NVIC_GetPriorityGrouping
                0x0000000008000638       0x1c ./Drivers/STM32G4xx_HAL_Driver/Src/stm32g4xx_hal_cortex.o
 .text.__NVIC_EnableIRQ
                0x0000000008000654       0x3c ./Drivers/STM32G4xx_HAL_Driver/Src/stm32g4xx_hal_cortex.o
 .text.__NVIC_SetPriority
                0x0000000008000690       0x54 ./Drivers/STM32G4xx_HAL_Driver/Src/stm32g4xx_hal_cortex.o
 .text.NVIC_EncodePriority
                0x00000000080006e4       0x66 ./Drivers/STM32G4xx_HAL_Driver/Src/stm32g4xx_hal_cortex.o
 *fill*         0x000000000800074a        0x2 
 .text.SysTick_Config
                0x000000000800074c       0x44 ./Drivers/STM32G4xx_HAL_Driver/Src/stm32g4xx_hal_cortex.o
 .text.HAL_NVIC_SetPriorityGrouping
                0x0000000008000790       0x16 ./Drivers/STM32G4xx_HAL_Driver/Src/stm32g4xx_hal_cortex.o
                0x0000000008000790                HAL_NVIC_SetPriorityGrouping
 .text.HAL_NVIC_SetPriority
                0x00000000080007a6       0x34 ./Drivers/STM32G4xx_HAL_Driver/Src/stm32g4xx_hal_cortex.o
                0x00000000080007a6                HAL_NVIC_SetPriority
 .text.HAL_NVIC_EnableIRQ
                0x00000000080007da       0x1c ./Drivers/STM32G4xx_HAL_Driver/Src/stm32g4xx_hal_cortex.o
                0x00000000080007da                HAL_NVIC_EnableIRQ
 .text.HAL_SYSTICK_Config
                0x00000000080007f6       0x18 ./Drivers/STM32G4xx_HAL_Driver/Src/stm32g4xx_hal_cortex.o
                0x00000000080007f6                HAL_SYSTICK_Config
 *fill*         0x000000000800080e        0x2 
 .text.HAL_GPIO_Init
                0x0000000008000810      0x304 ./Drivers/STM32G4xx_HAL_Driver/Src/stm32g4xx_hal_gpio.o
                0x0000000008000810                HAL_GPIO_Init
 .text.HAL_GPIO_WritePin
                0x0000000008000b14       0x30 ./Drivers/STM32G4xx_HAL_Driver/Src/stm32g4xx_hal_gpio.o
                0x0000000008000b14                HAL_GPIO_WritePin
 .text.HAL_GPIO_EXTI_IRQHandler
                0x0000000008000b44       0x30 ./Drivers/STM32G4xx_HAL_Driver/Src/stm32g4xx_hal_gpio.o
                0x0000000008000b44                HAL_GPIO_EXTI_IRQHandler
 .text.HAL_GPIO_EXTI_Callback
                0x0000000008000b74       0x16 ./Drivers/STM32G4xx_HAL_Driver/Src/stm32g4xx_hal_gpio.o
                0x0000000008000b74                HAL_GPIO_EXTI_Callback
 *fill*         0x0000000008000b8a        0x2 
 .text.HAL_PWREx_ControlVoltageScaling
                0x0000000008000b8c      0x148 ./Drivers/STM32G4xx_HAL_Driver/Src/stm32g4xx_hal_pwr_ex.o
                0x0000000008000b8c                HAL_PWREx_ControlVoltageScaling
 .text.HAL_PWREx_DisableUCPDDeadBattery
                0x0000000008000cd4       0x20 ./Drivers/STM32G4xx_HAL_Driver/Src/stm32g4xx_hal_pwr_ex.o
                0x0000000008000cd4                HAL_PWREx_DisableUCPDDeadBattery
 .text.HAL_RCC_OscConfig
                0x0000000008000cf4      0x624 ./Drivers/STM32G4xx_HAL_Driver/Src/stm32g4xx_hal_rcc.o
                0x0000000008000cf4                HAL_RCC_OscConfig
 .text.HAL_RCC_ClockConfig
                0x0000000008001318      0x278 ./Drivers/STM32G4xx_HAL_Driver/Src/stm32g4xx_hal_rcc.o
                0x0000000008001318                HAL_RCC_ClockConfig
 .text.HAL_RCC_GetSysClockFreq
                0x0000000008001590       0xc4 ./Drivers/STM32G4xx_HAL_Driver/Src/stm32g4xx_hal_rcc.o
                0x0000000008001590                HAL_RCC_GetSysClockFreq
 .text.RCC_GetSysClockFreqFromPLLSource
                0x0000000008001654       0x8c ./Drivers/STM32G4xx_HAL_Driver/Src/stm32g4xx_hal_rcc.o
 .text.arm_conv_f32
                0x00000000080016e0      0x534 D:\STM32G4\Benchmarking-STM32G4-Accelerators\BenchmarkingAccelerators\Drivers\DSP_Drivers\Lib\GCC\libarm_cortexM4lf_math.a(arm_conv_f32.o)
                0x00000000080016e0                arm_conv_f32
 .text.memset   0x0000000008001c14       0x10 D:/Program Files/STM32CubeIDE_1.14.1/STM32CubeIDE/plugins/com.st.stm32cube.ide.mcu.externaltools.gnu-tools-for-stm32.11.3.rel1.win32_1.1.100.202309141235/tools/bin/../lib/gcc/arm-none-eabi/11.3.1/../../../../arm-none-eabi/lib/thumb/v7e-m+fp/hard\libc_nano.a(libc_a-memset.o)
                0x0000000008001c14                memset
 .text.__libc_init_array
                0x0000000008001c24       0x48 D:/Program Files/STM32CubeIDE_1.14.1/STM32CubeIDE/plugins/com.st.stm32cube.ide.mcu.externaltools.gnu-tools-for-stm32.11.3.rel1.win32_1.1.100.202309141235/tools/bin/../lib/gcc/arm-none-eabi/11.3.1/../../../../arm-none-eabi/lib/thumb/v7e-m+fp/hard\libc_nano.a(libc_a-init.o)
                0x0000000008001c24                __libc_init_array
 *(.glue_7)
 .glue_7        0x0000000008001c6c        0x0 linker stubs
 *(.glue_7t)
 .glue_7t       0x0000000008001c6c        0x0 linker stubs
 *(.eh_frame)
 .eh_frame      0x0000000008001c6c        0x0 D:/Program Files/STM32CubeIDE_1.14.1/STM32CubeIDE/plugins/com.st.stm32cube.ide.mcu.externaltools.gnu-tools-for-stm32.11.3.rel1.win32_1.1.100.202309141235/tools/bin/../lib/gcc/arm-none-eabi/11.3.1/thumb/v7e-m+fp/hard/crtbegin.o
 *(.init)
 .init          0x0000000008001c6c        0x4 D:/Program Files/STM32CubeIDE_1.14.1/STM32CubeIDE/plugins/com.st.stm32cube.ide.mcu.externaltools.gnu-tools-for-stm32.11.3.rel1.win32_1.1.100.202309141235/tools/bin/../lib/gcc/arm-none-eabi/11.3.1/thumb/v7e-m+fp/hard/crti.o
                0x0000000008001c6c                _init
 .init          0x0000000008001c70        0x8 D:/Program Files/STM32CubeIDE_1.14.1/STM32CubeIDE/plugins/com.st.stm32cube.ide.mcu.externaltools.gnu-tools-for-stm32.11.3.rel1.win32_1.1.100.202309141235/tools/bin/../lib/gcc/arm-none-eabi/11.3.1/thumb/v7e-m+fp/hard/crtn.o
 *(.fini)
 .fini          0x0000000008001c78        0x4 D:/Program Files/STM32CubeIDE_1.14.1/STM32CubeIDE/plugins/com.st.stm32cube.ide.mcu.externaltools.gnu-tools-for-stm32.11.3.rel1.win32_1.1.100.202309141235/tools/bin/../lib/gcc/arm-none-eabi/11.3.1/thumb/v7e-m+fp/hard/crti.o
                0x0000000008001c78                _fini
 .fini          0x0000000008001c7c        0x8 D:/Program Files/STM32CubeIDE_1.14.1/STM32CubeIDE/plugins/com.st.stm32cube.ide.mcu.externaltools.gnu-tools-for-stm32.11.3.rel1.win32_1.1.100.202309141235/tools/bin/../lib/gcc/arm-none-eabi/11.3.1/thumb/v7e-m+fp/hard/crtn.o
                0x0000000008001c84                . = ALIGN (0x4)
                0x0000000008001c84                _etext = .

.vfp11_veneer   0x0000000008001c84        0x0
 .vfp11_veneer  0x0000000008001c84        0x0 linker stubs

.v4_bx          0x0000000008001c84        0x0
 .v4_bx         0x0000000008001c84        0x0 linker stubs

.iplt           0x0000000008001c84        0x0
 .iplt          0x0000000008001c84        0x0 D:/Program Files/STM32CubeIDE_1.14.1/STM32CubeIDE/plugins/com.st.stm32cube.ide.mcu.externaltools.gnu-tools-for-stm32.11.3.rel1.win32_1.1.100.202309141235/tools/bin/../lib/gcc/arm-none-eabi/11.3.1/thumb/v7e-m+fp/hard/crtbegin.o

.rodata         0x0000000008001c84       0x10
                0x0000000008001c84                . = ALIGN (0x4)
 *(.rodata)
 *(.rodata*)
 .rodata.AHBPrescTable
                0x0000000008001c84       0x10 ./Core/Src/system_stm32g4xx.o
                0x0000000008001c84                AHBPrescTable
                0x0000000008001c94                . = ALIGN (0x4)

.rel.dyn        0x0000000008001c94        0x0
 .rel.iplt      0x0000000008001c94        0x0 D:/Program Files/STM32CubeIDE_1.14.1/STM32CubeIDE/plugins/com.st.stm32cube.ide.mcu.externaltools.gnu-tools-for-stm32.11.3.rel1.win32_1.1.100.202309141235/tools/bin/../lib/gcc/arm-none-eabi/11.3.1/thumb/v7e-m+fp/hard/crtbegin.o

.ARM.extab      0x0000000008001c94        0x0
                0x0000000008001c94                . = ALIGN (0x4)
 *(.ARM.extab* .gnu.linkonce.armextab.*)
                0x0000000008001c94                . = ALIGN (0x4)

.ARM            0x0000000008001c94        0x0
                0x0000000008001c94                . = ALIGN (0x4)
                0x0000000008001c94                __exidx_start = .
 *(.ARM.exidx*)
                0x0000000008001c94                __exidx_end = .
                0x0000000008001c94                . = ALIGN (0x4)

.preinit_array  0x0000000008001c94        0x0
                0x0000000008001c94                . = ALIGN (0x4)
                0x0000000008001c94                PROVIDE (__preinit_array_start = .)
 *(.preinit_array*)
                0x0000000008001c94                PROVIDE (__preinit_array_end = .)
                0x0000000008001c94                . = ALIGN (0x4)

.init_array     0x0000000008001c94        0x4
                0x0000000008001c94                . = ALIGN (0x4)
                0x0000000008001c94                PROVIDE (__init_array_start = .)
 *(SORT_BY_NAME(.init_array.*))
 *(.init_array*)
 .init_array    0x0000000008001c94        0x4 D:/Program Files/STM32CubeIDE_1.14.1/STM32CubeIDE/plugins/com.st.stm32cube.ide.mcu.externaltools.gnu-tools-for-stm32.11.3.rel1.win32_1.1.100.202309141235/tools/bin/../lib/gcc/arm-none-eabi/11.3.1/thumb/v7e-m+fp/hard/crtbegin.o
                0x0000000008001c98                PROVIDE (__init_array_end = .)
                0x0000000008001c98                . = ALIGN (0x4)

.fini_array     0x0000000008001c98        0x4
                0x0000000008001c98                . = ALIGN (0x4)
                [!provide]                        PROVIDE (__fini_array_start = .)
 *(SORT_BY_NAME(.fini_array.*))
 *(.fini_array*)
 .fini_array    0x0000000008001c98        0x4 D:/Program Files/STM32CubeIDE_1.14.1/STM32CubeIDE/plugins/com.st.stm32cube.ide.mcu.externaltools.gnu-tools-for-stm32.11.3.rel1.win32_1.1.100.202309141235/tools/bin/../lib/gcc/arm-none-eabi/11.3.1/thumb/v7e-m+fp/hard/crtbegin.o
                [!provide]                        PROVIDE (__fini_array_end = .)
                0x0000000008001c9c                . = ALIGN (0x4)
                0x0000000008001c9c                _sidata = LOADADDR (.data)

.data           0x0000000020000000       0x34 load address 0x0000000008001c9c
                0x0000000020000000                . = ALIGN (0x4)
                0x0000000020000000                _sdata = .
 *(.data)
 *(.data*)
 .data.a        0x0000000020000000       0x14 ./Core/Src/main.o
                0x0000000020000000                a
 .data.b        0x0000000020000014       0x14 ./Core/Src/main.o
                0x0000000020000014                b
 .data.SystemCoreClock
                0x0000000020000028        0x4 ./Core/Src/system_stm32g4xx.o
                0x0000000020000028                SystemCoreClock
 .data.uwTickPrio
                0x000000002000002c        0x4 ./Drivers/STM32G4xx_HAL_Driver/Src/stm32g4xx_hal.o
                0x000000002000002c                uwTickPrio
 .data.uwTickFreq
                0x0000000020000030        0x4 ./Drivers/STM32G4xx_HAL_Driver/Src/stm32g4xx_hal.o
                0x0000000020000030                uwTickFreq
 *(.RamFunc)
 *(.RamFunc*)
                0x0000000020000034                . = ALIGN (0x4)
                0x0000000020000034                _edata = .

.igot.plt       0x0000000020000034        0x0 load address 0x0000000008001cd0
 .igot.plt      0x0000000020000034        0x0 D:/Program Files/STM32CubeIDE_1.14.1/STM32CubeIDE/plugins/com.st.stm32cube.ide.mcu.externaltools.gnu-tools-for-stm32.11.3.rel1.win32_1.1.100.202309141235/tools/bin/../lib/gcc/arm-none-eabi/11.3.1/thumb/v7e-m+fp/hard/crtbegin.o
                0x0000000020000034                . = ALIGN (0x4)

.bss            0x0000000020000034       0x44 load address 0x0000000008001cd0
                0x0000000020000034                _sbss = .
                0x0000000020000034                __bss_start__ = _sbss
 *(.bss)
 .bss           0x0000000020000034       0x1c D:/Program Files/STM32CubeIDE_1.14.1/STM32CubeIDE/plugins/com.st.stm32cube.ide.mcu.externaltools.gnu-tools-for-stm32.11.3.rel1.win32_1.1.100.202309141235/tools/bin/../lib/gcc/arm-none-eabi/11.3.1/thumb/v7e-m+fp/hard/crtbegin.o
 *(.bss*)
 .bss.c         0x0000000020000050       0x24 ./Core/Src/main.o
                0x0000000020000050                c
 .bss.uwTick    0x0000000020000074        0x4 ./Drivers/STM32G4xx_HAL_Driver/Src/stm32g4xx_hal.o
                0x0000000020000074                uwTick
 *(COMMON)
                0x0000000020000078                . = ALIGN (0x4)
                0x0000000020000078                _ebss = .
                0x0000000020000078                __bss_end__ = _ebss

._user_heap_stack
                0x0000000020000078      0x600 load address 0x0000000008001cd0
                0x0000000020000078                . = ALIGN (0x8)
                [!provide]                        PROVIDE (end = .)
                0x0000000020000078                PROVIDE (_end = .)
                0x0000000020000278                . = (. + _Min_Heap_Size)
 *fill*         0x0000000020000078      0x200 
                0x0000000020000678                . = (. + _Min_Stack_Size)
 *fill*         0x0000000020000278      0x400 
                0x0000000020000678                . = ALIGN (0x8)

/DISCARD/
 libc.a(*)
 libm.a(*)
 libgcc.a(*)

.ARM.attributes
                0x0000000000000000       0x30
 *(.ARM.attributes)
 .ARM.attributes
                0x0000000000000000       0x1e D:/Program Files/STM32CubeIDE_1.14.1/STM32CubeIDE/plugins/com.st.stm32cube.ide.mcu.externaltools.gnu-tools-for-stm32.11.3.rel1.win32_1.1.100.202309141235/tools/bin/../lib/gcc/arm-none-eabi/11.3.1/thumb/v7e-m+fp/hard/crti.o
 .ARM.attributes
                0x000000000000001e       0x34 D:/Program Files/STM32CubeIDE_1.14.1/STM32CubeIDE/plugins/com.st.stm32cube.ide.mcu.externaltools.gnu-tools-for-stm32.11.3.rel1.win32_1.1.100.202309141235/tools/bin/../lib/gcc/arm-none-eabi/11.3.1/thumb/v7e-m+fp/hard/crtbegin.o
 .ARM.attributes
                0x0000000000000052       0x34 ./Core/Src/main.o
 .ARM.attributes
                0x0000000000000086       0x34 ./Core/Src/stm32g4xx_hal_msp.o
 .ARM.attributes
                0x00000000000000ba       0x34 ./Core/Src/stm32g4xx_it.o
 .ARM.attributes
                0x00000000000000ee       0x34 ./Core/Src/system_stm32g4xx.o
 .ARM.attributes
                0x0000000000000122       0x21 ./Core/Startup/startup_stm32g474retx.o
 .ARM.attributes
                0x0000000000000143       0x34 ./Drivers/STM32G4xx_HAL_Driver/Src/stm32g4xx_hal.o
 .ARM.attributes
                0x0000000000000177       0x34 ./Drivers/STM32G4xx_HAL_Driver/Src/stm32g4xx_hal_cortex.o
 .ARM.attributes
                0x00000000000001ab       0x34 ./Drivers/STM32G4xx_HAL_Driver/Src/stm32g4xx_hal_gpio.o
 .ARM.attributes
                0x00000000000001df       0x34 ./Drivers/STM32G4xx_HAL_Driver/Src/stm32g4xx_hal_pwr_ex.o
 .ARM.attributes
                0x0000000000000213       0x34 ./Drivers/STM32G4xx_HAL_Driver/Src/stm32g4xx_hal_rcc.o
 .ARM.attributes
                0x0000000000000247       0x34 D:\STM32G4\Benchmarking-STM32G4-Accelerators\BenchmarkingAccelerators\Drivers\DSP_Drivers\Lib\GCC\libarm_cortexM4lf_math.a(arm_conv_f32.o)
 .ARM.attributes
                0x000000000000027b       0x34 D:/Program Files/STM32CubeIDE_1.14.1/STM32CubeIDE/plugins/com.st.stm32cube.ide.mcu.externaltools.gnu-tools-for-stm32.11.3.rel1.win32_1.1.100.202309141235/tools/bin/../lib/gcc/arm-none-eabi/11.3.1/../../../../arm-none-eabi/lib/thumb/v7e-m+fp/hard\libc_nano.a(libc_a-memset.o)
 .ARM.attributes
                0x00000000000002af       0x34 D:/Program Files/STM32CubeIDE_1.14.1/STM32CubeIDE/plugins/com.st.stm32cube.ide.mcu.externaltools.gnu-tools-for-stm32.11.3.rel1.win32_1.1.100.202309141235/tools/bin/../lib/gcc/arm-none-eabi/11.3.1/../../../../arm-none-eabi/lib/thumb/v7e-m+fp/hard\libc_nano.a(libc_a-init.o)
 .ARM.attributes
                0x00000000000002e3       0x1e D:/Program Files/STM32CubeIDE_1.14.1/STM32CubeIDE/plugins/com.st.stm32cube.ide.mcu.externaltools.gnu-tools-for-stm32.11.3.rel1.win32_1.1.100.202309141235/tools/bin/../lib/gcc/arm-none-eabi/11.3.1/thumb/v7e-m+fp/hard/crtn.o
OUTPUT(BenchmarkingAccelerators.elf elf32-littlearm)
LOAD linker stubs
LOAD D:/Program Files/STM32CubeIDE_1.14.1/STM32CubeIDE/plugins/com.st.stm32cube.ide.mcu.externaltools.gnu-tools-for-stm32.11.3.rel1.win32_1.1.100.202309141235/tools/bin/../lib/gcc/arm-none-eabi/11.3.1/../../../../arm-none-eabi/lib/thumb/v7e-m+fp/hard\libc.a
LOAD D:/Program Files/STM32CubeIDE_1.14.1/STM32CubeIDE/plugins/com.st.stm32cube.ide.mcu.externaltools.gnu-tools-for-stm32.11.3.rel1.win32_1.1.100.202309141235/tools/bin/../lib/gcc/arm-none-eabi/11.3.1/../../../../arm-none-eabi/lib/thumb/v7e-m+fp/hard\libm.a
LOAD D:/Program Files/STM32CubeIDE_1.14.1/STM32CubeIDE/plugins/com.st.stm32cube.ide.mcu.externaltools.gnu-tools-for-stm32.11.3.rel1.win32_1.1.100.202309141235/tools/bin/../lib/gcc/arm-none-eabi/11.3.1/thumb/v7e-m+fp/hard\libgcc.a

.comment        0x0000000000000000       0xb8
 .comment       0x0000000000000000       0x43 D:/Program Files/STM32CubeIDE_1.14.1/STM32CubeIDE/plugins/com.st.stm32cube.ide.mcu.externaltools.gnu-tools-for-stm32.11.3.rel1.win32_1.1.100.202309141235/tools/bin/../lib/gcc/arm-none-eabi/11.3.1/thumb/v7e-m+fp/hard/crtbegin.o
                                         0x44 (size before relaxing)
 .comment       0x0000000000000043       0x44 ./Core/Src/main.o
 .comment       0x0000000000000043       0x44 ./Core/Src/stm32g4xx_hal_msp.o
 .comment       0x0000000000000043       0x44 ./Core/Src/stm32g4xx_it.o
 .comment       0x0000000000000043       0x44 ./Core/Src/system_stm32g4xx.o
 .comment       0x0000000000000043       0x44 ./Drivers/STM32G4xx_HAL_Driver/Src/stm32g4xx_hal.o
 .comment       0x0000000000000043       0x44 ./Drivers/STM32G4xx_HAL_Driver/Src/stm32g4xx_hal_cortex.o
 .comment       0x0000000000000043       0x44 ./Drivers/STM32G4xx_HAL_Driver/Src/stm32g4xx_hal_gpio.o
 .comment       0x0000000000000043       0x44 ./Drivers/STM32G4xx_HAL_Driver/Src/stm32g4xx_hal_pwr_ex.o
 .comment       0x0000000000000043       0x44 ./Drivers/STM32G4xx_HAL_Driver/Src/stm32g4xx_hal_rcc.o
 .comment       0x0000000000000043       0x75 D:\STM32G4\Benchmarking-STM32G4-Accelerators\BenchmarkingAccelerators\Drivers\DSP_Drivers\Lib\GCC\libarm_cortexM4lf_math.a(arm_conv_f32.o)
                                         0x76 (size before relaxing)

.debug_info     0x0000000000000000     0x56b8
 .debug_info    0x0000000000000000      0xa5c ./Core/Src/main.o
 .debug_info    0x0000000000000a5c      0x2da ./Core/Src/stm32g4xx_hal_msp.o
 .debug_info    0x0000000000000d36      0x14c ./Core/Src/stm32g4xx_it.o
 .debug_info    0x0000000000000e82      0x58e ./Core/Src/system_stm32g4xx.o
 .debug_info    0x0000000000001410       0x23 ./Core/Startup/startup_stm32g474retx.o
 .debug_info    0x0000000000001433      0xb95 ./Drivers/STM32G4xx_HAL_Driver/Src/stm32g4xx_hal.o
 .debug_info    0x0000000000001fc8      0xdad ./Drivers/STM32G4xx_HAL_Driver/Src/stm32g4xx_hal_cortex.o
 .debug_info    0x0000000000002d75      0x763 ./Drivers/STM32G4xx_HAL_Driver/Src/stm32g4xx_hal_gpio.o
 .debug_info    0x00000000000034d8      0x93f ./Drivers/STM32G4xx_HAL_Driver/Src/stm32g4xx_hal_pwr_ex.o
 .debug_info    0x0000000000003e17      0xbe0 ./Drivers/STM32G4xx_HAL_Driver/Src/stm32g4xx_hal_rcc.o
 .debug_info    0x00000000000049f7      0xcc1 D:\STM32G4\Benchmarking-STM32G4-Accelerators\BenchmarkingAccelerators\Drivers\DSP_Drivers\Lib\GCC\libarm_cortexM4lf_math.a(arm_conv_f32.o)

.debug_abbrev   0x0000000000000000     0x1315
 .debug_abbrev  0x0000000000000000      0x215 ./Core/Src/main.o
 .debug_abbrev  0x0000000000000215       0xd9 ./Core/Src/stm32g4xx_hal_msp.o
 .debug_abbrev  0x00000000000002ee       0xa0 ./Core/Src/stm32g4xx_it.o
 .debug_abbrev  0x000000000000038e      0x11a ./Core/Src/system_stm32g4xx.o
 .debug_abbrev  0x00000000000004a8       0x12 ./Core/Startup/startup_stm32g474retx.o
 .debug_abbrev  0x00000000000004ba      0x271 ./Drivers/STM32G4xx_HAL_Driver/Src/stm32g4xx_hal.o
 .debug_abbrev  0x000000000000072b      0x31c ./Drivers/STM32G4xx_HAL_Driver/Src/stm32g4xx_hal_cortex.o
 .debug_abbrev  0x0000000000000a47      0x1cb ./Drivers/STM32G4xx_HAL_Driver/Src/stm32g4xx_hal_gpio.o
 .debug_abbrev  0x0000000000000c12      0x22c ./Drivers/STM32G4xx_HAL_Driver/Src/stm32g4xx_hal_pwr_ex.o
 .debug_abbrev  0x0000000000000e3e      0x2c9 ./Drivers/STM32G4xx_HAL_Driver/Src/stm32g4xx_hal_rcc.o
 .debug_abbrev  0x0000000000001107      0x20e D:\STM32G4\Benchmarking-STM32G4-Accelerators\BenchmarkingAccelerators\Drivers\DSP_Drivers\Lib\GCC\libarm_cortexM4lf_math.a(arm_conv_f32.o)

.debug_aranges  0x0000000000000000      0x5c0
 .debug_aranges
                0x0000000000000000       0x38 ./Core/Src/main.o
 .debug_aranges
                0x0000000000000038       0x20 ./Core/Src/stm32g4xx_hal_msp.o
 .debug_aranges
                0x0000000000000058       0x68 ./Core/Src/stm32g4xx_it.o
 .debug_aranges
                0x00000000000000c0       0x28 ./Core/Src/system_stm32g4xx.o
 .debug_aranges
                0x00000000000000e8       0x28 ./Core/Startup/startup_stm32g474retx.o
 .debug_aranges
                0x0000000000000110      0x148 ./Drivers/STM32G4xx_HAL_Driver/Src/stm32g4xx_hal.o
 .debug_aranges
                0x0000000000000258      0x118 ./Drivers/STM32G4xx_HAL_Driver/Src/stm32g4xx_hal_cortex.o
 .debug_aranges
                0x0000000000000370       0x58 ./Drivers/STM32G4xx_HAL_Driver/Src/stm32g4xx_hal_gpio.o
 .debug_aranges
                0x00000000000003c8      0x140 ./Drivers/STM32G4xx_HAL_Driver/Src/stm32g4xx_hal_pwr_ex.o
 .debug_aranges
                0x0000000000000508       0x98 ./Drivers/STM32G4xx_HAL_Driver/Src/stm32g4xx_hal_rcc.o
 .debug_aranges
                0x00000000000005a0       0x20 D:\STM32G4\Benchmarking-STM32G4-Accelerators\BenchmarkingAccelerators\Drivers\DSP_Drivers\Lib\GCC\libarm_cortexM4lf_math.a(arm_conv_f32.o)

.debug_rnglists
                0x0000000000000000      0x419
 .debug_rnglists
                0x0000000000000000       0x27 ./Core/Src/main.o
 .debug_rnglists
                0x0000000000000027       0x13 ./Core/Src/stm32g4xx_hal_msp.o
 .debug_rnglists
                0x000000000000003a       0x49 ./Core/Src/stm32g4xx_it.o
 .debug_rnglists
                0x0000000000000083       0x1a ./Core/Src/system_stm32g4xx.o
 .debug_rnglists
                0x000000000000009d       0x19 ./Core/Startup/startup_stm32g474retx.o
 .debug_rnglists
                0x00000000000000b6       0xf1 ./Drivers/STM32G4xx_HAL_Driver/Src/stm32g4xx_hal.o
 .debug_rnglists
                0x00000000000001a7       0xce ./Drivers/STM32G4xx_HAL_Driver/Src/stm32g4xx_hal_cortex.o
 .debug_rnglists
                0x0000000000000275       0x3f ./Drivers/STM32G4xx_HAL_Driver/Src/stm32g4xx_hal_gpio.o
 .debug_rnglists
                0x00000000000002b4       0xf1 ./Drivers/STM32G4xx_HAL_Driver/Src/stm32g4xx_hal_pwr_ex.o
 .debug_rnglists
                0x00000000000003a5       0x74 ./Drivers/STM32G4xx_HAL_Driver/Src/stm32g4xx_hal_rcc.o

.debug_macro    0x0000000000000000    0x23e84
 .debug_macro   0x0000000000000000      0x2b7 ./Core/Src/main.o
 .debug_macro   0x00000000000002b7      0xaa8 ./Core/Src/main.o
 .debug_macro   0x0000000000000d5f      0x14f ./Core/Src/main.o
 .debug_macro   0x0000000000000eae       0x2e ./Core/Src/main.o
 .debug_macro   0x0000000000000edc       0x28 ./Core/Src/main.o
 .debug_macro   0x0000000000000f04       0x22 ./Core/Src/main.o
 .debug_macro   0x0000000000000f26       0x8e ./Core/Src/main.o
 .debug_macro   0x0000000000000fb4       0x51 ./Core/Src/main.o
 .debug_macro   0x0000000000001005      0x103 ./Core/Src/main.o
 .debug_macro   0x0000000000001108       0x6a ./Core/Src/main.o
 .debug_macro   0x0000000000001172      0x1df ./Core/Src/main.o
 .debug_macro   0x0000000000001351       0x1c ./Core/Src/main.o
 .debug_macro   0x000000000000136d       0x22 ./Core/Src/main.o
 .debug_macro   0x000000000000138f       0xfb ./Core/Src/main.o
 .debug_macro   0x000000000000148a     0x1011 ./Core/Src/main.o
 .debug_macro   0x000000000000249b      0x11f ./Core/Src/main.o
 .debug_macro   0x00000000000025ba    0x18b45 ./Core/Src/main.o
 .debug_macro   0x000000000001b0ff       0x6d ./Core/Src/main.o
 .debug_macro   0x000000000001b16c     0x354d ./Core/Src/main.o
 .debug_macro   0x000000000001e6b9      0x174 ./Core/Src/main.o
 .debug_macro   0x000000000001e82d       0x5c ./Core/Src/main.o
 .debug_macro   0x000000000001e889     0x171f ./Core/Src/main.o
 .debug_macro   0x000000000001ffa8      0x600 ./Core/Src/main.o
 .debug_macro   0x00000000000205a8      0x1b6 ./Core/Src/main.o
 .debug_macro   0x000000000002075e      0x34a ./Core/Src/main.o
 .debug_macro   0x0000000000020aa8      0x53c ./Core/Src/main.o
 .debug_macro   0x0000000000020fe4      0x18b ./Core/Src/main.o
 .debug_macro   0x000000000002116f       0x43 ./Core/Src/main.o
 .debug_macro   0x00000000000211b2      0x23d ./Core/Src/main.o
 .debug_macro   0x00000000000213ef      0x211 ./Core/Src/main.o
 .debug_macro   0x0000000000021600      0x45c ./Core/Src/main.o
 .debug_macro   0x0000000000021a5c      0x11c ./Core/Src/main.o
 .debug_macro   0x0000000000021b78      0x122 ./Core/Src/main.o
 .debug_macro   0x0000000000021c9a      0x3d1 ./Core/Src/main.o
 .debug_macro   0x000000000002206b      0x358 ./Core/Src/main.o
 .debug_macro   0x00000000000223c3       0x5e ./Core/Src/main.o
 .debug_macro   0x0000000000022421       0x61 ./Core/Src/main.o
 .debug_macro   0x0000000000022482       0x2a ./Core/Src/main.o
 .debug_macro   0x00000000000224ac       0x43 ./Core/Src/main.o
 .debug_macro   0x00000000000224ef       0x34 ./Core/Src/main.o
 .debug_macro   0x0000000000022523       0x16 ./Core/Src/main.o
 .debug_macro   0x0000000000022539       0x43 ./Core/Src/main.o
 .debug_macro   0x000000000002257c       0x34 ./Core/Src/main.o
 .debug_macro   0x00000000000225b0       0x10 ./Core/Src/main.o
 .debug_macro   0x00000000000225c0       0x58 ./Core/Src/main.o
 .debug_macro   0x0000000000022618       0x8e ./Core/Src/main.o
 .debug_macro   0x00000000000226a6       0x1c ./Core/Src/main.o
 .debug_macro   0x00000000000226c2      0x177 ./Core/Src/main.o
 .debug_macro   0x0000000000022839      0x369 ./Core/Src/main.o
 .debug_macro   0x0000000000022ba2       0x10 ./Core/Src/main.o
 .debug_macro   0x0000000000022bb2       0x35 ./Core/Src/main.o
 .debug_macro   0x0000000000022be7       0x20 ./Core/Src/main.o
 .debug_macro   0x0000000000022c07      0x19b ./Core/Src/main.o
 .debug_macro   0x0000000000022da2      0x201 ./Core/Src/main.o
 .debug_macro   0x0000000000022fa3       0xc8 ./Core/Src/main.o
 .debug_macro   0x000000000002306b      0x1b5 ./Core/Src/stm32g4xx_hal_msp.o
 .debug_macro   0x0000000000023220      0x1bf ./Core/Src/stm32g4xx_it.o
 .debug_macro   0x00000000000233df      0x1a6 ./Core/Src/system_stm32g4xx.o
 .debug_macro   0x0000000000023585      0x1f4 ./Drivers/STM32G4xx_HAL_Driver/Src/stm32g4xx_hal.o
 .debug_macro   0x0000000000023779      0x1a6 ./Drivers/STM32G4xx_HAL_Driver/Src/stm32g4xx_hal_cortex.o
 .debug_macro   0x000000000002391f      0x1ad ./Drivers/STM32G4xx_HAL_Driver/Src/stm32g4xx_hal_gpio.o
 .debug_macro   0x0000000000023acc      0x1d0 ./Drivers/STM32G4xx_HAL_Driver/Src/stm32g4xx_hal_pwr_ex.o
 .debug_macro   0x0000000000023c9c      0x1e8 ./Drivers/STM32G4xx_HAL_Driver/Src/stm32g4xx_hal_rcc.o

.debug_line     0x0000000000000000     0x6910
 .debug_line    0x0000000000000000      0xa98 ./Core/Src/main.o
 .debug_line    0x0000000000000a98      0x703 ./Core/Src/stm32g4xx_hal_msp.o
 .debug_line    0x000000000000119b      0x7dc ./Core/Src/stm32g4xx_it.o
 .debug_line    0x0000000000001977      0x76b ./Core/Src/system_stm32g4xx.o
 .debug_line    0x00000000000020e2       0x7b ./Core/Startup/startup_stm32g474retx.o
 .debug_line    0x000000000000215d      0xb2a ./Drivers/STM32G4xx_HAL_Driver/Src/stm32g4xx_hal.o
 .debug_line    0x0000000000002c87      0xc95 ./Drivers/STM32G4xx_HAL_Driver/Src/stm32g4xx_hal_cortex.o
 .debug_line    0x000000000000391c      0xb25 ./Drivers/STM32G4xx_HAL_Driver/Src/stm32g4xx_hal_gpio.o
 .debug_line    0x0000000000004441      0xc99 ./Drivers/STM32G4xx_HAL_Driver/Src/stm32g4xx_hal_pwr_ex.o
 .debug_line    0x00000000000050da      0xef2 ./Drivers/STM32G4xx_HAL_Driver/Src/stm32g4xx_hal_rcc.o
 .debug_line    0x0000000000005fcc      0x944 D:\STM32G4\Benchmarking-STM32G4-Accelerators\BenchmarkingAccelerators\Drivers\DSP_Drivers\Lib\GCC\libarm_cortexM4lf_math.a(arm_conv_f32.o)

.debug_str      0x0000000000000000    0xe34f5
 .debug_str     0x0000000000000000    0xe18db ./Core/Src/main.o
                                      0xe1c7a (size before relaxing)
 .debug_str     0x00000000000e18db       0x4d ./Core/Src/stm32g4xx_hal_msp.o
                                      0xdce76 (size before relaxing)
 .debug_str     0x00000000000e1928       0xf7 ./Core/Src/stm32g4xx_it.o
                                      0xdcdc7 (size before relaxing)
 .debug_str     0x00000000000e1a1f       0xdb ./Core/Src/system_stm32g4xx.o
                                      0xdcda7 (size before relaxing)
 .debug_str     0x00000000000e1afa       0x34 ./Core/Startup/startup_stm32g474retx.o
                                         0x80 (size before relaxing)
 .debug_str     0x00000000000e1b2e      0x5ed ./Drivers/STM32G4xx_HAL_Driver/Src/stm32g4xx_hal.o
                                      0xddab9 (size before relaxing)
 .debug_str     0x00000000000e211b      0x342 ./Drivers/STM32G4xx_HAL_Driver/Src/stm32g4xx_hal_cortex.o
                                      0xdd73d (size before relaxing)
 .debug_str     0x00000000000e245d      0x11f ./Drivers/STM32G4xx_HAL_Driver/Src/stm32g4xx_hal_gpio.o
                                      0xdcf32 (size before relaxing)
 .debug_str     0x00000000000e257c      0x4a5 ./Drivers/STM32G4xx_HAL_Driver/Src/stm32g4xx_hal_pwr_ex.o
                                      0xdd295 (size before relaxing)
 .debug_str     0x00000000000e2a21      0x506 ./Drivers/STM32G4xx_HAL_Driver/Src/stm32g4xx_hal_rcc.o
                                      0xdd4c6 (size before relaxing)
 .debug_str     0x00000000000e2f27      0x5ce D:\STM32G4\Benchmarking-STM32G4-Accelerators\BenchmarkingAccelerators\Drivers\DSP_Drivers\Lib\GCC\libarm_cortexM4lf_math.a(arm_conv_f32.o)
                                        0x6cf (size before relaxing)

.debug_frame    0x0000000000000000     0x14e4
 .debug_frame   0x0000000000000000       0x90 ./Core/Src/main.o
 .debug_frame   0x0000000000000090       0x34 ./Core/Src/stm32g4xx_hal_msp.o
 .debug_frame   0x00000000000000c4      0x120 ./Core/Src/stm32g4xx_it.o
 .debug_frame   0x00000000000001e4       0x58 ./Core/Src/system_stm32g4xx.o
 .debug_frame   0x000000000000023c      0x500 ./Drivers/STM32G4xx_HAL_Driver/Src/stm32g4xx_hal.o
 .debug_frame   0x000000000000073c      0x498 ./Drivers/STM32G4xx_HAL_Driver/Src/stm32g4xx_hal_cortex.o
 .debug_frame   0x0000000000000bd4      0x14c ./Drivers/STM32G4xx_HAL_Driver/Src/stm32g4xx_hal_gpio.o
 .debug_frame   0x0000000000000d20      0x4fc ./Drivers/STM32G4xx_HAL_Driver/Src/stm32g4xx_hal_pwr_ex.o
 .debug_frame   0x000000000000121c      0x23c ./Drivers/STM32G4xx_HAL_Driver/Src/stm32g4xx_hal_rcc.o
 .debug_frame   0x0000000000001458       0x40 D:\STM32G4\Benchmarking-STM32G4-Accelerators\BenchmarkingAccelerators\Drivers\DSP_Drivers\Lib\GCC\libarm_cortexM4lf_math.a(arm_conv_f32.o)
 .debug_frame   0x0000000000001498       0x20 D:/Program Files/STM32CubeIDE_1.14.1/STM32CubeIDE/plugins/com.st.stm32cube.ide.mcu.externaltools.gnu-tools-for-stm32.11.3.rel1.win32_1.1.100.202309141235/tools/bin/../lib/gcc/arm-none-eabi/11.3.1/../../../../arm-none-eabi/lib/thumb/v7e-m+fp/hard\libc_nano.a(libc_a-memset.o)
 .debug_frame   0x00000000000014b8       0x2c D:/Program Files/STM32CubeIDE_1.14.1/STM32CubeIDE/plugins/com.st.stm32cube.ide.mcu.externaltools.gnu-tools-for-stm32.11.3.rel1.win32_1.1.100.202309141235/tools/bin/../lib/gcc/arm-none-eabi/11.3.1/../../../../arm-none-eabi/lib/thumb/v7e-m+fp/hard\libc_nano.a(libc_a-init.o)

.debug_line_str
                0x0000000000000000       0x74
 .debug_line_str
                0x0000000000000000       0x74 ./Core/Startup/startup_stm32g474retx.o
                                         0x8c (size before relaxing)

.debug_loc      0x0000000000000000     0x1363
 .debug_loc     0x0000000000000000     0x1363 D:\STM32G4\Benchmarking-STM32G4-Accelerators\BenchmarkingAccelerators\Drivers\DSP_Drivers\Lib\GCC\libarm_cortexM4lf_math.a(arm_conv_f32.o)

.debug_ranges   0x0000000000000000       0x10
 .debug_ranges  0x0000000000000000       0x10 D:\STM32G4\Benchmarking-STM32G4-Accelerators\BenchmarkingAccelerators\Drivers\DSP_Drivers\Lib\GCC\libarm_cortexM4lf_math.a(arm_conv_f32.o)
