../Core/Src/main.c:93:5:main	64	static
../Core/Src/main.c:187:6:SystemClock_Config	88	static
../Core/Src/main.c:231:13:MX_ADC1_Init	56	static
../Core/Src/main.c:295:13:MX_DAC1_Init	56	static
../Core/Src/main.c:345:13:MX_FMAC_Init	8	static
../Core/Src/main.c:369:13:MX_LPUART1_UART_Init	8	static
../Core/Src/main.c:413:13:MX_TIM6_Init	24	static
../Core/Src/main.c:448:13:MX_DMA_Init	16	static
../Core/Src/main.c:477:13:MX_GPIO_Init	48	static
../Core/Src/main.c:514:6:HAL_FMAC_OutputDataReadyCallback	24	static
../Core/Src/main.c:530:6:Error_Handler	4	static,ignoring_inline_asm
