../Core/Src/main.c:96:5:main	120	static
../Core/Src/main.c:191:6:SystemClock_Config	88	static
../Core/Src/main.c:235:13:MX_ADC1_Init	56	static
../Core/Src/main.c:299:13:MX_DAC1_Init	56	static
../Core/Src/main.c:349:13:MX_FMAC_Init	8	static
../Core/Src/main.c:373:13:MX_LPUART1_UART_Init	8	static
../Core/Src/main.c:417:13:MX_TIM6_Init	24	static
../Core/Src/main.c:452:13:MX_DMA_Init	16	static
../Core/Src/main.c:481:13:MX_GPIO_Init	48	static
../Core/Src/main.c:518:6:HAL_FMAC_OutputDataReadyCallback	24	static
../Core/Src/main.c:534:6:Error_Handler	4	static,ignoring_inline_asm
