../Core/Src/stm32g4xx_it.c:83:6:NMI_Handler	4	static
../Core/Src/stm32g4xx_it.c:96:6:HardFault_Handler	4	static
../Core/Src/stm32g4xx_it.c:109:6:MemManage_Handler	4	static
../Core/Src/stm32g4xx_it.c:122:6:BusFault_Handler	4	static
../Core/Src/stm32g4xx_it.c:135:6:UsageFault_Handler	4	static
../Core/Src/stm32g4xx_it.c:148:6:SVC_Handler	4	static
../Core/Src/stm32g4xx_it.c:160:6:DebugMon_Handler	4	static
../Core/Src/stm32g4xx_it.c:172:6:PendSV_Handler	4	static
../Core/Src/stm32g4xx_it.c:184:6:SysTick_Handler	8	static
../Core/Src/stm32g4xx_it.c:204:6:DMA1_Channel1_IRQHandler	8	static
../Core/Src/stm32g4xx_it.c:217:6:DMA1_Channel2_IRQHandler	8	static
../Core/Src/stm32g4xx_it.c:230:6:DMA1_Channel3_IRQHandler	8	static
../Core/Src/stm32g4xx_it.c:246:6:ADC1_2_IRQHandler	8	static
../Core/Src/stm32g4xx_it.c:259:6:EXTI15_10_IRQHandler	8	static
../Core/Src/stm32g4xx_it.c:272:6:TIM6_DAC_IRQHandler	8	static
../Core/Src/stm32g4xx_it.c:339:6:HAL_ADC_ConvCpltCallback	48	static
../Core/Src/stm32g4xx_it.c:390:6:FMAC_IRQHandler	8	static
