2025-06-23 12:42:41,271 [INFO] Activator:176 - 


2025-06-23 12:42:41,277 [INFO] Activator:177 - !SESSION log4j initialized
2025-06-23 12:42:46,543 [INFO] LogOutputStream:77 - [STDOUT_REDIRECT] 
2025-06-23 12:42:51,022 [INFO] ApplicationProperties:184 - Using Application install path: D:\Program Files\STM32CubeIDE_1.14.1\STM32CubeIDE\plugins\com.st.stm32cube.common.mx_6.10.0.202311202037
2025-06-23 12:42:51,039 [INFO] DbMcusXml:78 - Set database path to: D:\Program Files\STM32CubeIDE_1.14.1\STM32CubeIDE\plugins\com.st.stm32cube.common.mx_6.10.0.202311202037\\db\/mcu/
2025-06-23 12:42:51,039 [INFO] ApiDb:274 - Set plugin database path to: D:\Program Files\STM32CubeIDE_1.14.1\STM32CubeIDE\plugins\com.st.stm32cube.common.mx_6.10.0.202311202037\\db\/plugins/boardmanager/
2025-06-23 12:42:51,039 [WARN] ApiDb:259 - Overriding images path with different value:  => D:\Program Files\STM32CubeIDE_1.14.1\STM32CubeIDE\plugins\com.st.stm32cube.common.mx_6.10.0.202311202037\\db\/plugins/mcufinder/images/
2025-06-23 12:42:51,048 [INFO] ApiDb:250 - Set database path to: C:\Users\abhim\.stmcufinder\plugins\mcufinder//mcu/
2025-06-23 12:42:51,050 [INFO] DbMcusAds:125 - Set database path to: C:\Users\abhim\.stmcufinder\plugins\mcufinder//mcu/
2025-06-23 12:42:51,053 [INFO] CrossReferenceDbSqlite:203 - Set database path to: C:\Users\abhim\.stmcufinder\plugins\mcufinder//mcu/cs/
2025-06-23 12:42:51,187 [INFO] RulesReader:64 - Compatibility file has been processed (297 Rules)
2025-06-23 12:42:51,254 [INFO] DbMcusXml:78 - Set database path to: D:\Program Files\STM32CubeIDE_1.14.1\STM32CubeIDE\plugins\com.st.stm32cube.common.mx_6.10.0.202311202037\\db\/mcu/
2025-06-23 12:42:51,254 [INFO] ApiDb:274 - Set plugin database path to: D:\Program Files\STM32CubeIDE_1.14.1\STM32CubeIDE\plugins\com.st.stm32cube.common.mx_6.10.0.202311202037\\db\/plugins/boardmanager/
2025-06-23 12:42:51,254 [INFO] ApiDb:261 - Set plugin images path to: D:\Program Files\STM32CubeIDE_1.14.1\STM32CubeIDE\plugins\com.st.stm32cube.common.mx_6.10.0.202311202037\\db\/plugins/mcufinder/images/
2025-06-23 12:42:51,255 [WARN] DbFile:41 - Overriding database path with different value: C:\Users\abhim\.stmcufinder\plugins\mcufinder/ => C:\Users\abhim\.stmcufinder\plugins\mcufinder
2025-06-23 12:42:51,255 [INFO] ApiDb:250 - Set database path to: C:\Users\abhim\.stmcufinder\plugins\mcufinder//mcu/
2025-06-23 12:42:51,255 [WARN] DbFile:41 - Overriding database path with different value: C:\Users\abhim\.stmcufinder\plugins\mcufinder/ => C:\Users\abhim\.stmcufinder\plugins\mcufinder
2025-06-23 12:42:51,255 [INFO] DbMcusAds:125 - Set database path to: C:\Users\abhim\.stmcufinder\plugins\mcufinder//mcu/
2025-06-23 12:42:51,255 [WARN] DbFile:41 - Overriding database path with different value: C:\Users\abhim\.stmcufinder\plugins\mcufinder/ => C:\Users\abhim\.stmcufinder\plugins\mcufinder
2025-06-23 12:42:51,255 [WARN] DbFile:41 - Overriding database path with different value: C:\Users\abhim\.stmcufinder\plugins\mcufinder/ => C:\Users\abhim\.stmcufinder\plugins\mcufinder
2025-06-23 12:42:51,255 [INFO] CrossReferenceDbSqlite:203 - Set database path to: C:\Users\abhim\.stmcufinder\plugins\mcufinder//mcu/cs/
2025-06-23 12:42:51,321 [INFO] MainPanel:264 - HeapMemory: 268435456
2025-06-23 12:42:51,399 [INFO] DbMcusXml:78 - Set database path to: D:\Program Files\STM32CubeIDE_1.14.1\STM32CubeIDE\plugins\com.st.stm32cube.common.mx_6.10.0.202311202037\\db\/mcu/
2025-06-23 12:42:51,399 [INFO] ApiDb:274 - Set plugin database path to: D:\Program Files\STM32CubeIDE_1.14.1\STM32CubeIDE\plugins\com.st.stm32cube.common.mx_6.10.0.202311202037\\db\/plugins/boardmanager/
2025-06-23 12:42:51,400 [INFO] ApiDb:261 - Set plugin images path to: D:\Program Files\STM32CubeIDE_1.14.1\STM32CubeIDE\plugins\com.st.stm32cube.common.mx_6.10.0.202311202037\\db\/plugins/mcufinder/images/
2025-06-23 12:42:51,400 [WARN] DbFile:41 - Overriding database path with different value: C:\Users\abhim\.stmcufinder\plugins\mcufinder/ => C:\Users\abhim\.stmcufinder\plugins\mcufinder
2025-06-23 12:42:51,400 [INFO] ApiDb:250 - Set database path to: C:\Users\abhim\.stmcufinder\plugins\mcufinder//mcu/
2025-06-23 12:42:51,400 [WARN] DbFile:41 - Overriding database path with different value: C:\Users\abhim\.stmcufinder\plugins\mcufinder/ => C:\Users\abhim\.stmcufinder\plugins\mcufinder
2025-06-23 12:42:51,400 [INFO] DbMcusAds:125 - Set database path to: C:\Users\abhim\.stmcufinder\plugins\mcufinder//mcu/
2025-06-23 12:42:51,400 [WARN] DbFile:41 - Overriding database path with different value: C:\Users\abhim\.stmcufinder\plugins\mcufinder/ => C:\Users\abhim\.stmcufinder\plugins\mcufinder
2025-06-23 12:42:51,400 [WARN] DbFile:41 - Overriding database path with different value: C:\Users\abhim\.stmcufinder\plugins\mcufinder/ => C:\Users\abhim\.stmcufinder\plugins\mcufinder
2025-06-23 12:42:51,400 [INFO] CrossReferenceDbSqlite:203 - Set database path to: C:\Users\abhim\.stmcufinder\plugins\mcufinder//mcu/cs/
2025-06-23 12:42:51,418 [INFO] ApplicationProperties:184 - Using Application install path: D:\Program Files\STM32CubeIDE_1.14.1\STM32CubeIDE\plugins\com.st.stm32cube.common.mx_6.10.0.202311202037
2025-06-23 12:42:51,419 [INFO] PluginManage:196 - Search for loadable plugins [exclusion list=, ]
2025-06-23 12:42:51,421 [INFO] PluginManage:310 - Check plugin analytics
2025-06-23 12:42:51,582 [INFO] AnalyticsPlugin:253 - Accepted Software Licenses: 
2025-06-23 12:42:51,583 [INFO] AnalyticsPlugin:255 - Accepted CMSIS Pack Licenses: 
2025-06-23 12:42:51,583 [INFO] AnalyticsPlugin:257 - Accepted Firmware Licenses: FW.G4.1.5.0
2025-06-23 12:42:51,585 [INFO] PluginManage:359 - Loaded plugin analytics (category:tool,tabindex:-1)
2025-06-23 12:42:51,586 [INFO] PluginManage:310 - Check plugin cadmodel
2025-06-23 12:42:51,605 [INFO] CADModel:105 - Init CAD model plugin
2025-06-23 12:42:51,606 [INFO] PluginManage:359 - Loaded plugin cadmodel (category:power,tabindex:5)
2025-06-23 12:42:51,606 [INFO] PluginManage:310 - Check plugin clock
2025-06-23 12:42:51,631 [INFO] PluginManage:359 - Loaded plugin clock (category:base,tabindex:2)
2025-06-23 12:42:51,631 [INFO] PluginManage:310 - Check plugin ddr
2025-06-23 12:42:51,634 [INFO] PluginManage:359 - Loaded plugin ddr (category:tool,tabindex:6)
2025-06-23 12:42:51,634 [INFO] PluginManage:310 - Check plugin filemanager
2025-06-23 12:42:51,760 [INFO] PluginManage:359 - Loaded plugin filemanager (category:base,tabindex:10)
2025-06-23 12:42:51,760 [INFO] PluginManage:310 - Check plugin ipmanager
2025-06-23 12:42:51,766 [INFO] PluginManage:359 - Loaded plugin ipmanager (category:base,tabindex:5)
2025-06-23 12:42:51,766 [INFO] PluginManage:310 - Check plugin lpbam
2025-06-23 12:42:51,784 [INFO] PluginManage:359 - Loaded plugin lpbam (category:base,tabindex:0)
2025-06-23 12:42:51,785 [INFO] PluginManage:310 - Check plugin memorymap
2025-06-23 12:42:51,807 [INFO] PluginManage:359 - Loaded plugin memorymap (category:base,tabindex:4)
2025-06-23 12:42:51,807 [INFO] PluginManage:310 - Check plugin pinoutandconfiguration
2025-06-23 12:42:51,825 [INFO] PluginManage:359 - Loaded plugin pinoutandconfiguration (category:base,tabindex:1)
2025-06-23 12:42:51,825 [INFO] PluginManage:310 - Check plugin pinoutconfig
2025-06-23 12:42:51,909 [WARN] SupportedApi:132 - Cannot load RTOS API schema: s4s-elt-must-match.1: The content of 'definitions' must match (annotation?, (simpleType | complexType)?, (unique | key | keyref)*)). A problem was found starting at: attribute.
2025-06-23 12:42:52,012 [INFO] PluginManage:359 - Loaded plugin pinoutconfig (category:base,tabindex:0)
2025-06-23 12:42:52,012 [INFO] PluginManage:310 - Check plugin power
2025-06-23 12:42:52,032 [INFO] PluginManage:359 - Loaded plugin power (category:power,tabindex:4)
2025-06-23 12:42:52,032 [INFO] PluginManage:310 - Check plugin projectmanager
2025-06-23 12:42:52,045 [INFO] PluginManage:359 - Loaded plugin projectmanager (category:projectmanager,tabindex:3)
2025-06-23 12:42:52,046 [INFO] PluginManage:310 - Check plugin thirdparty
2025-06-23 12:42:52,342 [INFO] PluginManage:359 - Loaded plugin thirdparty (category:base,tabindex:-1)
2025-06-23 12:42:52,342 [WARN] IntegrityCheckThread:84 - waiting for thirdparty lock release [integrity check]
2025-06-23 12:42:52,342 [INFO] PluginManage:310 - Check plugin tools
2025-06-23 12:42:52,343 [INFO] IntegrityCheckThread:86 - entering critical section [integrity check]
2025-06-23 12:42:52,343 [INFO] ThirdPartyUpdaterWithRetryManager:70 - Updater plugin not ready yet. [1/15]
2025-06-23 12:42:52,380 [INFO] PluginManage:359 - Loaded plugin tools (category:base,tabindex:7)
2025-06-23 12:42:52,380 [INFO] PluginManage:310 - Check plugin tutovideos
2025-06-23 12:42:52,559 [INFO] PluginManage:359 - Loaded plugin tutovideos (category:base,tabindex:-1)
2025-06-23 12:42:52,559 [INFO] PluginManage:310 - Check plugin updater
2025-06-23 12:42:52,568 [INFO] PluginManage:359 - Loaded plugin updater (category:base,tabindex:12)
2025-06-23 12:42:52,569 [INFO] PluginManage:310 - Check plugin userauth
2025-06-23 12:42:52,574 [INFO] UserAuth:114 - Init User Auth plugin
2025-06-23 12:42:52,574 [INFO] PluginManage:359 - Loaded plugin userauth (category:base,tabindex:14)
2025-06-23 12:42:52,574 [INFO] PluginManage:283 - PluginManage : Loaded plugins [17]
2025-06-23 12:42:52,769 [INFO] PinOutPanel:1499 - setPackage(No Configuration,No Configuration)
2025-06-23 12:42:52,830 [INFO] CADModel:165 - CPN selected for project level
2025-06-23 12:42:52,830 [INFO] CADModel:114 - Register for checkConnection events
2025-06-23 12:42:52,855 [INFO] IPUIPlugin:80 - create IPUIPlugin
2025-06-23 12:42:52,855 [INFO] PluginManager:220 - loadIPPluginJar : add adc
2025-06-23 12:42:52,890 [INFO] IPUIPlugin:80 - create IPUIPlugin
2025-06-23 12:42:52,891 [INFO] PluginManager:220 - loadIPPluginJar : add aes
2025-06-23 12:42:52,939 [INFO] IPUIPlugin:80 - create IPUIPlugin
2025-06-23 12:42:52,939 [INFO] PluginManager:220 - loadIPPluginJar : add can
2025-06-23 12:42:52,965 [INFO] IPUIPlugin:80 - create IPUIPlugin
2025-06-23 12:42:52,965 [INFO] PluginManager:220 - loadIPPluginJar : add comp
2025-06-23 12:42:53,001 [INFO] IPUIPlugin:80 - create IPUIPlugin
2025-06-23 12:42:53,001 [INFO] PluginManager:220 - loadIPPluginJar : add cryp
2025-06-23 12:42:53,033 [INFO] IPUIPlugin:80 - create IPUIPlugin
2025-06-23 12:42:53,033 [INFO] PluginManager:220 - loadIPPluginJar : add dfsdm
2025-06-23 12:42:53,048 [INFO] IPUIPlugin:80 - create IPUIPlugin
2025-06-23 12:42:53,048 [INFO] PluginManager:220 - loadIPPluginJar : add dma
2025-06-23 12:42:53,095 [INFO] IPUIPlugin:80 - create IPUIPlugin
2025-06-23 12:42:53,095 [INFO] PluginManager:220 - loadIPPluginJar : add dma3
2025-06-23 12:42:53,118 [INFO] IPUIPlugin:80 - create IPUIPlugin
2025-06-23 12:42:53,118 [INFO] PluginManager:220 - loadIPPluginJar : add fatfs
2025-06-23 12:42:53,165 [INFO] IPUIPlugin:80 - create IPUIPlugin
2025-06-23 12:42:53,165 [INFO] PluginManager:220 - loadIPPluginJar : add fmc
2025-06-23 12:42:53,180 [INFO] IPUIPlugin:80 - create IPUIPlugin
2025-06-23 12:42:53,180 [INFO] PluginManager:220 - loadIPPluginJar : add freertos
2025-06-23 12:42:53,204 [INFO] IPUIPlugin:80 - create IPUIPlugin
2025-06-23 12:42:53,205 [INFO] PluginManager:220 - loadIPPluginJar : add genericplugin
2025-06-23 12:42:53,311 [INFO] IPUIPlugin:80 - create IPUIPlugin
2025-06-23 12:42:53,311 [INFO] PluginManager:220 - loadIPPluginJar : add gfxmmu
2025-06-23 12:42:53,463 [INFO] IPUIPlugin:80 - create IPUIPlugin
2025-06-23 12:42:53,463 [INFO] PluginManager:220 - loadIPPluginJar : add gic
2025-06-23 12:42:53,476 [INFO] IPUIPlugin:80 - create IPUIPlugin
2025-06-23 12:42:53,476 [INFO] PluginManager:220 - loadIPPluginJar : add gpio
2025-06-23 12:42:53,570 [INFO] IPUIPlugin:80 - create IPUIPlugin
2025-06-23 12:42:53,571 [INFO] PluginManager:220 - loadIPPluginJar : add gtzc
2025-06-23 12:42:53,608 [INFO] IPUIPlugin:80 - create IPUIPlugin
2025-06-23 12:42:53,608 [INFO] PluginManager:220 - loadIPPluginJar : add hash
2025-06-23 12:42:53,663 [INFO] IPUIPlugin:80 - create IPUIPlugin
2025-06-23 12:42:53,663 [INFO] PluginManager:220 - loadIPPluginJar : add i2c
2025-06-23 12:42:53,706 [INFO] IPUIPlugin:80 - create IPUIPlugin
2025-06-23 12:42:53,707 [INFO] PluginManager:220 - loadIPPluginJar : add i2s
2025-06-23 12:42:53,750 [INFO] IPUIPlugin:80 - create IPUIPlugin
2025-06-23 12:42:53,750 [INFO] PluginManager:220 - loadIPPluginJar : add i3c
2025-06-23 12:42:53,847 [INFO] IPUIPlugin:80 - create IPUIPlugin
2025-06-23 12:42:53,847 [INFO] PluginManager:220 - loadIPPluginJar : add ipddr
2025-06-23 12:42:53,947 [INFO] IPUIPlugin:80 - create IPUIPlugin
2025-06-23 12:42:53,948 [INFO] PluginManager:220 - loadIPPluginJar : add linkedlist
2025-06-23 12:42:53,985 [INFO] IPUIPlugin:80 - create IPUIPlugin
2025-06-23 12:42:53,985 [INFO] PluginManager:220 - loadIPPluginJar : add lorawan
2025-06-23 12:42:54,023 [INFO] IPUIPlugin:80 - create IPUIPlugin
2025-06-23 12:42:54,023 [INFO] PluginManager:220 - loadIPPluginJar : add ltdc
2025-06-23 12:42:54,043 [INFO] IPUIPlugin:80 - create IPUIPlugin
2025-06-23 12:42:54,044 [INFO] PluginManager:220 - loadIPPluginJar : add mdma
2025-06-23 12:42:54,057 [INFO] IPUIPlugin:80 - create IPUIPlugin
2025-06-23 12:42:54,058 [INFO] PluginManager:220 - loadIPPluginJar : add nvic
2025-06-23 12:42:54,097 [INFO] IPUIPlugin:80 - create IPUIPlugin
2025-06-23 12:42:54,097 [INFO] PluginManager:220 - loadIPPluginJar : add opamp
2025-06-23 12:42:54,161 [INFO] IPUIPlugin:80 - create IPUIPlugin
2025-06-23 12:42:54,162 [INFO] PluginManager:220 - loadIPPluginJar : add openamp
2025-06-23 12:42:54,208 [INFO] IPUIPlugin:80 - create IPUIPlugin
2025-06-23 12:42:54,208 [INFO] PluginManager:220 - loadIPPluginJar : add pdm2pcm
2025-06-23 12:42:54,223 [INFO] IPUIPlugin:80 - create IPUIPlugin
2025-06-23 12:42:54,224 [INFO] PluginManager:220 - loadIPPluginJar : add plateformsettings
2025-06-23 12:42:54,250 [INFO] IPUIPlugin:80 - create IPUIPlugin
2025-06-23 12:42:54,250 [INFO] PluginManager:220 - loadIPPluginJar : add quadspi
2025-06-23 12:42:54,264 [INFO] IPUIPlugin:80 - create IPUIPlugin
2025-06-23 12:42:54,264 [INFO] PluginManager:220 - loadIPPluginJar : add resmgrutility
2025-06-23 12:42:54,311 [INFO] IPUIPlugin:80 - create IPUIPlugin
2025-06-23 12:42:54,311 [INFO] PluginManager:220 - loadIPPluginJar : add sai
2025-06-23 12:42:54,352 [INFO] IPUIPlugin:80 - create IPUIPlugin
2025-06-23 12:42:54,352 [INFO] PluginManager:220 - loadIPPluginJar : add spi
2025-06-23 12:42:54,418 [INFO] IPUIPlugin:80 - create IPUIPlugin
2025-06-23 12:42:54,418 [INFO] PluginManager:220 - loadIPPluginJar : add stm32_wpan
2025-06-23 12:42:54,448 [INFO] IPUIPlugin:80 - create IPUIPlugin
2025-06-23 12:42:54,448 [INFO] PluginManager:220 - loadIPPluginJar : add tim
2025-06-23 12:42:54,506 [INFO] IPUIPlugin:80 - create IPUIPlugin
2025-06-23 12:42:54,506 [INFO] PluginManager:220 - loadIPPluginJar : add touchsensing
2025-06-23 12:42:54,537 [INFO] IPUIPlugin:80 - create IPUIPlugin
2025-06-23 12:42:54,538 [INFO] PluginManager:220 - loadIPPluginJar : add tracer_emb
2025-06-23 12:42:54,564 [INFO] IPUIPlugin:80 - create IPUIPlugin
2025-06-23 12:42:54,564 [INFO] PluginManager:220 - loadIPPluginJar : add ts
2025-06-23 12:42:54,590 [INFO] IPUIPlugin:80 - create IPUIPlugin
2025-06-23 12:42:54,590 [INFO] PluginManager:220 - loadIPPluginJar : add tsc
2025-06-23 12:42:54,617 [INFO] IPUIPlugin:80 - create IPUIPlugin
2025-06-23 12:42:54,618 [INFO] PluginManager:220 - loadIPPluginJar : add ucpd
2025-06-23 12:42:54,665 [INFO] IPUIPlugin:80 - create IPUIPlugin
2025-06-23 12:42:54,665 [INFO] PluginManager:220 - loadIPPluginJar : add usart
2025-06-23 12:42:54,710 [INFO] IPUIPlugin:80 - create IPUIPlugin
2025-06-23 12:42:54,710 [INFO] PluginManager:220 - loadIPPluginJar : add usbx
2025-06-23 12:42:54,830 [INFO] CADModel:165 - CPN selected for project level
2025-06-23 12:42:54,830 [INFO] CADModel:114 - Register for checkConnection events
2025-06-23 12:42:54,830 [FATAL] Updater:308 - Updater called before beeing initialized
2025-06-23 12:42:54,831 [ERROR] CADModel:125 - Updater not yet initialized, retry later 
2025-06-23 12:42:54,944 [INFO] CADModel:165 - CPN selected for project level
2025-06-23 12:42:54,944 [INFO] CADModel:114 - Register for checkConnection events
2025-06-23 12:42:54,944 [FATAL] Updater:308 - Updater called before beeing initialized
2025-06-23 12:42:54,944 [ERROR] CADModel:125 - Updater not yet initialized, retry later 
2025-06-23 12:42:54,947 [FATAL] Updater:308 - Updater called before beeing initialized
2025-06-23 12:42:55,040 [FATAL] Updater:308 - Updater called before beeing initialized
2025-06-23 12:42:55,051 [INFO] DbMcusAds:53 - JSON generation date=Wed May 07 11:07:55 CEST 2025 (1746608875484)
2025-06-23 12:42:55,052 [FATAL] Updater:308 - Updater called before beeing initialized
2025-06-23 12:42:55,132 [WARN] DetailPanel:346 - Failed to get advertising image, set to default
2025-06-23 12:42:55,202 [FATAL] Updater:308 - Updater called before beeing initialized
2025-06-23 12:42:55,204 [FATAL] Updater:308 - Updater called before beeing initialized
2025-06-23 12:42:55,204 [FATAL] Updater:308 - Updater called before beeing initialized
2025-06-23 12:42:55,205 [WARN] DetailPanel:346 - Failed to get advertising image, set to default
2025-06-23 12:42:55,205 [FATAL] Updater:308 - Updater called before beeing initialized
2025-06-23 12:42:55,291 [ERROR] Updater:1120 - MainUpdater not yet initialized. External WinMGr cannot be set.
2025-06-23 12:42:55,303 [INFO] Updater:1056 - Updater Version found : 6.10.0
2025-06-23 12:42:55,320 [INFO] ApplicationProperties:184 - Using Application install path: D:\Program Files\STM32CubeIDE_1.14.1\STM32CubeIDE\plugins\com.st.stm32cube.common.mx_6.10.0.202311202037
2025-06-23 12:42:55,345 [INFO] ThirdPartyUpdaterWithRetryManager:70 - Updater plugin not ready yet. [2/15]
2025-06-23 12:42:56,903 [ERROR] LogOutputStream:75 - [STDERR_REDIRECT] Jun 23, 2025 12:42:56 PM java.util.prefs.WindowsPreferences <init>
2025-06-23 12:42:56,904 [ERROR] LogOutputStream:75 - [STDERR_REDIRECT] WARNING: Could not open/create prefs root node Software\JavaSoft\Prefs at root 0xffffffff80000002. Windows RegCreateKeyEx(...) returned error code 5.
2025-06-23 12:42:56,904 [ERROR] LogOutputStream:75 - [STDERR_REDIRECT] 
2025-06-23 12:42:57,136 [INFO] MainUpdater:2873 - connection check result : 10
2025-06-23 12:42:57,137 [INFO] MainUpdater:3567 - Updater definition file requires update
2025-06-23 12:42:57,138 [INFO] MainUpdater:290 - Updater Check For Update Now.
2025-06-23 12:42:57,138 [INFO] MicroXplorer:498 - Change Database Version : DB.6.0.100
2025-06-23 12:42:57,159 [INFO] McuFinderGlobals:63 - Set McuFinder mode to 2 (CubeIDE integrated)
2025-06-23 12:42:57,179 [INFO] ServerAccessManage:473 - Download File updaters.zip
2025-06-23 12:42:57,270 [INFO] FileExtend:240 - Unzip File : updaters.zip
2025-06-23 12:42:57,270 [INFO] FileExtend:255 - Standard Zip Deflate
2025-06-23 12:42:57,471 [INFO] UserAuth:404 - Internet connection configuration mode: 1
2025-06-23 12:42:57,536 [INFO] JxBrowserEngine:152 - Initiate JxBrowser Engine with user profile folder
2025-06-23 12:42:57,701 [INFO] ServerAccessManage:473 - Download File PacksControlFlags.xml
2025-06-23 12:42:57,823 [INFO] ServerAccessManage:473 - Download File cubemx.pidx
2025-06-23 12:42:58,346 [WARN] MainUpdater:1194 - Updater busy. Cannot search thirdparties
2025-06-23 12:42:58,347 [INFO] ThirdPartyUpdaterWithRetryManager:96 - Updater plugin is busy. [1/15]
2025-06-23 12:42:58,786 [INFO] ServerAccessManage:473 - Download File STMicroelectronics.X-CUBE-FREERTOS.pdsc
2025-06-23 12:42:59,289 [INFO] ServerAccessManage:473 - Download File STMicroelectronics.X-CUBE-PM33A1.pdsc
2025-06-23 12:43:00,000 [WARN] PackLoader:240 - Cannot read IP mode file for STMicroelectronics.X-CUBE-FREERTOS.1.3.1
2025-06-23 12:43:00,009 [WARN] PackLoader:240 - Cannot read IP mode file for STMicroelectronics.X-CUBE-PM33A1.1.0.0
2025-06-23 12:43:00,011 [INFO] PopulateThirdPartyThread:66 - Ending populate Thread
2025-06-23 12:43:00,013 [INFO] ThirdParty:1030 - CMSIS Pack Vendor :STMicroelectronics X-CUBE-FREERTOS 1.3.1
2025-06-23 12:43:00,013 [INFO] ThirdParty:1030 - CMSIS Pack Vendor :STMicroelectronics X-CUBE-PM33A1 1.0.0
2025-06-23 12:43:00,013 [INFO] LoadServerUpdatesThread:375 - End of LoadServerUpdate Thread
2025-06-23 12:43:00,143 [INFO] CheckServerUpdateThread:120 - End of CheckServer Thread
2025-06-23 12:43:01,594 [INFO] WebApp:161 - Instantiating new browser for Auth
2025-06-23 12:43:01,718 [WARN] PackLoader:240 - Cannot read IP mode file for STMicroelectronics.FP-SNS-MOTENVWB1.1.4.0
2025-06-23 12:43:01,726 [WARN] PackLoader:240 - Cannot read IP mode file for STMicroelectronics.FP-ATR-ASTRA1.2.0.2
2025-06-23 12:43:01,747 [WARN] PackLoader:240 - Cannot read IP mode file for STMicroelectronics.X-CUBE-SMBUS.2.1.0
2025-06-23 12:43:01,769 [WARN] PackLoader:240 - Cannot read IP mode file for STMicroelectronics.X-CUBE-WB05N.1.1.0
2025-06-23 12:43:01,788 [WARN] PackLoader:240 - Cannot read IP mode file for STMicroelectronics.X-CUBE-TOUCHGFX.4.23.0
2025-06-23 12:43:01,831 [WARN] PackLoader:240 - Cannot read IP mode file for STMicroelectronics.X-CUBE-AZRTOS-F7.1.1.0
2025-06-23 12:43:01,854 [WARN] PackLoader:240 - Cannot read IP mode file for STMicroelectronics.FP-SNS-MOTENV1.4.3.2
2025-06-23 12:43:01,934 [WARN] PackLoader:240 - Cannot read IP mode file for STMicroelectronics.X-CUBE-MEMS1.11.0.0
2025-06-23 12:43:02,140 [WARN] PackLoader:240 - Cannot read IP mode file for STMicroelectronics.FP-SNS-FLIGHT1.5.0.2
2025-06-23 12:43:02,164 [WARN] PackLoader:240 - Cannot read IP mode file for STMicroelectronics.X-CUBE-DISPLAY.3.0.0
2025-06-23 12:43:02,191 [WARN] PackLoader:240 - Cannot read IP mode file for STMicroelectronics.X-CUBE-BLE1.7.0.0
2025-06-23 12:43:02,212 [WARN] PackLoader:240 - Cannot read IP mode file for STMicroelectronics.X-CUBE-NFC10.1.0.0
2025-06-23 12:43:02,242 [WARN] PackLoader:240 - Cannot read IP mode file for STMicroelectronics.X-CUBE-BLEMGR.4.0.0
2025-06-23 12:43:02,270 [WARN] PackLoader:240 - Cannot read IP mode file for emotas.I-CUBE-CANOPEN.1.3.0
2025-06-23 12:43:02,276 [WARN] ConditionMgr:438 - getConditionDescription Invalid condition id : Cortex-A Device cause : null
2025-06-23 12:43:02,304 [WARN] ConditionMgr:1039 - genDependencies : Invalid condition id : Cortex-A Device cause : null
2025-06-23 12:43:02,304 [WARN] ConditionMgr:1039 - genDependencies : Invalid condition id : Cortex-A Device cause : null
2025-06-23 12:43:02,304 [WARN] ConditionMgr:1039 - genDependencies : Invalid condition id : Cortex-A Device cause : null
2025-06-23 12:43:02,334 [WARN] PackLoader:240 - Cannot read IP mode file for STMicroelectronics.X-CUBE-BLEMGR.3.1.0
2025-06-23 12:43:02,358 [WARN] PackLoader:240 - Cannot read IP mode file for STMicroelectronics.X-CUBE-AI.10.0.0
2025-06-23 12:43:02,381 [WARN] PackLoader:240 - Cannot read IP mode file for STMicroelectronics.FP-SNS-SMARTAG2.1.2.0
2025-06-23 12:43:02,386 [ERROR] Engine:466 - C:\Users\abhim\.stm32cubemx\thirdparties\pdsc\STMicroelectronics.FP-SNS-FLIGHT1.5.1.0.pdsc: PDSC version is not supported
2025-06-23 12:43:02,451 [WARN] PackLoader:240 - Cannot read IP mode file for STMicroelectronics.X-CUBE-MEMS1.11.1.0
2025-06-23 12:43:02,590 [INFO] LogOutputStream:77 - [STDOUT_REDIRECT] 1 : Invalid condition id : UX_CORESTACK_Condition cause : null
2025-06-23 12:43:02,591 [INFO] LogOutputStream:77 - [STDOUT_REDIRECT] 1 : Invalid condition id : UX_CORESTACK_Condition cause : null
2025-06-23 12:43:02,592 [INFO] LogOutputStream:77 - [STDOUT_REDIRECT] 1 : Invalid condition id : UX_CORESTACK_Condition cause : null
2025-06-23 12:43:02,593 [INFO] LogOutputStream:77 - [STDOUT_REDIRECT] 1 : Invalid condition id : UX_CORESTACK_Condition cause : null
2025-06-23 12:43:02,595 [INFO] LogOutputStream:77 - [STDOUT_REDIRECT] 1 : Invalid condition id : UX_CORESTACK_Condition cause : null
2025-06-23 12:43:02,597 [WARN] PackLoader:240 - Cannot read IP mode file for STMicroelectronics.X-CUBE-AZRTOS-WL.2.0.0
2025-06-23 12:43:02,618 [WARN] PackLoader:240 - Cannot read IP mode file for STMicroelectronics.FP-SNS-MOTENV1.5.0.0
2025-06-23 12:43:02,625 [WARN] PackLoader:240 - Cannot read IP mode file for wolfSSL.I-CUBE-wolfMQTT.1.19.0
2025-06-23 12:43:02,646 [WARN] PackLoader:240 - Cannot read IP mode file for WES.I-CUBE-Cesium.1.3.0
2025-06-23 12:43:02,668 [WARN] PackLoader:240 - Cannot read IP mode file for STMicroelectronics.X-CUBE-BLE2.3.3.0
2025-06-23 12:43:02,690 [WARN] PackLoader:240 - Cannot read IP mode file for STMicroelectronics.X-CUBE-NFC9.1.0.0
2025-06-23 12:43:02,712 [WARN] PackLoader:240 - Cannot read IP mode file for STMicroelectronics.X-CUBE-BLE1.7.1.0
2025-06-23 12:43:02,734 [WARN] PackLoader:240 - Cannot read IP mode file for STMicroelectronics.X-CUBE-TCPP.4.1.0
2025-06-23 12:43:02,753 [WARN] PackLoader:240 - Cannot read IP mode file for STMicroelectronics.X-CUBE-AI.10.1.0
2025-06-23 12:43:02,758 [INFO] WebApp:780 - Register for checkConnection events
2025-06-23 12:43:02,758 [INFO] WebApp:414 - Apply proxy settings
2025-06-23 12:43:02,759 [INFO] WebApp:499 - Chromium requires no authentication
2025-06-23 12:43:02,768 [INFO] WebApp:442 - Direct internet connection detected
2025-06-23 12:43:02,770 [WARN] PackLoader:240 - Cannot read IP mode file for STMicroelectronics.X-CUBE-ALGOBUILD.1.3.0
2025-06-23 12:43:02,832 [WARN] PackLoader:240 - Cannot read IP mode file for STMicroelectronics.X-CUBE-MEMS1.11.2.0
2025-06-23 12:43:02,962 [WARN] PackLoader:240 - Cannot read IP mode file for STMicroelectronics.X-CUBE-AZRTOS-G0.1.1.0
2025-06-23 12:43:02,982 [WARN] PackLoader:240 - Cannot read IP mode file for STMicroelectronics.X-CUBE-SAFEA1.1.2.2
2025-06-23 12:43:02,998 [WARN] PackLoader:240 - Cannot read IP mode file for STMicroelectronics.X-CUBE-NFC4.3.0.0
2025-06-23 12:43:03,021 [WARN] PackLoader:240 - Cannot read IP mode file for EmbeddedOffice.I-CUBE-FS-RTOS.1.0.1
2025-06-23 12:43:03,022 [ERROR] ConditionMgr:805 - Attr not supported : Dmpu
2025-06-23 12:43:03,022 [ERROR] ConditionMgr:805 - Attr not supported : Dmpu
2025-06-23 12:43:03,022 [ERROR] ConditionMgr:805 - Attr not supported : Dmpu
2025-06-23 12:43:03,022 [ERROR] ConditionMgr:805 - Attr not supported : Dmpu
2025-06-23 12:43:03,022 [ERROR] ConditionMgr:805 - Attr not supported : Dmpu
2025-06-23 12:43:03,022 [ERROR] ConditionMgr:805 - Attr not supported : Dmpu
2025-06-23 12:43:03,022 [ERROR] ConditionMgr:805 - Attr not supported : Dmpu
2025-06-23 12:43:03,022 [ERROR] ConditionMgr:805 - Attr not supported : Dmpu
2025-06-23 12:43:03,022 [ERROR] ConditionMgr:805 - Attr not supported : Dmpu
2025-06-23 12:43:03,022 [ERROR] ConditionMgr:805 - Attr not supported : Dmpu
2025-06-23 12:43:03,022 [ERROR] ConditionMgr:805 - Attr not supported : Dmpu
2025-06-23 12:43:03,022 [ERROR] ConditionMgr:805 - Attr not supported : Dmpu
2025-06-23 12:43:03,022 [ERROR] ConditionMgr:805 - Attr not supported : Dmpu
2025-06-23 12:43:03,022 [ERROR] ConditionMgr:805 - Attr not supported : Dmpu
2025-06-23 12:43:03,022 [ERROR] ConditionMgr:805 - Attr not supported : Dmpu
2025-06-23 12:43:03,022 [ERROR] ConditionMgr:805 - Attr not supported : Dmpu
2025-06-23 12:43:03,022 [ERROR] ConditionMgr:805 - Attr not supported : Dmpu
2025-06-23 12:43:03,023 [ERROR] ConditionMgr:805 - Attr not supported : Dmpu
2025-06-23 12:43:03,023 [ERROR] ConditionMgr:805 - Attr not supported : Dmpu
2025-06-23 12:43:03,023 [ERROR] ConditionMgr:805 - Attr not supported : Dmpu
2025-06-23 12:43:03,023 [ERROR] ConditionMgr:805 - Attr not supported : Dmpu
2025-06-23 12:43:03,023 [ERROR] ConditionMgr:805 - Attr not supported : Dmpu
2025-06-23 12:43:03,023 [ERROR] ConditionMgr:805 - Attr not supported : Dmpu
2025-06-23 12:43:03,023 [ERROR] ConditionMgr:805 - Attr not supported : Dmpu
2025-06-23 12:43:03,023 [ERROR] ConditionMgr:805 - Attr not supported : Dmpu
2025-06-23 12:43:03,023 [ERROR] ConditionMgr:805 - Attr not supported : Dmpu
2025-06-23 12:43:03,023 [ERROR] ConditionMgr:805 - Attr not supported : Dmpu
2025-06-23 12:43:03,023 [ERROR] ConditionMgr:805 - Attr not supported : Dmpu
2025-06-23 12:43:03,023 [ERROR] ConditionMgr:805 - Attr not supported : Dmpu
2025-06-23 12:43:03,023 [ERROR] ConditionMgr:805 - Attr not supported : Dmpu
2025-06-23 12:43:03,023 [ERROR] ConditionMgr:805 - Attr not supported : Dmpu
2025-06-23 12:43:03,025 [ERROR] ConditionMgr:805 - Attr not supported : Dmpu
2025-06-23 12:43:03,025 [ERROR] ConditionMgr:805 - Attr not supported : Dmpu
2025-06-23 12:43:03,025 [ERROR] ConditionMgr:805 - Attr not supported : Dmpu
2025-06-23 12:43:03,025 [ERROR] ConditionMgr:805 - Attr not supported : Dmpu
2025-06-23 12:43:03,025 [ERROR] ConditionMgr:805 - Attr not supported : Dmpu
2025-06-23 12:43:03,025 [ERROR] ConditionMgr:805 - Attr not supported : Dmpu
2025-06-23 12:43:03,025 [ERROR] ConditionMgr:805 - Attr not supported : Dmpu
2025-06-23 12:43:03,025 [ERROR] ConditionMgr:805 - Attr not supported : Dmpu
2025-06-23 12:43:03,025 [ERROR] ConditionMgr:805 - Attr not supported : Dmpu
2025-06-23 12:43:03,025 [ERROR] ConditionMgr:805 - Attr not supported : Dmpu
2025-06-23 12:43:03,025 [ERROR] ConditionMgr:805 - Attr not supported : Dmpu
2025-06-23 12:43:03,025 [ERROR] ConditionMgr:805 - Attr not supported : Dmpu
2025-06-23 12:43:03,026 [ERROR] ConditionMgr:805 - Attr not supported : Dmpu
2025-06-23 12:43:03,026 [ERROR] ConditionMgr:805 - Attr not supported : Dmpu
2025-06-23 12:43:03,026 [ERROR] ConditionMgr:805 - Attr not supported : Dmpu
2025-06-23 12:43:03,026 [ERROR] ConditionMgr:805 - Attr not supported : Dmpu
2025-06-23 12:43:03,026 [ERROR] ConditionMgr:805 - Attr not supported : Dmpu
2025-06-23 12:43:03,026 [ERROR] ConditionMgr:805 - Attr not supported : Dmpu
2025-06-23 12:43:03,026 [ERROR] ConditionMgr:805 - Attr not supported : Dmpu
2025-06-23 12:43:03,026 [ERROR] ConditionMgr:805 - Attr not supported : Dmpu
2025-06-23 12:43:03,026 [ERROR] ConditionMgr:805 - Attr not supported : Dmpu
2025-06-23 12:43:03,026 [ERROR] ConditionMgr:805 - Attr not supported : Dmpu
2025-06-23 12:43:03,027 [ERROR] ConditionMgr:805 - Attr not supported : Dmpu
2025-06-23 12:43:03,027 [ERROR] ConditionMgr:805 - Attr not supported : Dmpu
2025-06-23 12:43:03,027 [ERROR] ConditionMgr:805 - Attr not supported : Dmpu
2025-06-23 12:43:03,027 [ERROR] ConditionMgr:805 - Attr not supported : Dmpu
2025-06-23 12:43:03,027 [ERROR] ConditionMgr:805 - Attr not supported : Dmpu
2025-06-23 12:43:03,027 [ERROR] ConditionMgr:805 - Attr not supported : Dmpu
2025-06-23 12:43:03,027 [ERROR] ConditionMgr:805 - Attr not supported : Dmpu
2025-06-23 12:43:03,027 [ERROR] ConditionMgr:805 - Attr not supported : Dmpu
2025-06-23 12:43:03,027 [ERROR] ConditionMgr:805 - Attr not supported : Dmpu
2025-06-23 12:43:03,027 [ERROR] ConditionMgr:805 - Attr not supported : Dmpu
2025-06-23 12:43:03,027 [ERROR] ConditionMgr:805 - Attr not supported : Dmpu
2025-06-23 12:43:03,044 [INFO] WebApp:192 - Starting web application
2025-06-23 12:43:03,045 [INFO] WebApp:544 - Web application path used D:\Program Files\STM32CubeIDE_1.14.1\STM32CubeIDE\plugins\com.st.stm32cube.common.mx_6.10.0.202311202037\db\plugins\mcufinder\reactClient1\index.html
2025-06-23 12:43:03,048 [WARN] PackLoader:240 - Cannot read IP mode file for STMicroelectronics.X-CUBE-WB05N.2.0.0
2025-06-23 12:43:03,069 [ERROR] Engine:466 - C:\Users\abhim\.stm32cubemx\thirdparties\pdsc\STMicroelectronics.X-CUBE-TCPP.4.2.0.pdsc: PDSC version is not supported
2025-06-23 12:43:03,089 [WARN] PackLoader:240 - Cannot read IP mode file for RealThread.X-CUBE-RT-Thread_Nano.4.1.1
2025-06-23 12:43:03,097 [WARN] PackLoader:240 - Cannot read IP mode file for STMicroelectronics.FP-ATR-SIGFOX1.3.2.0
2025-06-23 12:43:03,116 [WARN] PackLoader:240 - Cannot read IP mode file for STMicroelectronics.X-CUBE-EEPRMA1.5.1.0
2025-06-23 12:43:03,134 [ERROR] Engine:466 - C:\Users\abhim\.stm32cubemx\thirdparties\pdsc\STMicroelectronics.X-CUBE-ST67W61.1.0.0.pdsc: PDSC version is not supported
2025-06-23 12:43:03,182 [WARN] PackLoader:240 - Cannot read IP mode file for SEGGER.I-CUBE-embOS.1.3.1
2025-06-23 12:43:03,230 [WARN] PackLoader:240 - Cannot read IP mode file for STMicroelectronics.X-CUBE-ALGOBUILD.1.4.0
2025-06-23 12:43:03,312 [WARN] PackLoader:240 - Cannot read IP mode file for STMicroelectronics.X-CUBE-MEMS1.11.3.0
2025-06-23 12:43:03,442 [WARN] PackLoader:240 - Cannot read IP mode file for STMicroelectronics.X-CUBE-AI.9.1.0
2025-06-23 12:43:03,448 [WARN] PackLoader:240 - Cannot read IP mode file for STMicroelectronics.X-CUBE-PM33A1.1.0.0
2025-06-23 12:43:03,470 [WARN] PackLoader:240 - Cannot read IP mode file for STMicroelectronics.X-CUBE-GNSS1.6.0.0
2025-06-23 12:43:03,502 [WARN] PackLoader:240 - Cannot read IP mode file for STMicroelectronics.X-CUBE-AZRTOS-F4.1.1.0
2025-06-23 12:43:03,506 [ERROR] Engine:466 - C:\Users\abhim\.stm32cubemx\thirdparties\pdsc\Avnet-IotConnect.X-CUBE-IoTC-DA16k-PMOD.1.0.0.pdsc: PDSC version is not supported
2025-06-23 12:43:03,522 [WARN] PackLoader:240 - Cannot read IP mode file for STMicroelectronics.X-CUBE-ISPU.2.1.0
2025-06-23 12:43:03,541 [WARN] PackLoader:240 - Cannot read IP mode file for STMicroelectronics.X-CUBE-FREERTOS.1.2.0
2025-06-23 12:43:03,557 [WARN] PackLoader:240 - Cannot read IP mode file for wolfSSL.I-CUBE-wolfSSL.5.6.6
2025-06-23 12:43:03,588 [WARN] PackLoader:240 - Cannot read IP mode file for STMicroelectronics.X-CUBE-AZRTOS-L5.2.0.0
2025-06-23 12:43:03,611 [WARN] PackLoader:240 - Cannot read IP mode file for STMicroelectronics.X-CUBE-NFC6.3.1.0
2025-06-23 12:43:03,631 [WARN] PackLoader:240 - Cannot read IP mode file for ITTIA_DB.I-CUBE-ITTIADB.8.8.0
2025-06-23 12:43:03,649 [WARN] PackLoader:240 - Cannot read IP mode file for STMicroelectronics.X-CUBE-DPower.1.2.0
2025-06-23 12:43:03,653 [WARN] PackLoader:240 - Cannot read IP mode file for STMicroelectronics.X-CUBE-FREERTOS.1.3.1
2025-06-23 12:43:03,672 [WARN] PackLoader:240 - Cannot read IP mode file for STMicroelectronics.X-CUBE-FREERTOS.1.3.0
2025-06-23 12:43:03,688 [WARN] PackLoader:240 - Cannot read IP mode file for STMicroelectronics.X-CUBE-NFC7.1.0.1
2025-06-23 12:43:03,705 [WARN] PackLoader:240 - Cannot read IP mode file for STMicroelectronics.X-CUBE-NFC6.3.0.0
2025-06-23 12:43:03,722 [WARN] PackLoader:240 - Cannot read IP mode file for STMicroelectronics.X-CUBE-DPower.1.3.0
2025-06-23 12:43:03,739 [WARN] PackLoader:240 - Cannot read IP mode file for STMicroelectronics.X-CUBE-AI.8.1.0
2025-06-23 12:43:03,771 [WARN] ConditionMgr:438 - getConditionDescription Invalid condition id : LAN8742 Phy interface Condition cause : null
2025-06-23 12:43:03,771 [WARN] PackLoader:240 - Cannot read IP mode file for STMicroelectronics.X-CUBE-AZRTOS-L4.2.0.0
2025-06-23 12:43:03,772 [WARN] ConditionMgr:1039 - genDependencies : Invalid condition id : LAN8742 Phy interface Condition cause : null
2025-06-23 12:43:03,772 [WARN] ConditionMgr:1039 - genDependencies : Invalid condition id : LAN8742 Phy interface Condition cause : null
2025-06-23 12:43:03,773 [WARN] ConditionMgr:1039 - genDependencies : Invalid condition id : LAN8742 Phy interface Condition cause : null
2025-06-23 12:43:03,790 [WARN] PackLoader:240 - Cannot read IP mode file for STMicroelectronics.X-CUBE-SFXS2LP1.4.0.0
2025-06-23 12:43:03,821 [WARN] PackLoader:240 - Cannot read IP mode file for STMicroelectronics.X-CUBE-AZRTOS-H7.3.3.0
2025-06-23 12:43:03,846 [WARN] PackLoader:240 - Cannot read IP mode file for STMicroelectronics.X-CUBE-IPS.3.0.0
2025-06-23 12:43:03,873 [WARN] ConditionMgr:438 - getConditionDescription Invalid condition id : UX DEVICE CLASS RTOS Condition cause : null
2025-06-23 12:43:03,873 [WARN] ConditionMgr:438 - getConditionDescription Invalid condition id : UX DEVICE CLASS RTOS Condition cause : null
2025-06-23 12:43:03,874 [WARN] PackLoader:240 - Cannot read IP mode file for STMicroelectronics.X-CUBE-AZRTOS-WB.2.0.0
2025-06-23 12:43:03,874 [WARN] ConditionMgr:1039 - genDependencies : Invalid condition id : UX DEVICE CLASS RTOS Condition cause : null
2025-06-23 12:43:03,874 [WARN] ConditionMgr:1039 - genDependencies : Invalid condition id : UX DEVICE CLASS RTOS Condition cause : null
2025-06-23 12:43:03,874 [WARN] ConditionMgr:1039 - genDependencies : Invalid condition id : UX DEVICE CLASS RTOS Condition cause : null
2025-06-23 12:43:03,874 [WARN] ConditionMgr:1039 - genDependencies : Invalid condition id : UX DEVICE CLASS RTOS Condition cause : null
2025-06-23 12:43:03,874 [WARN] ConditionMgr:1039 - genDependencies : Invalid condition id : UX DEVICE CLASS RTOS Condition cause : null
2025-06-23 12:43:03,888 [WARN] PackLoader:240 - Cannot read IP mode file for STMicroelectronics.X-CUBE-GNSS1.7.0.0
2025-06-23 12:43:03,903 [WARN] PackLoader:240 - Cannot read IP mode file for STMicroelectronics.X-CUBE-GNSS1.7.0.1
2025-06-23 12:43:03,917 [WARN] PackLoader:240 - Cannot read IP mode file for STMicroelectronics.X-CUBE-TOUCHGFX.4.25.0
2025-06-23 12:43:03,933 [WARN] PackLoader:240 - Cannot read IP mode file for STMicroelectronics.FP-SNS-STBOX1.2.0.0
2025-06-23 12:43:03,952 [WARN] PackLoader:240 - Cannot read IP mode file for STMicroelectronics.X-CUBE-SUBG2.5.0.0
2025-06-23 12:43:03,981 [WARN] PackLoader:240 - Cannot read IP mode file for STMicroelectronics.X-CUBE-AZRTOS-H7RS.1.1.0
2025-06-23 12:43:03,987 [WARN] PackLoader:240 - Cannot read IP mode file for Cesanta.I-CUBE-Mongoose.7.13.0
2025-06-23 12:43:04,017 [WARN] PackLoader:240 - Cannot read IP mode file for STMicroelectronics.X-CUBE-AZRTOS-G4.2.0.0
2025-06-23 12:43:04,045 [WARN] PackLoader:240 - Cannot read IP mode file for Infineon.AIROC-Wi-Fi-Bluetooth-STM32.1.5.1
2025-06-23 12:43:04,064 [WARN] PackLoader:240 - Cannot read IP mode file for STMicroelectronics.X-CUBE-NFC7.2.0.0
2025-06-23 12:43:04,077 [WARN] PackLoader:240 - Cannot read IP mode file for STMicroelectronics.FP-SNS-MOTENVWB1.1.3.1
2025-06-23 12:43:04,092 [WARN] PackLoader:240 - Cannot read IP mode file for STMicroelectronics.X-CUBE-ISPU.2.0.0
2025-06-23 12:43:04,109 [ERROR] Engine:466 - C:\Users\abhim\.stm32cubemx\thirdparties\pdsc\STMicroelectronics.X-CUBE-IPS.3.1.0.pdsc: PDSC version is not supported
2025-06-23 12:43:04,124 [WARN] PackLoader:240 - Cannot read IP mode file for STMicroelectronics.X-CUBE-ALS.1.0.2
2025-06-23 12:43:04,159 [WARN] PackLoader:240 - Cannot read IP mode file for STMicroelectronics.X-CUBE-MEMS1.10.0.0
2025-06-23 12:43:04,222 [WARN] PackLoader:240 - Cannot read IP mode file for STMicroelectronics.X-CUBE-FREERTOS.1.1.0
2025-06-23 12:43:04,237 [WARN] PackLoader:240 - Cannot read IP mode file for STMicroelectronics.X-CUBE-TOUCHGFX.4.24.1
2025-06-23 12:43:04,251 [WARN] PackLoader:240 - Cannot read IP mode file for wolfSSL.I-CUBE-wolfTPM.3.4.0
2025-06-23 12:43:04,268 [WARN] PackLoader:240 - Cannot read IP mode file for portGmbH.I-Cube-SoM-uGOAL.1.1.0
2025-06-23 12:43:04,281 [WARN] PackLoader:240 - Cannot read IP mode file for STMicroelectronics.X-CUBE-ALS.1.0.1
2025-06-23 12:43:04,305 [WARN] PackLoader:240 - Cannot read IP mode file for STMicroelectronics.X-CUBE-AZRTOS-H7RS.1.0.0
2025-06-23 12:43:04,319 [WARN] PackLoader:240 - Cannot read IP mode file for STMicroelectronics.FP-ATR-ASTRA1.2.0.0
2025-06-23 12:43:04,335 [WARN] PackLoader:240 - Cannot read IP mode file for STMicroelectronics.X-CUBE-TOF1.3.4.2
2025-06-23 12:43:04,355 [ERROR] Engine:466 - C:\Users\abhim\.stm32cubemx\thirdparties\pdsc\STMicroelectronics.X-CUBE-TOF1.3.4.3.pdsc: PDSC version is not supported
2025-06-23 12:43:04,373 [WARN] PackLoader:240 - Cannot read IP mode file for STMicroelectronics.X-CUBE-TOF1.3.4.0
2025-06-23 12:43:04,403 [WARN] PackLoader:240 - Cannot read IP mode file for STMicroelectronics.X-CUBE-AZRTOS-H7.3.2.0
2025-06-23 12:43:04,408 [WARN] PackLoader:240 - Cannot read IP mode file for wolfSSL.I-CUBE-wolfSSH.1.4.17
2025-06-23 12:43:04,408 [INFO] ThirdParty:978 - Integrity check success = true
2025-06-23 12:43:04,409 [INFO] IntegrityCheckThread:100 - exiting critical section [integrity check]
2025-06-23 12:43:04,409 [INFO] IntegrityCheckThread:103 - End integrity checks thread
2025-06-23 12:43:23,886 [ERROR] LogOutputStream:75 - [STDERR_REDIRECT] SLF4J: Failed to load class "org.slf4j.impl.StaticLoggerBinder".
2025-06-23 12:43:23,887 [ERROR] LogOutputStream:75 - [STDERR_REDIRECT] SLF4J: Defaulting to no-operation (NOP) logger implementation
2025-06-23 12:43:23,887 [ERROR] LogOutputStream:75 - [STDERR_REDIRECT] SLF4J: See http://www.slf4j.org/codes.html#StaticLoggerBinder for further details.
2025-06-23 23:23:29,190 [ERROR] LogOutputStream:75 - [STDERR_REDIRECT] 
