2025-08-20 07:24:17,469 [INFO] Activator:176 - 


2025-08-20 07:24:17,476 [INFO] Activator:177 - !SESSION log4j initialized
2025-08-20 07:24:22,874 [INFO] LogOutputStream:77 - [STDOUT_REDIRECT] 
2025-08-20 07:24:28,672 [INFO] ApplicationProperties:184 - Using Application install path: D:\Program Files\STM32CubeIDE_1.14.1\STM32CubeIDE\plugins\com.st.stm32cube.common.mx_6.10.0.202311202037
2025-08-20 07:24:28,690 [INFO] DbMcusXml:78 - Set database path to: D:\Program Files\STM32CubeIDE_1.14.1\STM32CubeIDE\plugins\com.st.stm32cube.common.mx_6.10.0.202311202037\\db\/mcu/
2025-08-20 07:24:28,690 [INFO] ApiDb:274 - Set plugin database path to: D:\Program Files\STM32CubeIDE_1.14.1\STM32CubeIDE\plugins\com.st.stm32cube.common.mx_6.10.0.202311202037\\db\/plugins/boardmanager/
2025-08-20 07:24:28,690 [WARN] ApiDb:259 - Overriding images path with different value:  => D:\Program Files\STM32CubeIDE_1.14.1\STM32CubeIDE\plugins\com.st.stm32cube.common.mx_6.10.0.202311202037\\db\/plugins/mcufinder/images/
2025-08-20 07:24:28,698 [INFO] ApiDb:250 - Set database path to: C:\Users\abhim\.stmcufinder\plugins\mcufinder//mcu/
2025-08-20 07:24:28,699 [INFO] DbMcusAds:125 - Set database path to: C:\Users\abhim\.stmcufinder\plugins\mcufinder//mcu/
2025-08-20 07:24:28,701 [INFO] CrossReferenceDbSqlite:203 - Set database path to: C:\Users\abhim\.stmcufinder\plugins\mcufinder//mcu/cs/
2025-08-20 07:24:28,804 [INFO] RulesReader:64 - Compatibility file has been processed (297 Rules)
2025-08-20 07:24:28,874 [INFO] DbMcusXml:78 - Set database path to: D:\Program Files\STM32CubeIDE_1.14.1\STM32CubeIDE\plugins\com.st.stm32cube.common.mx_6.10.0.202311202037\\db\/mcu/
2025-08-20 07:24:28,875 [INFO] ApiDb:274 - Set plugin database path to: D:\Program Files\STM32CubeIDE_1.14.1\STM32CubeIDE\plugins\com.st.stm32cube.common.mx_6.10.0.202311202037\\db\/plugins/boardmanager/
2025-08-20 07:24:28,875 [INFO] ApiDb:261 - Set plugin images path to: D:\Program Files\STM32CubeIDE_1.14.1\STM32CubeIDE\plugins\com.st.stm32cube.common.mx_6.10.0.202311202037\\db\/plugins/mcufinder/images/
2025-08-20 07:24:28,875 [WARN] DbFile:41 - Overriding database path with different value: C:\Users\abhim\.stmcufinder\plugins\mcufinder/ => C:\Users\abhim\.stmcufinder\plugins\mcufinder
2025-08-20 07:24:28,875 [INFO] ApiDb:250 - Set database path to: C:\Users\abhim\.stmcufinder\plugins\mcufinder//mcu/
2025-08-20 07:24:28,875 [WARN] DbFile:41 - Overriding database path with different value: C:\Users\abhim\.stmcufinder\plugins\mcufinder/ => C:\Users\abhim\.stmcufinder\plugins\mcufinder
2025-08-20 07:24:28,875 [INFO] DbMcusAds:125 - Set database path to: C:\Users\abhim\.stmcufinder\plugins\mcufinder//mcu/
2025-08-20 07:24:28,875 [WARN] DbFile:41 - Overriding database path with different value: C:\Users\abhim\.stmcufinder\plugins\mcufinder/ => C:\Users\abhim\.stmcufinder\plugins\mcufinder
2025-08-20 07:24:28,875 [WARN] DbFile:41 - Overriding database path with different value: C:\Users\abhim\.stmcufinder\plugins\mcufinder/ => C:\Users\abhim\.stmcufinder\plugins\mcufinder
2025-08-20 07:24:28,875 [INFO] CrossReferenceDbSqlite:203 - Set database path to: C:\Users\abhim\.stmcufinder\plugins\mcufinder//mcu/cs/
2025-08-20 07:24:28,938 [INFO] MainPanel:264 - HeapMemory: 268435456
2025-08-20 07:24:29,023 [INFO] DbMcusXml:78 - Set database path to: D:\Program Files\STM32CubeIDE_1.14.1\STM32CubeIDE\plugins\com.st.stm32cube.common.mx_6.10.0.202311202037\\db\/mcu/
2025-08-20 07:24:29,023 [INFO] ApiDb:274 - Set plugin database path to: D:\Program Files\STM32CubeIDE_1.14.1\STM32CubeIDE\plugins\com.st.stm32cube.common.mx_6.10.0.202311202037\\db\/plugins/boardmanager/
2025-08-20 07:24:29,023 [INFO] ApiDb:261 - Set plugin images path to: D:\Program Files\STM32CubeIDE_1.14.1\STM32CubeIDE\plugins\com.st.stm32cube.common.mx_6.10.0.202311202037\\db\/plugins/mcufinder/images/
2025-08-20 07:24:29,023 [WARN] DbFile:41 - Overriding database path with different value: C:\Users\abhim\.stmcufinder\plugins\mcufinder/ => C:\Users\abhim\.stmcufinder\plugins\mcufinder
2025-08-20 07:24:29,023 [INFO] ApiDb:250 - Set database path to: C:\Users\abhim\.stmcufinder\plugins\mcufinder//mcu/
2025-08-20 07:24:29,023 [WARN] DbFile:41 - Overriding database path with different value: C:\Users\abhim\.stmcufinder\plugins\mcufinder/ => C:\Users\abhim\.stmcufinder\plugins\mcufinder
2025-08-20 07:24:29,023 [INFO] DbMcusAds:125 - Set database path to: C:\Users\abhim\.stmcufinder\plugins\mcufinder//mcu/
2025-08-20 07:24:29,023 [WARN] DbFile:41 - Overriding database path with different value: C:\Users\abhim\.stmcufinder\plugins\mcufinder/ => C:\Users\abhim\.stmcufinder\plugins\mcufinder
2025-08-20 07:24:29,023 [WARN] DbFile:41 - Overriding database path with different value: C:\Users\abhim\.stmcufinder\plugins\mcufinder/ => C:\Users\abhim\.stmcufinder\plugins\mcufinder
2025-08-20 07:24:29,024 [INFO] CrossReferenceDbSqlite:203 - Set database path to: C:\Users\abhim\.stmcufinder\plugins\mcufinder//mcu/cs/
2025-08-20 07:24:29,039 [INFO] ApplicationProperties:184 - Using Application install path: D:\Program Files\STM32CubeIDE_1.14.1\STM32CubeIDE\plugins\com.st.stm32cube.common.mx_6.10.0.202311202037
2025-08-20 07:24:29,041 [INFO] PluginManage:196 - Search for loadable plugins [exclusion list=, ]
2025-08-20 07:24:29,042 [INFO] PluginManage:310 - Check plugin analytics
2025-08-20 07:24:29,190 [INFO] AnalyticsPlugin:253 - Accepted Software Licenses: 
2025-08-20 07:24:29,190 [INFO] AnalyticsPlugin:255 - Accepted CMSIS Pack Licenses: 
2025-08-20 07:24:29,190 [INFO] AnalyticsPlugin:257 - Accepted Firmware Licenses: FW.G4.1.5.0
2025-08-20 07:24:29,192 [INFO] PluginManage:359 - Loaded plugin analytics (category:tool,tabindex:-1)
2025-08-20 07:24:29,192 [INFO] PluginManage:310 - Check plugin cadmodel
2025-08-20 07:24:29,210 [INFO] CADModel:105 - Init CAD model plugin
2025-08-20 07:24:29,210 [INFO] PluginManage:359 - Loaded plugin cadmodel (category:power,tabindex:5)
2025-08-20 07:24:29,211 [INFO] PluginManage:310 - Check plugin clock
2025-08-20 07:24:29,233 [INFO] PluginManage:359 - Loaded plugin clock (category:base,tabindex:2)
2025-08-20 07:24:29,233 [INFO] PluginManage:310 - Check plugin ddr
2025-08-20 07:24:29,236 [INFO] PluginManage:359 - Loaded plugin ddr (category:tool,tabindex:6)
2025-08-20 07:24:29,236 [INFO] PluginManage:310 - Check plugin filemanager
2025-08-20 07:24:29,361 [INFO] PluginManage:359 - Loaded plugin filemanager (category:base,tabindex:10)
2025-08-20 07:24:29,362 [INFO] PluginManage:310 - Check plugin ipmanager
2025-08-20 07:24:29,369 [INFO] PluginManage:359 - Loaded plugin ipmanager (category:base,tabindex:5)
2025-08-20 07:24:29,370 [INFO] PluginManage:310 - Check plugin lpbam
2025-08-20 07:24:29,388 [INFO] PluginManage:359 - Loaded plugin lpbam (category:base,tabindex:0)
2025-08-20 07:24:29,388 [INFO] PluginManage:310 - Check plugin memorymap
2025-08-20 07:24:29,414 [INFO] PluginManage:359 - Loaded plugin memorymap (category:base,tabindex:4)
2025-08-20 07:24:29,414 [INFO] PluginManage:310 - Check plugin pinoutandconfiguration
2025-08-20 07:24:29,432 [INFO] PluginManage:359 - Loaded plugin pinoutandconfiguration (category:base,tabindex:1)
2025-08-20 07:24:29,432 [INFO] PluginManage:310 - Check plugin pinoutconfig
2025-08-20 07:24:29,514 [WARN] SupportedApi:132 - Cannot load RTOS API schema: s4s-elt-must-match.1: The content of 'definitions' must match (annotation?, (simpleType | complexType)?, (unique | key | keyref)*)). A problem was found starting at: attribute.
2025-08-20 07:24:29,622 [INFO] PluginManage:359 - Loaded plugin pinoutconfig (category:base,tabindex:0)
2025-08-20 07:24:29,622 [INFO] PluginManage:310 - Check plugin power
2025-08-20 07:24:29,642 [INFO] PluginManage:359 - Loaded plugin power (category:power,tabindex:4)
2025-08-20 07:24:29,643 [INFO] PluginManage:310 - Check plugin projectmanager
2025-08-20 07:24:29,656 [INFO] PluginManage:359 - Loaded plugin projectmanager (category:projectmanager,tabindex:3)
2025-08-20 07:24:29,656 [INFO] PluginManage:310 - Check plugin thirdparty
2025-08-20 07:24:29,972 [INFO] PluginManage:359 - Loaded plugin thirdparty (category:base,tabindex:-1)
2025-08-20 07:24:29,972 [WARN] IntegrityCheckThread:84 - waiting for thirdparty lock release [integrity check]
2025-08-20 07:24:29,972 [INFO] PluginManage:310 - Check plugin tools
2025-08-20 07:24:29,972 [INFO] IntegrityCheckThread:86 - entering critical section [integrity check]
2025-08-20 07:24:29,972 [INFO] ThirdPartyUpdaterWithRetryManager:70 - Updater plugin not ready yet. [1/15]
2025-08-20 07:24:30,014 [INFO] PluginManage:359 - Loaded plugin tools (category:base,tabindex:7)
2025-08-20 07:24:30,014 [INFO] PluginManage:310 - Check plugin tutovideos
2025-08-20 07:24:30,201 [INFO] PluginManage:359 - Loaded plugin tutovideos (category:base,tabindex:-1)
2025-08-20 07:24:30,201 [INFO] PluginManage:310 - Check plugin updater
2025-08-20 07:24:30,211 [INFO] PluginManage:359 - Loaded plugin updater (category:base,tabindex:12)
2025-08-20 07:24:30,211 [INFO] PluginManage:310 - Check plugin userauth
2025-08-20 07:24:30,215 [INFO] UserAuth:114 - Init User Auth plugin
2025-08-20 07:24:30,215 [INFO] PluginManage:359 - Loaded plugin userauth (category:base,tabindex:14)
2025-08-20 07:24:30,215 [INFO] PluginManage:283 - PluginManage : Loaded plugins [17]
2025-08-20 07:24:30,395 [INFO] PinOutPanel:1499 - setPackage(No Configuration,No Configuration)
2025-08-20 07:24:30,458 [INFO] CADModel:165 - CPN selected for project level
2025-08-20 07:24:30,458 [INFO] CADModel:114 - Register for checkConnection events
2025-08-20 07:24:30,482 [INFO] IPUIPlugin:80 - create IPUIPlugin
2025-08-20 07:24:30,483 [INFO] PluginManager:220 - loadIPPluginJar : add adc
2025-08-20 07:24:30,520 [INFO] IPUIPlugin:80 - create IPUIPlugin
2025-08-20 07:24:30,520 [INFO] PluginManager:220 - loadIPPluginJar : add aes
2025-08-20 07:24:30,564 [INFO] IPUIPlugin:80 - create IPUIPlugin
2025-08-20 07:24:30,564 [INFO] PluginManager:220 - loadIPPluginJar : add can
2025-08-20 07:24:30,591 [INFO] IPUIPlugin:80 - create IPUIPlugin
2025-08-20 07:24:30,591 [INFO] PluginManager:220 - loadIPPluginJar : add comp
2025-08-20 07:24:30,625 [INFO] IPUIPlugin:80 - create IPUIPlugin
2025-08-20 07:24:30,625 [INFO] PluginManager:220 - loadIPPluginJar : add cryp
2025-08-20 07:24:30,658 [INFO] IPUIPlugin:80 - create IPUIPlugin
2025-08-20 07:24:30,658 [INFO] PluginManager:220 - loadIPPluginJar : add dfsdm
2025-08-20 07:24:30,673 [INFO] IPUIPlugin:80 - create IPUIPlugin
2025-08-20 07:24:30,673 [INFO] PluginManager:220 - loadIPPluginJar : add dma
2025-08-20 07:24:30,719 [INFO] IPUIPlugin:80 - create IPUIPlugin
2025-08-20 07:24:30,719 [INFO] PluginManager:220 - loadIPPluginJar : add dma3
2025-08-20 07:24:30,742 [INFO] IPUIPlugin:80 - create IPUIPlugin
2025-08-20 07:24:30,742 [INFO] PluginManager:220 - loadIPPluginJar : add fatfs
2025-08-20 07:24:30,789 [INFO] IPUIPlugin:80 - create IPUIPlugin
2025-08-20 07:24:30,789 [INFO] PluginManager:220 - loadIPPluginJar : add fmc
2025-08-20 07:24:30,805 [INFO] IPUIPlugin:80 - create IPUIPlugin
2025-08-20 07:24:30,805 [INFO] PluginManager:220 - loadIPPluginJar : add freertos
2025-08-20 07:24:30,828 [INFO] IPUIPlugin:80 - create IPUIPlugin
2025-08-20 07:24:30,828 [INFO] PluginManager:220 - loadIPPluginJar : add genericplugin
2025-08-20 07:24:30,920 [INFO] IPUIPlugin:80 - create IPUIPlugin
2025-08-20 07:24:30,920 [INFO] PluginManager:220 - loadIPPluginJar : add gfxmmu
2025-08-20 07:24:31,052 [INFO] IPUIPlugin:80 - create IPUIPlugin
2025-08-20 07:24:31,053 [INFO] PluginManager:220 - loadIPPluginJar : add gic
2025-08-20 07:24:31,068 [INFO] IPUIPlugin:80 - create IPUIPlugin
2025-08-20 07:24:31,069 [INFO] PluginManager:220 - loadIPPluginJar : add gpio
2025-08-20 07:24:31,155 [INFO] IPUIPlugin:80 - create IPUIPlugin
2025-08-20 07:24:31,155 [INFO] PluginManager:220 - loadIPPluginJar : add gtzc
2025-08-20 07:24:31,197 [INFO] IPUIPlugin:80 - create IPUIPlugin
2025-08-20 07:24:31,197 [INFO] PluginManager:220 - loadIPPluginJar : add hash
2025-08-20 07:24:31,255 [INFO] IPUIPlugin:80 - create IPUIPlugin
2025-08-20 07:24:31,255 [INFO] PluginManager:220 - loadIPPluginJar : add i2c
2025-08-20 07:24:31,298 [INFO] IPUIPlugin:80 - create IPUIPlugin
2025-08-20 07:24:31,298 [INFO] PluginManager:220 - loadIPPluginJar : add i2s
2025-08-20 07:24:31,341 [INFO] IPUIPlugin:80 - create IPUIPlugin
2025-08-20 07:24:31,341 [INFO] PluginManager:220 - loadIPPluginJar : add i3c
2025-08-20 07:24:31,471 [INFO] IPUIPlugin:80 - create IPUIPlugin
2025-08-20 07:24:31,471 [INFO] PluginManager:220 - loadIPPluginJar : add ipddr
2025-08-20 07:24:31,607 [INFO] IPUIPlugin:80 - create IPUIPlugin
2025-08-20 07:24:31,607 [INFO] PluginManager:220 - loadIPPluginJar : add linkedlist
2025-08-20 07:24:31,643 [INFO] IPUIPlugin:80 - create IPUIPlugin
2025-08-20 07:24:31,644 [INFO] PluginManager:220 - loadIPPluginJar : add lorawan
2025-08-20 07:24:31,685 [INFO] IPUIPlugin:80 - create IPUIPlugin
2025-08-20 07:24:31,685 [INFO] PluginManager:220 - loadIPPluginJar : add ltdc
2025-08-20 07:24:31,700 [INFO] IPUIPlugin:80 - create IPUIPlugin
2025-08-20 07:24:31,700 [INFO] PluginManager:220 - loadIPPluginJar : add mdma
2025-08-20 07:24:31,712 [INFO] IPUIPlugin:80 - create IPUIPlugin
2025-08-20 07:24:31,713 [INFO] PluginManager:220 - loadIPPluginJar : add nvic
2025-08-20 07:24:31,753 [INFO] IPUIPlugin:80 - create IPUIPlugin
2025-08-20 07:24:31,753 [INFO] PluginManager:220 - loadIPPluginJar : add opamp
2025-08-20 07:24:31,816 [INFO] IPUIPlugin:80 - create IPUIPlugin
2025-08-20 07:24:31,816 [INFO] PluginManager:220 - loadIPPluginJar : add openamp
2025-08-20 07:24:31,863 [INFO] IPUIPlugin:80 - create IPUIPlugin
2025-08-20 07:24:31,864 [INFO] PluginManager:220 - loadIPPluginJar : add pdm2pcm
2025-08-20 07:24:31,878 [INFO] IPUIPlugin:80 - create IPUIPlugin
2025-08-20 07:24:31,879 [INFO] PluginManager:220 - loadIPPluginJar : add plateformsettings
2025-08-20 07:24:31,906 [INFO] IPUIPlugin:80 - create IPUIPlugin
2025-08-20 07:24:31,906 [INFO] PluginManager:220 - loadIPPluginJar : add quadspi
2025-08-20 07:24:31,919 [INFO] IPUIPlugin:80 - create IPUIPlugin
2025-08-20 07:24:31,919 [INFO] PluginManager:220 - loadIPPluginJar : add resmgrutility
2025-08-20 07:24:31,967 [INFO] IPUIPlugin:80 - create IPUIPlugin
2025-08-20 07:24:31,967 [INFO] PluginManager:220 - loadIPPluginJar : add sai
2025-08-20 07:24:32,005 [INFO] IPUIPlugin:80 - create IPUIPlugin
2025-08-20 07:24:32,006 [INFO] PluginManager:220 - loadIPPluginJar : add spi
2025-08-20 07:24:32,073 [INFO] IPUIPlugin:80 - create IPUIPlugin
2025-08-20 07:24:32,073 [INFO] PluginManager:220 - loadIPPluginJar : add stm32_wpan
2025-08-20 07:24:32,099 [INFO] IPUIPlugin:80 - create IPUIPlugin
2025-08-20 07:24:32,100 [INFO] PluginManager:220 - loadIPPluginJar : add tim
2025-08-20 07:24:32,155 [INFO] IPUIPlugin:80 - create IPUIPlugin
2025-08-20 07:24:32,155 [INFO] PluginManager:220 - loadIPPluginJar : add touchsensing
2025-08-20 07:24:32,180 [INFO] IPUIPlugin:80 - create IPUIPlugin
2025-08-20 07:24:32,181 [INFO] PluginManager:220 - loadIPPluginJar : add tracer_emb
2025-08-20 07:24:32,210 [INFO] IPUIPlugin:80 - create IPUIPlugin
2025-08-20 07:24:32,210 [INFO] PluginManager:220 - loadIPPluginJar : add ts
2025-08-20 07:24:32,235 [INFO] IPUIPlugin:80 - create IPUIPlugin
2025-08-20 07:24:32,235 [INFO] PluginManager:220 - loadIPPluginJar : add tsc
2025-08-20 07:24:32,258 [INFO] IPUIPlugin:80 - create IPUIPlugin
2025-08-20 07:24:32,258 [INFO] PluginManager:220 - loadIPPluginJar : add ucpd
2025-08-20 07:24:32,300 [INFO] IPUIPlugin:80 - create IPUIPlugin
2025-08-20 07:24:32,301 [INFO] PluginManager:220 - loadIPPluginJar : add usart
2025-08-20 07:24:32,346 [INFO] IPUIPlugin:80 - create IPUIPlugin
2025-08-20 07:24:32,346 [INFO] PluginManager:220 - loadIPPluginJar : add usbx
2025-08-20 07:24:32,461 [INFO] CADModel:165 - CPN selected for project level
2025-08-20 07:24:32,461 [INFO] CADModel:114 - Register for checkConnection events
2025-08-20 07:24:32,462 [FATAL] Updater:308 - Updater called before beeing initialized
2025-08-20 07:24:32,462 [ERROR] CADModel:125 - Updater not yet initialized, retry later 
2025-08-20 07:24:32,565 [INFO] CADModel:165 - CPN selected for project level
2025-08-20 07:24:32,565 [INFO] CADModel:114 - Register for checkConnection events
2025-08-20 07:24:32,565 [FATAL] Updater:308 - Updater called before beeing initialized
2025-08-20 07:24:32,565 [ERROR] CADModel:125 - Updater not yet initialized, retry later 
2025-08-20 07:24:32,568 [FATAL] Updater:308 - Updater called before beeing initialized
2025-08-20 07:24:32,689 [FATAL] Updater:308 - Updater called before beeing initialized
2025-08-20 07:24:32,705 [INFO] DbMcusAds:53 - JSON generation date=Thu Jun 19 10:32:37 CEST 2025 (1750321957418)
2025-08-20 07:24:32,706 [FATAL] Updater:308 - Updater called before beeing initialized
2025-08-20 07:24:32,787 [WARN] DetailPanel:346 - Failed to get advertising image, set to default
2025-08-20 07:24:32,861 [FATAL] Updater:308 - Updater called before beeing initialized
2025-08-20 07:24:32,863 [FATAL] Updater:308 - Updater called before beeing initialized
2025-08-20 07:24:32,863 [FATAL] Updater:308 - Updater called before beeing initialized
2025-08-20 07:24:32,863 [WARN] DetailPanel:346 - Failed to get advertising image, set to default
2025-08-20 07:24:32,864 [FATAL] Updater:308 - Updater called before beeing initialized
2025-08-20 07:24:32,934 [ERROR] Updater:1120 - MainUpdater not yet initialized. External WinMGr cannot be set.
2025-08-20 07:24:32,951 [INFO] Updater:1056 - Updater Version found : 6.10.0
2025-08-20 07:24:32,971 [INFO] ApplicationProperties:184 - Using Application install path: D:\Program Files\STM32CubeIDE_1.14.1\STM32CubeIDE\plugins\com.st.stm32cube.common.mx_6.10.0.202311202037
2025-08-20 07:24:32,975 [INFO] ThirdPartyUpdaterWithRetryManager:70 - Updater plugin not ready yet. [2/15]
2025-08-20 07:24:34,552 [ERROR] LogOutputStream:75 - [STDERR_REDIRECT] Aug 20, 2025 7:24:34 AM java.util.prefs.WindowsPreferences <init>
2025-08-20 07:24:34,553 [ERROR] LogOutputStream:75 - [STDERR_REDIRECT] WARNING: Could not open/create prefs root node Software\JavaSoft\Prefs at root 0xffffffff80000002. Windows RegCreateKeyEx(...) returned error code 5.
2025-08-20 07:24:34,553 [ERROR] LogOutputStream:75 - [STDERR_REDIRECT] 
2025-08-20 07:24:34,806 [INFO] MainUpdater:2873 - connection check result : 10
2025-08-20 07:24:34,807 [INFO] MainUpdater:290 - Updater Check For Update Now.
2025-08-20 07:24:34,807 [INFO] MicroXplorer:498 - Change Database Version : DB.6.0.100
2025-08-20 07:24:34,824 [INFO] McuFinderGlobals:63 - Set McuFinder mode to 2 (CubeIDE integrated)
2025-08-20 07:24:34,997 [INFO] UserAuth:404 - Internet connection configuration mode: 1
2025-08-20 07:24:35,021 [INFO] CheckServerUpdateThread:120 - End of CheckServer Thread
2025-08-20 07:24:35,024 [INFO] JxBrowserEngine:152 - Initiate JxBrowser Engine with user profile folder
2025-08-20 07:24:36,212 [WARN] PackLoader:240 - Cannot read IP mode file for STMicroelectronics.FP-SNS-MOTENVWB1.1.4.0
2025-08-20 07:24:36,227 [WARN] PackLoader:240 - Cannot read IP mode file for STMicroelectronics.FP-ATR-ASTRA1.2.0.2
2025-08-20 07:24:36,241 [WARN] PackLoader:240 - Cannot read IP mode file for STMicroelectronics.X-CUBE-SMBUS.2.1.0
2025-08-20 07:24:36,256 [WARN] PackLoader:240 - Cannot read IP mode file for STMicroelectronics.X-CUBE-WB05N.1.1.0
2025-08-20 07:24:36,273 [WARN] PackLoader:240 - Cannot read IP mode file for STMicroelectronics.X-CUBE-TOUCHGFX.4.23.0
2025-08-20 07:24:36,311 [WARN] PackLoader:240 - Cannot read IP mode file for STMicroelectronics.X-CUBE-AZRTOS-F7.1.1.0
2025-08-20 07:24:36,332 [WARN] PackLoader:240 - Cannot read IP mode file for STMicroelectronics.FP-SNS-MOTENV1.4.3.2
2025-08-20 07:24:36,403 [WARN] PackLoader:240 - Cannot read IP mode file for STMicroelectronics.X-CUBE-MEMS1.11.0.0
2025-08-20 07:24:36,534 [WARN] PackLoader:240 - Cannot read IP mode file for STMicroelectronics.FP-SNS-FLIGHT1.5.0.2
2025-08-20 07:24:36,565 [WARN] PackLoader:240 - Cannot read IP mode file for STMicroelectronics.X-CUBE-AZRTOS-H7.3.4.0
2025-08-20 07:24:36,586 [WARN] PackLoader:240 - Cannot read IP mode file for STMicroelectronics.X-CUBE-DISPLAY.3.0.0
2025-08-20 07:24:36,604 [WARN] PackLoader:240 - Cannot read IP mode file for STMicroelectronics.X-CUBE-BLE1.7.0.0
2025-08-20 07:24:36,623 [WARN] PackLoader:240 - Cannot read IP mode file for STMicroelectronics.X-CUBE-NFC10.1.0.0
2025-08-20 07:24:36,642 [WARN] PackLoader:240 - Cannot read IP mode file for STMicroelectronics.X-CUBE-BLEMGR.4.0.0
2025-08-20 07:24:36,671 [WARN] PackLoader:240 - Cannot read IP mode file for emotas.I-CUBE-CANOPEN.1.3.0
2025-08-20 07:24:36,688 [WARN] ConditionMgr:438 - getConditionDescription Invalid condition id : Cortex-A Device cause : null
2025-08-20 07:24:36,718 [WARN] ConditionMgr:1039 - genDependencies : Invalid condition id : Cortex-A Device cause : null
2025-08-20 07:24:36,719 [WARN] ConditionMgr:1039 - genDependencies : Invalid condition id : Cortex-A Device cause : null
2025-08-20 07:24:36,719 [WARN] ConditionMgr:1039 - genDependencies : Invalid condition id : Cortex-A Device cause : null
2025-08-20 07:24:36,753 [WARN] PackLoader:240 - Cannot read IP mode file for STMicroelectronics.X-CUBE-BLEMGR.3.1.0
2025-08-20 07:24:36,777 [WARN] PackLoader:240 - Cannot read IP mode file for STMicroelectronics.X-CUBE-AI.10.0.0
2025-08-20 07:24:36,799 [ERROR] Engine:466 - C:\Users\abhim\.stm32cubemx\thirdparties\pdsc\STMicroelectronics.FP-SNS-STBOX1.2.1.0.pdsc: PDSC version is not supported
2025-08-20 07:24:36,816 [WARN] PackLoader:240 - Cannot read IP mode file for STMicroelectronics.FP-SNS-SMARTAG2.1.2.0
2025-08-20 07:24:36,831 [ERROR] Engine:466 - C:\Users\abhim\.stm32cubemx\thirdparties\pdsc\STMicroelectronics.FP-SNS-FLIGHT1.5.1.0.pdsc: PDSC version is not supported
2025-08-20 07:24:36,883 [WARN] PackLoader:240 - Cannot read IP mode file for STMicroelectronics.X-CUBE-MEMS1.11.1.0
2025-08-20 07:24:37,005 [INFO] LogOutputStream:77 - [STDOUT_REDIRECT] 1 : Invalid condition id : UX_CORESTACK_Condition cause : null
2025-08-20 07:24:37,006 [INFO] LogOutputStream:77 - [STDOUT_REDIRECT] 1 : Invalid condition id : UX_CORESTACK_Condition cause : null
2025-08-20 07:24:37,006 [INFO] LogOutputStream:77 - [STDOUT_REDIRECT] 1 : Invalid condition id : UX_CORESTACK_Condition cause : null
2025-08-20 07:24:37,007 [INFO] LogOutputStream:77 - [STDOUT_REDIRECT] 1 : Invalid condition id : UX_CORESTACK_Condition cause : null
2025-08-20 07:24:37,008 [INFO] LogOutputStream:77 - [STDOUT_REDIRECT] 1 : Invalid condition id : UX_CORESTACK_Condition cause : null
2025-08-20 07:24:37,009 [WARN] PackLoader:240 - Cannot read IP mode file for STMicroelectronics.X-CUBE-AZRTOS-WL.2.0.0
2025-08-20 07:24:37,023 [WARN] PackLoader:240 - Cannot read IP mode file for STMicroelectronics.FP-SNS-MOTENV1.5.0.0
2025-08-20 07:24:37,040 [WARN] PackLoader:240 - Cannot read IP mode file for wolfSSL.I-CUBE-wolfMQTT.1.19.0
2025-08-20 07:24:37,060 [WARN] PackLoader:240 - Cannot read IP mode file for WES.I-CUBE-Cesium.1.3.0
2025-08-20 07:24:37,074 [WARN] PackLoader:240 - Cannot read IP mode file for STMicroelectronics.X-CUBE-BLE2.3.3.0
2025-08-20 07:24:37,090 [WARN] PackLoader:240 - Cannot read IP mode file for STMicroelectronics.X-CUBE-NFC9.1.0.0
2025-08-20 07:24:37,107 [WARN] PackLoader:240 - Cannot read IP mode file for STMicroelectronics.X-CUBE-BLE1.7.1.0
2025-08-20 07:24:37,125 [WARN] PackLoader:240 - Cannot read IP mode file for STMicroelectronics.X-CUBE-TCPP.4.1.0
2025-08-20 07:24:37,143 [WARN] PackLoader:240 - Cannot read IP mode file for STMicroelectronics.X-CUBE-EEPRMA1.5.2.0
2025-08-20 07:24:37,158 [WARN] PackLoader:240 - Cannot read IP mode file for STMicroelectronics.X-CUBE-AI.10.1.0
2025-08-20 07:24:37,177 [WARN] PackLoader:240 - Cannot read IP mode file for STMicroelectronics.X-CUBE-ALGOBUILD.1.3.0
2025-08-20 07:24:37,240 [WARN] PackLoader:240 - Cannot read IP mode file for STMicroelectronics.X-CUBE-MEMS1.11.2.0
2025-08-20 07:24:37,378 [WARN] PackLoader:240 - Cannot read IP mode file for STMicroelectronics.X-CUBE-AZRTOS-G0.1.1.0
2025-08-20 07:24:37,400 [WARN] PackLoader:240 - Cannot read IP mode file for STMicroelectronics.X-CUBE-SAFEA1.1.2.2
2025-08-20 07:24:37,419 [WARN] PackLoader:240 - Cannot read IP mode file for STMicroelectronics.X-CUBE-NFC4.3.0.0
2025-08-20 07:24:37,440 [WARN] PackLoader:240 - Cannot read IP mode file for EmbeddedOffice.I-CUBE-FS-RTOS.1.0.1
2025-08-20 07:24:37,440 [ERROR] ConditionMgr:805 - Attr not supported : Dmpu
2025-08-20 07:24:37,441 [ERROR] ConditionMgr:805 - Attr not supported : Dmpu
2025-08-20 07:24:37,441 [ERROR] ConditionMgr:805 - Attr not supported : Dmpu
2025-08-20 07:24:37,441 [ERROR] ConditionMgr:805 - Attr not supported : Dmpu
2025-08-20 07:24:37,441 [ERROR] ConditionMgr:805 - Attr not supported : Dmpu
2025-08-20 07:24:37,441 [ERROR] ConditionMgr:805 - Attr not supported : Dmpu
2025-08-20 07:24:37,441 [ERROR] ConditionMgr:805 - Attr not supported : Dmpu
2025-08-20 07:24:37,441 [ERROR] ConditionMgr:805 - Attr not supported : Dmpu
2025-08-20 07:24:37,441 [ERROR] ConditionMgr:805 - Attr not supported : Dmpu
2025-08-20 07:24:37,441 [ERROR] ConditionMgr:805 - Attr not supported : Dmpu
2025-08-20 07:24:37,441 [ERROR] ConditionMgr:805 - Attr not supported : Dmpu
2025-08-20 07:24:37,441 [ERROR] ConditionMgr:805 - Attr not supported : Dmpu
2025-08-20 07:24:37,441 [ERROR] ConditionMgr:805 - Attr not supported : Dmpu
2025-08-20 07:24:37,441 [ERROR] ConditionMgr:805 - Attr not supported : Dmpu
2025-08-20 07:24:37,441 [ERROR] ConditionMgr:805 - Attr not supported : Dmpu
2025-08-20 07:24:37,441 [ERROR] ConditionMgr:805 - Attr not supported : Dmpu
2025-08-20 07:24:37,441 [ERROR] ConditionMgr:805 - Attr not supported : Dmpu
2025-08-20 07:24:37,441 [ERROR] ConditionMgr:805 - Attr not supported : Dmpu
2025-08-20 07:24:37,441 [ERROR] ConditionMgr:805 - Attr not supported : Dmpu
2025-08-20 07:24:37,441 [ERROR] ConditionMgr:805 - Attr not supported : Dmpu
2025-08-20 07:24:37,441 [ERROR] ConditionMgr:805 - Attr not supported : Dmpu
2025-08-20 07:24:37,441 [ERROR] ConditionMgr:805 - Attr not supported : Dmpu
2025-08-20 07:24:37,441 [ERROR] ConditionMgr:805 - Attr not supported : Dmpu
2025-08-20 07:24:37,441 [ERROR] ConditionMgr:805 - Attr not supported : Dmpu
2025-08-20 07:24:37,441 [ERROR] ConditionMgr:805 - Attr not supported : Dmpu
2025-08-20 07:24:37,441 [ERROR] ConditionMgr:805 - Attr not supported : Dmpu
2025-08-20 07:24:37,442 [ERROR] ConditionMgr:805 - Attr not supported : Dmpu
2025-08-20 07:24:37,442 [ERROR] ConditionMgr:805 - Attr not supported : Dmpu
2025-08-20 07:24:37,442 [ERROR] ConditionMgr:805 - Attr not supported : Dmpu
2025-08-20 07:24:37,442 [ERROR] ConditionMgr:805 - Attr not supported : Dmpu
2025-08-20 07:24:37,442 [ERROR] ConditionMgr:805 - Attr not supported : Dmpu
2025-08-20 07:24:37,442 [ERROR] ConditionMgr:805 - Attr not supported : Dmpu
2025-08-20 07:24:37,442 [ERROR] ConditionMgr:805 - Attr not supported : Dmpu
2025-08-20 07:24:37,442 [ERROR] ConditionMgr:805 - Attr not supported : Dmpu
2025-08-20 07:24:37,442 [ERROR] ConditionMgr:805 - Attr not supported : Dmpu
2025-08-20 07:24:37,442 [ERROR] ConditionMgr:805 - Attr not supported : Dmpu
2025-08-20 07:24:37,442 [ERROR] ConditionMgr:805 - Attr not supported : Dmpu
2025-08-20 07:24:37,442 [ERROR] ConditionMgr:805 - Attr not supported : Dmpu
2025-08-20 07:24:37,442 [ERROR] ConditionMgr:805 - Attr not supported : Dmpu
2025-08-20 07:24:37,443 [ERROR] ConditionMgr:805 - Attr not supported : Dmpu
2025-08-20 07:24:37,443 [ERROR] ConditionMgr:805 - Attr not supported : Dmpu
2025-08-20 07:24:37,443 [ERROR] ConditionMgr:805 - Attr not supported : Dmpu
2025-08-20 07:24:37,443 [ERROR] ConditionMgr:805 - Attr not supported : Dmpu
2025-08-20 07:24:37,443 [ERROR] ConditionMgr:805 - Attr not supported : Dmpu
2025-08-20 07:24:37,443 [ERROR] ConditionMgr:805 - Attr not supported : Dmpu
2025-08-20 07:24:37,443 [ERROR] ConditionMgr:805 - Attr not supported : Dmpu
2025-08-20 07:24:37,443 [ERROR] ConditionMgr:805 - Attr not supported : Dmpu
2025-08-20 07:24:37,443 [ERROR] ConditionMgr:805 - Attr not supported : Dmpu
2025-08-20 07:24:37,443 [ERROR] ConditionMgr:805 - Attr not supported : Dmpu
2025-08-20 07:24:37,443 [ERROR] ConditionMgr:805 - Attr not supported : Dmpu
2025-08-20 07:24:37,443 [ERROR] ConditionMgr:805 - Attr not supported : Dmpu
2025-08-20 07:24:37,444 [ERROR] ConditionMgr:805 - Attr not supported : Dmpu
2025-08-20 07:24:37,444 [ERROR] ConditionMgr:805 - Attr not supported : Dmpu
2025-08-20 07:24:37,444 [ERROR] ConditionMgr:805 - Attr not supported : Dmpu
2025-08-20 07:24:37,444 [ERROR] ConditionMgr:805 - Attr not supported : Dmpu
2025-08-20 07:24:37,444 [ERROR] ConditionMgr:805 - Attr not supported : Dmpu
2025-08-20 07:24:37,444 [ERROR] ConditionMgr:805 - Attr not supported : Dmpu
2025-08-20 07:24:37,444 [ERROR] ConditionMgr:805 - Attr not supported : Dmpu
2025-08-20 07:24:37,444 [ERROR] ConditionMgr:805 - Attr not supported : Dmpu
2025-08-20 07:24:37,444 [ERROR] ConditionMgr:805 - Attr not supported : Dmpu
2025-08-20 07:24:37,444 [ERROR] ConditionMgr:805 - Attr not supported : Dmpu
2025-08-20 07:24:37,444 [ERROR] ConditionMgr:805 - Attr not supported : Dmpu
2025-08-20 07:24:37,444 [ERROR] ConditionMgr:805 - Attr not supported : Dmpu
2025-08-20 07:24:37,444 [ERROR] ConditionMgr:805 - Attr not supported : Dmpu
2025-08-20 07:24:37,458 [WARN] PackLoader:240 - Cannot read IP mode file for STMicroelectronics.X-CUBE-WB05N.2.0.0
2025-08-20 07:24:37,471 [ERROR] Engine:466 - C:\Users\abhim\.stm32cubemx\thirdparties\pdsc\STMicroelectronics.X-CUBE-TCPP.4.2.0.pdsc: PDSC version is not supported
2025-08-20 07:24:37,486 [WARN] PackLoader:240 - Cannot read IP mode file for RealThread.X-CUBE-RT-Thread_Nano.4.1.1
2025-08-20 07:24:37,501 [WARN] PackLoader:240 - Cannot read IP mode file for STMicroelectronics.FP-ATR-SIGFOX1.3.2.0
2025-08-20 07:24:37,521 [WARN] PackLoader:240 - Cannot read IP mode file for STMicroelectronics.X-CUBE-EEPRMA1.5.1.0
2025-08-20 07:24:37,539 [ERROR] Engine:466 - C:\Users\abhim\.stm32cubemx\thirdparties\pdsc\STMicroelectronics.X-CUBE-ST67W61.1.0.0.pdsc: PDSC version is not supported
2025-08-20 07:24:37,556 [WARN] PackLoader:240 - Cannot read IP mode file for STMicroelectronics.X-CUBE-AI.10.2.0
2025-08-20 07:24:37,592 [WARN] PackLoader:240 - Cannot read IP mode file for SEGGER.I-CUBE-embOS.1.3.1
2025-08-20 07:24:37,634 [WARN] PackLoader:240 - Cannot read IP mode file for STMicroelectronics.X-CUBE-ALGOBUILD.1.4.0
2025-08-20 07:24:37,693 [WARN] PackLoader:240 - Cannot read IP mode file for STMicroelectronics.X-CUBE-MEMS1.11.3.0
2025-08-20 07:24:37,803 [WARN] PackLoader:240 - Cannot read IP mode file for STMicroelectronics.X-CUBE-AI.9.1.0
2025-08-20 07:24:37,821 [WARN] PackLoader:240 - Cannot read IP mode file for STMicroelectronics.X-CUBE-PM33A1.1.0.0
2025-08-20 07:24:37,837 [WARN] PackLoader:240 - Cannot read IP mode file for STMicroelectronics.X-CUBE-GNSS1.6.0.0
2025-08-20 07:24:37,868 [WARN] PackLoader:240 - Cannot read IP mode file for STMicroelectronics.X-CUBE-AZRTOS-F4.1.1.0
2025-08-20 07:24:37,970 [ERROR] Engine:466 - C:\Users\abhim\.stm32cubemx\thirdparties\pdsc\Avnet-IotConnect.X-CUBE-IoTC-DA16k-PMOD.1.0.0.pdsc: PDSC version is not supported
2025-08-20 07:24:37,987 [WARN] PackLoader:240 - Cannot read IP mode file for STMicroelectronics.X-CUBE-ISPU.2.1.0
2025-08-20 07:24:38,007 [WARN] PackLoader:240 - Cannot read IP mode file for STMicroelectronics.X-CUBE-FREERTOS.1.2.0
2025-08-20 07:24:38,053 [WARN] PackLoader:240 - Cannot read IP mode file for wolfSSL.I-CUBE-wolfSSL.5.6.6
2025-08-20 07:24:38,224 [WARN] PackLoader:240 - Cannot read IP mode file for STMicroelectronics.X-CUBE-NFC12.1.0.0
2025-08-20 07:24:38,262 [WARN] PackLoader:240 - Cannot read IP mode file for STMicroelectronics.X-CUBE-AZRTOS-L5.2.0.0
2025-08-20 07:24:38,286 [WARN] PackLoader:240 - Cannot read IP mode file for STMicroelectronics.X-CUBE-NFC6.3.1.0
2025-08-20 07:24:38,308 [WARN] PackLoader:240 - Cannot read IP mode file for ITTIA_DB.I-CUBE-ITTIADB.8.8.0
2025-08-20 07:24:38,325 [WARN] PackLoader:240 - Cannot read IP mode file for STMicroelectronics.X-CUBE-DPower.1.2.0
2025-08-20 07:24:38,341 [WARN] PackLoader:240 - Cannot read IP mode file for STMicroelectronics.X-CUBE-FREERTOS.1.3.1
2025-08-20 07:24:38,360 [WARN] PackLoader:240 - Cannot read IP mode file for STMicroelectronics.X-CUBE-FREERTOS.1.3.0
2025-08-20 07:24:38,382 [WARN] PackLoader:240 - Cannot read IP mode file for STMicroelectronics.X-CUBE-NFC7.1.0.1
2025-08-20 07:24:38,404 [WARN] PackLoader:240 - Cannot read IP mode file for STMicroelectronics.X-CUBE-NFC6.3.0.0
2025-08-20 07:24:38,425 [ERROR] Engine:466 - C:\Users\abhim\.stm32cubemx\thirdparties\pdsc\STMicroelectronics.FP-SNS-STAIOTCFT.1.0.0.pdsc: PDSC version is not supported
2025-08-20 07:24:38,443 [WARN] PackLoader:240 - Cannot read IP mode file for STMicroelectronics.X-CUBE-DPower.1.3.0
2025-08-20 07:24:38,463 [WARN] PackLoader:240 - Cannot read IP mode file for STMicroelectronics.X-CUBE-AI.8.1.0
2025-08-20 07:24:38,504 [WARN] ConditionMgr:438 - getConditionDescription Invalid condition id : LAN8742 Phy interface Condition cause : null
2025-08-20 07:24:38,506 [WARN] PackLoader:240 - Cannot read IP mode file for STMicroelectronics.X-CUBE-AZRTOS-L4.2.0.0
2025-08-20 07:24:38,507 [WARN] ConditionMgr:1039 - genDependencies : Invalid condition id : LAN8742 Phy interface Condition cause : null
2025-08-20 07:24:38,507 [WARN] ConditionMgr:1039 - genDependencies : Invalid condition id : LAN8742 Phy interface Condition cause : null
2025-08-20 07:24:38,508 [WARN] ConditionMgr:1039 - genDependencies : Invalid condition id : LAN8742 Phy interface Condition cause : null
2025-08-20 07:24:38,530 [WARN] PackLoader:240 - Cannot read IP mode file for STMicroelectronics.X-CUBE-SFXS2LP1.4.0.0
2025-08-20 07:24:38,567 [WARN] PackLoader:240 - Cannot read IP mode file for STMicroelectronics.X-CUBE-AZRTOS-H7.3.3.0
2025-08-20 07:24:38,590 [ERROR] Engine:466 - C:\Users\abhim\.stm32cubemx\thirdparties\pdsc\STMicroelectronics.X-CUBE-BLEMGR.4.1.0.pdsc: PDSC version is not supported
2025-08-20 07:24:38,620 [WARN] PackLoader:240 - Cannot read IP mode file for STMicroelectronics.X-CUBE-IPS.3.0.0
2025-08-20 07:24:38,662 [WARN] ConditionMgr:438 - getConditionDescription Invalid condition id : UX DEVICE CLASS RTOS Condition cause : null
2025-08-20 07:24:38,663 [WARN] ConditionMgr:438 - getConditionDescription Invalid condition id : UX DEVICE CLASS RTOS Condition cause : null
2025-08-20 07:24:38,665 [WARN] PackLoader:240 - Cannot read IP mode file for STMicroelectronics.X-CUBE-AZRTOS-WB.2.0.0
2025-08-20 07:24:38,666 [WARN] ConditionMgr:1039 - genDependencies : Invalid condition id : UX DEVICE CLASS RTOS Condition cause : null
2025-08-20 07:24:38,666 [WARN] ConditionMgr:1039 - genDependencies : Invalid condition id : UX DEVICE CLASS RTOS Condition cause : null
2025-08-20 07:24:38,667 [WARN] ConditionMgr:1039 - genDependencies : Invalid condition id : UX DEVICE CLASS RTOS Condition cause : null
2025-08-20 07:24:38,667 [WARN] ConditionMgr:1039 - genDependencies : Invalid condition id : UX DEVICE CLASS RTOS Condition cause : null
2025-08-20 07:24:38,667 [WARN] ConditionMgr:1039 - genDependencies : Invalid condition id : UX DEVICE CLASS RTOS Condition cause : null
2025-08-20 07:24:38,717 [WARN] PackLoader:240 - Cannot read IP mode file for STMicroelectronics.X-CUBE-GNSS1.7.0.0
2025-08-20 07:24:38,739 [WARN] PackLoader:240 - Cannot read IP mode file for STMicroelectronics.X-CUBE-GNSS1.7.0.1
2025-08-20 07:24:38,760 [WARN] PackLoader:240 - Cannot read IP mode file for STMicroelectronics.X-CUBE-TOUCHGFX.4.25.0
2025-08-20 07:24:38,787 [WARN] PackLoader:240 - Cannot read IP mode file for STMicroelectronics.FP-SNS-STBOX1.2.0.0
2025-08-20 07:24:38,818 [WARN] PackLoader:240 - Cannot read IP mode file for STMicroelectronics.X-CUBE-SUBG2.5.0.0
2025-08-20 07:24:38,871 [WARN] PackLoader:240 - Cannot read IP mode file for STMicroelectronics.X-CUBE-AZRTOS-H7RS.1.1.0
2025-08-20 07:24:38,898 [WARN] PackLoader:240 - Cannot read IP mode file for Cesanta.I-CUBE-Mongoose.7.13.0
2025-08-20 07:24:38,934 [WARN] PackLoader:240 - Cannot read IP mode file for STMicroelectronics.X-CUBE-AZRTOS-G4.2.0.0
2025-08-20 07:24:38,972 [WARN] PackLoader:240 - Cannot read IP mode file for Infineon.AIROC-Wi-Fi-Bluetooth-STM32.1.5.1
2025-08-20 07:24:38,994 [WARN] PackLoader:240 - Cannot read IP mode file for STMicroelectronics.X-CUBE-NFC7.2.0.0
2025-08-20 07:24:39,012 [WARN] PackLoader:240 - Cannot read IP mode file for STMicroelectronics.FP-SNS-MOTENVWB1.1.3.1
2025-08-20 07:24:39,031 [WARN] PackLoader:240 - Cannot read IP mode file for STMicroelectronics.X-CUBE-ISPU.2.0.0
2025-08-20 07:24:39,052 [ERROR] Engine:466 - C:\Users\abhim\.stm32cubemx\thirdparties\pdsc\STMicroelectronics.X-CUBE-IPS.3.1.0.pdsc: PDSC version is not supported
2025-08-20 07:24:39,070 [WARN] PackLoader:240 - Cannot read IP mode file for STMicroelectronics.X-CUBE-ALS.1.0.2
2025-08-20 07:24:39,123 [INFO] WebApp:161 - Instantiating new browser for Auth
2025-08-20 07:24:39,129 [WARN] PackLoader:240 - Cannot read IP mode file for STMicroelectronics.X-CUBE-MEMS1.10.0.0
2025-08-20 07:24:39,243 [WARN] PackLoader:240 - Cannot read IP mode file for STMicroelectronics.X-CUBE-FREERTOS.1.1.0
2025-08-20 07:24:39,268 [WARN] PackLoader:240 - Cannot read IP mode file for STMicroelectronics.X-CUBE-TOUCHGFX.4.24.1
2025-08-20 07:24:39,287 [WARN] PackLoader:240 - Cannot read IP mode file for wolfSSL.I-CUBE-wolfTPM.3.4.0
2025-08-20 07:24:39,308 [WARN] PackLoader:240 - Cannot read IP mode file for portGmbH.I-Cube-SoM-uGOAL.1.1.0
2025-08-20 07:24:39,327 [WARN] PackLoader:240 - Cannot read IP mode file for STMicroelectronics.X-CUBE-ALS.1.0.1
2025-08-20 07:24:39,361 [WARN] PackLoader:240 - Cannot read IP mode file for STMicroelectronics.X-CUBE-AZRTOS-H7RS.1.0.0
2025-08-20 07:24:39,382 [WARN] PackLoader:240 - Cannot read IP mode file for STMicroelectronics.FP-ATR-ASTRA1.2.0.0
2025-08-20 07:24:39,417 [WARN] PackLoader:240 - Cannot read IP mode file for STMicroelectronics.X-CUBE-TOF1.3.4.2
2025-08-20 07:24:39,447 [ERROR] Engine:466 - C:\Users\abhim\.stm32cubemx\thirdparties\pdsc\STMicroelectronics.X-CUBE-TOF1.3.4.3.pdsc: PDSC version is not supported
2025-08-20 07:24:39,478 [WARN] PackLoader:240 - Cannot read IP mode file for STMicroelectronics.X-CUBE-TOF1.3.4.0
2025-08-20 07:24:39,519 [WARN] PackLoader:240 - Cannot read IP mode file for STMicroelectronics.X-CUBE-AZRTOS-H7.3.2.0
2025-08-20 07:24:39,543 [WARN] PackLoader:240 - Cannot read IP mode file for wolfSSL.I-CUBE-wolfSSH.1.4.17
2025-08-20 07:24:39,543 [INFO] ThirdParty:978 - Integrity check success = true
2025-08-20 07:24:39,543 [INFO] IntegrityCheckThread:100 - exiting critical section [integrity check]
2025-08-20 07:24:39,543 [INFO] IntegrityCheckThread:103 - End integrity checks thread
2025-08-20 07:24:39,977 [INFO] WebApp:780 - Register for checkConnection events
2025-08-20 07:24:39,977 [INFO] WebApp:414 - Apply proxy settings
2025-08-20 07:24:39,977 [INFO] WebApp:499 - Chromium requires no authentication
2025-08-20 07:24:39,989 [INFO] WebApp:442 - Direct internet connection detected
2025-08-20 07:24:40,177 [INFO] WebApp:192 - Starting web application
2025-08-20 07:24:40,177 [INFO] WebApp:544 - Web application path used D:\Program Files\STM32CubeIDE_1.14.1\STM32CubeIDE\plugins\com.st.stm32cube.common.mx_6.10.0.202311202037\db\plugins\mcufinder\reactClient1\index.html
2025-08-20 07:25:00,935 [ERROR] LogOutputStream:75 - [STDERR_REDIRECT] SLF4J: Failed to load class "org.slf4j.impl.StaticLoggerBinder".
2025-08-20 07:25:00,936 [ERROR] LogOutputStream:75 - [STDERR_REDIRECT] SLF4J: Defaulting to no-operation (NOP) logger implementation
2025-08-20 07:25:00,937 [ERROR] LogOutputStream:75 - [STDERR_REDIRECT] SLF4J: See http://www.slf4j.org/codes.html#StaticLoggerBinder for further details.
2025-08-20 16:21:13,190 [ERROR] LogOutputStream:75 - [STDERR_REDIRECT] 
2025-08-20 16:21:13,192 [ERROR] LogOutputStream:75 - [STDERR_REDIRECT] 
