2025-06-28 00:05:19,079 [INFO] UtilMem:75 - End SaveConfig() Used Memory: 561194744 Bytes (1073741824)
2025-06-28 00:05:19,150 [INFO] UtilMem:75 - End SaveConfig() Used Memory: 584785656 Bytes (1073741824)
2025-06-28 00:05:19,507 [INFO] UtilMem:75 - End SaveConfig() Used Memory: 626728696 Bytes (1073741824)
2025-06-28 00:05:19,697 [INFO] BlockDiagram:2759 - set Specific Code input for plugin: FMAC
2025-06-28 00:05:19,697 [INFO] BlockDiagram:2759 - set Specific Code input for plugin: DAC
2025-06-28 00:05:19,697 [INFO] BlockDiagram:2759 - set Specific Code input for plugin: TIM6_7G4
2025-06-28 00:05:19,697 [INFO] BlockDiagram:2759 - set Specific Code input for plugin: SYS
2025-06-28 00:05:19,697 [INFO] BlockDiagram:2759 - set Specific Code input for plugin: ADC
2025-06-28 00:05:19,697 [INFO] BlockDiagram:2759 - set Specific Code input for plugin: RCC
2025-06-28 00:05:19,697 [INFO] BlockDiagram:2759 - set Specific Code input for plugin: LPUART
2025-06-28 00:05:19,697 [INFO] BlockDiagram:2759 - set Specific Code input for plugin: NVIC
2025-06-28 00:05:19,697 [INFO] BlockDiagram:2759 - set Specific Code input for plugin: DMA
2025-06-28 00:05:19,697 [INFO] BlockDiagram:2759 - set Specific Code input for plugin: GPIO
2025-06-28 00:05:19,697 [INFO] CodeGenerator:807 - code generatio: config db path: D:\Program Files\STM32CubeIDE_1.14.1\STM32CubeIDE\plugins\com.st.stm32cube.common.mx_6.10.0.202311202037\\db\
2025-06-28 00:05:19,720 [INFO] Argument:325 - Argument : hdmavalue: null
2025-06-28 00:05:19,720 [INFO] Argument:327 - 	 sub Args: 
2025-06-28 00:05:19,720 [INFO] Argument:325 - Argument : Instancevalue: DMA1_Channel1
2025-06-28 00:05:19,720 [INFO] Argument:335 - Argument : Instancevalue: DMA1_Channel1
2025-06-28 00:05:19,720 [INFO] Argument:325 - Argument : Initvalue: null
2025-06-28 00:05:19,720 [INFO] Argument:327 - 	 sub Args: 
2025-06-28 00:05:19,720 [INFO] Argument:325 - Argument : Requestvalue: DMA_REQUEST_DAC1_CHANNEL1
2025-06-28 00:05:19,720 [INFO] Argument:335 - Argument : Requestvalue: DMA_REQUEST_DAC1_CHANNEL1
2025-06-28 00:05:19,720 [INFO] Argument:325 - Argument : Directionvalue: DMA_MEMORY_TO_PERIPH
2025-06-28 00:05:19,720 [INFO] Argument:335 - Argument : Directionvalue: DMA_MEMORY_TO_PERIPH
2025-06-28 00:05:19,720 [INFO] Argument:325 - Argument : PeriphIncvalue: DMA_PINC_DISABLE
2025-06-28 00:05:19,720 [INFO] Argument:335 - Argument : PeriphIncvalue: DMA_PINC_DISABLE
2025-06-28 00:05:19,720 [INFO] Argument:325 - Argument : MemIncvalue: DMA_MINC_ENABLE
2025-06-28 00:05:19,720 [INFO] Argument:335 - Argument : MemIncvalue: DMA_MINC_ENABLE
2025-06-28 00:05:19,720 [INFO] Argument:325 - Argument : PeriphDataAlignmentvalue: DMA_PDATAALIGN_HALFWORD
2025-06-28 00:05:19,720 [INFO] Argument:335 - Argument : PeriphDataAlignmentvalue: DMA_PDATAALIGN_HALFWORD
2025-06-28 00:05:19,720 [INFO] Argument:325 - Argument : MemDataAlignmentvalue: DMA_MDATAALIGN_HALFWORD
2025-06-28 00:05:19,720 [INFO] Argument:335 - Argument : MemDataAlignmentvalue: DMA_MDATAALIGN_HALFWORD
2025-06-28 00:05:19,720 [INFO] Argument:325 - Argument : Modevalue: DMA_CIRCULAR
2025-06-28 00:05:19,720 [INFO] Argument:335 - Argument : Modevalue: DMA_CIRCULAR
2025-06-28 00:05:19,720 [INFO] Argument:325 - Argument : Priorityvalue: DMA_PRIORITY_LOW
2025-06-28 00:05:19,720 [INFO] Argument:335 - Argument : Priorityvalue: DMA_PRIORITY_LOW
2025-06-28 00:05:19,720 [INFO] Argument:325 - Argument : Lockvalue: null
2025-06-28 00:05:19,720 [INFO] Argument:335 - Argument : Lockvalue: null
2025-06-28 00:05:19,720 [INFO] Argument:325 - Argument : Statevalue: null
2025-06-28 00:05:19,720 [INFO] Argument:335 - Argument : Statevalue: null
2025-06-28 00:05:19,720 [INFO] Argument:325 - Argument : Parentvalue: null
2025-06-28 00:05:19,720 [INFO] Argument:335 - Argument : Parentvalue: null
2025-06-28 00:05:19,720 [INFO] Argument:325 - Argument : XferCpltCallbackvalue: null
2025-06-28 00:05:19,720 [INFO] Argument:335 - Argument : XferCpltCallbackvalue: null
2025-06-28 00:05:19,720 [INFO] Argument:325 - Argument : XferHalfCpltCallbackvalue: null
2025-06-28 00:05:19,720 [INFO] Argument:335 - Argument : XferHalfCpltCallbackvalue: null
2025-06-28 00:05:19,720 [INFO] Argument:325 - Argument : XferErrorCallbackvalue: null
2025-06-28 00:05:19,720 [INFO] Argument:335 - Argument : XferErrorCallbackvalue: null
2025-06-28 00:05:19,720 [INFO] Argument:325 - Argument : XferAbortCallbackvalue: null
2025-06-28 00:05:19,720 [INFO] Argument:335 - Argument : XferAbortCallbackvalue: null
2025-06-28 00:05:19,720 [INFO] Argument:325 - Argument : ErrorCodevalue: null
2025-06-28 00:05:19,720 [INFO] Argument:335 - Argument : ErrorCodevalue: null
2025-06-28 00:05:19,720 [INFO] Argument:325 - Argument : ChannelIndexvalue: null
2025-06-28 00:05:19,720 [INFO] Argument:335 - Argument : ChannelIndexvalue: null
2025-06-28 00:05:19,720 [INFO] Argument:325 - Argument : DMAmuxChannelvalue: null
2025-06-28 00:05:19,720 [INFO] Argument:335 - Argument : DMAmuxChannelvalue: null
2025-06-28 00:05:19,720 [INFO] Argument:325 - Argument : DMAmuxChannelStatusvalue: null
2025-06-28 00:05:19,720 [INFO] Argument:335 - Argument : DMAmuxChannelStatusvalue: null
2025-06-28 00:05:19,720 [INFO] Argument:325 - Argument : DMAmuxChannelStatusMaskvalue: null
2025-06-28 00:05:19,720 [INFO] Argument:335 - Argument : DMAmuxChannelStatusMaskvalue: null
2025-06-28 00:05:19,720 [INFO] Argument:325 - Argument : DMAmuxRequestGenvalue: null
2025-06-28 00:05:19,720 [INFO] Argument:335 - Argument : DMAmuxRequestGenvalue: null
2025-06-28 00:05:19,720 [INFO] Argument:325 - Argument : DMAmuxRequestGenStatusvalue: null
2025-06-28 00:05:19,720 [INFO] Argument:335 - Argument : DMAmuxRequestGenStatusvalue: null
2025-06-28 00:05:19,720 [INFO] Argument:325 - Argument : DMAmuxRequestGenStatusMaskvalue: null
2025-06-28 00:05:19,720 [INFO] Argument:335 - Argument : DMAmuxRequestGenStatusMaskvalue: null
2025-06-28 00:05:19,722 [INFO] Argument:325 - Argument : hdmavalue: null
2025-06-28 00:05:19,722 [INFO] Argument:327 - 	 sub Args: 
2025-06-28 00:05:19,722 [INFO] Argument:325 - Argument : Instancevalue: DMA1_Channel2
2025-06-28 00:05:19,722 [INFO] Argument:335 - Argument : Instancevalue: DMA1_Channel2
2025-06-28 00:05:19,722 [INFO] Argument:325 - Argument : Initvalue: null
2025-06-28 00:05:19,722 [INFO] Argument:327 - 	 sub Args: 
2025-06-28 00:05:19,722 [INFO] Argument:325 - Argument : Requestvalue: DMA_REQUEST_FMAC_READ
2025-06-28 00:05:19,722 [INFO] Argument:335 - Argument : Requestvalue: DMA_REQUEST_FMAC_READ
2025-06-28 00:05:19,722 [INFO] Argument:325 - Argument : Directionvalue: DMA_PERIPH_TO_MEMORY
2025-06-28 00:05:19,722 [INFO] Argument:335 - Argument : Directionvalue: DMA_PERIPH_TO_MEMORY
2025-06-28 00:05:19,722 [INFO] Argument:325 - Argument : PeriphIncvalue: DMA_PINC_DISABLE
2025-06-28 00:05:19,722 [INFO] Argument:335 - Argument : PeriphIncvalue: DMA_PINC_DISABLE
2025-06-28 00:05:19,722 [INFO] Argument:325 - Argument : MemIncvalue: DMA_MINC_ENABLE
2025-06-28 00:05:19,722 [INFO] Argument:335 - Argument : MemIncvalue: DMA_MINC_ENABLE
2025-06-28 00:05:19,722 [INFO] Argument:325 - Argument : PeriphDataAlignmentvalue: DMA_PDATAALIGN_WORD
2025-06-28 00:05:19,722 [INFO] Argument:335 - Argument : PeriphDataAlignmentvalue: DMA_PDATAALIGN_WORD
2025-06-28 00:05:19,722 [INFO] Argument:325 - Argument : MemDataAlignmentvalue: DMA_MDATAALIGN_WORD
2025-06-28 00:05:19,722 [INFO] Argument:335 - Argument : MemDataAlignmentvalue: DMA_MDATAALIGN_WORD
2025-06-28 00:05:19,722 [INFO] Argument:325 - Argument : Modevalue: DMA_NORMAL
2025-06-28 00:05:19,722 [INFO] Argument:335 - Argument : Modevalue: DMA_NORMAL
2025-06-28 00:05:19,722 [INFO] Argument:325 - Argument : Priorityvalue: DMA_PRIORITY_LOW
2025-06-28 00:05:19,722 [INFO] Argument:335 - Argument : Priorityvalue: DMA_PRIORITY_LOW
2025-06-28 00:05:19,722 [INFO] Argument:325 - Argument : Lockvalue: null
2025-06-28 00:05:19,722 [INFO] Argument:335 - Argument : Lockvalue: null
2025-06-28 00:05:19,722 [INFO] Argument:325 - Argument : Statevalue: null
2025-06-28 00:05:19,722 [INFO] Argument:335 - Argument : Statevalue: null
2025-06-28 00:05:19,722 [INFO] Argument:325 - Argument : Parentvalue: null
2025-06-28 00:05:19,722 [INFO] Argument:335 - Argument : Parentvalue: null
2025-06-28 00:05:19,722 [INFO] Argument:325 - Argument : XferCpltCallbackvalue: null
2025-06-28 00:05:19,722 [INFO] Argument:335 - Argument : XferCpltCallbackvalue: null
2025-06-28 00:05:19,722 [INFO] Argument:325 - Argument : XferHalfCpltCallbackvalue: null
2025-06-28 00:05:19,722 [INFO] Argument:335 - Argument : XferHalfCpltCallbackvalue: null
2025-06-28 00:05:19,722 [INFO] Argument:325 - Argument : XferErrorCallbackvalue: null
2025-06-28 00:05:19,722 [INFO] Argument:335 - Argument : XferErrorCallbackvalue: null
2025-06-28 00:05:19,722 [INFO] Argument:325 - Argument : XferAbortCallbackvalue: null
2025-06-28 00:05:19,722 [INFO] Argument:335 - Argument : XferAbortCallbackvalue: null
2025-06-28 00:05:19,722 [INFO] Argument:325 - Argument : ErrorCodevalue: null
2025-06-28 00:05:19,722 [INFO] Argument:335 - Argument : ErrorCodevalue: null
2025-06-28 00:05:19,722 [INFO] Argument:325 - Argument : ChannelIndexvalue: null
2025-06-28 00:05:19,722 [INFO] Argument:335 - Argument : ChannelIndexvalue: null
2025-06-28 00:05:19,722 [INFO] Argument:325 - Argument : DMAmuxChannelvalue: null
2025-06-28 00:05:19,722 [INFO] Argument:335 - Argument : DMAmuxChannelvalue: null
2025-06-28 00:05:19,722 [INFO] Argument:325 - Argument : DMAmuxChannelStatusvalue: null
2025-06-28 00:05:19,722 [INFO] Argument:335 - Argument : DMAmuxChannelStatusvalue: null
2025-06-28 00:05:19,722 [INFO] Argument:325 - Argument : DMAmuxChannelStatusMaskvalue: null
2025-06-28 00:05:19,722 [INFO] Argument:335 - Argument : DMAmuxChannelStatusMaskvalue: null
2025-06-28 00:05:19,722 [INFO] Argument:325 - Argument : DMAmuxRequestGenvalue: null
2025-06-28 00:05:19,722 [INFO] Argument:335 - Argument : DMAmuxRequestGenvalue: null
2025-06-28 00:05:19,722 [INFO] Argument:325 - Argument : DMAmuxRequestGenStatusvalue: null
2025-06-28 00:05:19,722 [INFO] Argument:335 - Argument : DMAmuxRequestGenStatusvalue: null
2025-06-28 00:05:19,722 [INFO] Argument:325 - Argument : DMAmuxRequestGenStatusMaskvalue: null
2025-06-28 00:05:19,722 [INFO] Argument:335 - Argument : DMAmuxRequestGenStatusMaskvalue: null
2025-06-28 00:05:19,724 [INFO] Argument:325 - Argument : hdmavalue: null
2025-06-28 00:05:19,724 [INFO] Argument:327 - 	 sub Args: 
2025-06-28 00:05:19,724 [INFO] Argument:325 - Argument : Instancevalue: DMA1_Channel3
2025-06-28 00:05:19,724 [INFO] Argument:335 - Argument : Instancevalue: DMA1_Channel3
2025-06-28 00:05:19,724 [INFO] Argument:325 - Argument : Initvalue: null
2025-06-28 00:05:19,724 [INFO] Argument:327 - 	 sub Args: 
2025-06-28 00:05:19,724 [INFO] Argument:325 - Argument : Requestvalue: DMA_REQUEST_FMAC_WRITE
2025-06-28 00:05:19,724 [INFO] Argument:335 - Argument : Requestvalue: DMA_REQUEST_FMAC_WRITE
2025-06-28 00:05:19,724 [INFO] Argument:325 - Argument : Directionvalue: DMA_MEMORY_TO_PERIPH
2025-06-28 00:05:19,724 [INFO] Argument:335 - Argument : Directionvalue: DMA_MEMORY_TO_PERIPH
2025-06-28 00:05:19,724 [INFO] Argument:325 - Argument : PeriphIncvalue: DMA_PINC_DISABLE
2025-06-28 00:05:19,724 [INFO] Argument:335 - Argument : PeriphIncvalue: DMA_PINC_DISABLE
2025-06-28 00:05:19,724 [INFO] Argument:325 - Argument : MemIncvalue: DMA_MINC_ENABLE
2025-06-28 00:05:19,724 [INFO] Argument:335 - Argument : MemIncvalue: DMA_MINC_ENABLE
2025-06-28 00:05:19,724 [INFO] Argument:325 - Argument : PeriphDataAlignmentvalue: DMA_PDATAALIGN_WORD
2025-06-28 00:05:19,724 [INFO] Argument:335 - Argument : PeriphDataAlignmentvalue: DMA_PDATAALIGN_WORD
2025-06-28 00:05:19,724 [INFO] Argument:325 - Argument : MemDataAlignmentvalue: DMA_MDATAALIGN_HALFWORD
2025-06-28 00:05:19,724 [INFO] Argument:335 - Argument : MemDataAlignmentvalue: DMA_MDATAALIGN_HALFWORD
2025-06-28 00:05:19,724 [INFO] Argument:325 - Argument : Modevalue: DMA_CIRCULAR
2025-06-28 00:05:19,724 [INFO] Argument:335 - Argument : Modevalue: DMA_CIRCULAR
2025-06-28 00:05:19,724 [INFO] Argument:325 - Argument : Priorityvalue: DMA_PRIORITY_LOW
2025-06-28 00:05:19,724 [INFO] Argument:335 - Argument : Priorityvalue: DMA_PRIORITY_LOW
2025-06-28 00:05:19,724 [INFO] Argument:325 - Argument : Lockvalue: null
2025-06-28 00:05:19,724 [INFO] Argument:335 - Argument : Lockvalue: null
2025-06-28 00:05:19,724 [INFO] Argument:325 - Argument : Statevalue: null
2025-06-28 00:05:19,724 [INFO] Argument:335 - Argument : Statevalue: null
2025-06-28 00:05:19,724 [INFO] Argument:325 - Argument : Parentvalue: null
2025-06-28 00:05:19,724 [INFO] Argument:335 - Argument : Parentvalue: null
2025-06-28 00:05:19,724 [INFO] Argument:325 - Argument : XferCpltCallbackvalue: null
2025-06-28 00:05:19,724 [INFO] Argument:335 - Argument : XferCpltCallbackvalue: null
2025-06-28 00:05:19,724 [INFO] Argument:325 - Argument : XferHalfCpltCallbackvalue: null
2025-06-28 00:05:19,724 [INFO] Argument:335 - Argument : XferHalfCpltCallbackvalue: null
2025-06-28 00:05:19,724 [INFO] Argument:325 - Argument : XferErrorCallbackvalue: null
2025-06-28 00:05:19,724 [INFO] Argument:335 - Argument : XferErrorCallbackvalue: null
2025-06-28 00:05:19,724 [INFO] Argument:325 - Argument : XferAbortCallbackvalue: null
2025-06-28 00:05:19,724 [INFO] Argument:335 - Argument : XferAbortCallbackvalue: null
2025-06-28 00:05:19,724 [INFO] Argument:325 - Argument : ErrorCodevalue: null
2025-06-28 00:05:19,724 [INFO] Argument:335 - Argument : ErrorCodevalue: null
2025-06-28 00:05:19,724 [INFO] Argument:325 - Argument : ChannelIndexvalue: null
2025-06-28 00:05:19,724 [INFO] Argument:335 - Argument : ChannelIndexvalue: null
2025-06-28 00:05:19,724 [INFO] Argument:325 - Argument : DMAmuxChannelvalue: null
2025-06-28 00:05:19,724 [INFO] Argument:335 - Argument : DMAmuxChannelvalue: null
2025-06-28 00:05:19,724 [INFO] Argument:325 - Argument : DMAmuxChannelStatusvalue: null
2025-06-28 00:05:19,724 [INFO] Argument:335 - Argument : DMAmuxChannelStatusvalue: null
2025-06-28 00:05:19,724 [INFO] Argument:325 - Argument : DMAmuxChannelStatusMaskvalue: null
2025-06-28 00:05:19,724 [INFO] Argument:335 - Argument : DMAmuxChannelStatusMaskvalue: null
2025-06-28 00:05:19,724 [INFO] Argument:325 - Argument : DMAmuxRequestGenvalue: null
2025-06-28 00:05:19,724 [INFO] Argument:335 - Argument : DMAmuxRequestGenvalue: null
2025-06-28 00:05:19,724 [INFO] Argument:325 - Argument : DMAmuxRequestGenStatusvalue: null
2025-06-28 00:05:19,724 [INFO] Argument:335 - Argument : DMAmuxRequestGenStatusvalue: null
2025-06-28 00:05:19,724 [INFO] Argument:325 - Argument : DMAmuxRequestGenStatusMaskvalue: null
2025-06-28 00:05:19,724 [INFO] Argument:335 - Argument : DMAmuxRequestGenStatusMaskvalue: null
2025-06-28 00:05:19,866 [INFO] CodeEngine:255 - oldGeneratedFile, D:\STM32G4\Benchmarking-STM32G4-Accelerators\BenchmarkingAccelerators\MXTmpFiles\license.tmp_save
2025-06-28 00:05:19,936 [INFO] CodeEngine:279 - Generated code: D:\STM32G4\Benchmarking-STM32G4-Accelerators\BenchmarkingAccelerators\MXTmpFiles\license.tmp
2025-06-28 00:05:20,033 [INFO] CodeEngine:255 - oldGeneratedFile, D:\STM32G4\Benchmarking-STM32G4-Accelerators\BenchmarkingAccelerators\MXTmpFiles\gpio.tmp_save
2025-06-28 00:05:20,139 [INFO] CodeEngine:279 - Generated code: D:\STM32G4\Benchmarking-STM32G4-Accelerators\BenchmarkingAccelerators\MXTmpFiles\gpio.tmp
2025-06-28 00:05:20,719 [INFO] CodeEngine:255 - oldGeneratedFile, D:\STM32G4\Benchmarking-STM32G4-Accelerators\BenchmarkingAccelerators\MXTmpFiles\dma.tmp_save
2025-06-28 00:05:20,777 [INFO] CodeEngine:279 - Generated code: D:\STM32G4\Benchmarking-STM32G4-Accelerators\BenchmarkingAccelerators\MXTmpFiles\dma.tmp
2025-06-28 00:05:20,780 [INFO] CodeEngine:255 - oldGeneratedFile, D:\STM32G4\Benchmarking-STM32G4-Accelerators\BenchmarkingAccelerators\MXTmpFiles\dma_GV.tmp_save
2025-06-28 00:05:20,823 [INFO] CodeEngine:279 - Generated code: D:\STM32G4\Benchmarking-STM32G4-Accelerators\BenchmarkingAccelerators\MXTmpFiles\dma_GV.tmp
2025-06-28 00:05:20,851 [INFO] CodeEngine:255 - oldGeneratedFile, D:\STM32G4\Benchmarking-STM32G4-Accelerators\BenchmarkingAccelerators\Core\Src\stm32g4xx_it.c_save
2025-06-28 00:05:20,981 [INFO] CodeEngine:279 - Generated code: D:\STM32G4\Benchmarking-STM32G4-Accelerators\BenchmarkingAccelerators\Core\Src\stm32g4xx_it.c
2025-06-28 00:05:20,994 [INFO] CodeEngine:255 - oldGeneratedFile, D:\STM32G4\Benchmarking-STM32G4-Accelerators\BenchmarkingAccelerators\Core\Inc\stm32g4xx_it.h_save
2025-06-28 00:05:21,042 [INFO] CodeEngine:279 - Generated code: D:\STM32G4\Benchmarking-STM32G4-Accelerators\BenchmarkingAccelerators\Core\Inc\stm32g4xx_it.h
2025-06-28 00:05:21,066 [INFO] CodeEngine:255 - oldGeneratedFile, D:\STM32G4\Benchmarking-STM32G4-Accelerators\BenchmarkingAccelerators\Core\Src\stm32g4xx_hal_msp.c_save
2025-06-28 00:05:21,185 [INFO] CodeEngine:279 - Generated code: D:\STM32G4\Benchmarking-STM32G4-Accelerators\BenchmarkingAccelerators\Core\Src\stm32g4xx_hal_msp.c
2025-06-28 00:05:21,197 [INFO] CodeEngine:255 - oldGeneratedFile, D:\STM32G4\Benchmarking-STM32G4-Accelerators\BenchmarkingAccelerators\MXTmpFiles\system.tmp_save
2025-06-28 00:05:21,248 [INFO] CodeEngine:279 - Generated code: D:\STM32G4\Benchmarking-STM32G4-Accelerators\BenchmarkingAccelerators\MXTmpFiles\system.tmp
2025-06-28 00:05:21,267 [INFO] CodeEngine:311 - oldGeneratedFile, D:\STM32G4\Benchmarking-STM32G4-Accelerators\BenchmarkingAccelerators\Core\Inc\stm32g4xx_hal_conf.h_save
2025-06-28 00:05:21,350 [INFO] CodeEngine:335 - Generated code: D:\STM32G4\Benchmarking-STM32G4-Accelerators\BenchmarkingAccelerators\Core\Inc\stm32g4xx_hal_conf.h
2025-06-28 00:05:21,370 [WARN] IPConfigManager:2946 - Warning: the RefConfig RCC_CommonPeriphClockConfig is not available in your config.xml file
2025-06-28 00:05:21,373 [WARN] IPConfigManager:3440 - IP not found : TIM
2025-06-28 00:05:21,373 [WARN] CodeGenerator:3939 - IP not found : null
2025-06-28 00:05:21,392 [INFO] CodeEngine:255 - oldGeneratedFile, D:\STM32G4\Benchmarking-STM32G4-Accelerators\BenchmarkingAccelerators\Core\Inc\main.h_save
2025-06-28 00:05:21,459 [INFO] CodeEngine:279 - Generated code: D:\STM32G4\Benchmarking-STM32G4-Accelerators\BenchmarkingAccelerators\Core\Inc\main.h
2025-06-28 00:05:21,479 [INFO] CodeEngine:255 - oldGeneratedFile, D:\STM32G4\Benchmarking-STM32G4-Accelerators\BenchmarkingAccelerators\Core\Src\main.c_save
2025-06-28 00:05:21,594 [INFO] CodeEngine:279 - Generated code: D:\STM32G4\Benchmarking-STM32G4-Accelerators\BenchmarkingAccelerators\Core\Src\main.c
2025-06-28 00:05:22,062 [INFO] ProjectBuilder:3076 - Time for Copy HAL[1] : 185mS.
2025-06-28 00:05:22,065 [INFO] ProjectBuilder:4485 - Project Generator version: 4.2.0-B44
2025-06-28 00:05:22,184 [INFO] ConfigFileManager:1495 - The Die is : DIE469
2025-06-28 00:05:23,560 [INFO] ProjectBuilder:4747 - Time for Generating toolchain IDE Files: 1495mS.
2025-06-28 00:05:23,561 [INFO] ProjectBuilder:2947 - Time for Copy CMSIS : 0mS.
2025-06-28 00:05:23,564 [INFO] ProjectBuilder:2947 - Time for Copy CMSIS : 0mS.
2025-06-28 00:08:28,739 [INFO] NvicIntPanel:101 - NVIC parent = com.st.microxplorer.plugins.ip.nvic.MultiNvicIntPanel[,0,0,0x0,invalid,layout=javax.swing.BoxLayout,alignmentX=0.0,alignmentY=0.0,border=,flags=9,maximumSize=,minimumSize=,preferredSize=]
2025-06-28 00:08:32,511 [INFO] UtilMem:75 - End SaveConfig() Used Memory: 607684344 Bytes (1073741824)
2025-06-28 00:08:32,580 [INFO] UtilMem:75 - End SaveConfig() Used Memory: 631801592 Bytes (1073741824)
2025-06-28 00:08:32,925 [INFO] UtilMem:75 - End SaveConfig() Used Memory: 672169720 Bytes (1073741824)
2025-06-28 00:08:33,083 [INFO] BlockDiagram:2759 - set Specific Code input for plugin: FMAC
2025-06-28 00:08:33,083 [INFO] BlockDiagram:2759 - set Specific Code input for plugin: DAC
2025-06-28 00:08:33,083 [INFO] BlockDiagram:2759 - set Specific Code input for plugin: TIM6_7G4
2025-06-28 00:08:33,083 [INFO] BlockDiagram:2759 - set Specific Code input for plugin: SYS
2025-06-28 00:08:33,083 [INFO] BlockDiagram:2759 - set Specific Code input for plugin: ADC
2025-06-28 00:08:33,083 [INFO] BlockDiagram:2759 - set Specific Code input for plugin: RCC
2025-06-28 00:08:33,084 [INFO] BlockDiagram:2759 - set Specific Code input for plugin: LPUART
2025-06-28 00:08:33,084 [INFO] BlockDiagram:2759 - set Specific Code input for plugin: NVIC
2025-06-28 00:08:33,084 [INFO] BlockDiagram:2759 - set Specific Code input for plugin: DMA
2025-06-28 00:08:33,084 [INFO] BlockDiagram:2759 - set Specific Code input for plugin: GPIO
2025-06-28 00:08:33,085 [INFO] CodeGenerator:807 - code generatio: config db path: D:\Program Files\STM32CubeIDE_1.14.1\STM32CubeIDE\plugins\com.st.stm32cube.common.mx_6.10.0.202311202037\\db\
2025-06-28 00:08:33,094 [INFO] Argument:325 - Argument : hdmavalue: null
2025-06-28 00:08:33,094 [INFO] Argument:327 - 	 sub Args: 
2025-06-28 00:08:33,094 [INFO] Argument:325 - Argument : Instancevalue: DMA1_Channel1
2025-06-28 00:08:33,094 [INFO] Argument:335 - Argument : Instancevalue: DMA1_Channel1
2025-06-28 00:08:33,094 [INFO] Argument:325 - Argument : Initvalue: null
2025-06-28 00:08:33,094 [INFO] Argument:327 - 	 sub Args: 
2025-06-28 00:08:33,094 [INFO] Argument:325 - Argument : Requestvalue: DMA_REQUEST_DAC1_CHANNEL1
2025-06-28 00:08:33,094 [INFO] Argument:335 - Argument : Requestvalue: DMA_REQUEST_DAC1_CHANNEL1
2025-06-28 00:08:33,094 [INFO] Argument:325 - Argument : Directionvalue: DMA_MEMORY_TO_PERIPH
2025-06-28 00:08:33,094 [INFO] Argument:335 - Argument : Directionvalue: DMA_MEMORY_TO_PERIPH
2025-06-28 00:08:33,094 [INFO] Argument:325 - Argument : PeriphIncvalue: DMA_PINC_DISABLE
2025-06-28 00:08:33,094 [INFO] Argument:335 - Argument : PeriphIncvalue: DMA_PINC_DISABLE
2025-06-28 00:08:33,094 [INFO] Argument:325 - Argument : MemIncvalue: DMA_MINC_ENABLE
2025-06-28 00:08:33,094 [INFO] Argument:335 - Argument : MemIncvalue: DMA_MINC_ENABLE
2025-06-28 00:08:33,094 [INFO] Argument:325 - Argument : PeriphDataAlignmentvalue: DMA_PDATAALIGN_HALFWORD
2025-06-28 00:08:33,095 [INFO] Argument:335 - Argument : PeriphDataAlignmentvalue: DMA_PDATAALIGN_HALFWORD
2025-06-28 00:08:33,095 [INFO] Argument:325 - Argument : MemDataAlignmentvalue: DMA_MDATAALIGN_HALFWORD
2025-06-28 00:08:33,095 [INFO] Argument:335 - Argument : MemDataAlignmentvalue: DMA_MDATAALIGN_HALFWORD
2025-06-28 00:08:33,095 [INFO] Argument:325 - Argument : Modevalue: DMA_CIRCULAR
2025-06-28 00:08:33,095 [INFO] Argument:335 - Argument : Modevalue: DMA_CIRCULAR
2025-06-28 00:08:33,095 [INFO] Argument:325 - Argument : Priorityvalue: DMA_PRIORITY_LOW
2025-06-28 00:08:33,095 [INFO] Argument:335 - Argument : Priorityvalue: DMA_PRIORITY_LOW
2025-06-28 00:08:33,095 [INFO] Argument:325 - Argument : Lockvalue: null
2025-06-28 00:08:33,095 [INFO] Argument:335 - Argument : Lockvalue: null
2025-06-28 00:08:33,095 [INFO] Argument:325 - Argument : Statevalue: null
2025-06-28 00:08:33,095 [INFO] Argument:335 - Argument : Statevalue: null
2025-06-28 00:08:33,095 [INFO] Argument:325 - Argument : Parentvalue: null
2025-06-28 00:08:33,095 [INFO] Argument:335 - Argument : Parentvalue: null
2025-06-28 00:08:33,095 [INFO] Argument:325 - Argument : XferCpltCallbackvalue: null
2025-06-28 00:08:33,095 [INFO] Argument:335 - Argument : XferCpltCallbackvalue: null
2025-06-28 00:08:33,095 [INFO] Argument:325 - Argument : XferHalfCpltCallbackvalue: null
2025-06-28 00:08:33,095 [INFO] Argument:335 - Argument : XferHalfCpltCallbackvalue: null
2025-06-28 00:08:33,095 [INFO] Argument:325 - Argument : XferErrorCallbackvalue: null
2025-06-28 00:08:33,095 [INFO] Argument:335 - Argument : XferErrorCallbackvalue: null
2025-06-28 00:08:33,095 [INFO] Argument:325 - Argument : XferAbortCallbackvalue: null
2025-06-28 00:08:33,095 [INFO] Argument:335 - Argument : XferAbortCallbackvalue: null
2025-06-28 00:08:33,095 [INFO] Argument:325 - Argument : ErrorCodevalue: null
2025-06-28 00:08:33,095 [INFO] Argument:335 - Argument : ErrorCodevalue: null
2025-06-28 00:08:33,095 [INFO] Argument:325 - Argument : ChannelIndexvalue: null
2025-06-28 00:08:33,095 [INFO] Argument:335 - Argument : ChannelIndexvalue: null
2025-06-28 00:08:33,095 [INFO] Argument:325 - Argument : DMAmuxChannelvalue: null
2025-06-28 00:08:33,095 [INFO] Argument:335 - Argument : DMAmuxChannelvalue: null
2025-06-28 00:08:33,095 [INFO] Argument:325 - Argument : DMAmuxChannelStatusvalue: null
2025-06-28 00:08:33,095 [INFO] Argument:335 - Argument : DMAmuxChannelStatusvalue: null
2025-06-28 00:08:33,095 [INFO] Argument:325 - Argument : DMAmuxChannelStatusMaskvalue: null
2025-06-28 00:08:33,095 [INFO] Argument:335 - Argument : DMAmuxChannelStatusMaskvalue: null
2025-06-28 00:08:33,095 [INFO] Argument:325 - Argument : DMAmuxRequestGenvalue: null
2025-06-28 00:08:33,095 [INFO] Argument:335 - Argument : DMAmuxRequestGenvalue: null
2025-06-28 00:08:33,095 [INFO] Argument:325 - Argument : DMAmuxRequestGenStatusvalue: null
2025-06-28 00:08:33,095 [INFO] Argument:335 - Argument : DMAmuxRequestGenStatusvalue: null
2025-06-28 00:08:33,095 [INFO] Argument:325 - Argument : DMAmuxRequestGenStatusMaskvalue: null
2025-06-28 00:08:33,095 [INFO] Argument:335 - Argument : DMAmuxRequestGenStatusMaskvalue: null
2025-06-28 00:08:33,097 [INFO] Argument:325 - Argument : hdmavalue: null
2025-06-28 00:08:33,097 [INFO] Argument:327 - 	 sub Args: 
2025-06-28 00:08:33,097 [INFO] Argument:325 - Argument : Instancevalue: DMA1_Channel2
2025-06-28 00:08:33,097 [INFO] Argument:335 - Argument : Instancevalue: DMA1_Channel2
2025-06-28 00:08:33,097 [INFO] Argument:325 - Argument : Initvalue: null
2025-06-28 00:08:33,097 [INFO] Argument:327 - 	 sub Args: 
2025-06-28 00:08:33,097 [INFO] Argument:325 - Argument : Requestvalue: DMA_REQUEST_FMAC_READ
2025-06-28 00:08:33,097 [INFO] Argument:335 - Argument : Requestvalue: DMA_REQUEST_FMAC_READ
2025-06-28 00:08:33,098 [INFO] Argument:325 - Argument : Directionvalue: DMA_PERIPH_TO_MEMORY
2025-06-28 00:08:33,098 [INFO] Argument:335 - Argument : Directionvalue: DMA_PERIPH_TO_MEMORY
2025-06-28 00:08:33,098 [INFO] Argument:325 - Argument : PeriphIncvalue: DMA_PINC_DISABLE
2025-06-28 00:08:33,098 [INFO] Argument:335 - Argument : PeriphIncvalue: DMA_PINC_DISABLE
2025-06-28 00:08:33,098 [INFO] Argument:325 - Argument : MemIncvalue: DMA_MINC_ENABLE
2025-06-28 00:08:33,098 [INFO] Argument:335 - Argument : MemIncvalue: DMA_MINC_ENABLE
2025-06-28 00:08:33,098 [INFO] Argument:325 - Argument : PeriphDataAlignmentvalue: DMA_PDATAALIGN_WORD
2025-06-28 00:08:33,098 [INFO] Argument:335 - Argument : PeriphDataAlignmentvalue: DMA_PDATAALIGN_WORD
2025-06-28 00:08:33,098 [INFO] Argument:325 - Argument : MemDataAlignmentvalue: DMA_MDATAALIGN_WORD
2025-06-28 00:08:33,098 [INFO] Argument:335 - Argument : MemDataAlignmentvalue: DMA_MDATAALIGN_WORD
2025-06-28 00:08:33,098 [INFO] Argument:325 - Argument : Modevalue: DMA_NORMAL
2025-06-28 00:08:33,098 [INFO] Argument:335 - Argument : Modevalue: DMA_NORMAL
2025-06-28 00:08:33,098 [INFO] Argument:325 - Argument : Priorityvalue: DMA_PRIORITY_LOW
2025-06-28 00:08:33,098 [INFO] Argument:335 - Argument : Priorityvalue: DMA_PRIORITY_LOW
2025-06-28 00:08:33,098 [INFO] Argument:325 - Argument : Lockvalue: null
2025-06-28 00:08:33,098 [INFO] Argument:335 - Argument : Lockvalue: null
2025-06-28 00:08:33,098 [INFO] Argument:325 - Argument : Statevalue: null
2025-06-28 00:08:33,098 [INFO] Argument:335 - Argument : Statevalue: null
2025-06-28 00:08:33,098 [INFO] Argument:325 - Argument : Parentvalue: null
2025-06-28 00:08:33,098 [INFO] Argument:335 - Argument : Parentvalue: null
2025-06-28 00:08:33,098 [INFO] Argument:325 - Argument : XferCpltCallbackvalue: null
2025-06-28 00:08:33,098 [INFO] Argument:335 - Argument : XferCpltCallbackvalue: null
2025-06-28 00:08:33,098 [INFO] Argument:325 - Argument : XferHalfCpltCallbackvalue: null
2025-06-28 00:08:33,098 [INFO] Argument:335 - Argument : XferHalfCpltCallbackvalue: null
2025-06-28 00:08:33,098 [INFO] Argument:325 - Argument : XferErrorCallbackvalue: null
2025-06-28 00:08:33,098 [INFO] Argument:335 - Argument : XferErrorCallbackvalue: null
2025-06-28 00:08:33,098 [INFO] Argument:325 - Argument : XferAbortCallbackvalue: null
2025-06-28 00:08:33,098 [INFO] Argument:335 - Argument : XferAbortCallbackvalue: null
2025-06-28 00:08:33,098 [INFO] Argument:325 - Argument : ErrorCodevalue: null
2025-06-28 00:08:33,098 [INFO] Argument:335 - Argument : ErrorCodevalue: null
2025-06-28 00:08:33,098 [INFO] Argument:325 - Argument : ChannelIndexvalue: null
2025-06-28 00:08:33,098 [INFO] Argument:335 - Argument : ChannelIndexvalue: null
2025-06-28 00:08:33,098 [INFO] Argument:325 - Argument : DMAmuxChannelvalue: null
2025-06-28 00:08:33,098 [INFO] Argument:335 - Argument : DMAmuxChannelvalue: null
2025-06-28 00:08:33,098 [INFO] Argument:325 - Argument : DMAmuxChannelStatusvalue: null
2025-06-28 00:08:33,098 [INFO] Argument:335 - Argument : DMAmuxChannelStatusvalue: null
2025-06-28 00:08:33,098 [INFO] Argument:325 - Argument : DMAmuxChannelStatusMaskvalue: null
2025-06-28 00:08:33,098 [INFO] Argument:335 - Argument : DMAmuxChannelStatusMaskvalue: null
2025-06-28 00:08:33,098 [INFO] Argument:325 - Argument : DMAmuxRequestGenvalue: null
2025-06-28 00:08:33,098 [INFO] Argument:335 - Argument : DMAmuxRequestGenvalue: null
2025-06-28 00:08:33,098 [INFO] Argument:325 - Argument : DMAmuxRequestGenStatusvalue: null
2025-06-28 00:08:33,098 [INFO] Argument:335 - Argument : DMAmuxRequestGenStatusvalue: null
2025-06-28 00:08:33,098 [INFO] Argument:325 - Argument : DMAmuxRequestGenStatusMaskvalue: null
2025-06-28 00:08:33,098 [INFO] Argument:335 - Argument : DMAmuxRequestGenStatusMaskvalue: null
2025-06-28 00:08:33,099 [INFO] Argument:325 - Argument : hdmavalue: null
2025-06-28 00:08:33,099 [INFO] Argument:327 - 	 sub Args: 
2025-06-28 00:08:33,099 [INFO] Argument:325 - Argument : Instancevalue: DMA1_Channel3
2025-06-28 00:08:33,099 [INFO] Argument:335 - Argument : Instancevalue: DMA1_Channel3
2025-06-28 00:08:33,099 [INFO] Argument:325 - Argument : Initvalue: null
2025-06-28 00:08:33,099 [INFO] Argument:327 - 	 sub Args: 
2025-06-28 00:08:33,099 [INFO] Argument:325 - Argument : Requestvalue: DMA_REQUEST_FMAC_WRITE
2025-06-28 00:08:33,099 [INFO] Argument:335 - Argument : Requestvalue: DMA_REQUEST_FMAC_WRITE
2025-06-28 00:08:33,099 [INFO] Argument:325 - Argument : Directionvalue: DMA_MEMORY_TO_PERIPH
2025-06-28 00:08:33,100 [INFO] Argument:335 - Argument : Directionvalue: DMA_MEMORY_TO_PERIPH
2025-06-28 00:08:33,100 [INFO] Argument:325 - Argument : PeriphIncvalue: DMA_PINC_DISABLE
2025-06-28 00:08:33,100 [INFO] Argument:335 - Argument : PeriphIncvalue: DMA_PINC_DISABLE
2025-06-28 00:08:33,100 [INFO] Argument:325 - Argument : MemIncvalue: DMA_MINC_ENABLE
2025-06-28 00:08:33,100 [INFO] Argument:335 - Argument : MemIncvalue: DMA_MINC_ENABLE
2025-06-28 00:08:33,100 [INFO] Argument:325 - Argument : PeriphDataAlignmentvalue: DMA_PDATAALIGN_WORD
2025-06-28 00:08:33,100 [INFO] Argument:335 - Argument : PeriphDataAlignmentvalue: DMA_PDATAALIGN_WORD
2025-06-28 00:08:33,100 [INFO] Argument:325 - Argument : MemDataAlignmentvalue: DMA_MDATAALIGN_HALFWORD
2025-06-28 00:08:33,100 [INFO] Argument:335 - Argument : MemDataAlignmentvalue: DMA_MDATAALIGN_HALFWORD
2025-06-28 00:08:33,100 [INFO] Argument:325 - Argument : Modevalue: DMA_CIRCULAR
2025-06-28 00:08:33,100 [INFO] Argument:335 - Argument : Modevalue: DMA_CIRCULAR
2025-06-28 00:08:33,100 [INFO] Argument:325 - Argument : Priorityvalue: DMA_PRIORITY_LOW
2025-06-28 00:08:33,100 [INFO] Argument:335 - Argument : Priorityvalue: DMA_PRIORITY_LOW
2025-06-28 00:08:33,100 [INFO] Argument:325 - Argument : Lockvalue: null
2025-06-28 00:08:33,100 [INFO] Argument:335 - Argument : Lockvalue: null
2025-06-28 00:08:33,100 [INFO] Argument:325 - Argument : Statevalue: null
2025-06-28 00:08:33,100 [INFO] Argument:335 - Argument : Statevalue: null
2025-06-28 00:08:33,100 [INFO] Argument:325 - Argument : Parentvalue: null
2025-06-28 00:08:33,100 [INFO] Argument:335 - Argument : Parentvalue: null
2025-06-28 00:08:33,100 [INFO] Argument:325 - Argument : XferCpltCallbackvalue: null
2025-06-28 00:08:33,100 [INFO] Argument:335 - Argument : XferCpltCallbackvalue: null
2025-06-28 00:08:33,100 [INFO] Argument:325 - Argument : XferHalfCpltCallbackvalue: null
2025-06-28 00:08:33,100 [INFO] Argument:335 - Argument : XferHalfCpltCallbackvalue: null
2025-06-28 00:08:33,100 [INFO] Argument:325 - Argument : XferErrorCallbackvalue: null
2025-06-28 00:08:33,100 [INFO] Argument:335 - Argument : XferErrorCallbackvalue: null
2025-06-28 00:08:33,100 [INFO] Argument:325 - Argument : XferAbortCallbackvalue: null
2025-06-28 00:08:33,100 [INFO] Argument:335 - Argument : XferAbortCallbackvalue: null
2025-06-28 00:08:33,100 [INFO] Argument:325 - Argument : ErrorCodevalue: null
2025-06-28 00:08:33,100 [INFO] Argument:335 - Argument : ErrorCodevalue: null
2025-06-28 00:08:33,100 [INFO] Argument:325 - Argument : ChannelIndexvalue: null
2025-06-28 00:08:33,100 [INFO] Argument:335 - Argument : ChannelIndexvalue: null
2025-06-28 00:08:33,100 [INFO] Argument:325 - Argument : DMAmuxChannelvalue: null
2025-06-28 00:08:33,100 [INFO] Argument:335 - Argument : DMAmuxChannelvalue: null
2025-06-28 00:08:33,100 [INFO] Argument:325 - Argument : DMAmuxChannelStatusvalue: null
2025-06-28 00:08:33,100 [INFO] Argument:335 - Argument : DMAmuxChannelStatusvalue: null
2025-06-28 00:08:33,100 [INFO] Argument:325 - Argument : DMAmuxChannelStatusMaskvalue: null
2025-06-28 00:08:33,100 [INFO] Argument:335 - Argument : DMAmuxChannelStatusMaskvalue: null
2025-06-28 00:08:33,100 [INFO] Argument:325 - Argument : DMAmuxRequestGenvalue: null
2025-06-28 00:08:33,100 [INFO] Argument:335 - Argument : DMAmuxRequestGenvalue: null
2025-06-28 00:08:33,100 [INFO] Argument:325 - Argument : DMAmuxRequestGenStatusvalue: null
2025-06-28 00:08:33,100 [INFO] Argument:335 - Argument : DMAmuxRequestGenStatusvalue: null
2025-06-28 00:08:33,100 [INFO] Argument:325 - Argument : DMAmuxRequestGenStatusMaskvalue: null
2025-06-28 00:08:33,100 [INFO] Argument:335 - Argument : DMAmuxRequestGenStatusMaskvalue: null
2025-06-28 00:08:33,215 [INFO] CodeEngine:255 - oldGeneratedFile, D:\STM32G4\Benchmarking-STM32G4-Accelerators\BenchmarkingAccelerators\MXTmpFiles\license.tmp_save
2025-06-28 00:08:33,305 [INFO] CodeEngine:279 - Generated code: D:\STM32G4\Benchmarking-STM32G4-Accelerators\BenchmarkingAccelerators\MXTmpFiles\license.tmp
2025-06-28 00:08:33,332 [INFO] CodeEngine:255 - oldGeneratedFile, D:\STM32G4\Benchmarking-STM32G4-Accelerators\BenchmarkingAccelerators\MXTmpFiles\gpio.tmp_save
2025-06-28 00:08:33,393 [INFO] CodeEngine:279 - Generated code: D:\STM32G4\Benchmarking-STM32G4-Accelerators\BenchmarkingAccelerators\MXTmpFiles\gpio.tmp
2025-06-28 00:08:33,851 [INFO] CodeEngine:255 - oldGeneratedFile, D:\STM32G4\Benchmarking-STM32G4-Accelerators\BenchmarkingAccelerators\MXTmpFiles\dma.tmp_save
2025-06-28 00:08:33,914 [INFO] CodeEngine:279 - Generated code: D:\STM32G4\Benchmarking-STM32G4-Accelerators\BenchmarkingAccelerators\MXTmpFiles\dma.tmp
2025-06-28 00:08:33,917 [INFO] CodeEngine:255 - oldGeneratedFile, D:\STM32G4\Benchmarking-STM32G4-Accelerators\BenchmarkingAccelerators\MXTmpFiles\dma_GV.tmp_save
2025-06-28 00:08:33,954 [INFO] CodeEngine:279 - Generated code: D:\STM32G4\Benchmarking-STM32G4-Accelerators\BenchmarkingAccelerators\MXTmpFiles\dma_GV.tmp
2025-06-28 00:08:33,977 [INFO] CodeEngine:255 - oldGeneratedFile, D:\STM32G4\Benchmarking-STM32G4-Accelerators\BenchmarkingAccelerators\Core\Src\stm32g4xx_it.c_save
2025-06-28 00:08:34,053 [INFO] CodeEngine:279 - Generated code: D:\STM32G4\Benchmarking-STM32G4-Accelerators\BenchmarkingAccelerators\Core\Src\stm32g4xx_it.c
2025-06-28 00:08:34,065 [INFO] CodeEngine:255 - oldGeneratedFile, D:\STM32G4\Benchmarking-STM32G4-Accelerators\BenchmarkingAccelerators\Core\Inc\stm32g4xx_it.h_save
2025-06-28 00:08:34,131 [INFO] CodeEngine:279 - Generated code: D:\STM32G4\Benchmarking-STM32G4-Accelerators\BenchmarkingAccelerators\Core\Inc\stm32g4xx_it.h
2025-06-28 00:08:34,154 [INFO] CodeEngine:255 - oldGeneratedFile, D:\STM32G4\Benchmarking-STM32G4-Accelerators\BenchmarkingAccelerators\Core\Src\stm32g4xx_hal_msp.c_save
2025-06-28 00:08:34,274 [INFO] CodeEngine:279 - Generated code: D:\STM32G4\Benchmarking-STM32G4-Accelerators\BenchmarkingAccelerators\Core\Src\stm32g4xx_hal_msp.c
2025-06-28 00:08:34,304 [INFO] CodeEngine:255 - oldGeneratedFile, D:\STM32G4\Benchmarking-STM32G4-Accelerators\BenchmarkingAccelerators\MXTmpFiles\system.tmp_save
2025-06-28 00:08:34,347 [INFO] CodeEngine:279 - Generated code: D:\STM32G4\Benchmarking-STM32G4-Accelerators\BenchmarkingAccelerators\MXTmpFiles\system.tmp
2025-06-28 00:08:34,366 [INFO] CodeEngine:311 - oldGeneratedFile, D:\STM32G4\Benchmarking-STM32G4-Accelerators\BenchmarkingAccelerators\Core\Inc\stm32g4xx_hal_conf.h_save
2025-06-28 00:08:34,442 [INFO] CodeEngine:335 - Generated code: D:\STM32G4\Benchmarking-STM32G4-Accelerators\BenchmarkingAccelerators\Core\Inc\stm32g4xx_hal_conf.h
2025-06-28 00:08:34,462 [WARN] IPConfigManager:2946 - Warning: the RefConfig RCC_CommonPeriphClockConfig is not available in your config.xml file
2025-06-28 00:08:34,463 [WARN] IPConfigManager:3440 - IP not found : TIM
2025-06-28 00:08:34,464 [WARN] CodeGenerator:3939 - IP not found : null
2025-06-28 00:08:34,479 [INFO] CodeEngine:255 - oldGeneratedFile, D:\STM32G4\Benchmarking-STM32G4-Accelerators\BenchmarkingAccelerators\Core\Inc\main.h_save
2025-06-28 00:08:34,534 [INFO] CodeEngine:279 - Generated code: D:\STM32G4\Benchmarking-STM32G4-Accelerators\BenchmarkingAccelerators\Core\Inc\main.h
2025-06-28 00:08:34,548 [INFO] CodeEngine:255 - oldGeneratedFile, D:\STM32G4\Benchmarking-STM32G4-Accelerators\BenchmarkingAccelerators\Core\Src\main.c_save
2025-06-28 00:08:34,652 [INFO] CodeEngine:279 - Generated code: D:\STM32G4\Benchmarking-STM32G4-Accelerators\BenchmarkingAccelerators\Core\Src\main.c
2025-06-28 00:08:34,991 [INFO] ProjectBuilder:3076 - Time for Copy HAL[1] : 137mS.
2025-06-28 00:08:34,993 [INFO] ProjectBuilder:4485 - Project Generator version: 4.2.0-B44
2025-06-28 00:08:35,218 [INFO] ConfigFileManager:1495 - The Die is : DIE469
2025-06-28 00:08:36,324 [INFO] ProjectBuilder:4747 - Time for Generating toolchain IDE Files: 1331mS.
2025-06-28 00:08:36,325 [INFO] ProjectBuilder:2947 - Time for Copy CMSIS : 1mS.
2025-06-28 00:08:36,327 [INFO] ProjectBuilder:2947 - Time for Copy CMSIS : 0mS.
2025-06-28 08:54:48,485 [INFO] NvicIntPanel:101 - NVIC parent = com.st.microxplorer.plugins.ip.nvic.MultiNvicIntPanel[,0,0,0x0,invalid,layout=javax.swing.BoxLayout,alignmentX=0.0,alignmentY=0.0,border=,flags=9,maximumSize=,minimumSize=,preferredSize=]
2025-06-28 08:54:54,028 [INFO] UtilMem:75 - End SaveConfig() Used Memory: 617604296 Bytes (1073741824)
2025-06-28 08:54:54,107 [INFO] UtilMem:75 - End SaveConfig() Used Memory: 640672968 Bytes (1073741824)
2025-06-28 08:54:54,587 [INFO] UtilMem:75 - End SaveConfig() Used Memory: 728231112 Bytes (1073741824)
2025-06-28 08:54:54,792 [INFO] BlockDiagram:2759 - set Specific Code input for plugin: FMAC
2025-06-28 08:54:54,792 [INFO] BlockDiagram:2759 - set Specific Code input for plugin: DAC
2025-06-28 08:54:54,792 [INFO] BlockDiagram:2759 - set Specific Code input for plugin: TIM6_7G4
2025-06-28 08:54:54,792 [INFO] BlockDiagram:2759 - set Specific Code input for plugin: SYS
2025-06-28 08:54:54,792 [INFO] BlockDiagram:2759 - set Specific Code input for plugin: ADC
2025-06-28 08:54:54,792 [INFO] BlockDiagram:2759 - set Specific Code input for plugin: RCC
2025-06-28 08:54:54,792 [INFO] BlockDiagram:2759 - set Specific Code input for plugin: LPUART
2025-06-28 08:54:54,792 [INFO] BlockDiagram:2759 - set Specific Code input for plugin: NVIC
2025-06-28 08:54:54,792 [INFO] BlockDiagram:2759 - set Specific Code input for plugin: DMA
2025-06-28 08:54:54,794 [INFO] BlockDiagram:2759 - set Specific Code input for plugin: GPIO
2025-06-28 08:54:54,796 [INFO] CodeGenerator:807 - code generatio: config db path: D:\Program Files\STM32CubeIDE_1.14.1\STM32CubeIDE\plugins\com.st.stm32cube.common.mx_6.10.0.202311202037\\db\
2025-06-28 08:54:54,807 [INFO] Argument:325 - Argument : hdmavalue: null
2025-06-28 08:54:54,808 [INFO] Argument:327 - 	 sub Args: 
2025-06-28 08:54:54,808 [INFO] Argument:325 - Argument : Instancevalue: DMA1_Channel1
2025-06-28 08:54:54,808 [INFO] Argument:335 - Argument : Instancevalue: DMA1_Channel1
2025-06-28 08:54:54,808 [INFO] Argument:325 - Argument : Initvalue: null
2025-06-28 08:54:54,808 [INFO] Argument:327 - 	 sub Args: 
2025-06-28 08:54:54,808 [INFO] Argument:325 - Argument : Requestvalue: DMA_REQUEST_DAC1_CHANNEL1
2025-06-28 08:54:54,808 [INFO] Argument:335 - Argument : Requestvalue: DMA_REQUEST_DAC1_CHANNEL1
2025-06-28 08:54:54,808 [INFO] Argument:325 - Argument : Directionvalue: DMA_MEMORY_TO_PERIPH
2025-06-28 08:54:54,808 [INFO] Argument:335 - Argument : Directionvalue: DMA_MEMORY_TO_PERIPH
2025-06-28 08:54:54,808 [INFO] Argument:325 - Argument : PeriphIncvalue: DMA_PINC_DISABLE
2025-06-28 08:54:54,808 [INFO] Argument:335 - Argument : PeriphIncvalue: DMA_PINC_DISABLE
2025-06-28 08:54:54,808 [INFO] Argument:325 - Argument : MemIncvalue: DMA_MINC_ENABLE
2025-06-28 08:54:54,808 [INFO] Argument:335 - Argument : MemIncvalue: DMA_MINC_ENABLE
2025-06-28 08:54:54,808 [INFO] Argument:325 - Argument : PeriphDataAlignmentvalue: DMA_PDATAALIGN_HALFWORD
2025-06-28 08:54:54,808 [INFO] Argument:335 - Argument : PeriphDataAlignmentvalue: DMA_PDATAALIGN_HALFWORD
2025-06-28 08:54:54,808 [INFO] Argument:325 - Argument : MemDataAlignmentvalue: DMA_MDATAALIGN_HALFWORD
2025-06-28 08:54:54,808 [INFO] Argument:335 - Argument : MemDataAlignmentvalue: DMA_MDATAALIGN_HALFWORD
2025-06-28 08:54:54,808 [INFO] Argument:325 - Argument : Modevalue: DMA_CIRCULAR
2025-06-28 08:54:54,808 [INFO] Argument:335 - Argument : Modevalue: DMA_CIRCULAR
2025-06-28 08:54:54,808 [INFO] Argument:325 - Argument : Priorityvalue: DMA_PRIORITY_LOW
2025-06-28 08:54:54,808 [INFO] Argument:335 - Argument : Priorityvalue: DMA_PRIORITY_LOW
2025-06-28 08:54:54,808 [INFO] Argument:325 - Argument : Lockvalue: null
2025-06-28 08:54:54,808 [INFO] Argument:335 - Argument : Lockvalue: null
2025-06-28 08:54:54,808 [INFO] Argument:325 - Argument : Statevalue: null
2025-06-28 08:54:54,808 [INFO] Argument:335 - Argument : Statevalue: null
2025-06-28 08:54:54,808 [INFO] Argument:325 - Argument : Parentvalue: null
2025-06-28 08:54:54,808 [INFO] Argument:335 - Argument : Parentvalue: null
2025-06-28 08:54:54,808 [INFO] Argument:325 - Argument : XferCpltCallbackvalue: null
2025-06-28 08:54:54,808 [INFO] Argument:335 - Argument : XferCpltCallbackvalue: null
2025-06-28 08:54:54,808 [INFO] Argument:325 - Argument : XferHalfCpltCallbackvalue: null
2025-06-28 08:54:54,808 [INFO] Argument:335 - Argument : XferHalfCpltCallbackvalue: null
2025-06-28 08:54:54,808 [INFO] Argument:325 - Argument : XferErrorCallbackvalue: null
2025-06-28 08:54:54,808 [INFO] Argument:335 - Argument : XferErrorCallbackvalue: null
2025-06-28 08:54:54,808 [INFO] Argument:325 - Argument : XferAbortCallbackvalue: null
2025-06-28 08:54:54,808 [INFO] Argument:335 - Argument : XferAbortCallbackvalue: null
2025-06-28 08:54:54,809 [INFO] Argument:325 - Argument : ErrorCodevalue: null
2025-06-28 08:54:54,809 [INFO] Argument:335 - Argument : ErrorCodevalue: null
2025-06-28 08:54:54,809 [INFO] Argument:325 - Argument : ChannelIndexvalue: null
2025-06-28 08:54:54,809 [INFO] Argument:335 - Argument : ChannelIndexvalue: null
2025-06-28 08:54:54,809 [INFO] Argument:325 - Argument : DMAmuxChannelvalue: null
2025-06-28 08:54:54,809 [INFO] Argument:335 - Argument : DMAmuxChannelvalue: null
2025-06-28 08:54:54,809 [INFO] Argument:325 - Argument : DMAmuxChannelStatusvalue: null
2025-06-28 08:54:54,809 [INFO] Argument:335 - Argument : DMAmuxChannelStatusvalue: null
2025-06-28 08:54:54,809 [INFO] Argument:325 - Argument : DMAmuxChannelStatusMaskvalue: null
2025-06-28 08:54:54,809 [INFO] Argument:335 - Argument : DMAmuxChannelStatusMaskvalue: null
2025-06-28 08:54:54,809 [INFO] Argument:325 - Argument : DMAmuxRequestGenvalue: null
2025-06-28 08:54:54,809 [INFO] Argument:335 - Argument : DMAmuxRequestGenvalue: null
2025-06-28 08:54:54,810 [INFO] Argument:325 - Argument : DMAmuxRequestGenStatusvalue: null
2025-06-28 08:54:54,810 [INFO] Argument:335 - Argument : DMAmuxRequestGenStatusvalue: null
2025-06-28 08:54:54,810 [INFO] Argument:325 - Argument : DMAmuxRequestGenStatusMaskvalue: null
2025-06-28 08:54:54,810 [INFO] Argument:335 - Argument : DMAmuxRequestGenStatusMaskvalue: null
2025-06-28 08:54:54,813 [INFO] Argument:325 - Argument : hdmavalue: null
2025-06-28 08:54:54,813 [INFO] Argument:327 - 	 sub Args: 
2025-06-28 08:54:54,813 [INFO] Argument:325 - Argument : Instancevalue: DMA1_Channel2
2025-06-28 08:54:54,813 [INFO] Argument:335 - Argument : Instancevalue: DMA1_Channel2
2025-06-28 08:54:54,813 [INFO] Argument:325 - Argument : Initvalue: null
2025-06-28 08:54:54,813 [INFO] Argument:327 - 	 sub Args: 
2025-06-28 08:54:54,813 [INFO] Argument:325 - Argument : Requestvalue: DMA_REQUEST_FMAC_READ
2025-06-28 08:54:54,813 [INFO] Argument:335 - Argument : Requestvalue: DMA_REQUEST_FMAC_READ
2025-06-28 08:54:54,813 [INFO] Argument:325 - Argument : Directionvalue: DMA_PERIPH_TO_MEMORY
2025-06-28 08:54:54,813 [INFO] Argument:335 - Argument : Directionvalue: DMA_PERIPH_TO_MEMORY
2025-06-28 08:54:54,813 [INFO] Argument:325 - Argument : PeriphIncvalue: DMA_PINC_DISABLE
2025-06-28 08:54:54,813 [INFO] Argument:335 - Argument : PeriphIncvalue: DMA_PINC_DISABLE
2025-06-28 08:54:54,813 [INFO] Argument:325 - Argument : MemIncvalue: DMA_MINC_ENABLE
2025-06-28 08:54:54,813 [INFO] Argument:335 - Argument : MemIncvalue: DMA_MINC_ENABLE
2025-06-28 08:54:54,813 [INFO] Argument:325 - Argument : PeriphDataAlignmentvalue: DMA_PDATAALIGN_WORD
2025-06-28 08:54:54,813 [INFO] Argument:335 - Argument : PeriphDataAlignmentvalue: DMA_PDATAALIGN_WORD
2025-06-28 08:54:54,813 [INFO] Argument:325 - Argument : MemDataAlignmentvalue: DMA_MDATAALIGN_WORD
2025-06-28 08:54:54,813 [INFO] Argument:335 - Argument : MemDataAlignmentvalue: DMA_MDATAALIGN_WORD
2025-06-28 08:54:54,813 [INFO] Argument:325 - Argument : Modevalue: DMA_NORMAL
2025-06-28 08:54:54,814 [INFO] Argument:335 - Argument : Modevalue: DMA_NORMAL
2025-06-28 08:54:54,814 [INFO] Argument:325 - Argument : Priorityvalue: DMA_PRIORITY_LOW
2025-06-28 08:54:54,814 [INFO] Argument:335 - Argument : Priorityvalue: DMA_PRIORITY_LOW
2025-06-28 08:54:54,814 [INFO] Argument:325 - Argument : Lockvalue: null
2025-06-28 08:54:54,814 [INFO] Argument:335 - Argument : Lockvalue: null
2025-06-28 08:54:54,814 [INFO] Argument:325 - Argument : Statevalue: null
2025-06-28 08:54:54,814 [INFO] Argument:335 - Argument : Statevalue: null
2025-06-28 08:54:54,814 [INFO] Argument:325 - Argument : Parentvalue: null
2025-06-28 08:54:54,814 [INFO] Argument:335 - Argument : Parentvalue: null
2025-06-28 08:54:54,814 [INFO] Argument:325 - Argument : XferCpltCallbackvalue: null
2025-06-28 08:54:54,814 [INFO] Argument:335 - Argument : XferCpltCallbackvalue: null
2025-06-28 08:54:54,814 [INFO] Argument:325 - Argument : XferHalfCpltCallbackvalue: null
2025-06-28 08:54:54,814 [INFO] Argument:335 - Argument : XferHalfCpltCallbackvalue: null
2025-06-28 08:54:54,814 [INFO] Argument:325 - Argument : XferErrorCallbackvalue: null
2025-06-28 08:54:54,814 [INFO] Argument:335 - Argument : XferErrorCallbackvalue: null
2025-06-28 08:54:54,814 [INFO] Argument:325 - Argument : XferAbortCallbackvalue: null
2025-06-28 08:54:54,814 [INFO] Argument:335 - Argument : XferAbortCallbackvalue: null
2025-06-28 08:54:54,814 [INFO] Argument:325 - Argument : ErrorCodevalue: null
2025-06-28 08:54:54,814 [INFO] Argument:335 - Argument : ErrorCodevalue: null
2025-06-28 08:54:54,814 [INFO] Argument:325 - Argument : ChannelIndexvalue: null
2025-06-28 08:54:54,814 [INFO] Argument:335 - Argument : ChannelIndexvalue: null
2025-06-28 08:54:54,814 [INFO] Argument:325 - Argument : DMAmuxChannelvalue: null
2025-06-28 08:54:54,814 [INFO] Argument:335 - Argument : DMAmuxChannelvalue: null
2025-06-28 08:54:54,814 [INFO] Argument:325 - Argument : DMAmuxChannelStatusvalue: null
2025-06-28 08:54:54,814 [INFO] Argument:335 - Argument : DMAmuxChannelStatusvalue: null
2025-06-28 08:54:54,814 [INFO] Argument:325 - Argument : DMAmuxChannelStatusMaskvalue: null
2025-06-28 08:54:54,814 [INFO] Argument:335 - Argument : DMAmuxChannelStatusMaskvalue: null
2025-06-28 08:54:54,814 [INFO] Argument:325 - Argument : DMAmuxRequestGenvalue: null
2025-06-28 08:54:54,814 [INFO] Argument:335 - Argument : DMAmuxRequestGenvalue: null
2025-06-28 08:54:54,814 [INFO] Argument:325 - Argument : DMAmuxRequestGenStatusvalue: null
2025-06-28 08:54:54,814 [INFO] Argument:335 - Argument : DMAmuxRequestGenStatusvalue: null
2025-06-28 08:54:54,814 [INFO] Argument:325 - Argument : DMAmuxRequestGenStatusMaskvalue: null
2025-06-28 08:54:54,814 [INFO] Argument:335 - Argument : DMAmuxRequestGenStatusMaskvalue: null
2025-06-28 08:54:54,815 [INFO] Argument:325 - Argument : hdmavalue: null
2025-06-28 08:54:54,815 [INFO] Argument:327 - 	 sub Args: 
2025-06-28 08:54:54,815 [INFO] Argument:325 - Argument : Instancevalue: DMA1_Channel3
2025-06-28 08:54:54,815 [INFO] Argument:335 - Argument : Instancevalue: DMA1_Channel3
2025-06-28 08:54:54,815 [INFO] Argument:325 - Argument : Initvalue: null
2025-06-28 08:54:54,815 [INFO] Argument:327 - 	 sub Args: 
2025-06-28 08:54:54,815 [INFO] Argument:325 - Argument : Requestvalue: DMA_REQUEST_FMAC_WRITE
2025-06-28 08:54:54,815 [INFO] Argument:335 - Argument : Requestvalue: DMA_REQUEST_FMAC_WRITE
2025-06-28 08:54:54,815 [INFO] Argument:325 - Argument : Directionvalue: DMA_MEMORY_TO_PERIPH
2025-06-28 08:54:54,815 [INFO] Argument:335 - Argument : Directionvalue: DMA_MEMORY_TO_PERIPH
2025-06-28 08:54:54,815 [INFO] Argument:325 - Argument : PeriphIncvalue: DMA_PINC_DISABLE
2025-06-28 08:54:54,815 [INFO] Argument:335 - Argument : PeriphIncvalue: DMA_PINC_DISABLE
2025-06-28 08:54:54,815 [INFO] Argument:325 - Argument : MemIncvalue: DMA_MINC_ENABLE
2025-06-28 08:54:54,815 [INFO] Argument:335 - Argument : MemIncvalue: DMA_MINC_ENABLE
2025-06-28 08:54:54,815 [INFO] Argument:325 - Argument : PeriphDataAlignmentvalue: DMA_PDATAALIGN_WORD
2025-06-28 08:54:54,815 [INFO] Argument:335 - Argument : PeriphDataAlignmentvalue: DMA_PDATAALIGN_WORD
2025-06-28 08:54:54,815 [INFO] Argument:325 - Argument : MemDataAlignmentvalue: DMA_MDATAALIGN_HALFWORD
2025-06-28 08:54:54,815 [INFO] Argument:335 - Argument : MemDataAlignmentvalue: DMA_MDATAALIGN_HALFWORD
2025-06-28 08:54:54,815 [INFO] Argument:325 - Argument : Modevalue: DMA_CIRCULAR
2025-06-28 08:54:54,815 [INFO] Argument:335 - Argument : Modevalue: DMA_CIRCULAR
2025-06-28 08:54:54,815 [INFO] Argument:325 - Argument : Priorityvalue: DMA_PRIORITY_LOW
2025-06-28 08:54:54,815 [INFO] Argument:335 - Argument : Priorityvalue: DMA_PRIORITY_LOW
2025-06-28 08:54:54,815 [INFO] Argument:325 - Argument : Lockvalue: null
2025-06-28 08:54:54,815 [INFO] Argument:335 - Argument : Lockvalue: null
2025-06-28 08:54:54,815 [INFO] Argument:325 - Argument : Statevalue: null
2025-06-28 08:54:54,815 [INFO] Argument:335 - Argument : Statevalue: null
2025-06-28 08:54:54,815 [INFO] Argument:325 - Argument : Parentvalue: null
2025-06-28 08:54:54,815 [INFO] Argument:335 - Argument : Parentvalue: null
2025-06-28 08:54:54,815 [INFO] Argument:325 - Argument : XferCpltCallbackvalue: null
2025-06-28 08:54:54,815 [INFO] Argument:335 - Argument : XferCpltCallbackvalue: null
2025-06-28 08:54:54,815 [INFO] Argument:325 - Argument : XferHalfCpltCallbackvalue: null
2025-06-28 08:54:54,815 [INFO] Argument:335 - Argument : XferHalfCpltCallbackvalue: null
2025-06-28 08:54:54,815 [INFO] Argument:325 - Argument : XferErrorCallbackvalue: null
2025-06-28 08:54:54,815 [INFO] Argument:335 - Argument : XferErrorCallbackvalue: null
2025-06-28 08:54:54,815 [INFO] Argument:325 - Argument : XferAbortCallbackvalue: null
2025-06-28 08:54:54,815 [INFO] Argument:335 - Argument : XferAbortCallbackvalue: null
2025-06-28 08:54:54,815 [INFO] Argument:325 - Argument : ErrorCodevalue: null
2025-06-28 08:54:54,815 [INFO] Argument:335 - Argument : ErrorCodevalue: null
2025-06-28 08:54:54,815 [INFO] Argument:325 - Argument : ChannelIndexvalue: null
2025-06-28 08:54:54,815 [INFO] Argument:335 - Argument : ChannelIndexvalue: null
2025-06-28 08:54:54,815 [INFO] Argument:325 - Argument : DMAmuxChannelvalue: null
2025-06-28 08:54:54,816 [INFO] Argument:335 - Argument : DMAmuxChannelvalue: null
2025-06-28 08:54:54,816 [INFO] Argument:325 - Argument : DMAmuxChannelStatusvalue: null
2025-06-28 08:54:54,816 [INFO] Argument:335 - Argument : DMAmuxChannelStatusvalue: null
2025-06-28 08:54:54,816 [INFO] Argument:325 - Argument : DMAmuxChannelStatusMaskvalue: null
2025-06-28 08:54:54,816 [INFO] Argument:335 - Argument : DMAmuxChannelStatusMaskvalue: null
2025-06-28 08:54:54,816 [INFO] Argument:325 - Argument : DMAmuxRequestGenvalue: null
2025-06-28 08:54:54,816 [INFO] Argument:335 - Argument : DMAmuxRequestGenvalue: null
2025-06-28 08:54:54,816 [INFO] Argument:325 - Argument : DMAmuxRequestGenStatusvalue: null
2025-06-28 08:54:54,816 [INFO] Argument:335 - Argument : DMAmuxRequestGenStatusvalue: null
2025-06-28 08:54:54,816 [INFO] Argument:325 - Argument : DMAmuxRequestGenStatusMaskvalue: null
2025-06-28 08:54:54,816 [INFO] Argument:335 - Argument : DMAmuxRequestGenStatusMaskvalue: null
2025-06-28 08:54:55,064 [INFO] CodeEngine:255 - oldGeneratedFile, D:\STM32G4\Benchmarking-STM32G4-Accelerators\BenchmarkingAccelerators\MXTmpFiles\license.tmp_save
2025-06-28 08:54:55,136 [INFO] CodeEngine:279 - Generated code: D:\STM32G4\Benchmarking-STM32G4-Accelerators\BenchmarkingAccelerators\MXTmpFiles\license.tmp
2025-06-28 08:54:55,160 [INFO] CodeEngine:255 - oldGeneratedFile, D:\STM32G4\Benchmarking-STM32G4-Accelerators\BenchmarkingAccelerators\MXTmpFiles\gpio.tmp_save
2025-06-28 08:54:55,232 [INFO] CodeEngine:279 - Generated code: D:\STM32G4\Benchmarking-STM32G4-Accelerators\BenchmarkingAccelerators\MXTmpFiles\gpio.tmp
2025-06-28 08:54:55,789 [INFO] CodeEngine:255 - oldGeneratedFile, D:\STM32G4\Benchmarking-STM32G4-Accelerators\BenchmarkingAccelerators\MXTmpFiles\dma.tmp_save
2025-06-28 08:54:55,878 [INFO] CodeEngine:279 - Generated code: D:\STM32G4\Benchmarking-STM32G4-Accelerators\BenchmarkingAccelerators\MXTmpFiles\dma.tmp
2025-06-28 08:54:55,882 [INFO] CodeEngine:255 - oldGeneratedFile, D:\STM32G4\Benchmarking-STM32G4-Accelerators\BenchmarkingAccelerators\MXTmpFiles\dma_GV.tmp_save
2025-06-28 08:54:55,951 [INFO] CodeEngine:279 - Generated code: D:\STM32G4\Benchmarking-STM32G4-Accelerators\BenchmarkingAccelerators\MXTmpFiles\dma_GV.tmp
2025-06-28 08:54:56,008 [INFO] CodeEngine:255 - oldGeneratedFile, D:\STM32G4\Benchmarking-STM32G4-Accelerators\BenchmarkingAccelerators\Core\Src\stm32g4xx_it.c_save
2025-06-28 08:54:56,184 [INFO] CodeEngine:279 - Generated code: D:\STM32G4\Benchmarking-STM32G4-Accelerators\BenchmarkingAccelerators\Core\Src\stm32g4xx_it.c
2025-06-28 08:54:56,219 [INFO] CodeEngine:255 - oldGeneratedFile, D:\STM32G4\Benchmarking-STM32G4-Accelerators\BenchmarkingAccelerators\Core\Inc\stm32g4xx_it.h_save
2025-06-28 08:54:56,303 [INFO] CodeEngine:279 - Generated code: D:\STM32G4\Benchmarking-STM32G4-Accelerators\BenchmarkingAccelerators\Core\Inc\stm32g4xx_it.h
2025-06-28 08:54:56,344 [INFO] CodeEngine:255 - oldGeneratedFile, D:\STM32G4\Benchmarking-STM32G4-Accelerators\BenchmarkingAccelerators\Core\Src\stm32g4xx_hal_msp.c_save
2025-06-28 08:54:56,533 [INFO] CodeEngine:279 - Generated code: D:\STM32G4\Benchmarking-STM32G4-Accelerators\BenchmarkingAccelerators\Core\Src\stm32g4xx_hal_msp.c
2025-06-28 08:54:56,553 [INFO] CodeEngine:255 - oldGeneratedFile, D:\STM32G4\Benchmarking-STM32G4-Accelerators\BenchmarkingAccelerators\MXTmpFiles\system.tmp_save
2025-06-28 08:54:56,607 [INFO] CodeEngine:279 - Generated code: D:\STM32G4\Benchmarking-STM32G4-Accelerators\BenchmarkingAccelerators\MXTmpFiles\system.tmp
2025-06-28 08:54:56,639 [INFO] CodeEngine:311 - oldGeneratedFile, D:\STM32G4\Benchmarking-STM32G4-Accelerators\BenchmarkingAccelerators\Core\Inc\stm32g4xx_hal_conf.h_save
2025-06-28 08:54:56,752 [INFO] CodeEngine:335 - Generated code: D:\STM32G4\Benchmarking-STM32G4-Accelerators\BenchmarkingAccelerators\Core\Inc\stm32g4xx_hal_conf.h
2025-06-28 08:54:56,777 [WARN] IPConfigManager:2946 - Warning: the RefConfig RCC_CommonPeriphClockConfig is not available in your config.xml file
2025-06-28 08:54:56,779 [WARN] IPConfigManager:3440 - IP not found : TIM
2025-06-28 08:54:56,779 [WARN] CodeGenerator:3939 - IP not found : null
2025-06-28 08:54:56,800 [INFO] CodeEngine:255 - oldGeneratedFile, D:\STM32G4\Benchmarking-STM32G4-Accelerators\BenchmarkingAccelerators\Core\Inc\main.h_save
2025-06-28 08:54:56,888 [INFO] CodeEngine:279 - Generated code: D:\STM32G4\Benchmarking-STM32G4-Accelerators\BenchmarkingAccelerators\Core\Inc\main.h
2025-06-28 08:54:56,905 [INFO] CodeEngine:255 - oldGeneratedFile, D:\STM32G4\Benchmarking-STM32G4-Accelerators\BenchmarkingAccelerators\Core\Src\main.c_save
2025-06-28 08:54:57,033 [INFO] CodeEngine:279 - Generated code: D:\STM32G4\Benchmarking-STM32G4-Accelerators\BenchmarkingAccelerators\Core\Src\main.c
2025-06-28 08:54:57,660 [INFO] ProjectBuilder:3076 - Time for Copy HAL[1] : 280mS.
2025-06-28 08:54:57,663 [INFO] ProjectBuilder:4485 - Project Generator version: 4.2.0-B44
2025-06-28 08:54:57,806 [INFO] ConfigFileManager:1495 - The Die is : DIE469
2025-06-28 08:54:59,610 [INFO] ProjectBuilder:4747 - Time for Generating toolchain IDE Files: 1947mS.
2025-06-28 08:54:59,611 [INFO] ProjectBuilder:2947 - Time for Copy CMSIS : 1mS.
2025-06-28 08:54:59,613 [INFO] ProjectBuilder:2947 - Time for Copy CMSIS : 0mS.
2025-06-28 11:29:41,988 [INFO] MainUpdater:2873 - connection check result : 10
2025-06-28 11:29:41,988 [INFO] MainUpdater:2873 - connection check result : 10
2025-06-28 11:29:42,089 [INFO] MicroXplorer:468 - Change Database Path : 
2025-06-28 11:29:42,089 [INFO] MicroXplorer:498 - Change Database Version : DB.6.0.100
2025-06-28 11:29:42,105 [ERROR] ProjectManagerView:394 - 
java.lang.NullPointerException: Cannot invoke "javax.swing.JTextField.getText()" because the return value of "java.util.List.get(int)" is null
	at com.st.microxplorer.plugins.projectmanager.gui.ProjectChoiceTab$10.caretUpdate(ProjectChoiceTab.java:2493) ~[filemanager.jar:?]
	at javax.swing.text.JTextComponent.fireCaretUpdate(JTextComponent.java:412) ~[?:?]
	at javax.swing.text.JTextComponent$MutableCaretEvent.fire(JTextComponent.java:4491) ~[?:?]
	at javax.swing.text.JTextComponent$MutableCaretEvent.stateChanged(JTextComponent.java:4513) ~[?:?]
	at javax.swing.text.DefaultCaret.fireStateChanged(DefaultCaret.java:842) ~[?:?]
	at javax.swing.text.DefaultCaret.changeCaretPosition(DefaultCaret.java:1313) ~[?:?]
	at javax.swing.text.DefaultCaret.handleSetDot(DefaultCaret.java:1212) ~[?:?]
	at javax.swing.text.DefaultCaret.setDot(DefaultCaret.java:1193) ~[?:?]
	at javax.swing.text.DefaultCaret$Handler.insertUpdate(DefaultCaret.java:1789) ~[?:?]
	at javax.swing.text.AbstractDocument.fireInsertUpdate(AbstractDocument.java:226) ~[?:?]
	at javax.swing.text.AbstractDocument.handleInsertString(AbstractDocument.java:780) ~[?:?]
	at javax.swing.text.AbstractDocument.insertString(AbstractDocument.java:739) ~[?:?]
	at javax.swing.text.PlainDocument.insertString(PlainDocument.java:131) ~[?:?]
	at javax.swing.text.AbstractDocument.replace(AbstractDocument.java:698) ~[?:?]
	at javax.swing.text.JTextComponent.setText(JTextComponent.java:1729) ~[?:?]
	at com.st.microxplorer.plugins.projectmanager.gui.ProjectChoiceTab.createHeapStackFields(ProjectChoiceTab.java:933) ~[filemanager.jar:?]
	at com.st.microxplorer.plugins.projectmanager.gui.ProjectChoiceTab.buildLinkSettingsPanel(ProjectChoiceTab.java:3426) ~[filemanager.jar:?]
	at com.st.microxplorer.plugins.projectmanager.gui.ProjectChoiceTab.defineWindowsFields(ProjectChoiceTab.java:1813) ~[filemanager.jar:?]
	at com.st.microxplorer.plugins.projectmanager.gui.ProjectChoiceTab.updateSettings(ProjectChoiceTab.java:533) ~[filemanager.jar:?]
	at com.st.microxplorer.plugins.projectmanager.gui.ProjectSettingsPanel.UpdateDialog(ProjectSettingsPanel.java:244) ~[filemanager.jar:?]
	at com.st.microxplorer.plugins.projectmanager.ProjectManagerView.propertyChange(ProjectManagerView.java:391) ~[filemanager.jar:?]
	at java.beans.PropertyChangeSupport.fire(PropertyChangeSupport.java:343) ~[?:?]
	at java.beans.PropertyChangeSupport.firePropertyChange(PropertyChangeSupport.java:335) ~[?:?]
	at java.beans.PropertyChangeSupport.firePropertyChange(PropertyChangeSupport.java:268) ~[?:?]
	at com.st.microxplorer.util.MXPropertyChangeSupport.firePropertyChange(MXPropertyChangeSupport.java:54) ~[STM32CubeMX.jar:?]
	at com.st.microxplorer.mxsystem.MxSystem.closeConfig(MxSystem.java:900) ~[STM32CubeMX.jar:?]
	at com.st.microxplorer.maingui.MainPanel.closeConfig(MainPanel.java:776) ~[STM32CubeMX.jar:?]
	at com.st.microxplorer.plugins.filemanager.engine.OpenFileManager.loadConfigurationFile(OpenFileManager.java:245) ~[filemanager.jar:?]
	at com.st.microxplorer.plugins.filemanager.engine.MainFileManager.userLoadConfig(MainFileManager.java:290) ~[filemanager.jar:?]
	at com.st.microxplorer.plugins.filemanager.FileManagerView.getSpecificTask(FileManagerView.java:247) ~[filemanager.jar:?]
	at com.st.stm32cube.common.mx.editor.CubeMxEditor.getMxTabbedPaneInstance(CubeMxEditor.java:1184) ~[com.st.stm32cube.common.mx_6.10.0.202311202037/:?]
	at com.st.stm32cube.common.mx.editor.CubeMxEditor$12$1.createSwingComponent(CubeMxEditor.java:1065) ~[com.st.stm32cube.common.mx_6.10.0.202311202037/:?]
	at com.st.stm32cube.common.mx.oss.core.awtswtbridge.EmbeddedSwingComposite.doComponentCreation(EmbeddedSwingComposite.java:492) ~[com.st.stm32cube.common.mx.oss_6.10.0.202311202037/:?]
	at com.st.stm32cube.common.mx.oss.core.awtswtbridge.EmbeddedSwingComposite$4.run(EmbeddedSwingComposite.java:291) ~[com.st.stm32cube.common.mx.oss_6.10.0.202311202037/:?]
	at com.st.stm32cube.common.mx.oss.core.awtswtbridge.AwtEnvironment$2.run(AwtEnvironment.java:166) ~[com.st.stm32cube.common.mx.oss_6.10.0.202311202037/:?]
	at java.awt.event.InvocationEvent.dispatch(InvocationEvent.java:318) ~[?:?]
	at java.awt.EventQueue.dispatchEventImpl(EventQueue.java:773) ~[?:?]
	at java.awt.EventQueue$4.run(EventQueue.java:720) ~[?:?]
	at java.awt.EventQueue$4.run(EventQueue.java:714) ~[?:?]
	at java.security.AccessController.doPrivileged(AccessController.java:399) ~[?:?]
	at java.security.ProtectionDomain$JavaSecurityAccessImpl.doIntersectionPrivilege(ProtectionDomain.java:86) ~[?:?]
	at java.awt.EventQueue.dispatchEvent(EventQueue.java:742) ~[?:?]
	at java.awt.EventDispatchThread.pumpOneEventForFilters(EventDispatchThread.java:203) ~[?:?]
	at java.awt.EventDispatchThread.pumpEventsForFilter(EventDispatchThread.java:124) ~[?:?]
	at java.awt.EventDispatchThread.pumpEventsForHierarchy(EventDispatchThread.java:113) ~[?:?]
	at java.awt.EventDispatchThread.pumpEvents(EventDispatchThread.java:109) ~[?:?]
	at java.awt.EventDispatchThread.pumpEvents(EventDispatchThread.java:101) ~[?:?]
	at java.awt.EventDispatchThread.run(EventDispatchThread.java:90) ~[?:?]
2025-06-28 11:29:42,113 [WARN] ThirdParty:871 - waiting for thirdparty lock release [close project]
2025-06-28 11:29:42,113 [INFO] ThirdParty:873 - entering critical section [close project]
2025-06-28 11:29:42,113 [INFO] ThirdParty:883 - exiting critical section [close project]
2025-06-28 11:29:42,117 [INFO] PinOutPanel:1499 - setPackage(No Configuration,No Configuration)
2025-06-28 11:29:42,122 [INFO] UtilMem:75 - Begin LoadConfig() Used Memory: 760899736 Bytes (1073741824)
2025-06-28 11:29:42,122 [INFO] MicroXplorer:468 - Change Database Path : 
2025-06-28 11:29:42,122 [INFO] MicroXplorer:498 - Change Database Version : DB.6.0.100
2025-06-28 11:29:42,122 [INFO] OpenFileManager:312 - Change cursor
2025-06-28 11:29:42,152 [INFO] RulesReader:64 - Compatibility file has been processed (297 Rules)
2025-06-28 11:29:42,159 [INFO] Mcu:2016 - Initializing MCU STM32G474R(B-C-E)Tx STM32G474RETx STM32G474RET6
2025-06-28 11:29:45,987 [INFO] Context:659 - Trying to add GPIOservice into a context  which must be forbidden
2025-06-28 11:29:47,101 [INFO] RtosManager:555 - Registered RTOS mode: class=CMSIS, group=RTOS, mode=CMSIS_V1, owner=FREERTOS
2025-06-28 11:29:47,101 [INFO] RtosManager:555 - Registered RTOS mode: class=CMSIS, group=RTOS2, mode=CMSIS_V2, owner=FREERTOS
2025-06-28 11:29:47,101 [INFO] RtosManager:555 - Registered RTOS mode: class=RTOS, group=Core, mode=CMSIS_V1, owner=FREERTOS
2025-06-28 11:29:47,101 [INFO] RtosManager:555 - Registered RTOS mode: class=RTOS, group=Core, mode=CMSIS_V2, owner=FREERTOS
2025-06-28 11:29:47,101 [WARN] ModelIntegratedComponent:184 - Missing modes for component STMicroelectronics:FreeRTOS:0.0.1:STMicroelectronics:RTOS:FreeRTOS:Core:::10.2.0:
2025-06-28 11:29:47,102 [WARN] ModelIntegratedComponent:63 - No mode defined for component null
2025-06-28 11:29:47,103 [WARN] ModelIntegratedComponent:63 - No mode defined for component null
2025-06-28 11:29:47,103 [WARN] ModelIntegratedComponent:63 - No mode defined for component null
2025-06-28 11:29:47,103 [WARN] ModelIntegratedComponent:63 - No mode defined for component null
2025-06-28 11:29:47,103 [WARN] ModelIntegratedComponent:63 - No mode defined for component null
2025-06-28 11:29:47,103 [WARN] ModelIntegratedComponent:63 - No mode defined for component null
2025-06-28 11:29:47,103 [WARN] ModelIntegratedComponent:63 - No mode defined for component null
2025-06-28 11:29:47,103 [WARN] ModelIntegratedComponent:63 - No mode defined for component null
2025-06-28 11:29:47,103 [WARN] ModelIntegratedComponent:63 - No mode defined for component null
2025-06-28 11:29:47,103 [WARN] ModelIntegratedComponent:63 - No mode defined for component null
2025-06-28 11:29:47,103 [WARN] ModelIntegratedComponent:63 - No mode defined for component null
2025-06-28 11:29:47,103 [WARN] ModelIntegratedComponent:63 - No mode defined for component null
2025-06-28 11:29:47,103 [WARN] ModelIntegratedComponent:63 - No mode defined for component null
2025-06-28 11:29:47,103 [WARN] ModelIntegratedComponent:63 - No mode defined for component null
2025-06-28 11:29:47,103 [WARN] ModelIntegratedComponent:63 - No mode defined for component null
2025-06-28 11:29:47,103 [WARN] ModelIntegratedComponent:63 - No mode defined for component null
2025-06-28 11:29:47,103 [WARN] ModelIntegratedComponent:63 - No mode defined for component null
2025-06-28 11:29:47,103 [WARN] ModelIntegratedComponent:63 - No mode defined for component null
2025-06-28 11:29:47,103 [WARN] ModelIntegratedComponent:63 - No mode defined for component null
2025-06-28 11:29:47,103 [WARN] ModelIntegratedComponent:63 - No mode defined for component null
2025-06-28 11:29:47,103 [WARN] ModelIntegratedComponent:63 - No mode defined for component null
2025-06-28 11:29:47,103 [WARN] ModelIntegratedComponent:63 - No mode defined for component null
2025-06-28 11:29:47,103 [WARN] ModelIntegratedComponent:63 - No mode defined for component null
2025-06-28 11:29:47,103 [WARN] ModelIntegratedComponent:63 - No mode defined for component null
2025-06-28 11:29:47,103 [WARN] ModelIntegratedComponent:63 - No mode defined for component null
2025-06-28 11:29:47,103 [WARN] ModelIntegratedComponent:63 - No mode defined for component null
2025-06-28 11:29:47,103 [WARN] ModelIntegratedComponent:63 - No mode defined for component null
2025-06-28 11:29:47,103 [WARN] ModelIntegratedComponent:63 - No mode defined for component null
2025-06-28 11:29:47,103 [WARN] ModelIntegratedComponent:63 - No mode defined for component null
2025-06-28 11:29:47,103 [WARN] ModelIntegratedComponent:63 - No mode defined for component null
2025-06-28 11:29:47,103 [WARN] ModelIntegratedComponent:63 - No mode defined for component null
2025-06-28 11:29:47,103 [WARN] ModelIntegratedComponent:63 - No mode defined for component null
2025-06-28 11:29:47,103 [WARN] ModelIntegratedComponent:63 - No mode defined for component null
2025-06-28 11:29:47,309 [INFO] ThirdPartyModel:298 - Start build external matchings
2025-06-28 11:29:48,829 [INFO] ThirdPartyModel:316 - End build external matchings
2025-06-28 11:29:48,857 [INFO] ImportTextPane:194 - (OptionalMessage_ERROR) IP (ADC1) : Parameter (CommonPathInternal) has invalid value (null|null|null|null)
2025-06-28 11:29:48,858 [INFO] ImportTextPane:194 - (OptionalMessage_ERROR) IP (DMA) : Parameter (Instance) has Id (DAC1_CH1) currently not set
2025-06-28 11:29:48,858 [INFO] ImportTextPane:194 - (OptionalMessage_ERROR) IP (DMA) : Parameter (Request) has Id (DAC1_CH1) currently not set
2025-06-28 11:29:48,858 [INFO] ImportTextPane:194 - (OptionalMessage_ERROR) IP (DMA) : Parameter (Direction) has Id (DAC1_CH1) currently not set
2025-06-28 11:29:48,858 [INFO] ImportTextPane:194 - (OptionalMessage_ERROR) IP (DMA) : Parameter (PeriphInc) has Id (DAC1_CH1) currently not set
2025-06-28 11:29:48,858 [INFO] ImportTextPane:194 - (OptionalMessage_ERROR) IP (DMA) : Parameter (MemInc) has Id (DAC1_CH1) currently not set
2025-06-28 11:29:48,858 [INFO] ImportTextPane:194 - (OptionalMessage_ERROR) IP (DMA) : Parameter (PeriphDataAlignment) has Id (DAC1_CH1) currently not set
2025-06-28 11:29:48,858 [INFO] ImportTextPane:194 - (OptionalMessage_ERROR) IP (DMA) : Parameter (MemDataAlignment) has Id (DAC1_CH1) currently not set
2025-06-28 11:29:48,858 [INFO] ImportTextPane:194 - (OptionalMessage_ERROR) IP (DMA) : Parameter (Mode) has Id (DAC1_CH1) currently not set
2025-06-28 11:29:48,859 [INFO] ImportTextPane:194 - (OptionalMessage_ERROR) IP (DMA) : Parameter (Priority) has Id (DAC1_CH1) currently not set
2025-06-28 11:29:48,859 [INFO] ImportTextPane:194 - (OptionalMessage_ERROR) IP (DMA) : Parameter (SignalID) has Id (DAC1_CH1) currently not set
2025-06-28 11:29:48,859 [INFO] ImportTextPane:194 - (OptionalMessage_ERROR) IP (DMA) : Parameter (Polarity) has Id (DAC1_CH1) currently not set
2025-06-28 11:29:48,859 [INFO] ImportTextPane:194 - (OptionalMessage_ERROR) IP (DMA) : Parameter (RequestNumber) has Id (DAC1_CH1) currently not set
2025-06-28 11:29:48,859 [INFO] ImportTextPane:194 - (OptionalMessage_ERROR) IP (DMA) : Parameter (SyncSignalID) has Id (DAC1_CH1) currently not set
2025-06-28 11:29:48,859 [INFO] ImportTextPane:194 - (OptionalMessage_ERROR) IP (DMA) : Parameter (SyncPolarity) has Id (DAC1_CH1) currently not set
2025-06-28 11:29:48,859 [INFO] ImportTextPane:194 - (OptionalMessage_ERROR) IP (DMA) : Parameter (SyncEnable) has Id (DAC1_CH1) currently not set
2025-06-28 11:29:48,859 [INFO] ImportTextPane:194 - (OptionalMessage_ERROR) IP (DMA) : Parameter (EventEnable) has Id (DAC1_CH1) currently not set
2025-06-28 11:29:48,859 [INFO] ImportTextPane:194 - (OptionalMessage_ERROR) IP (DMA) : Parameter (SyncRequestNumber) has Id (DAC1_CH1) currently not set
2025-06-28 11:29:48,859 [INFO] ImportTextPane:194 - (OptionalMessage_ERROR) IP (DMA) : Parameter (Instance) has Id (FMAC_READ) currently not set
2025-06-28 11:29:48,859 [INFO] ImportTextPane:194 - (OptionalMessage_ERROR) IP (DMA) : Parameter (Request) has Id (FMAC_READ) currently not set
2025-06-28 11:29:48,859 [INFO] ImportTextPane:194 - (OptionalMessage_ERROR) IP (DMA) : Parameter (Direction) has Id (FMAC_READ) currently not set
2025-06-28 11:29:48,859 [INFO] ImportTextPane:194 - (OptionalMessage_ERROR) IP (DMA) : Parameter (PeriphInc) has Id (FMAC_READ) currently not set
2025-06-28 11:29:48,859 [INFO] ImportTextPane:194 - (OptionalMessage_ERROR) IP (DMA) : Parameter (MemInc) has Id (FMAC_READ) currently not set
2025-06-28 11:29:48,859 [INFO] ImportTextPane:194 - (OptionalMessage_ERROR) IP (DMA) : Parameter (PeriphDataAlignment) has Id (FMAC_READ) currently not set
2025-06-28 11:29:48,859 [INFO] ImportTextPane:194 - (OptionalMessage_ERROR) IP (DMA) : Parameter (MemDataAlignment) has Id (FMAC_READ) currently not set
2025-06-28 11:29:48,859 [INFO] ImportTextPane:194 - (OptionalMessage_ERROR) IP (DMA) : Parameter (Mode) has Id (FMAC_READ) currently not set
2025-06-28 11:29:48,859 [INFO] ImportTextPane:194 - (OptionalMessage_ERROR) IP (DMA) : Parameter (Priority) has Id (FMAC_READ) currently not set
2025-06-28 11:29:48,859 [INFO] ImportTextPane:194 - (OptionalMessage_ERROR) IP (DMA) : Parameter (SignalID) has Id (FMAC_READ) currently not set
2025-06-28 11:29:48,859 [INFO] ImportTextPane:194 - (OptionalMessage_ERROR) IP (DMA) : Parameter (Polarity) has Id (FMAC_READ) currently not set
2025-06-28 11:29:48,859 [INFO] ImportTextPane:194 - (OptionalMessage_ERROR) IP (DMA) : Parameter (RequestNumber) has Id (FMAC_READ) currently not set
2025-06-28 11:29:48,859 [INFO] ImportTextPane:194 - (OptionalMessage_ERROR) IP (DMA) : Parameter (SyncSignalID) has Id (FMAC_READ) currently not set
2025-06-28 11:29:48,859 [INFO] ImportTextPane:194 - (OptionalMessage_ERROR) IP (DMA) : Parameter (SyncPolarity) has Id (FMAC_READ) currently not set
2025-06-28 11:29:48,859 [INFO] ImportTextPane:194 - (OptionalMessage_ERROR) IP (DMA) : Parameter (SyncEnable) has Id (FMAC_READ) currently not set
2025-06-28 11:29:48,859 [INFO] ImportTextPane:194 - (OptionalMessage_ERROR) IP (DMA) : Parameter (EventEnable) has Id (FMAC_READ) currently not set
2025-06-28 11:29:48,859 [INFO] ImportTextPane:194 - (OptionalMessage_ERROR) IP (DMA) : Parameter (SyncRequestNumber) has Id (FMAC_READ) currently not set
2025-06-28 11:29:48,859 [INFO] ImportTextPane:194 - (OptionalMessage_ERROR) IP (DMA) : Parameter (Instance) has Id (FMAC_WRITE) currently not set
2025-06-28 11:29:48,859 [INFO] ImportTextPane:194 - (OptionalMessage_ERROR) IP (DMA) : Parameter (Request) has Id (FMAC_WRITE) currently not set
2025-06-28 11:29:48,859 [INFO] ImportTextPane:194 - (OptionalMessage_ERROR) IP (DMA) : Parameter (Direction) has Id (FMAC_WRITE) currently not set
2025-06-28 11:29:48,859 [INFO] ImportTextPane:194 - (OptionalMessage_ERROR) IP (DMA) : Parameter (PeriphInc) has Id (FMAC_WRITE) currently not set
2025-06-28 11:29:48,859 [INFO] ImportTextPane:194 - (OptionalMessage_ERROR) IP (DMA) : Parameter (MemInc) has Id (FMAC_WRITE) currently not set
2025-06-28 11:29:48,859 [INFO] ImportTextPane:194 - (OptionalMessage_ERROR) IP (DMA) : Parameter (PeriphDataAlignment) has Id (FMAC_WRITE) currently not set
2025-06-28 11:29:48,859 [INFO] ImportTextPane:194 - (OptionalMessage_ERROR) IP (DMA) : Parameter (MemDataAlignment) has Id (FMAC_WRITE) currently not set
2025-06-28 11:29:48,859 [INFO] ImportTextPane:194 - (OptionalMessage_ERROR) IP (DMA) : Parameter (Mode) has Id (FMAC_WRITE) currently not set
2025-06-28 11:29:48,859 [INFO] ImportTextPane:194 - (OptionalMessage_ERROR) IP (DMA) : Parameter (Priority) has Id (FMAC_WRITE) currently not set
2025-06-28 11:29:48,859 [INFO] ImportTextPane:194 - (OptionalMessage_ERROR) IP (DMA) : Parameter (SignalID) has Id (FMAC_WRITE) currently not set
2025-06-28 11:29:48,859 [INFO] ImportTextPane:194 - (OptionalMessage_ERROR) IP (DMA) : Parameter (Polarity) has Id (FMAC_WRITE) currently not set
2025-06-28 11:29:48,859 [INFO] ImportTextPane:194 - (OptionalMessage_ERROR) IP (DMA) : Parameter (RequestNumber) has Id (FMAC_WRITE) currently not set
2025-06-28 11:29:48,859 [INFO] ImportTextPane:194 - (OptionalMessage_ERROR) IP (DMA) : Parameter (SyncSignalID) has Id (FMAC_WRITE) currently not set
2025-06-28 11:29:48,859 [INFO] ImportTextPane:194 - (OptionalMessage_ERROR) IP (DMA) : Parameter (SyncPolarity) has Id (FMAC_WRITE) currently not set
2025-06-28 11:29:48,859 [INFO] ImportTextPane:194 - (OptionalMessage_ERROR) IP (DMA) : Parameter (SyncEnable) has Id (FMAC_WRITE) currently not set
2025-06-28 11:29:48,859 [INFO] ImportTextPane:194 - (OptionalMessage_ERROR) IP (DMA) : Parameter (EventEnable) has Id (FMAC_WRITE) currently not set
2025-06-28 11:29:48,859 [INFO] ImportTextPane:194 - (OptionalMessage_ERROR) IP (DMA) : Parameter (SyncRequestNumber) has Id (FMAC_WRITE) currently not set
2025-06-28 11:29:49,199 [INFO] UtilMem:75 - End LoadConfig() Used Memory: 492843848 Bytes (1073741824)
2025-06-28 11:29:49,232 [INFO] MicroXplorer:468 - Change Database Path : 
2025-06-28 11:29:49,232 [INFO] MicroXplorer:498 - Change Database Version : DB.6.0.100
2025-06-28 11:29:49,234 [WARN] ThirdParty:833 - waiting for thirdparty lock release [change project]
2025-06-28 11:29:49,234 [INFO] ThirdParty:835 - entering critical section [change project]
2025-06-28 11:29:49,234 [INFO] ThirdParty:1030 - CMSIS Pack Vendor :STMicroelectronics X-CUBE-PM33A1 1.0.0
2025-06-28 11:29:49,234 [INFO] ThirdParty:1030 - CMSIS Pack Vendor :STMicroelectronics USBPD 4.1
2025-06-28 11:29:49,234 [INFO] ThirdParty:1030 - CMSIS Pack Vendor :STMicroelectronics X-CUBE-GNSS1 6.0.0
2025-06-28 11:29:49,234 [INFO] ThirdParty:1030 - CMSIS Pack Vendor :STMicroelectronics USB_HOST 2.0.0
2025-06-28 11:29:49,234 [INFO] ThirdParty:1030 - CMSIS Pack Vendor :STMicroelectronics FP-SNS-MOTENVWB1 1.4.0
2025-06-28 11:29:49,234 [INFO] ThirdParty:1030 - CMSIS Pack Vendor :STMicroelectronics X-CUBE-AZRTOS-F4 1.1.0
2025-06-28 11:29:49,234 [INFO] ThirdParty:1030 - CMSIS Pack Vendor :STMicroelectronics LIBJPEG 8.0.0
2025-06-28 11:29:49,234 [INFO] ThirdParty:1030 - CMSIS Pack Vendor :STMicroelectronics FP-ATR-ASTRA1 2.0.2
2025-06-28 11:29:49,234 [INFO] ThirdParty:1030 - CMSIS Pack Vendor :STMicroelectronics X-CUBE-SMBUS 2.1.0
2025-06-28 11:29:49,234 [INFO] ThirdParty:1030 - CMSIS Pack Vendor :STMicroelectronics X-CUBE-WB05N 1.1.0
2025-06-28 11:29:49,234 [INFO] ThirdParty:1030 - CMSIS Pack Vendor :STMicroelectronics X-CUBE-ISPU 2.1.0
2025-06-28 11:29:49,234 [INFO] ThirdParty:1030 - CMSIS Pack Vendor :STMicroelectronics X-CUBE-FREERTOS 1.2.0
2025-06-28 11:29:49,234 [INFO] ThirdParty:1030 - CMSIS Pack Vendor :wolfSSL I-CUBE-wolfSSL 5.6.6
2025-06-28 11:29:49,234 [INFO] ThirdParty:1030 - CMSIS Pack Vendor :STMicroelectronics X-CUBE-TOUCHGFX 4.23.0
2025-06-28 11:29:49,234 [INFO] ThirdParty:1030 - CMSIS Pack Vendor :STMicroelectronics X-CUBE-AZRTOS-F7 1.1.0
2025-06-28 11:29:49,234 [INFO] ThirdParty:1030 - CMSIS Pack Vendor :STMicroelectronics X-CUBE-AZRTOS-L5 2.0.0
2025-06-28 11:29:49,234 [INFO] ThirdParty:1030 - CMSIS Pack Vendor :STMicroelectronics USB_DEVICE 2.0.0
2025-06-28 11:29:49,234 [INFO] ThirdParty:1030 - CMSIS Pack Vendor :STMicroelectronics X-CUBE-NFC6 3.1.0
2025-06-28 11:29:49,234 [INFO] ThirdParty:1030 - CMSIS Pack Vendor :ITTIA_DB I-CUBE-ITTIADB 8.8.0
2025-06-28 11:29:49,234 [INFO] ThirdParty:1030 - CMSIS Pack Vendor :STMicroelectronics FP-SNS-MOTENV1 4.3.2
2025-06-28 11:29:49,234 [INFO] ThirdParty:1030 - CMSIS Pack Vendor :STMicroelectronics X-CUBE-MEMS1 11.0.0
2025-06-28 11:29:49,234 [INFO] ThirdParty:1030 - CMSIS Pack Vendor :STMicroelectronics FreeRTOS 0.0.1
2025-06-28 11:29:49,234 [INFO] ThirdParty:1030 - CMSIS Pack Vendor :STMicroelectronics X-CUBE-DPower 1.2.0
2025-06-28 11:29:49,234 [INFO] ThirdParty:1030 - CMSIS Pack Vendor :STMicroelectronics FP-SNS-FLIGHT1 5.0.2
2025-06-28 11:29:49,234 [INFO] ThirdParty:1030 - CMSIS Pack Vendor :STMicroelectronics PDM2PCM 3.3.0
2025-06-28 11:29:49,234 [INFO] ThirdParty:1030 - CMSIS Pack Vendor :STMicroelectronics X-CUBE-DISPLAY 3.0.0
2025-06-28 11:29:49,234 [INFO] ThirdParty:1030 - CMSIS Pack Vendor :STMicroelectronics X-CUBE-BLE1 7.0.0
2025-06-28 11:29:49,234 [INFO] ThirdParty:1030 - CMSIS Pack Vendor :STMicroelectronics X-CUBE-NFC10 1.0.0
2025-06-28 11:29:49,234 [INFO] ThirdParty:1030 - CMSIS Pack Vendor :STMicroelectronics X-CUBE-BLEMGR 4.0.0
2025-06-28 11:29:49,234 [INFO] ThirdParty:1030 - CMSIS Pack Vendor :STMicroelectronics X-CUBE-FREERTOS 1.3.1
2025-06-28 11:29:49,234 [INFO] ThirdParty:1030 - CMSIS Pack Vendor :STMicroelectronics HAL Drivers 0.0.0
2025-06-28 11:29:49,234 [INFO] ThirdParty:1030 - CMSIS Pack Vendor :emotas I-CUBE-CANOPEN 1.3.0
2025-06-28 11:29:49,235 [INFO] ThirdParty:1030 - CMSIS Pack Vendor :STMicroelectronics X-CUBE-FREERTOS 1.3.0
2025-06-28 11:29:49,235 [INFO] ThirdParty:1030 - CMSIS Pack Vendor :STMicroelectronics X-CUBE-NFC7 1.0.1
2025-06-28 11:29:49,235 [INFO] ThirdParty:1030 - CMSIS Pack Vendor :STMicroelectronics MBEDTLS 2.14.1
2025-06-28 11:29:49,235 [INFO] ThirdParty:1030 - CMSIS Pack Vendor :STMicroelectronics X-CUBE-NFC6 3.0.0
2025-06-28 11:29:49,235 [INFO] ThirdParty:1030 - CMSIS Pack Vendor :quantropi X-CUBE-qispace-sdk-base 2.0.0
2025-06-28 11:29:49,235 [INFO] ThirdParty:1030 - CMSIS Pack Vendor :STMicroelectronics X-CUBE-BLEMGR 3.1.0
2025-06-28 11:29:49,235 [INFO] ThirdParty:1030 - CMSIS Pack Vendor :STMicroelectronics X-CUBE-AI 10.0.0
2025-06-28 11:29:49,235 [INFO] ThirdParty:1030 - CMSIS Pack Vendor :STMicroelectronics FP-SNS-SMARTAG2 1.2.0
2025-06-28 11:29:49,235 [INFO] ThirdParty:1030 - CMSIS Pack Vendor :STMicroelectronics X-CUBE-MEMS1 11.1.0
2025-06-28 11:29:49,235 [INFO] ThirdParty:1030 - CMSIS Pack Vendor :STMicroelectronics X-CUBE-AZRTOS-WL 2.0.0
2025-06-28 11:29:49,235 [INFO] ThirdParty:1030 - CMSIS Pack Vendor :STMicroelectronics X-CUBE-DPower 1.3.0
2025-06-28 11:29:49,235 [INFO] ThirdParty:1030 - CMSIS Pack Vendor :STMicroelectronics FP-SNS-MOTENV1 5.0.0
2025-06-28 11:29:49,235 [INFO] ThirdParty:1030 - CMSIS Pack Vendor :STMicroelectronics USB_DEVICE 1.0.0
2025-06-28 11:29:49,235 [INFO] ThirdParty:1030 - CMSIS Pack Vendor :STMicroelectronics X-CUBE-AI 8.1.0
2025-06-28 11:29:49,235 [INFO] ThirdParty:1030 - CMSIS Pack Vendor :wolfSSL I-CUBE-wolfMQTT 1.19.0
2025-06-28 11:29:49,235 [INFO] ThirdParty:1030 - CMSIS Pack Vendor :STMicroelectronics X-CUBE-AZRTOS-L4 2.0.0
2025-06-28 11:29:49,235 [INFO] ThirdParty:1030 - CMSIS Pack Vendor :STMicroelectronics ThreadX 0.0.2
2025-06-28 11:29:49,235 [INFO] ThirdParty:1030 - CMSIS Pack Vendor :WES I-CUBE-Cesium 1.3.0
2025-06-28 11:29:49,235 [INFO] ThirdParty:1030 - CMSIS Pack Vendor :STMicroelectronics lwIP 2.1.2
2025-06-28 11:29:49,235 [INFO] ThirdParty:1030 - CMSIS Pack Vendor :STMicroelectronics X-CUBE-SFXS2LP1 4.0.0
2025-06-28 11:29:49,235 [INFO] ThirdParty:1030 - CMSIS Pack Vendor :STMicroelectronics X-CUBE-BLE2 3.3.0
2025-06-28 11:29:49,235 [INFO] ThirdParty:1030 - CMSIS Pack Vendor :STMicroelectronics PDM2PCM 3.2.0
2025-06-28 11:29:49,235 [INFO] ThirdParty:1030 - CMSIS Pack Vendor :STMicroelectronics X-CUBE-AZRTOS-H7 3.3.0
2025-06-28 11:29:49,235 [INFO] ThirdParty:1030 - CMSIS Pack Vendor :STMicroelectronics X-CUBE-NFC9 1.0.0
2025-06-28 11:29:49,235 [INFO] ThirdParty:1030 - CMSIS Pack Vendor :STMicroelectronics X-CUBE-BLE1 7.1.0
2025-06-28 11:29:49,235 [INFO] ThirdParty:1030 - CMSIS Pack Vendor :STMicroelectronics USB_DEVICE 3.0.0
2025-06-28 11:29:49,235 [INFO] ThirdParty:1030 - CMSIS Pack Vendor :STMicroelectronics X-CUBE-TCPP 4.1.0
2025-06-28 11:29:49,235 [INFO] ThirdParty:1030 - CMSIS Pack Vendor :STMicroelectronics X-CUBE-IPS 3.0.0
2025-06-28 11:29:49,235 [INFO] ThirdParty:1030 - CMSIS Pack Vendor :STMicroelectronics X-CUBE-AZRTOS-WB 2.0.0
2025-06-28 11:29:49,235 [INFO] ThirdParty:1030 - CMSIS Pack Vendor :STMicroelectronics X-CUBE-GNSS1 7.0.0
2025-06-28 11:29:49,235 [INFO] ThirdParty:1030 - CMSIS Pack Vendor :STMicroelectronics X-CUBE-GNSS1 7.0.1
2025-06-28 11:29:49,235 [INFO] ThirdParty:1030 - CMSIS Pack Vendor :STMicroelectronics X-CUBE-TOUCHGFX 4.25.0
2025-06-28 11:29:49,235 [INFO] ThirdParty:1030 - CMSIS Pack Vendor :STMicroelectronics X-CUBE-AI 10.1.0
2025-06-28 11:29:49,235 [INFO] ThirdParty:1030 - CMSIS Pack Vendor :STMicroelectronics FP-SNS-STBOX1 2.0.0
2025-06-28 11:29:49,235 [INFO] ThirdParty:1030 - CMSIS Pack Vendor :STMicroelectronics X-CUBE-ALGOBUILD 1.3.0
2025-06-28 11:29:49,235 [INFO] ThirdParty:1030 - CMSIS Pack Vendor :STMicroelectronics X-CUBE-MEMS1 11.2.0
2025-06-28 11:29:49,235 [INFO] ThirdParty:1030 - CMSIS Pack Vendor :STMicroelectronics X-CUBE-AZRTOS-G0 1.1.0
2025-06-28 11:29:49,235 [INFO] ThirdParty:1030 - CMSIS Pack Vendor :STMicroelectronics X-CUBE-SAFEA1 1.2.2
2025-06-28 11:29:49,235 [INFO] ThirdParty:1030 - CMSIS Pack Vendor :STMicroelectronics X-CUBE-NFC4 3.0.0
2025-06-28 11:29:49,235 [INFO] ThirdParty:1030 - CMSIS Pack Vendor :STMicroelectronics X-CUBE-SUBG2 5.0.0
2025-06-28 11:29:49,235 [INFO] ThirdParty:1030 - CMSIS Pack Vendor :STMicroelectronics X-CUBE-AZRTOS-H7RS 1.1.0
2025-06-28 11:29:49,235 [INFO] ThirdParty:1030 - CMSIS Pack Vendor :STMicroelectronics STM32_WPAN 1.0.0
2025-06-28 11:29:49,235 [INFO] ThirdParty:1030 - CMSIS Pack Vendor :EmbeddedOffice I-CUBE-FS-RTOS 1.0.1
2025-06-28 11:29:49,235 [INFO] ThirdParty:1030 - CMSIS Pack Vendor :STMicroelectronics lwIP 2.0.3
2025-06-28 11:29:49,235 [INFO] ThirdParty:1030 - CMSIS Pack Vendor :Cesanta I-CUBE-Mongoose 7.13.0
2025-06-28 11:29:49,235 [INFO] ThirdParty:1030 - CMSIS Pack Vendor :STMicroelectronics USB_HOST 1.0.0
2025-06-28 11:29:49,235 [INFO] ThirdParty:1030 - CMSIS Pack Vendor :STMicroelectronics X-CUBE-AZRTOS-G4 2.0.0
2025-06-28 11:29:49,235 [INFO] ThirdParty:1030 - CMSIS Pack Vendor :STMicroelectronics X-CUBE-WB05N 2.0.0
2025-06-28 11:29:49,235 [INFO] ThirdParty:1030 - CMSIS Pack Vendor :STMicroelectronics PDM2PCM 3.1.0
2025-06-28 11:29:49,235 [INFO] ThirdParty:1030 - CMSIS Pack Vendor :Infineon AIROC-Wi-Fi-Bluetooth-STM32 1.5.1
2025-06-28 11:29:49,235 [INFO] ThirdParty:1030 - CMSIS Pack Vendor :STMicroelectronics X-CUBE-NFC7 2.0.0
2025-06-28 11:29:49,235 [INFO] ThirdParty:1030 - CMSIS Pack Vendor :RealThread X-CUBE-RT-Thread_Nano 4.1.1
2025-06-28 11:29:49,235 [INFO] ThirdParty:1030 - CMSIS Pack Vendor :STMicroelectronics FP-SNS-MOTENVWB1 1.3.1
2025-06-28 11:29:49,235 [INFO] ThirdParty:1030 - CMSIS Pack Vendor :STMicroelectronics FP-ATR-SIGFOX1 3.2.0
2025-06-28 11:29:49,235 [INFO] ThirdParty:1030 - CMSIS Pack Vendor :STMicroelectronics X-CUBE-ISPU 2.0.0
2025-06-28 11:29:49,235 [INFO] ThirdParty:1030 - CMSIS Pack Vendor :STMicroelectronics X-CUBE-EEPRMA1 5.1.0
2025-06-28 11:29:49,235 [INFO] ThirdParty:1030 - CMSIS Pack Vendor :STMicroelectronics MBEDTLS 2.16.2
2025-06-28 11:29:49,235 [INFO] ThirdParty:1030 - CMSIS Pack Vendor :STMicroelectronics X-CUBE-ALS 1.0.2
2025-06-28 11:29:49,235 [INFO] ThirdParty:1030 - CMSIS Pack Vendor :STMicroelectronics X-CUBE-MEMS1 10.0.0
2025-06-28 11:29:49,235 [INFO] ThirdParty:1030 - CMSIS Pack Vendor :STMicroelectronics X-CUBE-FREERTOS 1.1.0
2025-06-28 11:29:49,235 [INFO] ThirdParty:1030 - CMSIS Pack Vendor :STMicroelectronics X-CUBE-TOUCHGFX 4.24.1
2025-06-28 11:29:49,235 [INFO] ThirdParty:1030 - CMSIS Pack Vendor :wolfSSL I-CUBE-wolfTPM 3.4.0
2025-06-28 11:29:49,235 [INFO] ThirdParty:1030 - CMSIS Pack Vendor :portGmbH I-Cube-SoM-uGOAL 1.1.0
2025-06-28 11:29:49,235 [INFO] ThirdParty:1030 - CMSIS Pack Vendor :STMicroelectronics X-CUBE-ALS 1.0.1
2025-06-28 11:29:49,235 [INFO] ThirdParty:1030 - CMSIS Pack Vendor :STMicroelectronics ThreadX 1.0.0
2025-06-28 11:29:49,235 [INFO] ThirdParty:1030 - CMSIS Pack Vendor :SEGGER I-CUBE-embOS 1.3.1
2025-06-28 11:29:49,235 [INFO] ThirdParty:1030 - CMSIS Pack Vendor :STMicroelectronics X-CUBE-ALGOBUILD 1.4.0
2025-06-28 11:29:49,236 [INFO] ThirdParty:1030 - CMSIS Pack Vendor :STMicroelectronics X-CUBE-MEMS1 11.3.0
2025-06-28 11:29:49,236 [INFO] ThirdParty:1030 - CMSIS Pack Vendor :STMicroelectronics X-CUBE-AZRTOS-H7RS 1.0.0
2025-06-28 11:29:49,236 [INFO] ThirdParty:1030 - CMSIS Pack Vendor :STMicroelectronics FP-ATR-ASTRA1 2.0.0
2025-06-28 11:29:49,236 [INFO] ThirdParty:1030 - CMSIS Pack Vendor :STMicroelectronics X-CUBE-TOF1 3.4.2
2025-06-28 11:29:49,236 [INFO] ThirdParty:1030 - CMSIS Pack Vendor :STMicroelectronics X-CUBE-AI 9.1.0
2025-06-28 11:29:49,236 [INFO] ThirdParty:1030 - CMSIS Pack Vendor :STMicroelectronics X-CUBE-TOF1 3.4.0
2025-06-28 11:29:49,236 [INFO] ThirdParty:1030 - CMSIS Pack Vendor :STMicroelectronics X-CUBE-AZRTOS-H7 3.2.0
2025-06-28 11:29:49,236 [INFO] ThirdParty:1030 - CMSIS Pack Vendor :wolfSSL I-CUBE-wolfSSH 1.4.17
2025-06-28 11:29:49,236 [INFO] ThirdParty:841 - exiting critical section [change project]
2025-06-28 11:29:49,429 [INFO] PinOutPanel:1499 - setPackage(No Configuration,No Configuration)
2025-06-28 11:29:49,429 [INFO] PinOutPanel:1499 - setPackage(STM32G474RETx,LQFP64)
2025-06-28 11:29:49,600 [INFO] UtilMem:75 - Before build in PCC Used Memory: 730670672 Bytes (1073741824)
2025-06-28 11:29:49,841 [INFO] UtilMem:75 - After build in PCC Used Memory: 830807632 Bytes (1073741824)
2025-06-28 11:29:49,857 [INFO] IPUIPlugin:80 - create IPUIPlugin
2025-06-28 11:29:49,857 [INFO] IPUIPlugin:80 - create IPUIPlugin
2025-06-28 11:29:49,857 [INFO] IPUIPlugin:80 - create IPUIPlugin
2025-06-28 11:29:49,857 [INFO] IPUIPlugin:80 - create IPUIPlugin
2025-06-28 11:29:49,857 [INFO] IPUIPlugin:80 - create IPUIPlugin
2025-06-28 11:29:49,857 [INFO] IPUIPlugin:80 - create IPUIPlugin
2025-06-28 11:29:49,857 [INFO] IPUIPlugin:80 - create IPUIPlugin
2025-06-28 11:29:49,857 [INFO] IPUIPlugin:80 - create IPUIPlugin
2025-06-28 11:29:49,857 [INFO] IPUIPlugin:80 - create IPUIPlugin
2025-06-28 11:29:49,857 [INFO] IPUIPlugin:80 - create IPUIPlugin
2025-06-28 11:29:49,857 [INFO] IPUIPlugin:80 - create IPUIPlugin
2025-06-28 11:29:49,857 [INFO] IPUIPlugin:80 - create IPUIPlugin
2025-06-28 11:29:49,857 [INFO] IPUIPlugin:80 - create IPUIPlugin
2025-06-28 11:29:49,857 [INFO] IPUIPlugin:80 - create IPUIPlugin
2025-06-28 11:29:49,857 [INFO] IPUIPlugin:80 - create IPUIPlugin
2025-06-28 11:29:49,858 [INFO] IPUIPlugin:80 - create IPUIPlugin
2025-06-28 11:29:49,858 [INFO] IPUIPlugin:80 - create IPUIPlugin
2025-06-28 11:29:49,858 [INFO] IPUIPlugin:80 - create IPUIPlugin
2025-06-28 11:29:49,858 [INFO] IPUIPlugin:80 - create IPUIPlugin
2025-06-28 11:29:49,858 [INFO] IPUIPlugin:80 - create IPUIPlugin
2025-06-28 11:29:49,858 [INFO] IPUIPlugin:80 - create IPUIPlugin
2025-06-28 11:29:49,858 [INFO] IPUIPlugin:80 - create IPUIPlugin
2025-06-28 11:29:49,858 [INFO] IPUIPlugin:80 - create IPUIPlugin
2025-06-28 11:29:49,858 [INFO] IPUIPlugin:80 - create IPUIPlugin
2025-06-28 11:29:49,858 [INFO] IPUIPlugin:80 - create IPUIPlugin
2025-06-28 11:29:49,858 [INFO] IPUIPlugin:80 - create IPUIPlugin
2025-06-28 11:29:49,858 [INFO] IPUIPlugin:80 - create IPUIPlugin
2025-06-28 11:29:49,858 [INFO] IPUIPlugin:80 - create IPUIPlugin
2025-06-28 11:29:49,858 [INFO] IPUIPlugin:80 - create IPUIPlugin
2025-06-28 11:29:49,858 [INFO] IPUIPlugin:80 - create IPUIPlugin
2025-06-28 11:29:49,858 [INFO] IPUIPlugin:80 - create IPUIPlugin
2025-06-28 11:29:49,858 [INFO] IPUIPlugin:80 - create IPUIPlugin
2025-06-28 11:29:49,858 [INFO] IPUIPlugin:80 - create IPUIPlugin
2025-06-28 11:29:49,858 [INFO] IPUIPlugin:80 - create IPUIPlugin
2025-06-28 11:29:49,859 [INFO] IPUIPlugin:80 - create IPUIPlugin
2025-06-28 11:29:49,859 [INFO] IPUIPlugin:80 - create IPUIPlugin
2025-06-28 11:29:49,859 [INFO] IPUIPlugin:80 - create IPUIPlugin
2025-06-28 11:29:49,859 [INFO] IPUIPlugin:80 - create IPUIPlugin
2025-06-28 11:29:49,859 [INFO] IPUIPlugin:80 - create IPUIPlugin
2025-06-28 11:29:49,859 [INFO] IPUIPlugin:80 - create IPUIPlugin
2025-06-28 11:29:49,859 [INFO] IPUIPlugin:80 - create IPUIPlugin
2025-06-28 11:29:49,859 [INFO] IPUIPlugin:80 - create IPUIPlugin
2025-06-28 11:29:49,859 [INFO] IPUIPlugin:80 - create IPUIPlugin
2025-06-28 11:29:49,859 [INFO] IPUIPlugin:80 - create IPUIPlugin
2025-06-28 11:29:49,859 [INFO] IPUIPlugin:80 - create IPUIPlugin
2025-06-28 11:29:49,859 [INFO] IPUIPlugin:80 - create IPUIPlugin
2025-06-28 11:29:49,859 [INFO] IPUIPlugin:80 - create IPUIPlugin
2025-06-28 11:29:49,860 [INFO] IPUIPlugin:80 - create IPUIPlugin
2025-06-28 11:29:49,860 [INFO] IPUIPlugin:80 - create IPUIPlugin
2025-06-28 11:29:49,860 [INFO] IPUIPlugin:80 - create IPUIPlugin
2025-06-28 11:29:49,860 [INFO] IPUIPlugin:80 - create IPUIPlugin
2025-06-28 11:29:49,860 [INFO] IPUIPlugin:80 - create IPUIPlugin
2025-06-28 11:29:49,860 [INFO] IPUIPlugin:80 - create IPUIPlugin
2025-06-28 11:29:49,861 [INFO] IPUIPlugin:80 - create IPUIPlugin
2025-06-28 11:29:49,861 [INFO] IPUIPlugin:80 - create IPUIPlugin
2025-06-28 11:29:49,862 [INFO] IPUIPlugin:80 - create IPUIPlugin
2025-06-28 11:29:49,862 [INFO] IPUIPlugin:80 - create IPUIPlugin
2025-06-28 11:29:49,862 [INFO] IPUIPlugin:80 - create IPUIPlugin
2025-06-28 11:29:49,862 [INFO] IPUIPlugin:80 - create IPUIPlugin
2025-06-28 11:29:49,863 [INFO] IPUIPlugin:80 - create IPUIPlugin
2025-06-28 11:29:49,863 [INFO] IPUIPlugin:80 - create IPUIPlugin
2025-06-28 11:29:49,863 [INFO] IPUIPlugin:80 - create IPUIPlugin
2025-06-28 11:29:49,864 [INFO] IPUIPlugin:80 - create IPUIPlugin
2025-06-28 11:29:49,864 [INFO] IPUIPlugin:80 - create IPUIPlugin
2025-06-28 11:29:49,864 [INFO] IPUIPlugin:80 - create IPUIPlugin
2025-06-28 11:29:49,865 [INFO] IPUIPlugin:80 - create IPUIPlugin
2025-06-28 11:29:49,865 [INFO] IPUIPlugin:80 - create IPUIPlugin
2025-06-28 11:29:49,865 [INFO] IPUIPlugin:80 - create IPUIPlugin
2025-06-28 11:29:49,865 [INFO] IPUIPlugin:80 - create IPUIPlugin
2025-06-28 11:29:49,866 [INFO] IPUIPlugin:80 - create IPUIPlugin
2025-06-28 11:29:49,866 [INFO] IPUIPlugin:80 - create IPUIPlugin
2025-06-28 11:29:49,866 [INFO] IPUIPlugin:80 - create IPUIPlugin
2025-06-28 11:29:49,866 [INFO] IPUIPlugin:80 - create IPUIPlugin
2025-06-28 11:29:49,868 [INFO] IPUIPlugin:80 - create IPUIPlugin
2025-06-28 11:29:49,868 [INFO] IPUIPlugin:80 - create IPUIPlugin
2025-06-28 11:29:49,868 [INFO] IPUIPlugin:80 - create IPUIPlugin
2025-06-28 11:29:49,868 [INFO] IPUIPlugin:80 - create IPUIPlugin
2025-06-28 11:29:49,916 [INFO] CADModel:165 - CPN selected for project levelSTM32G474RET6
2025-06-28 11:29:49,916 [INFO] CADModel:114 - Register for checkConnection events
2025-06-28 11:29:49,970 [INFO] OpenFileManager:343 - Restore cursor
