2025-07-07 00:36:53,450 [INFO] LogOutputStream:77 - [STDOUT_REDIRECT] 
2025-07-07 00:36:55,451 [INFO] ProjectBuilder:4747 - Time for Generating toolchain IDE Files: 3313mS.
2025-07-07 00:36:55,452 [INFO] ProjectBuilder:2947 - Time for Copy CMSIS : 1mS.
2025-07-07 00:36:55,454 [INFO] ProjectBuilder:2947 - Time for Copy CMSIS : 0mS.
2025-07-07 00:44:26,252 [INFO] NvicIntPanel:101 - NVIC parent = com.st.microxplorer.plugins.ip.nvic.MultiNvicIntPanel[,0,0,0x0,invalid,layout=javax.swing.BoxLayout,alignmentX=0.0,alignmentY=0.0,border=,flags=9,maximumSize=,minimumSize=,preferredSize=]
2025-07-07 00:44:43,646 [INFO] ADCParametersView:116 -                Rank 1 : false
2025-07-07 00:44:43,648 [INFO] ADCParametersView:116 -                Rank 1 : false
2025-07-07 00:44:43,648 [INFO] ADCParametersView:116 -                Rank 1 : false
2025-07-07 00:44:43,648 [INFO] ADCParametersView:116 -                Rank 1 : false
2025-07-07 00:44:43,648 [INFO] ADCParametersView:116 -                Rank 1 : false
2025-07-07 00:44:43,648 [INFO] ADCParametersView:116 -                Rank 1 : false
2025-07-07 00:44:43,648 [INFO] ADCParametersView:116 -                Rank 1 : false
2025-07-07 00:44:43,648 [INFO] ADCParametersView:116 -                Rank 1 : false
2025-07-07 00:44:43,648 [INFO] ADCParametersView:116 -                Rank 1 : false
2025-07-07 00:44:43,648 [INFO] ADCParametersView:116 -                Rank 1 : false
2025-07-07 00:44:43,649 [INFO] ADCParametersView:116 -                Rank 1 : false
2025-07-07 00:44:43,649 [INFO] ADCParametersView:116 -                Rank 1 : false
2025-07-07 00:44:43,649 [INFO] ADCParametersView:116 -                Rank 1 : false
2025-07-07 00:44:43,649 [INFO] ADCParametersView:116 -                Rank 1 : false
2025-07-07 00:44:43,649 [INFO] ADCParametersView:116 -                Rank 1 : false
2025-07-07 00:44:43,649 [INFO] ADCParametersView:116 -                Rank 1 : false
2025-07-07 00:44:43,649 [INFO] ADCParametersView:116 -                Rank 1 : false
2025-07-07 00:44:43,649 [INFO] ADCParametersView:116 -                Rank 1 : false
2025-07-07 00:44:43,649 [INFO] ADCParametersView:116 -                Rank 1 : false
2025-07-07 00:44:43,649 [INFO] ADCParametersView:116 -                Rank 1 : false
2025-07-07 00:44:43,649 [INFO] ADCParametersView:116 -                Rank 1 : false
2025-07-07 00:44:43,667 [INFO] ADCParametersView:116 -                Rank 1 : false
2025-07-07 00:44:43,690 [INFO] ADCParametersView:116 -                Rank 1 : false
2025-07-07 00:44:43,692 [INFO] ADCParametersView:116 -                Rank 1 : false
2025-07-07 00:44:43,692 [INFO] ADCParametersView:116 -                Rank 1 : false
2025-07-07 00:44:43,692 [INFO] ADCParametersView:116 -                Rank 1 : false
2025-07-07 00:44:43,692 [INFO] ADCParametersView:116 -                Rank 1 : false
2025-07-07 00:44:43,692 [INFO] ADCParametersView:116 -                Rank 1 : false
2025-07-07 00:44:43,692 [INFO] ADCParametersView:116 -                Rank 1 : false
2025-07-07 00:44:43,693 [INFO] ADCParametersView:116 -                Rank 1 : false
2025-07-07 00:44:43,693 [INFO] ADCParametersView:116 -                Rank 1 : false
2025-07-07 00:44:43,693 [INFO] ADCParametersView:116 -                Rank 1 : false
2025-07-07 00:44:43,693 [INFO] ADCParametersView:116 -                Rank 1 : false
2025-07-07 00:44:43,693 [INFO] ADCParametersView:116 -                Rank 1 : false
2025-07-07 00:44:43,693 [INFO] ADCParametersView:116 -                Rank 1 : false
2025-07-07 00:44:43,693 [INFO] ADCParametersView:116 -                Rank 1 : false
2025-07-07 00:44:43,693 [INFO] ADCParametersView:116 -                Rank 1 : false
2025-07-07 00:44:43,693 [INFO] ADCParametersView:116 -                Rank 1 : false
2025-07-07 00:44:43,693 [INFO] ADCParametersView:116 -                Rank 1 : false
2025-07-07 00:44:43,693 [INFO] ADCParametersView:116 -                Rank 1 : false
2025-07-07 00:44:43,693 [INFO] ADCParametersView:116 -                Rank 1 : false
2025-07-07 00:44:43,693 [INFO] ADCParametersView:116 -                Rank 1 : false
2025-07-07 00:44:43,693 [INFO] ADCParametersView:116 -                Rank 1 : false
2025-07-07 00:44:43,704 [INFO] ADCParametersView:116 -                Rank 1 : false
2025-07-07 00:44:45,431 [INFO] NvicIntPanel:101 - NVIC parent = com.st.microxplorer.plugins.ip.nvic.MultiNvicIntPanel[,0,0,476x337,layout=javax.swing.BoxLayout,alignmentX=0.0,alignmentY=0.0,border=,flags=9,maximumSize=,minimumSize=,preferredSize=]
2025-07-07 00:44:48,553 [INFO] NvicIntPanel:101 - NVIC parent = com.st.microxplorer.plugins.ip.nvic.MultiNvicIntPanel[,0,0,0x0,invalid,layout=javax.swing.BoxLayout,alignmentX=0.0,alignmentY=0.0,border=,flags=9,maximumSize=,minimumSize=,preferredSize=]
2025-07-07 00:44:49,722 [INFO] UtilMem:75 - End SaveConfig() Used Memory: 592327552 Bytes (1000341504)
2025-07-07 00:44:49,799 [INFO] UtilMem:75 - End SaveConfig() Used Memory: 617493376 Bytes (1000341504)
2025-07-07 00:44:50,155 [INFO] UtilMem:75 - End SaveConfig() Used Memory: 659962752 Bytes (1000341504)
2025-07-07 00:44:50,319 [INFO] BlockDiagram:2759 - set Specific Code input for plugin: FMAC
2025-07-07 00:44:50,319 [INFO] BlockDiagram:2759 - set Specific Code input for plugin: DAC
2025-07-07 00:44:50,319 [INFO] BlockDiagram:2759 - set Specific Code input for plugin: TIM6_7G4
2025-07-07 00:44:50,319 [INFO] BlockDiagram:2759 - set Specific Code input for plugin: SYS
2025-07-07 00:44:50,319 [INFO] BlockDiagram:2759 - set Specific Code input for plugin: ADC
2025-07-07 00:44:50,319 [INFO] BlockDiagram:2759 - set Specific Code input for plugin: RCC
2025-07-07 00:44:50,319 [INFO] BlockDiagram:2759 - set Specific Code input for plugin: LPUART
2025-07-07 00:44:50,319 [INFO] BlockDiagram:2759 - set Specific Code input for plugin: NVIC
2025-07-07 00:44:50,319 [INFO] BlockDiagram:2759 - set Specific Code input for plugin: DMA
2025-07-07 00:44:50,320 [INFO] BlockDiagram:2759 - set Specific Code input for plugin: GPIO
2025-07-07 00:44:50,321 [INFO] CodeGenerator:807 - code generatio: config db path: D:\Program Files\STM32CubeIDE_1.14.1\STM32CubeIDE\plugins\com.st.stm32cube.common.mx_6.10.0.202311202037\\db\
2025-07-07 00:44:50,328 [INFO] Argument:325 - Argument : hdmavalue: null
2025-07-07 00:44:50,328 [INFO] Argument:327 - 	 sub Args: 
2025-07-07 00:44:50,328 [INFO] Argument:325 - Argument : Instancevalue: DMA1_Channel1
2025-07-07 00:44:50,328 [INFO] Argument:335 - Argument : Instancevalue: DMA1_Channel1
2025-07-07 00:44:50,328 [INFO] Argument:325 - Argument : Initvalue: null
2025-07-07 00:44:50,328 [INFO] Argument:327 - 	 sub Args: 
2025-07-07 00:44:50,328 [INFO] Argument:325 - Argument : Requestvalue: DMA_REQUEST_DAC1_CHANNEL1
2025-07-07 00:44:50,328 [INFO] Argument:335 - Argument : Requestvalue: DMA_REQUEST_DAC1_CHANNEL1
2025-07-07 00:44:50,328 [INFO] Argument:325 - Argument : Directionvalue: DMA_MEMORY_TO_PERIPH
2025-07-07 00:44:50,328 [INFO] Argument:335 - Argument : Directionvalue: DMA_MEMORY_TO_PERIPH
2025-07-07 00:44:50,328 [INFO] Argument:325 - Argument : PeriphIncvalue: DMA_PINC_DISABLE
2025-07-07 00:44:50,328 [INFO] Argument:335 - Argument : PeriphIncvalue: DMA_PINC_DISABLE
2025-07-07 00:44:50,328 [INFO] Argument:325 - Argument : MemIncvalue: DMA_MINC_ENABLE
2025-07-07 00:44:50,328 [INFO] Argument:335 - Argument : MemIncvalue: DMA_MINC_ENABLE
2025-07-07 00:44:50,328 [INFO] Argument:325 - Argument : PeriphDataAlignmentvalue: DMA_PDATAALIGN_HALFWORD
2025-07-07 00:44:50,328 [INFO] Argument:335 - Argument : PeriphDataAlignmentvalue: DMA_PDATAALIGN_HALFWORD
2025-07-07 00:44:50,328 [INFO] Argument:325 - Argument : MemDataAlignmentvalue: DMA_MDATAALIGN_HALFWORD
2025-07-07 00:44:50,328 [INFO] Argument:335 - Argument : MemDataAlignmentvalue: DMA_MDATAALIGN_HALFWORD
2025-07-07 00:44:50,328 [INFO] Argument:325 - Argument : Modevalue: DMA_CIRCULAR
2025-07-07 00:44:50,328 [INFO] Argument:335 - Argument : Modevalue: DMA_CIRCULAR
2025-07-07 00:44:50,328 [INFO] Argument:325 - Argument : Priorityvalue: DMA_PRIORITY_LOW
2025-07-07 00:44:50,328 [INFO] Argument:335 - Argument : Priorityvalue: DMA_PRIORITY_LOW
2025-07-07 00:44:50,328 [INFO] Argument:325 - Argument : Lockvalue: null
2025-07-07 00:44:50,328 [INFO] Argument:335 - Argument : Lockvalue: null
2025-07-07 00:44:50,328 [INFO] Argument:325 - Argument : Statevalue: null
2025-07-07 00:44:50,328 [INFO] Argument:335 - Argument : Statevalue: null
2025-07-07 00:44:50,328 [INFO] Argument:325 - Argument : Parentvalue: null
2025-07-07 00:44:50,328 [INFO] Argument:335 - Argument : Parentvalue: null
2025-07-07 00:44:50,328 [INFO] Argument:325 - Argument : XferCpltCallbackvalue: null
2025-07-07 00:44:50,328 [INFO] Argument:335 - Argument : XferCpltCallbackvalue: null
2025-07-07 00:44:50,328 [INFO] Argument:325 - Argument : XferHalfCpltCallbackvalue: null
2025-07-07 00:44:50,328 [INFO] Argument:335 - Argument : XferHalfCpltCallbackvalue: null
2025-07-07 00:44:50,328 [INFO] Argument:325 - Argument : XferErrorCallbackvalue: null
2025-07-07 00:44:50,328 [INFO] Argument:335 - Argument : XferErrorCallbackvalue: null
2025-07-07 00:44:50,328 [INFO] Argument:325 - Argument : XferAbortCallbackvalue: null
2025-07-07 00:44:50,328 [INFO] Argument:335 - Argument : XferAbortCallbackvalue: null
2025-07-07 00:44:50,328 [INFO] Argument:325 - Argument : ErrorCodevalue: null
2025-07-07 00:44:50,328 [INFO] Argument:335 - Argument : ErrorCodevalue: null
2025-07-07 00:44:50,328 [INFO] Argument:325 - Argument : ChannelIndexvalue: null
2025-07-07 00:44:50,328 [INFO] Argument:335 - Argument : ChannelIndexvalue: null
2025-07-07 00:44:50,328 [INFO] Argument:325 - Argument : DMAmuxChannelvalue: null
2025-07-07 00:44:50,329 [INFO] Argument:335 - Argument : DMAmuxChannelvalue: null
2025-07-07 00:44:50,329 [INFO] Argument:325 - Argument : DMAmuxChannelStatusvalue: null
2025-07-07 00:44:50,329 [INFO] Argument:335 - Argument : DMAmuxChannelStatusvalue: null
2025-07-07 00:44:50,329 [INFO] Argument:325 - Argument : DMAmuxChannelStatusMaskvalue: null
2025-07-07 00:44:50,329 [INFO] Argument:335 - Argument : DMAmuxChannelStatusMaskvalue: null
2025-07-07 00:44:50,329 [INFO] Argument:325 - Argument : DMAmuxRequestGenvalue: null
2025-07-07 00:44:50,329 [INFO] Argument:335 - Argument : DMAmuxRequestGenvalue: null
2025-07-07 00:44:50,329 [INFO] Argument:325 - Argument : DMAmuxRequestGenStatusvalue: null
2025-07-07 00:44:50,329 [INFO] Argument:335 - Argument : DMAmuxRequestGenStatusvalue: null
2025-07-07 00:44:50,329 [INFO] Argument:325 - Argument : DMAmuxRequestGenStatusMaskvalue: null
2025-07-07 00:44:50,329 [INFO] Argument:335 - Argument : DMAmuxRequestGenStatusMaskvalue: null
2025-07-07 00:44:50,331 [INFO] Argument:325 - Argument : hdmavalue: null
2025-07-07 00:44:50,332 [INFO] Argument:327 - 	 sub Args: 
2025-07-07 00:44:50,332 [INFO] Argument:325 - Argument : Instancevalue: DMA1_Channel2
2025-07-07 00:44:50,332 [INFO] Argument:335 - Argument : Instancevalue: DMA1_Channel2
2025-07-07 00:44:50,332 [INFO] Argument:325 - Argument : Initvalue: null
2025-07-07 00:44:50,332 [INFO] Argument:327 - 	 sub Args: 
2025-07-07 00:44:50,332 [INFO] Argument:325 - Argument : Requestvalue: DMA_REQUEST_FMAC_READ
2025-07-07 00:44:50,332 [INFO] Argument:335 - Argument : Requestvalue: DMA_REQUEST_FMAC_READ
2025-07-07 00:44:50,332 [INFO] Argument:325 - Argument : Directionvalue: DMA_PERIPH_TO_MEMORY
2025-07-07 00:44:50,332 [INFO] Argument:335 - Argument : Directionvalue: DMA_PERIPH_TO_MEMORY
2025-07-07 00:44:50,332 [INFO] Argument:325 - Argument : PeriphIncvalue: DMA_PINC_DISABLE
2025-07-07 00:44:50,332 [INFO] Argument:335 - Argument : PeriphIncvalue: DMA_PINC_DISABLE
2025-07-07 00:44:50,332 [INFO] Argument:325 - Argument : MemIncvalue: DMA_MINC_ENABLE
2025-07-07 00:44:50,332 [INFO] Argument:335 - Argument : MemIncvalue: DMA_MINC_ENABLE
2025-07-07 00:44:50,332 [INFO] Argument:325 - Argument : PeriphDataAlignmentvalue: DMA_PDATAALIGN_WORD
2025-07-07 00:44:50,332 [INFO] Argument:335 - Argument : PeriphDataAlignmentvalue: DMA_PDATAALIGN_WORD
2025-07-07 00:44:50,332 [INFO] Argument:325 - Argument : MemDataAlignmentvalue: DMA_MDATAALIGN_WORD
2025-07-07 00:44:50,332 [INFO] Argument:335 - Argument : MemDataAlignmentvalue: DMA_MDATAALIGN_WORD
2025-07-07 00:44:50,332 [INFO] Argument:325 - Argument : Modevalue: DMA_NORMAL
2025-07-07 00:44:50,332 [INFO] Argument:335 - Argument : Modevalue: DMA_NORMAL
2025-07-07 00:44:50,332 [INFO] Argument:325 - Argument : Priorityvalue: DMA_PRIORITY_LOW
2025-07-07 00:44:50,332 [INFO] Argument:335 - Argument : Priorityvalue: DMA_PRIORITY_LOW
2025-07-07 00:44:50,332 [INFO] Argument:325 - Argument : Lockvalue: null
2025-07-07 00:44:50,332 [INFO] Argument:335 - Argument : Lockvalue: null
2025-07-07 00:44:50,332 [INFO] Argument:325 - Argument : Statevalue: null
2025-07-07 00:44:50,332 [INFO] Argument:335 - Argument : Statevalue: null
2025-07-07 00:44:50,332 [INFO] Argument:325 - Argument : Parentvalue: null
2025-07-07 00:44:50,332 [INFO] Argument:335 - Argument : Parentvalue: null
2025-07-07 00:44:50,332 [INFO] Argument:325 - Argument : XferCpltCallbackvalue: null
2025-07-07 00:44:50,332 [INFO] Argument:335 - Argument : XferCpltCallbackvalue: null
2025-07-07 00:44:50,332 [INFO] Argument:325 - Argument : XferHalfCpltCallbackvalue: null
2025-07-07 00:44:50,332 [INFO] Argument:335 - Argument : XferHalfCpltCallbackvalue: null
2025-07-07 00:44:50,332 [INFO] Argument:325 - Argument : XferErrorCallbackvalue: null
2025-07-07 00:44:50,332 [INFO] Argument:335 - Argument : XferErrorCallbackvalue: null
2025-07-07 00:44:50,332 [INFO] Argument:325 - Argument : XferAbortCallbackvalue: null
2025-07-07 00:44:50,332 [INFO] Argument:335 - Argument : XferAbortCallbackvalue: null
2025-07-07 00:44:50,332 [INFO] Argument:325 - Argument : ErrorCodevalue: null
2025-07-07 00:44:50,332 [INFO] Argument:335 - Argument : ErrorCodevalue: null
2025-07-07 00:44:50,332 [INFO] Argument:325 - Argument : ChannelIndexvalue: null
2025-07-07 00:44:50,332 [INFO] Argument:335 - Argument : ChannelIndexvalue: null
2025-07-07 00:44:50,332 [INFO] Argument:325 - Argument : DMAmuxChannelvalue: null
2025-07-07 00:44:50,332 [INFO] Argument:335 - Argument : DMAmuxChannelvalue: null
2025-07-07 00:44:50,332 [INFO] Argument:325 - Argument : DMAmuxChannelStatusvalue: null
2025-07-07 00:44:50,332 [INFO] Argument:335 - Argument : DMAmuxChannelStatusvalue: null
2025-07-07 00:44:50,332 [INFO] Argument:325 - Argument : DMAmuxChannelStatusMaskvalue: null
2025-07-07 00:44:50,332 [INFO] Argument:335 - Argument : DMAmuxChannelStatusMaskvalue: null
2025-07-07 00:44:50,332 [INFO] Argument:325 - Argument : DMAmuxRequestGenvalue: null
2025-07-07 00:44:50,332 [INFO] Argument:335 - Argument : DMAmuxRequestGenvalue: null
2025-07-07 00:44:50,332 [INFO] Argument:325 - Argument : DMAmuxRequestGenStatusvalue: null
2025-07-07 00:44:50,332 [INFO] Argument:335 - Argument : DMAmuxRequestGenStatusvalue: null
2025-07-07 00:44:50,332 [INFO] Argument:325 - Argument : DMAmuxRequestGenStatusMaskvalue: null
2025-07-07 00:44:50,332 [INFO] Argument:335 - Argument : DMAmuxRequestGenStatusMaskvalue: null
2025-07-07 00:44:50,333 [INFO] Argument:325 - Argument : hdmavalue: null
2025-07-07 00:44:50,333 [INFO] Argument:327 - 	 sub Args: 
2025-07-07 00:44:50,333 [INFO] Argument:325 - Argument : Instancevalue: DMA1_Channel3
2025-07-07 00:44:50,333 [INFO] Argument:335 - Argument : Instancevalue: DMA1_Channel3
2025-07-07 00:44:50,333 [INFO] Argument:325 - Argument : Initvalue: null
2025-07-07 00:44:50,333 [INFO] Argument:327 - 	 sub Args: 
2025-07-07 00:44:50,333 [INFO] Argument:325 - Argument : Requestvalue: DMA_REQUEST_FMAC_WRITE
2025-07-07 00:44:50,333 [INFO] Argument:335 - Argument : Requestvalue: DMA_REQUEST_FMAC_WRITE
2025-07-07 00:44:50,333 [INFO] Argument:325 - Argument : Directionvalue: DMA_MEMORY_TO_PERIPH
2025-07-07 00:44:50,333 [INFO] Argument:335 - Argument : Directionvalue: DMA_MEMORY_TO_PERIPH
2025-07-07 00:44:50,333 [INFO] Argument:325 - Argument : PeriphIncvalue: DMA_PINC_DISABLE
2025-07-07 00:44:50,333 [INFO] Argument:335 - Argument : PeriphIncvalue: DMA_PINC_DISABLE
2025-07-07 00:44:50,333 [INFO] Argument:325 - Argument : MemIncvalue: DMA_MINC_ENABLE
2025-07-07 00:44:50,333 [INFO] Argument:335 - Argument : MemIncvalue: DMA_MINC_ENABLE
2025-07-07 00:44:50,333 [INFO] Argument:325 - Argument : PeriphDataAlignmentvalue: DMA_PDATAALIGN_WORD
2025-07-07 00:44:50,333 [INFO] Argument:335 - Argument : PeriphDataAlignmentvalue: DMA_PDATAALIGN_WORD
2025-07-07 00:44:50,333 [INFO] Argument:325 - Argument : MemDataAlignmentvalue: DMA_MDATAALIGN_HALFWORD
2025-07-07 00:44:50,333 [INFO] Argument:335 - Argument : MemDataAlignmentvalue: DMA_MDATAALIGN_HALFWORD
2025-07-07 00:44:50,333 [INFO] Argument:325 - Argument : Modevalue: DMA_CIRCULAR
2025-07-07 00:44:50,333 [INFO] Argument:335 - Argument : Modevalue: DMA_CIRCULAR
2025-07-07 00:44:50,333 [INFO] Argument:325 - Argument : Priorityvalue: DMA_PRIORITY_LOW
2025-07-07 00:44:50,333 [INFO] Argument:335 - Argument : Priorityvalue: DMA_PRIORITY_LOW
2025-07-07 00:44:50,334 [INFO] Argument:325 - Argument : Lockvalue: null
2025-07-07 00:44:50,334 [INFO] Argument:335 - Argument : Lockvalue: null
2025-07-07 00:44:50,334 [INFO] Argument:325 - Argument : Statevalue: null
2025-07-07 00:44:50,334 [INFO] Argument:335 - Argument : Statevalue: null
2025-07-07 00:44:50,334 [INFO] Argument:325 - Argument : Parentvalue: null
2025-07-07 00:44:50,334 [INFO] Argument:335 - Argument : Parentvalue: null
2025-07-07 00:44:50,334 [INFO] Argument:325 - Argument : XferCpltCallbackvalue: null
2025-07-07 00:44:50,334 [INFO] Argument:335 - Argument : XferCpltCallbackvalue: null
2025-07-07 00:44:50,334 [INFO] Argument:325 - Argument : XferHalfCpltCallbackvalue: null
2025-07-07 00:44:50,334 [INFO] Argument:335 - Argument : XferHalfCpltCallbackvalue: null
2025-07-07 00:44:50,334 [INFO] Argument:325 - Argument : XferErrorCallbackvalue: null
2025-07-07 00:44:50,334 [INFO] Argument:335 - Argument : XferErrorCallbackvalue: null
2025-07-07 00:44:50,334 [INFO] Argument:325 - Argument : XferAbortCallbackvalue: null
2025-07-07 00:44:50,334 [INFO] Argument:335 - Argument : XferAbortCallbackvalue: null
2025-07-07 00:44:50,334 [INFO] Argument:325 - Argument : ErrorCodevalue: null
2025-07-07 00:44:50,334 [INFO] Argument:335 - Argument : ErrorCodevalue: null
2025-07-07 00:44:50,334 [INFO] Argument:325 - Argument : ChannelIndexvalue: null
2025-07-07 00:44:50,334 [INFO] Argument:335 - Argument : ChannelIndexvalue: null
2025-07-07 00:44:50,334 [INFO] Argument:325 - Argument : DMAmuxChannelvalue: null
2025-07-07 00:44:50,334 [INFO] Argument:335 - Argument : DMAmuxChannelvalue: null
2025-07-07 00:44:50,334 [INFO] Argument:325 - Argument : DMAmuxChannelStatusvalue: null
2025-07-07 00:44:50,334 [INFO] Argument:335 - Argument : DMAmuxChannelStatusvalue: null
2025-07-07 00:44:50,334 [INFO] Argument:325 - Argument : DMAmuxChannelStatusMaskvalue: null
2025-07-07 00:44:50,334 [INFO] Argument:335 - Argument : DMAmuxChannelStatusMaskvalue: null
2025-07-07 00:44:50,334 [INFO] Argument:325 - Argument : DMAmuxRequestGenvalue: null
2025-07-07 00:44:50,334 [INFO] Argument:335 - Argument : DMAmuxRequestGenvalue: null
2025-07-07 00:44:50,334 [INFO] Argument:325 - Argument : DMAmuxRequestGenStatusvalue: null
2025-07-07 00:44:50,334 [INFO] Argument:335 - Argument : DMAmuxRequestGenStatusvalue: null
2025-07-07 00:44:50,334 [INFO] Argument:325 - Argument : DMAmuxRequestGenStatusMaskvalue: null
2025-07-07 00:44:50,334 [INFO] Argument:335 - Argument : DMAmuxRequestGenStatusMaskvalue: null
2025-07-07 00:44:50,505 [INFO] CodeEngine:255 - oldGeneratedFile, D:\STM32G4\Benchmarking-STM32G4-Accelerators\BenchmarkingAccelerators\MXTmpFiles\license.tmp_save
2025-07-07 00:44:50,595 [INFO] CodeEngine:279 - Generated code: D:\STM32G4\Benchmarking-STM32G4-Accelerators\BenchmarkingAccelerators\MXTmpFiles\license.tmp
2025-07-07 00:44:50,633 [INFO] CodeEngine:255 - oldGeneratedFile, D:\STM32G4\Benchmarking-STM32G4-Accelerators\BenchmarkingAccelerators\MXTmpFiles\gpio.tmp_save
2025-07-07 00:44:50,745 [INFO] CodeEngine:279 - Generated code: D:\STM32G4\Benchmarking-STM32G4-Accelerators\BenchmarkingAccelerators\MXTmpFiles\gpio.tmp
2025-07-07 00:44:51,278 [INFO] CodeEngine:255 - oldGeneratedFile, D:\STM32G4\Benchmarking-STM32G4-Accelerators\BenchmarkingAccelerators\MXTmpFiles\dma.tmp_save
2025-07-07 00:44:51,342 [INFO] CodeEngine:279 - Generated code: D:\STM32G4\Benchmarking-STM32G4-Accelerators\BenchmarkingAccelerators\MXTmpFiles\dma.tmp
2025-07-07 00:44:51,346 [INFO] CodeEngine:255 - oldGeneratedFile, D:\STM32G4\Benchmarking-STM32G4-Accelerators\BenchmarkingAccelerators\MXTmpFiles\dma_GV.tmp_save
2025-07-07 00:44:51,389 [INFO] CodeEngine:279 - Generated code: D:\STM32G4\Benchmarking-STM32G4-Accelerators\BenchmarkingAccelerators\MXTmpFiles\dma_GV.tmp
2025-07-07 00:44:51,421 [INFO] CodeEngine:255 - oldGeneratedFile, D:\STM32G4\Benchmarking-STM32G4-Accelerators\BenchmarkingAccelerators\Core\Src\stm32g4xx_it.c_save
2025-07-07 00:44:51,534 [INFO] CodeEngine:279 - Generated code: D:\STM32G4\Benchmarking-STM32G4-Accelerators\BenchmarkingAccelerators\Core\Src\stm32g4xx_it.c
2025-07-07 00:44:51,549 [INFO] CodeEngine:255 - oldGeneratedFile, D:\STM32G4\Benchmarking-STM32G4-Accelerators\BenchmarkingAccelerators\Core\Inc\stm32g4xx_it.h_save
2025-07-07 00:44:51,621 [INFO] CodeEngine:279 - Generated code: D:\STM32G4\Benchmarking-STM32G4-Accelerators\BenchmarkingAccelerators\Core\Inc\stm32g4xx_it.h
2025-07-07 00:44:51,655 [INFO] CodeEngine:255 - oldGeneratedFile, D:\STM32G4\Benchmarking-STM32G4-Accelerators\BenchmarkingAccelerators\Core\Src\stm32g4xx_hal_msp.c_save
2025-07-07 00:44:51,768 [INFO] CodeEngine:279 - Generated code: D:\STM32G4\Benchmarking-STM32G4-Accelerators\BenchmarkingAccelerators\Core\Src\stm32g4xx_hal_msp.c
2025-07-07 00:44:51,783 [INFO] CodeEngine:255 - oldGeneratedFile, D:\STM32G4\Benchmarking-STM32G4-Accelerators\BenchmarkingAccelerators\MXTmpFiles\system.tmp_save
2025-07-07 00:44:51,827 [INFO] CodeEngine:279 - Generated code: D:\STM32G4\Benchmarking-STM32G4-Accelerators\BenchmarkingAccelerators\MXTmpFiles\system.tmp
2025-07-07 00:44:51,850 [INFO] CodeEngine:311 - oldGeneratedFile, D:\STM32G4\Benchmarking-STM32G4-Accelerators\BenchmarkingAccelerators\Core\Inc\stm32g4xx_hal_conf.h_save
2025-07-07 00:44:51,943 [INFO] CodeEngine:335 - Generated code: D:\STM32G4\Benchmarking-STM32G4-Accelerators\BenchmarkingAccelerators\Core\Inc\stm32g4xx_hal_conf.h
2025-07-07 00:44:51,967 [WARN] IPConfigManager:2946 - Warning: the RefConfig RCC_CommonPeriphClockConfig is not available in your config.xml file
2025-07-07 00:44:51,969 [WARN] IPConfigManager:3440 - IP not found : TIM
2025-07-07 00:44:51,969 [WARN] CodeGenerator:3939 - IP not found : null
2025-07-07 00:44:51,992 [INFO] CodeEngine:255 - oldGeneratedFile, D:\STM32G4\Benchmarking-STM32G4-Accelerators\BenchmarkingAccelerators\Core\Inc\main.h_save
2025-07-07 00:44:52,055 [INFO] CodeEngine:279 - Generated code: D:\STM32G4\Benchmarking-STM32G4-Accelerators\BenchmarkingAccelerators\Core\Inc\main.h
2025-07-07 00:44:52,071 [INFO] CodeEngine:255 - oldGeneratedFile, D:\STM32G4\Benchmarking-STM32G4-Accelerators\BenchmarkingAccelerators\Core\Src\main.c_save
2025-07-07 00:44:52,183 [INFO] CodeEngine:279 - Generated code: D:\STM32G4\Benchmarking-STM32G4-Accelerators\BenchmarkingAccelerators\Core\Src\main.c
2025-07-07 00:44:52,516 [ERROR] ProjectBuilder:6568 - Problem during Copy of File LICENSE.txt
2025-07-07 00:44:52,519 [ERROR] ProjectBuilder:6568 - Problem during Copy of File LICENSE.txt
2025-07-07 00:44:52,646 [INFO] ProjectBuilder:3076 - Time for Copy HAL[1] : 206mS.
2025-07-07 00:44:52,649 [INFO] ProjectBuilder:4485 - Project Generator version: 4.2.0-B44
2025-07-07 00:44:52,774 [INFO] ConfigFileManager:1495 - The Die is : DIE469
2025-07-07 00:44:54,248 [INFO] ProjectBuilder:4747 - Time for Generating toolchain IDE Files: 1599mS.
2025-07-07 00:44:54,249 [INFO] ProjectBuilder:2947 - Time for Copy CMSIS : 1mS.
2025-07-07 00:44:54,253 [INFO] ProjectBuilder:2947 - Time for Copy CMSIS : 0mS.
2025-07-07 02:49:05,311 [ERROR] LogOutputStream:75 - [STDERR_REDIRECT] 
2025-07-07 11:56:19,966 [INFO] Activator:176 - 


2025-07-07 11:56:19,966 [INFO] Activator:177 - !SESSION log4j initialized
2025-07-07 11:56:24,983 [INFO] LogOutputStream:77 - [STDOUT_REDIRECT] 
2025-07-07 11:56:27,274 [INFO] ApplicationProperties:184 - Using Application install path: D:\Program Files\STM32CubeIDE_1.14.1\STM32CubeIDE\plugins\com.st.stm32cube.common.mx_6.10.0.202311202037
2025-07-07 11:56:27,293 [INFO] DbMcusXml:78 - Set database path to: D:\Program Files\STM32CubeIDE_1.14.1\STM32CubeIDE\plugins\com.st.stm32cube.common.mx_6.10.0.202311202037\\db\/mcu/
2025-07-07 11:56:27,294 [INFO] ApiDb:274 - Set plugin database path to: D:\Program Files\STM32CubeIDE_1.14.1\STM32CubeIDE\plugins\com.st.stm32cube.common.mx_6.10.0.202311202037\\db\/plugins/boardmanager/
2025-07-07 11:56:27,294 [WARN] ApiDb:259 - Overriding images path with different value:  => D:\Program Files\STM32CubeIDE_1.14.1\STM32CubeIDE\plugins\com.st.stm32cube.common.mx_6.10.0.202311202037\\db\/plugins/mcufinder/images/
2025-07-07 11:56:27,300 [INFO] ApiDb:250 - Set database path to: C:\Users\abhim\.stmcufinder\plugins\mcufinder//mcu/
2025-07-07 11:56:27,301 [INFO] DbMcusAds:125 - Set database path to: C:\Users\abhim\.stmcufinder\plugins\mcufinder//mcu/
2025-07-07 11:56:27,303 [INFO] CrossReferenceDbSqlite:203 - Set database path to: C:\Users\abhim\.stmcufinder\plugins\mcufinder//mcu/cs/
2025-07-07 11:56:27,418 [INFO] RulesReader:64 - Compatibility file has been processed (297 Rules)
2025-07-07 11:56:27,501 [INFO] DbMcusXml:78 - Set database path to: D:\Program Files\STM32CubeIDE_1.14.1\STM32CubeIDE\plugins\com.st.stm32cube.common.mx_6.10.0.202311202037\\db\/mcu/
2025-07-07 11:56:27,502 [INFO] ApiDb:274 - Set plugin database path to: D:\Program Files\STM32CubeIDE_1.14.1\STM32CubeIDE\plugins\com.st.stm32cube.common.mx_6.10.0.202311202037\\db\/plugins/boardmanager/
2025-07-07 11:56:27,502 [INFO] ApiDb:261 - Set plugin images path to: D:\Program Files\STM32CubeIDE_1.14.1\STM32CubeIDE\plugins\com.st.stm32cube.common.mx_6.10.0.202311202037\\db\/plugins/mcufinder/images/
2025-07-07 11:56:27,502 [WARN] DbFile:41 - Overriding database path with different value: C:\Users\abhim\.stmcufinder\plugins\mcufinder/ => C:\Users\abhim\.stmcufinder\plugins\mcufinder
2025-07-07 11:56:27,502 [INFO] ApiDb:250 - Set database path to: C:\Users\abhim\.stmcufinder\plugins\mcufinder//mcu/
2025-07-07 11:56:27,502 [WARN] DbFile:41 - Overriding database path with different value: C:\Users\abhim\.stmcufinder\plugins\mcufinder/ => C:\Users\abhim\.stmcufinder\plugins\mcufinder
2025-07-07 11:56:27,502 [INFO] DbMcusAds:125 - Set database path to: C:\Users\abhim\.stmcufinder\plugins\mcufinder//mcu/
2025-07-07 11:56:27,502 [WARN] DbFile:41 - Overriding database path with different value: C:\Users\abhim\.stmcufinder\plugins\mcufinder/ => C:\Users\abhim\.stmcufinder\plugins\mcufinder
2025-07-07 11:56:27,502 [WARN] DbFile:41 - Overriding database path with different value: C:\Users\abhim\.stmcufinder\plugins\mcufinder/ => C:\Users\abhim\.stmcufinder\plugins\mcufinder
2025-07-07 11:56:27,502 [INFO] CrossReferenceDbSqlite:203 - Set database path to: C:\Users\abhim\.stmcufinder\plugins\mcufinder//mcu/cs/
2025-07-07 11:56:27,578 [INFO] MainPanel:264 - HeapMemory: 268435456
2025-07-07 11:56:27,665 [INFO] DbMcusXml:78 - Set database path to: D:\Program Files\STM32CubeIDE_1.14.1\STM32CubeIDE\plugins\com.st.stm32cube.common.mx_6.10.0.202311202037\\db\/mcu/
2025-07-07 11:56:27,666 [INFO] ApiDb:274 - Set plugin database path to: D:\Program Files\STM32CubeIDE_1.14.1\STM32CubeIDE\plugins\com.st.stm32cube.common.mx_6.10.0.202311202037\\db\/plugins/boardmanager/
2025-07-07 11:56:27,666 [INFO] ApiDb:261 - Set plugin images path to: D:\Program Files\STM32CubeIDE_1.14.1\STM32CubeIDE\plugins\com.st.stm32cube.common.mx_6.10.0.202311202037\\db\/plugins/mcufinder/images/
2025-07-07 11:56:27,666 [WARN] DbFile:41 - Overriding database path with different value: C:\Users\abhim\.stmcufinder\plugins\mcufinder/ => C:\Users\abhim\.stmcufinder\plugins\mcufinder
2025-07-07 11:56:27,666 [INFO] ApiDb:250 - Set database path to: C:\Users\abhim\.stmcufinder\plugins\mcufinder//mcu/
2025-07-07 11:56:27,666 [WARN] DbFile:41 - Overriding database path with different value: C:\Users\abhim\.stmcufinder\plugins\mcufinder/ => C:\Users\abhim\.stmcufinder\plugins\mcufinder
2025-07-07 11:56:27,666 [INFO] DbMcusAds:125 - Set database path to: C:\Users\abhim\.stmcufinder\plugins\mcufinder//mcu/
2025-07-07 11:56:27,666 [WARN] DbFile:41 - Overriding database path with different value: C:\Users\abhim\.stmcufinder\plugins\mcufinder/ => C:\Users\abhim\.stmcufinder\plugins\mcufinder
2025-07-07 11:56:27,666 [WARN] DbFile:41 - Overriding database path with different value: C:\Users\abhim\.stmcufinder\plugins\mcufinder/ => C:\Users\abhim\.stmcufinder\plugins\mcufinder
2025-07-07 11:56:27,666 [INFO] CrossReferenceDbSqlite:203 - Set database path to: C:\Users\abhim\.stmcufinder\plugins\mcufinder//mcu/cs/
2025-07-07 11:56:27,683 [INFO] ApplicationProperties:184 - Using Application install path: D:\Program Files\STM32CubeIDE_1.14.1\STM32CubeIDE\plugins\com.st.stm32cube.common.mx_6.10.0.202311202037
2025-07-07 11:56:27,685 [INFO] PluginManage:196 - Search for loadable plugins [exclusion list=, ]
2025-07-07 11:56:27,686 [INFO] PluginManage:310 - Check plugin analytics
2025-07-07 11:56:27,852 [INFO] AnalyticsPlugin:253 - Accepted Software Licenses: 
2025-07-07 11:56:27,853 [INFO] AnalyticsPlugin:255 - Accepted CMSIS Pack Licenses: 
2025-07-07 11:56:27,853 [INFO] AnalyticsPlugin:257 - Accepted Firmware Licenses: FW.G4.1.5.0
2025-07-07 11:56:27,855 [INFO] PluginManage:359 - Loaded plugin analytics (category:tool,tabindex:-1)
2025-07-07 11:56:27,855 [INFO] PluginManage:310 - Check plugin cadmodel
2025-07-07 11:56:27,875 [INFO] CADModel:105 - Init CAD model plugin
2025-07-07 11:56:27,875 [INFO] PluginManage:359 - Loaded plugin cadmodel (category:power,tabindex:5)
2025-07-07 11:56:27,875 [INFO] PluginManage:310 - Check plugin clock
2025-07-07 11:56:27,900 [INFO] PluginManage:359 - Loaded plugin clock (category:base,tabindex:2)
2025-07-07 11:56:27,900 [INFO] PluginManage:310 - Check plugin ddr
2025-07-07 11:56:27,902 [INFO] PluginManage:359 - Loaded plugin ddr (category:tool,tabindex:6)
2025-07-07 11:56:27,903 [INFO] PluginManage:310 - Check plugin filemanager
2025-07-07 11:56:28,059 [INFO] PluginManage:359 - Loaded plugin filemanager (category:base,tabindex:10)
2025-07-07 11:56:28,059 [INFO] PluginManage:310 - Check plugin ipmanager
2025-07-07 11:56:28,066 [INFO] PluginManage:359 - Loaded plugin ipmanager (category:base,tabindex:5)
2025-07-07 11:56:28,066 [INFO] PluginManage:310 - Check plugin lpbam
2025-07-07 11:56:28,085 [INFO] PluginManage:359 - Loaded plugin lpbam (category:base,tabindex:0)
2025-07-07 11:56:28,085 [INFO] PluginManage:310 - Check plugin memorymap
2025-07-07 11:56:28,110 [INFO] PluginManage:359 - Loaded plugin memorymap (category:base,tabindex:4)
2025-07-07 11:56:28,110 [INFO] PluginManage:310 - Check plugin pinoutandconfiguration
2025-07-07 11:56:28,127 [INFO] PluginManage:359 - Loaded plugin pinoutandconfiguration (category:base,tabindex:1)
2025-07-07 11:56:28,128 [INFO] PluginManage:310 - Check plugin pinoutconfig
2025-07-07 11:56:28,216 [WARN] SupportedApi:132 - Cannot load RTOS API schema: s4s-elt-must-match.1: The content of 'definitions' must match (annotation?, (simpleType | complexType)?, (unique | key | keyref)*)). A problem was found starting at: attribute.
2025-07-07 11:56:28,361 [INFO] PluginManage:359 - Loaded plugin pinoutconfig (category:base,tabindex:0)
2025-07-07 11:56:28,362 [INFO] PluginManage:310 - Check plugin power
2025-07-07 11:56:28,383 [INFO] PluginManage:359 - Loaded plugin power (category:power,tabindex:4)
2025-07-07 11:56:28,383 [INFO] PluginManage:310 - Check plugin projectmanager
2025-07-07 11:56:28,396 [INFO] PluginManage:359 - Loaded plugin projectmanager (category:projectmanager,tabindex:3)
2025-07-07 11:56:28,396 [INFO] PluginManage:310 - Check plugin thirdparty
2025-07-07 11:56:28,666 [INFO] PluginManage:359 - Loaded plugin thirdparty (category:base,tabindex:-1)
2025-07-07 11:56:28,666 [INFO] PluginManage:310 - Check plugin tools
2025-07-07 11:56:28,666 [WARN] IntegrityCheckThread:84 - waiting for thirdparty lock release [integrity check]
2025-07-07 11:56:28,666 [INFO] IntegrityCheckThread:86 - entering critical section [integrity check]
2025-07-07 11:56:28,666 [INFO] ThirdPartyUpdaterWithRetryManager:70 - Updater plugin not ready yet. [1/15]
2025-07-07 11:56:28,704 [INFO] PluginManage:359 - Loaded plugin tools (category:base,tabindex:7)
2025-07-07 11:56:28,704 [INFO] PluginManage:310 - Check plugin tutovideos
2025-07-07 11:56:28,867 [INFO] PluginManage:359 - Loaded plugin tutovideos (category:base,tabindex:-1)
2025-07-07 11:56:28,868 [INFO] PluginManage:310 - Check plugin updater
2025-07-07 11:56:28,877 [INFO] PluginManage:359 - Loaded plugin updater (category:base,tabindex:12)
2025-07-07 11:56:28,877 [INFO] PluginManage:310 - Check plugin userauth
2025-07-07 11:56:28,882 [INFO] UserAuth:114 - Init User Auth plugin
2025-07-07 11:56:28,883 [INFO] PluginManage:359 - Loaded plugin userauth (category:base,tabindex:14)
2025-07-07 11:56:28,883 [INFO] PluginManage:283 - PluginManage : Loaded plugins [17]
2025-07-07 11:56:29,056 [INFO] PinOutPanel:1499 - setPackage(No Configuration,No Configuration)
2025-07-07 11:56:29,117 [INFO] CADModel:165 - CPN selected for project level
2025-07-07 11:56:29,117 [INFO] CADModel:114 - Register for checkConnection events
2025-07-07 11:56:29,141 [INFO] IPUIPlugin:80 - create IPUIPlugin
2025-07-07 11:56:29,141 [INFO] PluginManager:220 - loadIPPluginJar : add adc
2025-07-07 11:56:29,178 [INFO] IPUIPlugin:80 - create IPUIPlugin
2025-07-07 11:56:29,179 [INFO] PluginManager:220 - loadIPPluginJar : add aes
2025-07-07 11:56:29,220 [INFO] IPUIPlugin:80 - create IPUIPlugin
2025-07-07 11:56:29,221 [INFO] PluginManager:220 - loadIPPluginJar : add can
2025-07-07 11:56:29,247 [INFO] IPUIPlugin:80 - create IPUIPlugin
2025-07-07 11:56:29,247 [INFO] PluginManager:220 - loadIPPluginJar : add comp
2025-07-07 11:56:29,282 [INFO] IPUIPlugin:80 - create IPUIPlugin
2025-07-07 11:56:29,282 [INFO] PluginManager:220 - loadIPPluginJar : add cryp
2025-07-07 11:56:29,317 [INFO] IPUIPlugin:80 - create IPUIPlugin
2025-07-07 11:56:29,317 [INFO] PluginManager:220 - loadIPPluginJar : add dfsdm
2025-07-07 11:56:29,332 [INFO] IPUIPlugin:80 - create IPUIPlugin
2025-07-07 11:56:29,333 [INFO] PluginManager:220 - loadIPPluginJar : add dma
2025-07-07 11:56:29,378 [INFO] IPUIPlugin:80 - create IPUIPlugin
2025-07-07 11:56:29,379 [INFO] PluginManager:220 - loadIPPluginJar : add dma3
2025-07-07 11:56:29,402 [INFO] IPUIPlugin:80 - create IPUIPlugin
2025-07-07 11:56:29,402 [INFO] PluginManager:220 - loadIPPluginJar : add fatfs
2025-07-07 11:56:29,449 [INFO] IPUIPlugin:80 - create IPUIPlugin
2025-07-07 11:56:29,449 [INFO] PluginManager:220 - loadIPPluginJar : add fmc
2025-07-07 11:56:29,465 [INFO] IPUIPlugin:80 - create IPUIPlugin
2025-07-07 11:56:29,465 [INFO] PluginManager:220 - loadIPPluginJar : add freertos
2025-07-07 11:56:29,488 [INFO] IPUIPlugin:80 - create IPUIPlugin
2025-07-07 11:56:29,488 [INFO] PluginManager:220 - loadIPPluginJar : add genericplugin
2025-07-07 11:56:29,583 [INFO] IPUIPlugin:80 - create IPUIPlugin
2025-07-07 11:56:29,583 [INFO] PluginManager:220 - loadIPPluginJar : add gfxmmu
2025-07-07 11:56:29,710 [INFO] IPUIPlugin:80 - create IPUIPlugin
2025-07-07 11:56:29,710 [INFO] PluginManager:220 - loadIPPluginJar : add gic
2025-07-07 11:56:29,725 [INFO] IPUIPlugin:80 - create IPUIPlugin
2025-07-07 11:56:29,726 [INFO] PluginManager:220 - loadIPPluginJar : add gpio
2025-07-07 11:56:29,814 [INFO] IPUIPlugin:80 - create IPUIPlugin
2025-07-07 11:56:29,814 [INFO] PluginManager:220 - loadIPPluginJar : add gtzc
2025-07-07 11:56:29,850 [INFO] IPUIPlugin:80 - create IPUIPlugin
2025-07-07 11:56:29,850 [INFO] PluginManager:220 - loadIPPluginJar : add hash
2025-07-07 11:56:29,904 [INFO] IPUIPlugin:80 - create IPUIPlugin
2025-07-07 11:56:29,904 [INFO] PluginManager:220 - loadIPPluginJar : add i2c
2025-07-07 11:56:29,945 [INFO] IPUIPlugin:80 - create IPUIPlugin
2025-07-07 11:56:29,945 [INFO] PluginManager:220 - loadIPPluginJar : add i2s
2025-07-07 11:56:29,987 [INFO] IPUIPlugin:80 - create IPUIPlugin
2025-07-07 11:56:29,987 [INFO] PluginManager:220 - loadIPPluginJar : add i3c
2025-07-07 11:56:30,082 [INFO] IPUIPlugin:80 - create IPUIPlugin
2025-07-07 11:56:30,083 [INFO] PluginManager:220 - loadIPPluginJar : add ipddr
2025-07-07 11:56:30,175 [INFO] IPUIPlugin:80 - create IPUIPlugin
2025-07-07 11:56:30,175 [INFO] PluginManager:220 - loadIPPluginJar : add linkedlist
2025-07-07 11:56:30,178 [INFO] IPUIPlugin:80 - create IPUIPlugin
2025-07-07 11:56:30,178 [INFO] PluginManager:220 - loadIPPluginJar : add lorawan
2025-07-07 11:56:30,216 [INFO] IPUIPlugin:80 - create IPUIPlugin
2025-07-07 11:56:30,216 [INFO] PluginManager:220 - loadIPPluginJar : add ltdc
2025-07-07 11:56:30,231 [INFO] IPUIPlugin:80 - create IPUIPlugin
2025-07-07 11:56:30,231 [INFO] PluginManager:220 - loadIPPluginJar : add mdma
2025-07-07 11:56:30,243 [INFO] IPUIPlugin:80 - create IPUIPlugin
2025-07-07 11:56:30,243 [INFO] PluginManager:220 - loadIPPluginJar : add nvic
2025-07-07 11:56:30,283 [INFO] IPUIPlugin:80 - create IPUIPlugin
2025-07-07 11:56:30,283 [INFO] PluginManager:220 - loadIPPluginJar : add opamp
2025-07-07 11:56:30,347 [INFO] IPUIPlugin:80 - create IPUIPlugin
2025-07-07 11:56:30,348 [INFO] PluginManager:220 - loadIPPluginJar : add openamp
2025-07-07 11:56:30,393 [INFO] IPUIPlugin:80 - create IPUIPlugin
2025-07-07 11:56:30,393 [INFO] PluginManager:220 - loadIPPluginJar : add pdm2pcm
2025-07-07 11:56:30,407 [INFO] IPUIPlugin:80 - create IPUIPlugin
2025-07-07 11:56:30,409 [INFO] PluginManager:220 - loadIPPluginJar : add plateformsettings
2025-07-07 11:56:30,434 [INFO] IPUIPlugin:80 - create IPUIPlugin
2025-07-07 11:56:30,434 [INFO] PluginManager:220 - loadIPPluginJar : add quadspi
2025-07-07 11:56:30,447 [INFO] IPUIPlugin:80 - create IPUIPlugin
2025-07-07 11:56:30,447 [INFO] PluginManager:220 - loadIPPluginJar : add resmgrutility
2025-07-07 11:56:30,494 [INFO] IPUIPlugin:80 - create IPUIPlugin
2025-07-07 11:56:30,494 [INFO] PluginManager:220 - loadIPPluginJar : add sai
2025-07-07 11:56:30,533 [INFO] IPUIPlugin:80 - create IPUIPlugin
2025-07-07 11:56:30,533 [INFO] PluginManager:220 - loadIPPluginJar : add spi
2025-07-07 11:56:30,599 [INFO] IPUIPlugin:80 - create IPUIPlugin
2025-07-07 11:56:30,599 [INFO] PluginManager:220 - loadIPPluginJar : add stm32_wpan
2025-07-07 11:56:30,627 [INFO] IPUIPlugin:80 - create IPUIPlugin
2025-07-07 11:56:30,627 [INFO] PluginManager:220 - loadIPPluginJar : add tim
2025-07-07 11:56:30,683 [INFO] IPUIPlugin:80 - create IPUIPlugin
2025-07-07 11:56:30,683 [INFO] PluginManager:220 - loadIPPluginJar : add touchsensing
2025-07-07 11:56:30,707 [INFO] IPUIPlugin:80 - create IPUIPlugin
2025-07-07 11:56:30,707 [INFO] PluginManager:220 - loadIPPluginJar : add tracer_emb
2025-07-07 11:56:30,733 [INFO] IPUIPlugin:80 - create IPUIPlugin
2025-07-07 11:56:30,733 [INFO] PluginManager:220 - loadIPPluginJar : add ts
2025-07-07 11:56:30,758 [INFO] IPUIPlugin:80 - create IPUIPlugin
2025-07-07 11:56:30,758 [INFO] PluginManager:220 - loadIPPluginJar : add tsc
2025-07-07 11:56:30,783 [INFO] IPUIPlugin:80 - create IPUIPlugin
2025-07-07 11:56:30,783 [INFO] PluginManager:220 - loadIPPluginJar : add ucpd
2025-07-07 11:56:30,828 [INFO] IPUIPlugin:80 - create IPUIPlugin
2025-07-07 11:56:30,828 [INFO] PluginManager:220 - loadIPPluginJar : add usart
2025-07-07 11:56:30,873 [INFO] IPUIPlugin:80 - create IPUIPlugin
2025-07-07 11:56:30,873 [INFO] PluginManager:220 - loadIPPluginJar : add usbx
2025-07-07 11:56:30,989 [INFO] CADModel:165 - CPN selected for project level
2025-07-07 11:56:30,989 [INFO] CADModel:114 - Register for checkConnection events
2025-07-07 11:56:30,989 [FATAL] Updater:308 - Updater called before beeing initialized
2025-07-07 11:56:30,989 [ERROR] CADModel:125 - Updater not yet initialized, retry later 
2025-07-07 11:56:31,096 [INFO] CADModel:165 - CPN selected for project level
2025-07-07 11:56:31,096 [INFO] CADModel:114 - Register for checkConnection events
2025-07-07 11:56:31,096 [FATAL] Updater:308 - Updater called before beeing initialized
2025-07-07 11:56:31,096 [ERROR] CADModel:125 - Updater not yet initialized, retry later 
2025-07-07 11:56:31,100 [FATAL] Updater:308 - Updater called before beeing initialized
2025-07-07 11:56:31,207 [FATAL] Updater:308 - Updater called before beeing initialized
2025-07-07 11:56:31,218 [INFO] DbMcusAds:53 - JSON generation date=Thu Jun 19 10:32:37 CEST 2025 (1750321957418)
2025-07-07 11:56:31,218 [FATAL] Updater:308 - Updater called before beeing initialized
2025-07-07 11:56:31,287 [WARN] DetailPanel:346 - Failed to get advertising image, set to default
2025-07-07 11:56:31,355 [FATAL] Updater:308 - Updater called before beeing initialized
2025-07-07 11:56:31,356 [FATAL] Updater:308 - Updater called before beeing initialized
2025-07-07 11:56:31,356 [FATAL] Updater:308 - Updater called before beeing initialized
2025-07-07 11:56:31,356 [WARN] DetailPanel:346 - Failed to get advertising image, set to default
2025-07-07 11:56:31,357 [FATAL] Updater:308 - Updater called before beeing initialized
2025-07-07 11:56:31,406 [ERROR] Updater:1120 - MainUpdater not yet initialized. External WinMGr cannot be set.
2025-07-07 11:56:31,415 [INFO] Updater:1056 - Updater Version found : 6.10.0
2025-07-07 11:56:31,428 [INFO] ApplicationProperties:184 - Using Application install path: D:\Program Files\STM32CubeIDE_1.14.1\STM32CubeIDE\plugins\com.st.stm32cube.common.mx_6.10.0.202311202037
2025-07-07 11:56:31,669 [INFO] ThirdPartyUpdaterWithRetryManager:70 - Updater plugin not ready yet. [2/15]
2025-07-07 11:56:33,004 [ERROR] LogOutputStream:75 - [STDERR_REDIRECT] Jul 07, 2025 11:56:33 AM java.util.prefs.WindowsPreferences <init>
2025-07-07 11:56:33,005 [ERROR] LogOutputStream:75 - [STDERR_REDIRECT] WARNING: Could not open/create prefs root node Software\JavaSoft\Prefs at root 0xffffffff80000002. Windows RegCreateKeyEx(...) returned error code 5.
2025-07-07 11:56:33,005 [ERROR] LogOutputStream:75 - [STDERR_REDIRECT] 
2025-07-07 11:56:33,227 [INFO] MainUpdater:2873 - connection check result : 10
2025-07-07 11:56:33,228 [INFO] MainUpdater:290 - Updater Check For Update Now.
2025-07-07 11:56:33,228 [INFO] MicroXplorer:498 - Change Database Version : DB.6.0.100
2025-07-07 11:56:33,247 [INFO] McuFinderGlobals:63 - Set McuFinder mode to 2 (CubeIDE integrated)
2025-07-07 11:56:33,445 [INFO] CheckServerUpdateThread:120 - End of CheckServer Thread
2025-07-07 11:56:33,477 [INFO] UserAuth:404 - Internet connection configuration mode: 1
2025-07-07 11:56:33,498 [INFO] JxBrowserEngine:152 - Initiate JxBrowser Engine with user profile folder
2025-07-07 11:56:34,850 [WARN] PackLoader:240 - Cannot read IP mode file for STMicroelectronics.FP-SNS-MOTENVWB1.1.4.0
2025-07-07 11:56:34,872 [WARN] PackLoader:240 - Cannot read IP mode file for STMicroelectronics.FP-ATR-ASTRA1.2.0.2
2025-07-07 11:56:34,890 [WARN] PackLoader:240 - Cannot read IP mode file for STMicroelectronics.X-CUBE-SMBUS.2.1.0
2025-07-07 11:56:34,910 [WARN] PackLoader:240 - Cannot read IP mode file for STMicroelectronics.X-CUBE-WB05N.1.1.0
2025-07-07 11:56:34,925 [WARN] PackLoader:240 - Cannot read IP mode file for STMicroelectronics.X-CUBE-TOUCHGFX.4.23.0
2025-07-07 11:56:34,961 [WARN] PackLoader:240 - Cannot read IP mode file for STMicroelectronics.X-CUBE-AZRTOS-F7.1.1.0
2025-07-07 11:56:34,981 [WARN] PackLoader:240 - Cannot read IP mode file for STMicroelectronics.FP-SNS-MOTENV1.4.3.2
2025-07-07 11:56:35,038 [WARN] PackLoader:240 - Cannot read IP mode file for STMicroelectronics.X-CUBE-MEMS1.11.0.0
2025-07-07 11:56:35,153 [WARN] PackLoader:240 - Cannot read IP mode file for STMicroelectronics.FP-SNS-FLIGHT1.5.0.2
2025-07-07 11:56:35,170 [WARN] PackLoader:240 - Cannot read IP mode file for STMicroelectronics.X-CUBE-DISPLAY.3.0.0
2025-07-07 11:56:35,190 [WARN] PackLoader:240 - Cannot read IP mode file for STMicroelectronics.X-CUBE-BLE1.7.0.0
2025-07-07 11:56:35,208 [WARN] PackLoader:240 - Cannot read IP mode file for STMicroelectronics.X-CUBE-NFC10.1.0.0
2025-07-07 11:56:35,230 [WARN] PackLoader:240 - Cannot read IP mode file for STMicroelectronics.X-CUBE-BLEMGR.4.0.0
2025-07-07 11:56:35,250 [WARN] PackLoader:240 - Cannot read IP mode file for emotas.I-CUBE-CANOPEN.1.3.0
2025-07-07 11:56:35,264 [WARN] ConditionMgr:438 - getConditionDescription Invalid condition id : Cortex-A Device cause : null
2025-07-07 11:56:35,289 [WARN] ConditionMgr:1039 - genDependencies : Invalid condition id : Cortex-A Device cause : null
2025-07-07 11:56:35,289 [WARN] ConditionMgr:1039 - genDependencies : Invalid condition id : Cortex-A Device cause : null
2025-07-07 11:56:35,289 [WARN] ConditionMgr:1039 - genDependencies : Invalid condition id : Cortex-A Device cause : null
2025-07-07 11:56:35,306 [WARN] PackLoader:240 - Cannot read IP mode file for STMicroelectronics.X-CUBE-BLEMGR.3.1.0
2025-07-07 11:56:35,322 [WARN] PackLoader:240 - Cannot read IP mode file for STMicroelectronics.X-CUBE-AI.10.0.0
2025-07-07 11:56:35,336 [WARN] PackLoader:240 - Cannot read IP mode file for STMicroelectronics.FP-SNS-SMARTAG2.1.2.0
2025-07-07 11:56:35,352 [ERROR] Engine:466 - C:\Users\abhim\.stm32cubemx\thirdparties\pdsc\STMicroelectronics.FP-SNS-FLIGHT1.5.1.0.pdsc: PDSC version is not supported
2025-07-07 11:56:35,401 [WARN] PackLoader:240 - Cannot read IP mode file for STMicroelectronics.X-CUBE-MEMS1.11.1.0
2025-07-07 11:56:35,503 [INFO] LogOutputStream:77 - [STDOUT_REDIRECT] 1 : Invalid condition id : UX_CORESTACK_Condition cause : null
2025-07-07 11:56:35,504 [INFO] LogOutputStream:77 - [STDOUT_REDIRECT] 1 : Invalid condition id : UX_CORESTACK_Condition cause : null
2025-07-07 11:56:35,505 [INFO] LogOutputStream:77 - [STDOUT_REDIRECT] 1 : Invalid condition id : UX_CORESTACK_Condition cause : null
2025-07-07 11:56:35,506 [INFO] LogOutputStream:77 - [STDOUT_REDIRECT] 1 : Invalid condition id : UX_CORESTACK_Condition cause : null
2025-07-07 11:56:35,507 [INFO] LogOutputStream:77 - [STDOUT_REDIRECT] 1 : Invalid condition id : UX_CORESTACK_Condition cause : null
2025-07-07 11:56:35,510 [WARN] PackLoader:240 - Cannot read IP mode file for STMicroelectronics.X-CUBE-AZRTOS-WL.2.0.0
2025-07-07 11:56:35,530 [WARN] PackLoader:240 - Cannot read IP mode file for STMicroelectronics.FP-SNS-MOTENV1.5.0.0
2025-07-07 11:56:35,553 [WARN] PackLoader:240 - Cannot read IP mode file for wolfSSL.I-CUBE-wolfMQTT.1.19.0
2025-07-07 11:56:35,575 [WARN] PackLoader:240 - Cannot read IP mode file for WES.I-CUBE-Cesium.1.3.0
2025-07-07 11:56:35,591 [WARN] PackLoader:240 - Cannot read IP mode file for STMicroelectronics.X-CUBE-BLE2.3.3.0
2025-07-07 11:56:35,611 [WARN] PackLoader:240 - Cannot read IP mode file for STMicroelectronics.X-CUBE-NFC9.1.0.0
2025-07-07 11:56:35,627 [WARN] PackLoader:240 - Cannot read IP mode file for STMicroelectronics.X-CUBE-BLE1.7.1.0
2025-07-07 11:56:35,642 [WARN] PackLoader:240 - Cannot read IP mode file for STMicroelectronics.X-CUBE-TCPP.4.1.0
2025-07-07 11:56:35,655 [WARN] PackLoader:240 - Cannot read IP mode file for STMicroelectronics.X-CUBE-AI.10.1.0
2025-07-07 11:56:35,669 [WARN] PackLoader:240 - Cannot read IP mode file for STMicroelectronics.X-CUBE-ALGOBUILD.1.3.0
2025-07-07 11:56:35,720 [WARN] PackLoader:240 - Cannot read IP mode file for STMicroelectronics.X-CUBE-MEMS1.11.2.0
2025-07-07 11:56:35,816 [WARN] PackLoader:240 - Cannot read IP mode file for STMicroelectronics.X-CUBE-AZRTOS-G0.1.1.0
2025-07-07 11:56:35,832 [WARN] PackLoader:240 - Cannot read IP mode file for STMicroelectronics.X-CUBE-SAFEA1.1.2.2
2025-07-07 11:56:35,846 [WARN] PackLoader:240 - Cannot read IP mode file for STMicroelectronics.X-CUBE-NFC4.3.0.0
2025-07-07 11:56:35,863 [WARN] PackLoader:240 - Cannot read IP mode file for EmbeddedOffice.I-CUBE-FS-RTOS.1.0.1
2025-07-07 11:56:35,864 [ERROR] ConditionMgr:805 - Attr not supported : Dmpu
2025-07-07 11:56:35,864 [ERROR] ConditionMgr:805 - Attr not supported : Dmpu
2025-07-07 11:56:35,864 [ERROR] ConditionMgr:805 - Attr not supported : Dmpu
2025-07-07 11:56:35,864 [ERROR] ConditionMgr:805 - Attr not supported : Dmpu
2025-07-07 11:56:35,864 [ERROR] ConditionMgr:805 - Attr not supported : Dmpu
2025-07-07 11:56:35,864 [ERROR] ConditionMgr:805 - Attr not supported : Dmpu
2025-07-07 11:56:35,864 [ERROR] ConditionMgr:805 - Attr not supported : Dmpu
2025-07-07 11:56:35,864 [ERROR] ConditionMgr:805 - Attr not supported : Dmpu
2025-07-07 11:56:35,864 [ERROR] ConditionMgr:805 - Attr not supported : Dmpu
2025-07-07 11:56:35,864 [ERROR] ConditionMgr:805 - Attr not supported : Dmpu
2025-07-07 11:56:35,864 [ERROR] ConditionMgr:805 - Attr not supported : Dmpu
2025-07-07 11:56:35,864 [ERROR] ConditionMgr:805 - Attr not supported : Dmpu
2025-07-07 11:56:35,864 [ERROR] ConditionMgr:805 - Attr not supported : Dmpu
2025-07-07 11:56:35,864 [ERROR] ConditionMgr:805 - Attr not supported : Dmpu
2025-07-07 11:56:35,864 [ERROR] ConditionMgr:805 - Attr not supported : Dmpu
2025-07-07 11:56:35,864 [ERROR] ConditionMgr:805 - Attr not supported : Dmpu
2025-07-07 11:56:35,864 [ERROR] ConditionMgr:805 - Attr not supported : Dmpu
2025-07-07 11:56:35,864 [ERROR] ConditionMgr:805 - Attr not supported : Dmpu
2025-07-07 11:56:35,864 [ERROR] ConditionMgr:805 - Attr not supported : Dmpu
2025-07-07 11:56:35,864 [ERROR] ConditionMgr:805 - Attr not supported : Dmpu
2025-07-07 11:56:35,865 [ERROR] ConditionMgr:805 - Attr not supported : Dmpu
2025-07-07 11:56:35,865 [ERROR] ConditionMgr:805 - Attr not supported : Dmpu
2025-07-07 11:56:35,865 [ERROR] ConditionMgr:805 - Attr not supported : Dmpu
2025-07-07 11:56:35,865 [ERROR] ConditionMgr:805 - Attr not supported : Dmpu
2025-07-07 11:56:35,865 [ERROR] ConditionMgr:805 - Attr not supported : Dmpu
2025-07-07 11:56:35,865 [ERROR] ConditionMgr:805 - Attr not supported : Dmpu
2025-07-07 11:56:35,865 [ERROR] ConditionMgr:805 - Attr not supported : Dmpu
2025-07-07 11:56:35,865 [ERROR] ConditionMgr:805 - Attr not supported : Dmpu
2025-07-07 11:56:35,865 [ERROR] ConditionMgr:805 - Attr not supported : Dmpu
2025-07-07 11:56:35,865 [ERROR] ConditionMgr:805 - Attr not supported : Dmpu
2025-07-07 11:56:35,865 [ERROR] ConditionMgr:805 - Attr not supported : Dmpu
2025-07-07 11:56:35,865 [ERROR] ConditionMgr:805 - Attr not supported : Dmpu
2025-07-07 11:56:35,865 [ERROR] ConditionMgr:805 - Attr not supported : Dmpu
2025-07-07 11:56:35,865 [ERROR] ConditionMgr:805 - Attr not supported : Dmpu
2025-07-07 11:56:35,865 [ERROR] ConditionMgr:805 - Attr not supported : Dmpu
2025-07-07 11:56:35,865 [ERROR] ConditionMgr:805 - Attr not supported : Dmpu
2025-07-07 11:56:35,865 [ERROR] ConditionMgr:805 - Attr not supported : Dmpu
2025-07-07 11:56:35,865 [ERROR] ConditionMgr:805 - Attr not supported : Dmpu
2025-07-07 11:56:35,865 [ERROR] ConditionMgr:805 - Attr not supported : Dmpu
2025-07-07 11:56:35,865 [ERROR] ConditionMgr:805 - Attr not supported : Dmpu
2025-07-07 11:56:35,865 [ERROR] ConditionMgr:805 - Attr not supported : Dmpu
2025-07-07 11:56:35,865 [ERROR] ConditionMgr:805 - Attr not supported : Dmpu
2025-07-07 11:56:35,865 [ERROR] ConditionMgr:805 - Attr not supported : Dmpu
2025-07-07 11:56:35,866 [ERROR] ConditionMgr:805 - Attr not supported : Dmpu
2025-07-07 11:56:35,866 [ERROR] ConditionMgr:805 - Attr not supported : Dmpu
2025-07-07 11:56:35,866 [ERROR] ConditionMgr:805 - Attr not supported : Dmpu
2025-07-07 11:56:35,866 [ERROR] ConditionMgr:805 - Attr not supported : Dmpu
2025-07-07 11:56:35,866 [ERROR] ConditionMgr:805 - Attr not supported : Dmpu
2025-07-07 11:56:35,866 [ERROR] ConditionMgr:805 - Attr not supported : Dmpu
2025-07-07 11:56:35,866 [ERROR] ConditionMgr:805 - Attr not supported : Dmpu
2025-07-07 11:56:35,866 [ERROR] ConditionMgr:805 - Attr not supported : Dmpu
2025-07-07 11:56:35,866 [ERROR] ConditionMgr:805 - Attr not supported : Dmpu
2025-07-07 11:56:35,866 [ERROR] ConditionMgr:805 - Attr not supported : Dmpu
2025-07-07 11:56:35,866 [ERROR] ConditionMgr:805 - Attr not supported : Dmpu
2025-07-07 11:56:35,866 [ERROR] ConditionMgr:805 - Attr not supported : Dmpu
2025-07-07 11:56:35,867 [ERROR] ConditionMgr:805 - Attr not supported : Dmpu
2025-07-07 11:56:35,867 [ERROR] ConditionMgr:805 - Attr not supported : Dmpu
2025-07-07 11:56:35,867 [ERROR] ConditionMgr:805 - Attr not supported : Dmpu
2025-07-07 11:56:35,867 [ERROR] ConditionMgr:805 - Attr not supported : Dmpu
2025-07-07 11:56:35,867 [ERROR] ConditionMgr:805 - Attr not supported : Dmpu
2025-07-07 11:56:35,867 [ERROR] ConditionMgr:805 - Attr not supported : Dmpu
2025-07-07 11:56:35,867 [ERROR] ConditionMgr:805 - Attr not supported : Dmpu
2025-07-07 11:56:35,867 [ERROR] ConditionMgr:805 - Attr not supported : Dmpu
2025-07-07 11:56:35,867 [ERROR] ConditionMgr:805 - Attr not supported : Dmpu
2025-07-07 11:56:35,882 [WARN] PackLoader:240 - Cannot read IP mode file for STMicroelectronics.X-CUBE-WB05N.2.0.0
2025-07-07 11:56:35,898 [ERROR] Engine:466 - C:\Users\abhim\.stm32cubemx\thirdparties\pdsc\STMicroelectronics.X-CUBE-TCPP.4.2.0.pdsc: PDSC version is not supported
2025-07-07 11:56:35,912 [WARN] PackLoader:240 - Cannot read IP mode file for RealThread.X-CUBE-RT-Thread_Nano.4.1.1
2025-07-07 11:56:35,930 [WARN] PackLoader:240 - Cannot read IP mode file for STMicroelectronics.FP-ATR-SIGFOX1.3.2.0
2025-07-07 11:56:35,949 [WARN] PackLoader:240 - Cannot read IP mode file for STMicroelectronics.X-CUBE-EEPRMA1.5.1.0
2025-07-07 11:56:35,962 [ERROR] Engine:466 - C:\Users\abhim\.stm32cubemx\thirdparties\pdsc\STMicroelectronics.X-CUBE-ST67W61.1.0.0.pdsc: PDSC version is not supported
2025-07-07 11:56:35,997 [WARN] PackLoader:240 - Cannot read IP mode file for SEGGER.I-CUBE-embOS.1.3.1
2025-07-07 11:56:36,091 [WARN] PackLoader:240 - Cannot read IP mode file for STMicroelectronics.X-CUBE-ALGOBUILD.1.4.0
2025-07-07 11:56:36,153 [WARN] PackLoader:240 - Cannot read IP mode file for STMicroelectronics.X-CUBE-MEMS1.11.3.0
2025-07-07 11:56:36,313 [WARN] PackLoader:240 - Cannot read IP mode file for STMicroelectronics.X-CUBE-AI.9.1.0
2025-07-07 11:56:36,327 [WARN] PackLoader:240 - Cannot read IP mode file for STMicroelectronics.X-CUBE-PM33A1.1.0.0
2025-07-07 11:56:36,346 [WARN] PackLoader:240 - Cannot read IP mode file for STMicroelectronics.X-CUBE-GNSS1.6.0.0
2025-07-07 11:56:36,372 [WARN] PackLoader:240 - Cannot read IP mode file for STMicroelectronics.X-CUBE-AZRTOS-F4.1.1.0
2025-07-07 11:56:36,389 [ERROR] Engine:466 - C:\Users\abhim\.stm32cubemx\thirdparties\pdsc\Avnet-IotConnect.X-CUBE-IoTC-DA16k-PMOD.1.0.0.pdsc: PDSC version is not supported
2025-07-07 11:56:36,404 [WARN] PackLoader:240 - Cannot read IP mode file for STMicroelectronics.X-CUBE-ISPU.2.1.0
2025-07-07 11:56:36,423 [WARN] PackLoader:240 - Cannot read IP mode file for STMicroelectronics.X-CUBE-FREERTOS.1.2.0
2025-07-07 11:56:36,443 [WARN] PackLoader:240 - Cannot read IP mode file for wolfSSL.I-CUBE-wolfSSL.5.6.6
2025-07-07 11:56:36,480 [WARN] PackLoader:240 - Cannot read IP mode file for STMicroelectronics.X-CUBE-AZRTOS-L5.2.0.0
2025-07-07 11:56:36,507 [WARN] PackLoader:240 - Cannot read IP mode file for STMicroelectronics.X-CUBE-NFC6.3.1.0
2025-07-07 11:56:36,530 [WARN] PackLoader:240 - Cannot read IP mode file for ITTIA_DB.I-CUBE-ITTIADB.8.8.0
2025-07-07 11:56:36,553 [WARN] PackLoader:240 - Cannot read IP mode file for STMicroelectronics.X-CUBE-DPower.1.2.0
2025-07-07 11:56:36,573 [WARN] PackLoader:240 - Cannot read IP mode file for STMicroelectronics.X-CUBE-FREERTOS.1.3.1
2025-07-07 11:56:36,593 [WARN] PackLoader:240 - Cannot read IP mode file for STMicroelectronics.X-CUBE-FREERTOS.1.3.0
2025-07-07 11:56:36,614 [WARN] PackLoader:240 - Cannot read IP mode file for STMicroelectronics.X-CUBE-NFC7.1.0.1
2025-07-07 11:56:36,639 [WARN] PackLoader:240 - Cannot read IP mode file for STMicroelectronics.X-CUBE-NFC6.3.0.0
2025-07-07 11:56:36,660 [ERROR] Engine:466 - C:\Users\abhim\.stm32cubemx\thirdparties\pdsc\STMicroelectronics.FP-SNS-STAIOTCFT.1.0.0.pdsc: PDSC version is not supported
2025-07-07 11:56:36,677 [WARN] PackLoader:240 - Cannot read IP mode file for STMicroelectronics.X-CUBE-DPower.1.3.0
2025-07-07 11:56:36,699 [WARN] PackLoader:240 - Cannot read IP mode file for STMicroelectronics.X-CUBE-AI.8.1.0
2025-07-07 11:56:36,735 [WARN] ConditionMgr:438 - getConditionDescription Invalid condition id : LAN8742 Phy interface Condition cause : null
2025-07-07 11:56:36,735 [WARN] PackLoader:240 - Cannot read IP mode file for STMicroelectronics.X-CUBE-AZRTOS-L4.2.0.0
2025-07-07 11:56:36,736 [WARN] ConditionMgr:1039 - genDependencies : Invalid condition id : LAN8742 Phy interface Condition cause : null
2025-07-07 11:56:36,737 [WARN] ConditionMgr:1039 - genDependencies : Invalid condition id : LAN8742 Phy interface Condition cause : null
2025-07-07 11:56:36,737 [WARN] ConditionMgr:1039 - genDependencies : Invalid condition id : LAN8742 Phy interface Condition cause : null
2025-07-07 11:56:36,758 [WARN] PackLoader:240 - Cannot read IP mode file for STMicroelectronics.X-CUBE-SFXS2LP1.4.0.0
2025-07-07 11:56:36,770 [INFO] WebApp:161 - Instantiating new browser for Auth
2025-07-07 11:56:36,800 [WARN] PackLoader:240 - Cannot read IP mode file for STMicroelectronics.X-CUBE-AZRTOS-H7.3.3.0
2025-07-07 11:56:36,828 [WARN] PackLoader:240 - Cannot read IP mode file for STMicroelectronics.X-CUBE-IPS.3.0.0
2025-07-07 11:56:36,868 [WARN] ConditionMgr:438 - getConditionDescription Invalid condition id : UX DEVICE CLASS RTOS Condition cause : null
2025-07-07 11:56:36,869 [WARN] ConditionMgr:438 - getConditionDescription Invalid condition id : UX DEVICE CLASS RTOS Condition cause : null
2025-07-07 11:56:36,870 [WARN] PackLoader:240 - Cannot read IP mode file for STMicroelectronics.X-CUBE-AZRTOS-WB.2.0.0
2025-07-07 11:56:36,871 [WARN] ConditionMgr:1039 - genDependencies : Invalid condition id : UX DEVICE CLASS RTOS Condition cause : null
2025-07-07 11:56:36,871 [WARN] ConditionMgr:1039 - genDependencies : Invalid condition id : UX DEVICE CLASS RTOS Condition cause : null
2025-07-07 11:56:36,871 [WARN] ConditionMgr:1039 - genDependencies : Invalid condition id : UX DEVICE CLASS RTOS Condition cause : null
2025-07-07 11:56:36,872 [WARN] ConditionMgr:1039 - genDependencies : Invalid condition id : UX DEVICE CLASS RTOS Condition cause : null
2025-07-07 11:56:36,872 [WARN] ConditionMgr:1039 - genDependencies : Invalid condition id : UX DEVICE CLASS RTOS Condition cause : null
2025-07-07 11:56:36,891 [WARN] PackLoader:240 - Cannot read IP mode file for STMicroelectronics.X-CUBE-GNSS1.7.0.0
2025-07-07 11:56:36,913 [WARN] PackLoader:240 - Cannot read IP mode file for STMicroelectronics.X-CUBE-GNSS1.7.0.1
2025-07-07 11:56:36,934 [WARN] PackLoader:240 - Cannot read IP mode file for STMicroelectronics.X-CUBE-TOUCHGFX.4.25.0
2025-07-07 11:56:36,954 [WARN] PackLoader:240 - Cannot read IP mode file for STMicroelectronics.FP-SNS-STBOX1.2.0.0
2025-07-07 11:56:36,979 [WARN] PackLoader:240 - Cannot read IP mode file for STMicroelectronics.X-CUBE-SUBG2.5.0.0
2025-07-07 11:56:37,014 [WARN] PackLoader:240 - Cannot read IP mode file for STMicroelectronics.X-CUBE-AZRTOS-H7RS.1.1.0
2025-07-07 11:56:37,035 [WARN] PackLoader:240 - Cannot read IP mode file for Cesanta.I-CUBE-Mongoose.7.13.0
2025-07-07 11:56:37,066 [WARN] PackLoader:240 - Cannot read IP mode file for STMicroelectronics.X-CUBE-AZRTOS-G4.2.0.0
2025-07-07 11:56:37,093 [WARN] PackLoader:240 - Cannot read IP mode file for Infineon.AIROC-Wi-Fi-Bluetooth-STM32.1.5.1
2025-07-07 11:56:37,113 [WARN] PackLoader:240 - Cannot read IP mode file for STMicroelectronics.X-CUBE-NFC7.2.0.0
2025-07-07 11:56:37,131 [WARN] PackLoader:240 - Cannot read IP mode file for STMicroelectronics.FP-SNS-MOTENVWB1.1.3.1
2025-07-07 11:56:37,176 [WARN] PackLoader:240 - Cannot read IP mode file for STMicroelectronics.X-CUBE-ISPU.2.0.0
2025-07-07 11:56:37,209 [ERROR] Engine:466 - C:\Users\abhim\.stm32cubemx\thirdparties\pdsc\STMicroelectronics.X-CUBE-IPS.3.1.0.pdsc: PDSC version is not supported
2025-07-07 11:56:37,228 [WARN] PackLoader:240 - Cannot read IP mode file for STMicroelectronics.X-CUBE-ALS.1.0.2
2025-07-07 11:56:37,292 [WARN] PackLoader:240 - Cannot read IP mode file for STMicroelectronics.X-CUBE-MEMS1.10.0.0
2025-07-07 11:56:37,428 [WARN] PackLoader:240 - Cannot read IP mode file for STMicroelectronics.X-CUBE-FREERTOS.1.1.0
2025-07-07 11:56:37,448 [WARN] PackLoader:240 - Cannot read IP mode file for STMicroelectronics.X-CUBE-TOUCHGFX.4.24.1
2025-07-07 11:56:37,466 [WARN] PackLoader:240 - Cannot read IP mode file for wolfSSL.I-CUBE-wolfTPM.3.4.0
2025-07-07 11:56:37,491 [WARN] PackLoader:240 - Cannot read IP mode file for portGmbH.I-Cube-SoM-uGOAL.1.1.0
2025-07-07 11:56:37,509 [WARN] PackLoader:240 - Cannot read IP mode file for STMicroelectronics.X-CUBE-ALS.1.0.1
2025-07-07 11:56:37,541 [WARN] PackLoader:240 - Cannot read IP mode file for STMicroelectronics.X-CUBE-AZRTOS-H7RS.1.0.0
2025-07-07 11:56:37,559 [WARN] PackLoader:240 - Cannot read IP mode file for STMicroelectronics.FP-ATR-ASTRA1.2.0.0
2025-07-07 11:56:37,585 [WARN] PackLoader:240 - Cannot read IP mode file for STMicroelectronics.X-CUBE-TOF1.3.4.2
2025-07-07 11:56:37,615 [ERROR] Engine:466 - C:\Users\abhim\.stm32cubemx\thirdparties\pdsc\STMicroelectronics.X-CUBE-TOF1.3.4.3.pdsc: PDSC version is not supported
2025-07-07 11:56:37,639 [WARN] PackLoader:240 - Cannot read IP mode file for STMicroelectronics.X-CUBE-TOF1.3.4.0
2025-07-07 11:56:37,680 [WARN] PackLoader:240 - Cannot read IP mode file for STMicroelectronics.X-CUBE-AZRTOS-H7.3.2.0
2025-07-07 11:56:37,701 [WARN] PackLoader:240 - Cannot read IP mode file for wolfSSL.I-CUBE-wolfSSH.1.4.17
2025-07-07 11:56:37,702 [INFO] ThirdParty:978 - Integrity check success = true
2025-07-07 11:56:37,702 [INFO] IntegrityCheckThread:100 - exiting critical section [integrity check]
2025-07-07 11:56:37,702 [INFO] IntegrityCheckThread:103 - End integrity checks thread
2025-07-07 11:56:38,043 [INFO] WebApp:780 - Register for checkConnection events
2025-07-07 11:56:38,044 [INFO] WebApp:414 - Apply proxy settings
2025-07-07 11:56:38,044 [INFO] WebApp:499 - Chromium requires no authentication
2025-07-07 11:56:38,051 [INFO] WebApp:442 - Direct internet connection detected
2025-07-07 11:56:38,228 [INFO] WebApp:192 - Starting web application
2025-07-07 11:56:38,228 [INFO] WebApp:544 - Web application path used D:\Program Files\STM32CubeIDE_1.14.1\STM32CubeIDE\plugins\com.st.stm32cube.common.mx_6.10.0.202311202037\db\plugins\mcufinder\reactClient1\index.html
2025-07-07 11:56:58,906 [ERROR] LogOutputStream:75 - [STDERR_REDIRECT] SLF4J: Failed to load class "org.slf4j.impl.StaticLoggerBinder".
2025-07-07 11:56:58,907 [ERROR] LogOutputStream:75 - [STDERR_REDIRECT] SLF4J: Defaulting to no-operation (NOP) logger implementation
2025-07-07 11:56:58,909 [ERROR] LogOutputStream:75 - [STDERR_REDIRECT] SLF4J: See http://www.slf4j.org/codes.html#StaticLoggerBinder for further details.
