2025-06-27 00:16:08,557 [INFO] MainUpdater:2873 - connection check result : 10
2025-06-27 00:16:08,771 [INFO] MainUpdater:2873 - connection check result : 10
2025-06-27 00:16:09,071 [INFO] MicroXplorer:468 - Change Database Path : 
2025-06-27 00:16:09,072 [INFO] MicroXplorer:498 - Change Database Version : DB.6.0.100
2025-06-27 00:16:09,173 [ERROR] ProjectManagerView:394 - 
java.lang.NullPointerException: Cannot invoke "javax.swing.JTextField.getText()" because the return value of "java.util.List.get(int)" is null
	at com.st.microxplorer.plugins.projectmanager.gui.ProjectChoiceTab$10.caretUpdate(ProjectChoiceTab.java:2493) ~[filemanager.jar:?]
	at javax.swing.text.JTextComponent.fireCaretUpdate(JTextComponent.java:412) ~[?:?]
	at javax.swing.text.JTextComponent$MutableCaretEvent.fire(JTextComponent.java:4491) ~[?:?]
	at javax.swing.text.JTextComponent$MutableCaretEvent.stateChanged(JTextComponent.java:4513) ~[?:?]
	at javax.swing.text.DefaultCaret.fireStateChanged(DefaultCaret.java:842) ~[?:?]
	at javax.swing.text.DefaultCaret.changeCaretPosition(DefaultCaret.java:1313) ~[?:?]
	at javax.swing.text.DefaultCaret.handleSetDot(DefaultCaret.java:1212) ~[?:?]
	at javax.swing.text.DefaultCaret.setDot(DefaultCaret.java:1193) ~[?:?]
	at javax.swing.text.DefaultCaret$Handler.insertUpdate(DefaultCaret.java:1789) ~[?:?]
	at javax.swing.text.AbstractDocument.fireInsertUpdate(AbstractDocument.java:226) ~[?:?]
	at javax.swing.text.AbstractDocument.handleInsertString(AbstractDocument.java:780) ~[?:?]
	at javax.swing.text.AbstractDocument.insertString(AbstractDocument.java:739) ~[?:?]
	at javax.swing.text.PlainDocument.insertString(PlainDocument.java:131) ~[?:?]
	at javax.swing.text.AbstractDocument.replace(AbstractDocument.java:698) ~[?:?]
	at javax.swing.text.JTextComponent.setText(JTextComponent.java:1729) ~[?:?]
	at com.st.microxplorer.plugins.projectmanager.gui.ProjectChoiceTab.createHeapStackFields(ProjectChoiceTab.java:933) ~[filemanager.jar:?]
	at com.st.microxplorer.plugins.projectmanager.gui.ProjectChoiceTab.buildLinkSettingsPanel(ProjectChoiceTab.java:3426) ~[filemanager.jar:?]
	at com.st.microxplorer.plugins.projectmanager.gui.ProjectChoiceTab.defineWindowsFields(ProjectChoiceTab.java:1813) ~[filemanager.jar:?]
	at com.st.microxplorer.plugins.projectmanager.gui.ProjectChoiceTab.updateSettings(ProjectChoiceTab.java:533) ~[filemanager.jar:?]
	at com.st.microxplorer.plugins.projectmanager.gui.ProjectSettingsPanel.UpdateDialog(ProjectSettingsPanel.java:244) ~[filemanager.jar:?]
	at com.st.microxplorer.plugins.projectmanager.ProjectManagerView.propertyChange(ProjectManagerView.java:391) ~[filemanager.jar:?]
	at java.beans.PropertyChangeSupport.fire(PropertyChangeSupport.java:343) ~[?:?]
	at java.beans.PropertyChangeSupport.firePropertyChange(PropertyChangeSupport.java:335) ~[?:?]
	at java.beans.PropertyChangeSupport.firePropertyChange(PropertyChangeSupport.java:268) ~[?:?]
	at com.st.microxplorer.util.MXPropertyChangeSupport.firePropertyChange(MXPropertyChangeSupport.java:54) ~[STM32CubeMX.jar:?]
	at com.st.microxplorer.mxsystem.MxSystem.closeConfig(MxSystem.java:900) ~[STM32CubeMX.jar:?]
	at com.st.microxplorer.maingui.MainPanel.closeConfig(MainPanel.java:776) ~[STM32CubeMX.jar:?]
	at com.st.microxplorer.plugins.filemanager.engine.OpenFileManager.loadConfigurationFile(OpenFileManager.java:245) ~[filemanager.jar:?]
	at com.st.microxplorer.plugins.filemanager.engine.MainFileManager.userLoadConfig(MainFileManager.java:290) ~[filemanager.jar:?]
	at com.st.microxplorer.plugins.filemanager.FileManagerView.getSpecificTask(FileManagerView.java:247) ~[filemanager.jar:?]
	at com.st.stm32cube.common.mx.editor.CubeMxEditor.getMxTabbedPaneInstance(CubeMxEditor.java:1184) ~[com.st.stm32cube.common.mx_6.10.0.202311202037/:?]
	at com.st.stm32cube.common.mx.editor.CubeMxEditor$12$1.createSwingComponent(CubeMxEditor.java:1065) ~[com.st.stm32cube.common.mx_6.10.0.202311202037/:?]
	at com.st.stm32cube.common.mx.oss.core.awtswtbridge.EmbeddedSwingComposite.doComponentCreation(EmbeddedSwingComposite.java:492) ~[com.st.stm32cube.common.mx.oss_6.10.0.202311202037/:?]
	at com.st.stm32cube.common.mx.oss.core.awtswtbridge.EmbeddedSwingComposite$4.run(EmbeddedSwingComposite.java:291) ~[com.st.stm32cube.common.mx.oss_6.10.0.202311202037/:?]
	at com.st.stm32cube.common.mx.oss.core.awtswtbridge.AwtEnvironment$2.run(AwtEnvironment.java:166) ~[com.st.stm32cube.common.mx.oss_6.10.0.202311202037/:?]
	at java.awt.event.InvocationEvent.dispatch(InvocationEvent.java:318) ~[?:?]
	at java.awt.EventQueue.dispatchEventImpl(EventQueue.java:773) ~[?:?]
	at java.awt.EventQueue$4.run(EventQueue.java:720) ~[?:?]
	at java.awt.EventQueue$4.run(EventQueue.java:714) ~[?:?]
	at java.security.AccessController.doPrivileged(AccessController.java:399) ~[?:?]
	at java.security.ProtectionDomain$JavaSecurityAccessImpl.doIntersectionPrivilege(ProtectionDomain.java:86) ~[?:?]
	at java.awt.EventQueue.dispatchEvent(EventQueue.java:742) ~[?:?]
	at java.awt.EventDispatchThread.pumpOneEventForFilters(EventDispatchThread.java:203) ~[?:?]
	at java.awt.EventDispatchThread.pumpEventsForFilter(EventDispatchThread.java:124) ~[?:?]
	at java.awt.EventDispatchThread.pumpEventsForHierarchy(EventDispatchThread.java:113) ~[?:?]
	at java.awt.EventDispatchThread.pumpEvents(EventDispatchThread.java:109) ~[?:?]
	at java.awt.EventDispatchThread.pumpEvents(EventDispatchThread.java:101) ~[?:?]
	at java.awt.EventDispatchThread.run(EventDispatchThread.java:90) ~[?:?]
2025-06-27 00:16:09,327 [WARN] ThirdParty:871 - waiting for thirdparty lock release [close project]
2025-06-27 00:16:09,327 [INFO] ThirdParty:873 - entering critical section [close project]
2025-06-27 00:16:09,329 [INFO] ThirdParty:883 - exiting critical section [close project]
2025-06-27 00:16:09,340 [INFO] PinOutPanel:1499 - setPackage(No Configuration,No Configuration)
2025-06-27 00:16:09,430 [INFO] UtilMem:75 - Begin LoadConfig() Used Memory: 848452824 Bytes (1073741824)
2025-06-27 00:16:09,436 [INFO] MicroXplorer:468 - Change Database Path : 
2025-06-27 00:16:09,436 [INFO] MicroXplorer:498 - Change Database Version : DB.6.0.100
2025-06-27 00:16:09,436 [INFO] OpenFileManager:312 - Change cursor
2025-06-27 00:16:09,730 [INFO] RulesReader:64 - Compatibility file has been processed (297 Rules)
2025-06-27 00:16:09,757 [INFO] Mcu:2016 - Initializing MCU STM32G474R(B-C-E)Tx STM32G474RETx STM32G474RET6
2025-06-27 00:16:17,964 [INFO] Context:659 - Trying to add GPIOservice into a context  which must be forbidden
2025-06-27 00:16:19,832 [INFO] RtosManager:555 - Registered RTOS mode: class=CMSIS, group=RTOS, mode=CMSIS_V1, owner=FREERTOS
2025-06-27 00:16:19,832 [INFO] RtosManager:555 - Registered RTOS mode: class=CMSIS, group=RTOS2, mode=CMSIS_V2, owner=FREERTOS
2025-06-27 00:16:19,832 [INFO] RtosManager:555 - Registered RTOS mode: class=RTOS, group=Core, mode=CMSIS_V1, owner=FREERTOS
2025-06-27 00:16:19,832 [INFO] RtosManager:555 - Registered RTOS mode: class=RTOS, group=Core, mode=CMSIS_V2, owner=FREERTOS
2025-06-27 00:16:19,832 [WARN] ModelIntegratedComponent:184 - Missing modes for component STMicroelectronics:FreeRTOS:0.0.1:STMicroelectronics:RTOS:FreeRTOS:Core:::10.2.0:
2025-06-27 00:16:19,834 [WARN] ModelIntegratedComponent:63 - No mode defined for component null
2025-06-27 00:16:19,834 [WARN] ModelIntegratedComponent:63 - No mode defined for component null
2025-06-27 00:16:19,834 [WARN] ModelIntegratedComponent:63 - No mode defined for component null
2025-06-27 00:16:19,834 [WARN] ModelIntegratedComponent:63 - No mode defined for component null
2025-06-27 00:16:19,834 [WARN] ModelIntegratedComponent:63 - No mode defined for component null
2025-06-27 00:16:19,834 [WARN] ModelIntegratedComponent:63 - No mode defined for component null
2025-06-27 00:16:19,834 [WARN] ModelIntegratedComponent:63 - No mode defined for component null
2025-06-27 00:16:19,834 [WARN] ModelIntegratedComponent:63 - No mode defined for component null
2025-06-27 00:16:19,834 [WARN] ModelIntegratedComponent:63 - No mode defined for component null
2025-06-27 00:16:19,834 [WARN] ModelIntegratedComponent:63 - No mode defined for component null
2025-06-27 00:16:19,834 [WARN] ModelIntegratedComponent:63 - No mode defined for component null
2025-06-27 00:16:19,834 [WARN] ModelIntegratedComponent:63 - No mode defined for component null
2025-06-27 00:16:19,834 [WARN] ModelIntegratedComponent:63 - No mode defined for component null
2025-06-27 00:16:19,834 [WARN] ModelIntegratedComponent:63 - No mode defined for component null
2025-06-27 00:16:19,834 [WARN] ModelIntegratedComponent:63 - No mode defined for component null
2025-06-27 00:16:19,834 [WARN] ModelIntegratedComponent:63 - No mode defined for component null
2025-06-27 00:16:19,834 [WARN] ModelIntegratedComponent:63 - No mode defined for component null
2025-06-27 00:16:19,834 [WARN] ModelIntegratedComponent:63 - No mode defined for component null
2025-06-27 00:16:19,834 [WARN] ModelIntegratedComponent:63 - No mode defined for component null
2025-06-27 00:16:19,834 [WARN] ModelIntegratedComponent:63 - No mode defined for component null
2025-06-27 00:16:19,834 [WARN] ModelIntegratedComponent:63 - No mode defined for component null
2025-06-27 00:16:19,834 [WARN] ModelIntegratedComponent:63 - No mode defined for component null
2025-06-27 00:16:19,834 [WARN] ModelIntegratedComponent:63 - No mode defined for component null
2025-06-27 00:16:19,834 [WARN] ModelIntegratedComponent:63 - No mode defined for component null
2025-06-27 00:16:19,834 [WARN] ModelIntegratedComponent:63 - No mode defined for component null
2025-06-27 00:16:19,834 [WARN] ModelIntegratedComponent:63 - No mode defined for component null
2025-06-27 00:16:19,834 [WARN] ModelIntegratedComponent:63 - No mode defined for component null
2025-06-27 00:16:19,834 [WARN] ModelIntegratedComponent:63 - No mode defined for component null
2025-06-27 00:16:19,834 [WARN] ModelIntegratedComponent:63 - No mode defined for component null
2025-06-27 00:16:19,835 [WARN] ModelIntegratedComponent:63 - No mode defined for component null
2025-06-27 00:16:19,835 [WARN] ModelIntegratedComponent:63 - No mode defined for component null
2025-06-27 00:16:19,835 [WARN] ModelIntegratedComponent:63 - No mode defined for component null
2025-06-27 00:16:19,835 [WARN] ModelIntegratedComponent:63 - No mode defined for component null
2025-06-27 00:16:20,255 [INFO] ThirdPartyModel:298 - Start build external matchings
2025-06-27 00:16:22,714 [INFO] ThirdPartyModel:316 - End build external matchings
2025-06-27 00:16:22,780 [INFO] ImportTextPane:194 - (OptionalMessage_ERROR) IP (DMA) : Parameter (Instance) has Id (DAC1_CH1) currently not set
2025-06-27 00:16:22,780 [INFO] ImportTextPane:194 - (OptionalMessage_ERROR) IP (DMA) : Parameter (Request) has Id (DAC1_CH1) currently not set
2025-06-27 00:16:22,780 [INFO] ImportTextPane:194 - (OptionalMessage_ERROR) IP (DMA) : Parameter (Direction) has Id (DAC1_CH1) currently not set
2025-06-27 00:16:22,780 [INFO] ImportTextPane:194 - (OptionalMessage_ERROR) IP (DMA) : Parameter (PeriphInc) has Id (DAC1_CH1) currently not set
2025-06-27 00:16:22,780 [INFO] ImportTextPane:194 - (OptionalMessage_ERROR) IP (DMA) : Parameter (MemInc) has Id (DAC1_CH1) currently not set
2025-06-27 00:16:22,780 [INFO] ImportTextPane:194 - (OptionalMessage_ERROR) IP (DMA) : Parameter (PeriphDataAlignment) has Id (DAC1_CH1) currently not set
2025-06-27 00:16:22,781 [INFO] ImportTextPane:194 - (OptionalMessage_ERROR) IP (DMA) : Parameter (MemDataAlignment) has Id (DAC1_CH1) currently not set
2025-06-27 00:16:22,781 [INFO] ImportTextPane:194 - (OptionalMessage_ERROR) IP (DMA) : Parameter (Mode) has Id (DAC1_CH1) currently not set
2025-06-27 00:16:22,781 [INFO] ImportTextPane:194 - (OptionalMessage_ERROR) IP (DMA) : Parameter (Priority) has Id (DAC1_CH1) currently not set
2025-06-27 00:16:22,781 [INFO] ImportTextPane:194 - (OptionalMessage_ERROR) IP (DMA) : Parameter (SignalID) has Id (DAC1_CH1) currently not set
2025-06-27 00:16:22,781 [INFO] ImportTextPane:194 - (OptionalMessage_ERROR) IP (DMA) : Parameter (Polarity) has Id (DAC1_CH1) currently not set
2025-06-27 00:16:22,781 [INFO] ImportTextPane:194 - (OptionalMessage_ERROR) IP (DMA) : Parameter (RequestNumber) has Id (DAC1_CH1) currently not set
2025-06-27 00:16:22,781 [INFO] ImportTextPane:194 - (OptionalMessage_ERROR) IP (DMA) : Parameter (SyncSignalID) has Id (DAC1_CH1) currently not set
2025-06-27 00:16:22,781 [INFO] ImportTextPane:194 - (OptionalMessage_ERROR) IP (DMA) : Parameter (SyncPolarity) has Id (DAC1_CH1) currently not set
2025-06-27 00:16:22,781 [INFO] ImportTextPane:194 - (OptionalMessage_ERROR) IP (DMA) : Parameter (SyncEnable) has Id (DAC1_CH1) currently not set
2025-06-27 00:16:22,781 [INFO] ImportTextPane:194 - (OptionalMessage_ERROR) IP (DMA) : Parameter (EventEnable) has Id (DAC1_CH1) currently not set
2025-06-27 00:16:22,781 [INFO] ImportTextPane:194 - (OptionalMessage_ERROR) IP (DMA) : Parameter (SyncRequestNumber) has Id (DAC1_CH1) currently not set
2025-06-27 00:16:22,781 [INFO] ImportTextPane:194 - (OptionalMessage_ERROR) IP (DMA) : Parameter (Instance) has Id (FMAC_READ) currently not set
2025-06-27 00:16:22,781 [INFO] ImportTextPane:194 - (OptionalMessage_ERROR) IP (DMA) : Parameter (Request) has Id (FMAC_READ) currently not set
2025-06-27 00:16:22,781 [INFO] ImportTextPane:194 - (OptionalMessage_ERROR) IP (DMA) : Parameter (Direction) has Id (FMAC_READ) currently not set
2025-06-27 00:16:22,781 [INFO] ImportTextPane:194 - (OptionalMessage_ERROR) IP (DMA) : Parameter (PeriphInc) has Id (FMAC_READ) currently not set
2025-06-27 00:16:22,781 [INFO] ImportTextPane:194 - (OptionalMessage_ERROR) IP (DMA) : Parameter (MemInc) has Id (FMAC_READ) currently not set
2025-06-27 00:16:22,781 [INFO] ImportTextPane:194 - (OptionalMessage_ERROR) IP (DMA) : Parameter (PeriphDataAlignment) has Id (FMAC_READ) currently not set
2025-06-27 00:16:22,781 [INFO] ImportTextPane:194 - (OptionalMessage_ERROR) IP (DMA) : Parameter (MemDataAlignment) has Id (FMAC_READ) currently not set
2025-06-27 00:16:22,781 [INFO] ImportTextPane:194 - (OptionalMessage_ERROR) IP (DMA) : Parameter (Mode) has Id (FMAC_READ) currently not set
2025-06-27 00:16:22,781 [INFO] ImportTextPane:194 - (OptionalMessage_ERROR) IP (DMA) : Parameter (Priority) has Id (FMAC_READ) currently not set
2025-06-27 00:16:22,781 [INFO] ImportTextPane:194 - (OptionalMessage_ERROR) IP (DMA) : Parameter (SignalID) has Id (FMAC_READ) currently not set
2025-06-27 00:16:22,781 [INFO] ImportTextPane:194 - (OptionalMessage_ERROR) IP (DMA) : Parameter (Polarity) has Id (FMAC_READ) currently not set
2025-06-27 00:16:22,781 [INFO] ImportTextPane:194 - (OptionalMessage_ERROR) IP (DMA) : Parameter (RequestNumber) has Id (FMAC_READ) currently not set
2025-06-27 00:16:22,781 [INFO] ImportTextPane:194 - (OptionalMessage_ERROR) IP (DMA) : Parameter (SyncSignalID) has Id (FMAC_READ) currently not set
2025-06-27 00:16:22,781 [INFO] ImportTextPane:194 - (OptionalMessage_ERROR) IP (DMA) : Parameter (SyncPolarity) has Id (FMAC_READ) currently not set
2025-06-27 00:16:22,781 [INFO] ImportTextPane:194 - (OptionalMessage_ERROR) IP (DMA) : Parameter (SyncEnable) has Id (FMAC_READ) currently not set
2025-06-27 00:16:22,781 [INFO] ImportTextPane:194 - (OptionalMessage_ERROR) IP (DMA) : Parameter (EventEnable) has Id (FMAC_READ) currently not set
2025-06-27 00:16:22,781 [INFO] ImportTextPane:194 - (OptionalMessage_ERROR) IP (DMA) : Parameter (SyncRequestNumber) has Id (FMAC_READ) currently not set
2025-06-27 00:16:22,782 [INFO] ImportTextPane:194 - (OptionalMessage_ERROR) IP (DMA) : Parameter (Instance) has Id (FMAC_WRITE) currently not set
2025-06-27 00:16:22,782 [INFO] ImportTextPane:194 - (OptionalMessage_ERROR) IP (DMA) : Parameter (Request) has Id (FMAC_WRITE) currently not set
2025-06-27 00:16:22,782 [INFO] ImportTextPane:194 - (OptionalMessage_ERROR) IP (DMA) : Parameter (Direction) has Id (FMAC_WRITE) currently not set
2025-06-27 00:16:22,782 [INFO] ImportTextPane:194 - (OptionalMessage_ERROR) IP (DMA) : Parameter (PeriphInc) has Id (FMAC_WRITE) currently not set
2025-06-27 00:16:22,782 [INFO] ImportTextPane:194 - (OptionalMessage_ERROR) IP (DMA) : Parameter (MemInc) has Id (FMAC_WRITE) currently not set
2025-06-27 00:16:22,782 [INFO] ImportTextPane:194 - (OptionalMessage_ERROR) IP (DMA) : Parameter (PeriphDataAlignment) has Id (FMAC_WRITE) currently not set
2025-06-27 00:16:22,782 [INFO] ImportTextPane:194 - (OptionalMessage_ERROR) IP (DMA) : Parameter (MemDataAlignment) has Id (FMAC_WRITE) currently not set
2025-06-27 00:16:22,782 [INFO] ImportTextPane:194 - (OptionalMessage_ERROR) IP (DMA) : Parameter (Mode) has Id (FMAC_WRITE) currently not set
2025-06-27 00:16:22,782 [INFO] ImportTextPane:194 - (OptionalMessage_ERROR) IP (DMA) : Parameter (Priority) has Id (FMAC_WRITE) currently not set
2025-06-27 00:16:22,782 [INFO] ImportTextPane:194 - (OptionalMessage_ERROR) IP (DMA) : Parameter (SignalID) has Id (FMAC_WRITE) currently not set
2025-06-27 00:16:22,782 [INFO] ImportTextPane:194 - (OptionalMessage_ERROR) IP (DMA) : Parameter (Polarity) has Id (FMAC_WRITE) currently not set
2025-06-27 00:16:22,782 [INFO] ImportTextPane:194 - (OptionalMessage_ERROR) IP (DMA) : Parameter (RequestNumber) has Id (FMAC_WRITE) currently not set
2025-06-27 00:16:22,782 [INFO] ImportTextPane:194 - (OptionalMessage_ERROR) IP (DMA) : Parameter (SyncSignalID) has Id (FMAC_WRITE) currently not set
2025-06-27 00:16:22,782 [INFO] ImportTextPane:194 - (OptionalMessage_ERROR) IP (DMA) : Parameter (SyncPolarity) has Id (FMAC_WRITE) currently not set
2025-06-27 00:16:22,782 [INFO] ImportTextPane:194 - (OptionalMessage_ERROR) IP (DMA) : Parameter (SyncEnable) has Id (FMAC_WRITE) currently not set
2025-06-27 00:16:22,782 [INFO] ImportTextPane:194 - (OptionalMessage_ERROR) IP (DMA) : Parameter (EventEnable) has Id (FMAC_WRITE) currently not set
2025-06-27 00:16:22,782 [INFO] ImportTextPane:194 - (OptionalMessage_ERROR) IP (DMA) : Parameter (SyncRequestNumber) has Id (FMAC_WRITE) currently not set
2025-06-27 00:16:23,418 [INFO] UtilMem:75 - End LoadConfig() Used Memory: 553293600 Bytes (1073741824)
2025-06-27 00:16:23,454 [INFO] MicroXplorer:468 - Change Database Path : 
2025-06-27 00:16:23,454 [INFO] MicroXplorer:498 - Change Database Version : DB.6.0.100
2025-06-27 00:16:23,456 [WARN] ThirdParty:833 - waiting for thirdparty lock release [change project]
2025-06-27 00:16:23,456 [INFO] ThirdParty:835 - entering critical section [change project]
2025-06-27 00:16:23,456 [INFO] ThirdParty:1030 - CMSIS Pack Vendor :STMicroelectronics X-CUBE-PM33A1 1.0.0
2025-06-27 00:16:23,456 [INFO] ThirdParty:1030 - CMSIS Pack Vendor :STMicroelectronics USBPD 4.1
2025-06-27 00:16:23,456 [INFO] ThirdParty:1030 - CMSIS Pack Vendor :STMicroelectronics X-CUBE-GNSS1 6.0.0
2025-06-27 00:16:23,456 [INFO] ThirdParty:1030 - CMSIS Pack Vendor :STMicroelectronics USB_HOST 2.0.0
2025-06-27 00:16:23,456 [INFO] ThirdParty:1030 - CMSIS Pack Vendor :STMicroelectronics FP-SNS-MOTENVWB1 1.4.0
2025-06-27 00:16:23,456 [INFO] ThirdParty:1030 - CMSIS Pack Vendor :STMicroelectronics X-CUBE-AZRTOS-F4 1.1.0
2025-06-27 00:16:23,456 [INFO] ThirdParty:1030 - CMSIS Pack Vendor :STMicroelectronics LIBJPEG 8.0.0
2025-06-27 00:16:23,456 [INFO] ThirdParty:1030 - CMSIS Pack Vendor :STMicroelectronics FP-ATR-ASTRA1 2.0.2
2025-06-27 00:16:23,456 [INFO] ThirdParty:1030 - CMSIS Pack Vendor :STMicroelectronics X-CUBE-SMBUS 2.1.0
2025-06-27 00:16:23,456 [INFO] ThirdParty:1030 - CMSIS Pack Vendor :STMicroelectronics X-CUBE-WB05N 1.1.0
2025-06-27 00:16:23,456 [INFO] ThirdParty:1030 - CMSIS Pack Vendor :STMicroelectronics X-CUBE-ISPU 2.1.0
2025-06-27 00:16:23,456 [INFO] ThirdParty:1030 - CMSIS Pack Vendor :STMicroelectronics X-CUBE-FREERTOS 1.2.0
2025-06-27 00:16:23,456 [INFO] ThirdParty:1030 - CMSIS Pack Vendor :wolfSSL I-CUBE-wolfSSL 5.6.6
2025-06-27 00:16:23,456 [INFO] ThirdParty:1030 - CMSIS Pack Vendor :STMicroelectronics X-CUBE-TOUCHGFX 4.23.0
2025-06-27 00:16:23,456 [INFO] ThirdParty:1030 - CMSIS Pack Vendor :STMicroelectronics X-CUBE-AZRTOS-F7 1.1.0
2025-06-27 00:16:23,456 [INFO] ThirdParty:1030 - CMSIS Pack Vendor :STMicroelectronics X-CUBE-AZRTOS-L5 2.0.0
2025-06-27 00:16:23,456 [INFO] ThirdParty:1030 - CMSIS Pack Vendor :STMicroelectronics USB_DEVICE 2.0.0
2025-06-27 00:16:23,456 [INFO] ThirdParty:1030 - CMSIS Pack Vendor :STMicroelectronics X-CUBE-NFC6 3.1.0
2025-06-27 00:16:23,456 [INFO] ThirdParty:1030 - CMSIS Pack Vendor :ITTIA_DB I-CUBE-ITTIADB 8.8.0
2025-06-27 00:16:23,456 [INFO] ThirdParty:1030 - CMSIS Pack Vendor :STMicroelectronics FP-SNS-MOTENV1 4.3.2
2025-06-27 00:16:23,456 [INFO] ThirdParty:1030 - CMSIS Pack Vendor :STMicroelectronics X-CUBE-MEMS1 11.0.0
2025-06-27 00:16:23,456 [INFO] ThirdParty:1030 - CMSIS Pack Vendor :STMicroelectronics FreeRTOS 0.0.1
2025-06-27 00:16:23,456 [INFO] ThirdParty:1030 - CMSIS Pack Vendor :STMicroelectronics X-CUBE-DPower 1.2.0
2025-06-27 00:16:23,456 [INFO] ThirdParty:1030 - CMSIS Pack Vendor :STMicroelectronics FP-SNS-FLIGHT1 5.0.2
2025-06-27 00:16:23,456 [INFO] ThirdParty:1030 - CMSIS Pack Vendor :STMicroelectronics PDM2PCM 3.3.0
2025-06-27 00:16:23,456 [INFO] ThirdParty:1030 - CMSIS Pack Vendor :STMicroelectronics X-CUBE-DISPLAY 3.0.0
2025-06-27 00:16:23,456 [INFO] ThirdParty:1030 - CMSIS Pack Vendor :STMicroelectronics X-CUBE-BLE1 7.0.0
2025-06-27 00:16:23,456 [INFO] ThirdParty:1030 - CMSIS Pack Vendor :STMicroelectronics X-CUBE-NFC10 1.0.0
2025-06-27 00:16:23,456 [INFO] ThirdParty:1030 - CMSIS Pack Vendor :STMicroelectronics X-CUBE-BLEMGR 4.0.0
2025-06-27 00:16:23,456 [INFO] ThirdParty:1030 - CMSIS Pack Vendor :STMicroelectronics X-CUBE-FREERTOS 1.3.1
2025-06-27 00:16:23,456 [INFO] ThirdParty:1030 - CMSIS Pack Vendor :STMicroelectronics HAL Drivers 0.0.0
2025-06-27 00:16:23,456 [INFO] ThirdParty:1030 - CMSIS Pack Vendor :emotas I-CUBE-CANOPEN 1.3.0
2025-06-27 00:16:23,456 [INFO] ThirdParty:1030 - CMSIS Pack Vendor :STMicroelectronics X-CUBE-FREERTOS 1.3.0
2025-06-27 00:16:23,456 [INFO] ThirdParty:1030 - CMSIS Pack Vendor :STMicroelectronics X-CUBE-NFC7 1.0.1
2025-06-27 00:16:23,456 [INFO] ThirdParty:1030 - CMSIS Pack Vendor :STMicroelectronics MBEDTLS 2.14.1
2025-06-27 00:16:23,456 [INFO] ThirdParty:1030 - CMSIS Pack Vendor :STMicroelectronics X-CUBE-NFC6 3.0.0
2025-06-27 00:16:23,458 [INFO] ThirdParty:1030 - CMSIS Pack Vendor :quantropi X-CUBE-qispace-sdk-base 2.0.0
2025-06-27 00:16:23,458 [INFO] ThirdParty:1030 - CMSIS Pack Vendor :STMicroelectronics X-CUBE-BLEMGR 3.1.0
2025-06-27 00:16:23,458 [INFO] ThirdParty:1030 - CMSIS Pack Vendor :STMicroelectronics X-CUBE-AI 10.0.0
2025-06-27 00:16:23,458 [INFO] ThirdParty:1030 - CMSIS Pack Vendor :STMicroelectronics FP-SNS-SMARTAG2 1.2.0
2025-06-27 00:16:23,458 [INFO] ThirdParty:1030 - CMSIS Pack Vendor :STMicroelectronics X-CUBE-MEMS1 11.1.0
2025-06-27 00:16:23,458 [INFO] ThirdParty:1030 - CMSIS Pack Vendor :STMicroelectronics X-CUBE-AZRTOS-WL 2.0.0
2025-06-27 00:16:23,458 [INFO] ThirdParty:1030 - CMSIS Pack Vendor :STMicroelectronics X-CUBE-DPower 1.3.0
2025-06-27 00:16:23,458 [INFO] ThirdParty:1030 - CMSIS Pack Vendor :STMicroelectronics FP-SNS-MOTENV1 5.0.0
2025-06-27 00:16:23,458 [INFO] ThirdParty:1030 - CMSIS Pack Vendor :STMicroelectronics USB_DEVICE 1.0.0
2025-06-27 00:16:23,458 [INFO] ThirdParty:1030 - CMSIS Pack Vendor :STMicroelectronics X-CUBE-AI 8.1.0
2025-06-27 00:16:23,458 [INFO] ThirdParty:1030 - CMSIS Pack Vendor :wolfSSL I-CUBE-wolfMQTT 1.19.0
2025-06-27 00:16:23,458 [INFO] ThirdParty:1030 - CMSIS Pack Vendor :STMicroelectronics X-CUBE-AZRTOS-L4 2.0.0
2025-06-27 00:16:23,458 [INFO] ThirdParty:1030 - CMSIS Pack Vendor :STMicroelectronics ThreadX 0.0.2
2025-06-27 00:16:23,458 [INFO] ThirdParty:1030 - CMSIS Pack Vendor :WES I-CUBE-Cesium 1.3.0
2025-06-27 00:16:23,458 [INFO] ThirdParty:1030 - CMSIS Pack Vendor :STMicroelectronics lwIP 2.1.2
2025-06-27 00:16:23,458 [INFO] ThirdParty:1030 - CMSIS Pack Vendor :STMicroelectronics X-CUBE-SFXS2LP1 4.0.0
2025-06-27 00:16:23,458 [INFO] ThirdParty:1030 - CMSIS Pack Vendor :STMicroelectronics X-CUBE-BLE2 3.3.0
2025-06-27 00:16:23,458 [INFO] ThirdParty:1030 - CMSIS Pack Vendor :STMicroelectronics PDM2PCM 3.2.0
2025-06-27 00:16:23,458 [INFO] ThirdParty:1030 - CMSIS Pack Vendor :STMicroelectronics X-CUBE-AZRTOS-H7 3.3.0
2025-06-27 00:16:23,458 [INFO] ThirdParty:1030 - CMSIS Pack Vendor :STMicroelectronics X-CUBE-NFC9 1.0.0
2025-06-27 00:16:23,458 [INFO] ThirdParty:1030 - CMSIS Pack Vendor :STMicroelectronics X-CUBE-BLE1 7.1.0
2025-06-27 00:16:23,458 [INFO] ThirdParty:1030 - CMSIS Pack Vendor :STMicroelectronics USB_DEVICE 3.0.0
2025-06-27 00:16:23,458 [INFO] ThirdParty:1030 - CMSIS Pack Vendor :STMicroelectronics X-CUBE-TCPP 4.1.0
2025-06-27 00:16:23,458 [INFO] ThirdParty:1030 - CMSIS Pack Vendor :STMicroelectronics X-CUBE-IPS 3.0.0
2025-06-27 00:16:23,458 [INFO] ThirdParty:1030 - CMSIS Pack Vendor :STMicroelectronics X-CUBE-AZRTOS-WB 2.0.0
2025-06-27 00:16:23,458 [INFO] ThirdParty:1030 - CMSIS Pack Vendor :STMicroelectronics X-CUBE-GNSS1 7.0.0
2025-06-27 00:16:23,458 [INFO] ThirdParty:1030 - CMSIS Pack Vendor :STMicroelectronics X-CUBE-GNSS1 7.0.1
2025-06-27 00:16:23,458 [INFO] ThirdParty:1030 - CMSIS Pack Vendor :STMicroelectronics X-CUBE-TOUCHGFX 4.25.0
2025-06-27 00:16:23,458 [INFO] ThirdParty:1030 - CMSIS Pack Vendor :STMicroelectronics X-CUBE-AI 10.1.0
2025-06-27 00:16:23,458 [INFO] ThirdParty:1030 - CMSIS Pack Vendor :STMicroelectronics FP-SNS-STBOX1 2.0.0
2025-06-27 00:16:23,458 [INFO] ThirdParty:1030 - CMSIS Pack Vendor :STMicroelectronics X-CUBE-ALGOBUILD 1.3.0
2025-06-27 00:16:23,458 [INFO] ThirdParty:1030 - CMSIS Pack Vendor :STMicroelectronics X-CUBE-MEMS1 11.2.0
2025-06-27 00:16:23,458 [INFO] ThirdParty:1030 - CMSIS Pack Vendor :STMicroelectronics X-CUBE-AZRTOS-G0 1.1.0
2025-06-27 00:16:23,458 [INFO] ThirdParty:1030 - CMSIS Pack Vendor :STMicroelectronics X-CUBE-SAFEA1 1.2.2
2025-06-27 00:16:23,458 [INFO] ThirdParty:1030 - CMSIS Pack Vendor :STMicroelectronics X-CUBE-NFC4 3.0.0
2025-06-27 00:16:23,458 [INFO] ThirdParty:1030 - CMSIS Pack Vendor :STMicroelectronics X-CUBE-SUBG2 5.0.0
2025-06-27 00:16:23,458 [INFO] ThirdParty:1030 - CMSIS Pack Vendor :STMicroelectronics X-CUBE-AZRTOS-H7RS 1.1.0
2025-06-27 00:16:23,458 [INFO] ThirdParty:1030 - CMSIS Pack Vendor :STMicroelectronics STM32_WPAN 1.0.0
2025-06-27 00:16:23,458 [INFO] ThirdParty:1030 - CMSIS Pack Vendor :EmbeddedOffice I-CUBE-FS-RTOS 1.0.1
2025-06-27 00:16:23,458 [INFO] ThirdParty:1030 - CMSIS Pack Vendor :STMicroelectronics lwIP 2.0.3
2025-06-27 00:16:23,458 [INFO] ThirdParty:1030 - CMSIS Pack Vendor :Cesanta I-CUBE-Mongoose 7.13.0
2025-06-27 00:16:23,458 [INFO] ThirdParty:1030 - CMSIS Pack Vendor :STMicroelectronics USB_HOST 1.0.0
2025-06-27 00:16:23,458 [INFO] ThirdParty:1030 - CMSIS Pack Vendor :STMicroelectronics X-CUBE-AZRTOS-G4 2.0.0
2025-06-27 00:16:23,458 [INFO] ThirdParty:1030 - CMSIS Pack Vendor :STMicroelectronics X-CUBE-WB05N 2.0.0
2025-06-27 00:16:23,458 [INFO] ThirdParty:1030 - CMSIS Pack Vendor :STMicroelectronics PDM2PCM 3.1.0
2025-06-27 00:16:23,458 [INFO] ThirdParty:1030 - CMSIS Pack Vendor :Infineon AIROC-Wi-Fi-Bluetooth-STM32 1.5.1
2025-06-27 00:16:23,458 [INFO] ThirdParty:1030 - CMSIS Pack Vendor :STMicroelectronics X-CUBE-NFC7 2.0.0
2025-06-27 00:16:23,458 [INFO] ThirdParty:1030 - CMSIS Pack Vendor :RealThread X-CUBE-RT-Thread_Nano 4.1.1
2025-06-27 00:16:23,458 [INFO] ThirdParty:1030 - CMSIS Pack Vendor :STMicroelectronics FP-SNS-MOTENVWB1 1.3.1
2025-06-27 00:16:23,458 [INFO] ThirdParty:1030 - CMSIS Pack Vendor :STMicroelectronics FP-ATR-SIGFOX1 3.2.0
2025-06-27 00:16:23,458 [INFO] ThirdParty:1030 - CMSIS Pack Vendor :STMicroelectronics X-CUBE-ISPU 2.0.0
2025-06-27 00:16:23,458 [INFO] ThirdParty:1030 - CMSIS Pack Vendor :STMicroelectronics X-CUBE-EEPRMA1 5.1.0
2025-06-27 00:16:23,458 [INFO] ThirdParty:1030 - CMSIS Pack Vendor :STMicroelectronics MBEDTLS 2.16.2
2025-06-27 00:16:23,458 [INFO] ThirdParty:1030 - CMSIS Pack Vendor :STMicroelectronics X-CUBE-ALS 1.0.2
2025-06-27 00:16:23,458 [INFO] ThirdParty:1030 - CMSIS Pack Vendor :STMicroelectronics X-CUBE-MEMS1 10.0.0
2025-06-27 00:16:23,458 [INFO] ThirdParty:1030 - CMSIS Pack Vendor :STMicroelectronics X-CUBE-FREERTOS 1.1.0
2025-06-27 00:16:23,458 [INFO] ThirdParty:1030 - CMSIS Pack Vendor :STMicroelectronics X-CUBE-TOUCHGFX 4.24.1
2025-06-27 00:16:23,458 [INFO] ThirdParty:1030 - CMSIS Pack Vendor :wolfSSL I-CUBE-wolfTPM 3.4.0
2025-06-27 00:16:23,458 [INFO] ThirdParty:1030 - CMSIS Pack Vendor :portGmbH I-Cube-SoM-uGOAL 1.1.0
2025-06-27 00:16:23,458 [INFO] ThirdParty:1030 - CMSIS Pack Vendor :STMicroelectronics X-CUBE-ALS 1.0.1
2025-06-27 00:16:23,458 [INFO] ThirdParty:1030 - CMSIS Pack Vendor :STMicroelectronics ThreadX 1.0.0
2025-06-27 00:16:23,458 [INFO] ThirdParty:1030 - CMSIS Pack Vendor :SEGGER I-CUBE-embOS 1.3.1
2025-06-27 00:16:23,458 [INFO] ThirdParty:1030 - CMSIS Pack Vendor :STMicroelectronics X-CUBE-ALGOBUILD 1.4.0
2025-06-27 00:16:23,458 [INFO] ThirdParty:1030 - CMSIS Pack Vendor :STMicroelectronics X-CUBE-MEMS1 11.3.0
2025-06-27 00:16:23,458 [INFO] ThirdParty:1030 - CMSIS Pack Vendor :STMicroelectronics X-CUBE-AZRTOS-H7RS 1.0.0
2025-06-27 00:16:23,458 [INFO] ThirdParty:1030 - CMSIS Pack Vendor :STMicroelectronics FP-ATR-ASTRA1 2.0.0
2025-06-27 00:16:23,458 [INFO] ThirdParty:1030 - CMSIS Pack Vendor :STMicroelectronics X-CUBE-TOF1 3.4.2
2025-06-27 00:16:23,458 [INFO] ThirdParty:1030 - CMSIS Pack Vendor :STMicroelectronics X-CUBE-AI 9.1.0
2025-06-27 00:16:23,458 [INFO] ThirdParty:1030 - CMSIS Pack Vendor :STMicroelectronics X-CUBE-TOF1 3.4.0
2025-06-27 00:16:23,458 [INFO] ThirdParty:1030 - CMSIS Pack Vendor :STMicroelectronics X-CUBE-AZRTOS-H7 3.2.0
2025-06-27 00:16:23,458 [INFO] ThirdParty:1030 - CMSIS Pack Vendor :wolfSSL I-CUBE-wolfSSH 1.4.17
2025-06-27 00:16:23,459 [INFO] ThirdParty:841 - exiting critical section [change project]
2025-06-27 00:16:23,745 [INFO] PinOutPanel:1499 - setPackage(No Configuration,No Configuration)
2025-06-27 00:16:23,747 [INFO] PinOutPanel:1499 - setPackage(STM32G474RETx,LQFP64)
2025-06-27 00:16:24,021 [INFO] UtilMem:75 - Before build in PCC Used Memory: 791603288 Bytes (1073741824)
2025-06-27 00:16:24,501 [INFO] UtilMem:75 - After build in PCC Used Memory: 891740248 Bytes (1073741824)
2025-06-27 00:16:24,531 [INFO] IPUIPlugin:80 - create IPUIPlugin
2025-06-27 00:16:24,531 [INFO] IPUIPlugin:80 - create IPUIPlugin
2025-06-27 00:16:24,531 [INFO] IPUIPlugin:80 - create IPUIPlugin
2025-06-27 00:16:24,531 [INFO] IPUIPlugin:80 - create IPUIPlugin
2025-06-27 00:16:24,531 [INFO] IPUIPlugin:80 - create IPUIPlugin
2025-06-27 00:16:24,532 [INFO] IPUIPlugin:80 - create IPUIPlugin
2025-06-27 00:16:24,532 [INFO] IPUIPlugin:80 - create IPUIPlugin
2025-06-27 00:16:24,532 [INFO] IPUIPlugin:80 - create IPUIPlugin
2025-06-27 00:16:24,532 [INFO] IPUIPlugin:80 - create IPUIPlugin
2025-06-27 00:16:24,532 [INFO] IPUIPlugin:80 - create IPUIPlugin
2025-06-27 00:16:24,532 [INFO] IPUIPlugin:80 - create IPUIPlugin
2025-06-27 00:16:24,533 [INFO] IPUIPlugin:80 - create IPUIPlugin
2025-06-27 00:16:24,533 [INFO] IPUIPlugin:80 - create IPUIPlugin
2025-06-27 00:16:24,533 [INFO] IPUIPlugin:80 - create IPUIPlugin
2025-06-27 00:16:24,533 [INFO] IPUIPlugin:80 - create IPUIPlugin
2025-06-27 00:16:24,533 [INFO] IPUIPlugin:80 - create IPUIPlugin
2025-06-27 00:16:24,533 [INFO] IPUIPlugin:80 - create IPUIPlugin
2025-06-27 00:16:24,534 [INFO] IPUIPlugin:80 - create IPUIPlugin
2025-06-27 00:16:24,534 [INFO] IPUIPlugin:80 - create IPUIPlugin
2025-06-27 00:16:24,534 [INFO] IPUIPlugin:80 - create IPUIPlugin
2025-06-27 00:16:24,534 [INFO] IPUIPlugin:80 - create IPUIPlugin
2025-06-27 00:16:24,534 [INFO] IPUIPlugin:80 - create IPUIPlugin
2025-06-27 00:16:24,534 [INFO] IPUIPlugin:80 - create IPUIPlugin
2025-06-27 00:16:24,534 [INFO] IPUIPlugin:80 - create IPUIPlugin
2025-06-27 00:16:24,534 [INFO] IPUIPlugin:80 - create IPUIPlugin
2025-06-27 00:16:24,534 [INFO] IPUIPlugin:80 - create IPUIPlugin
2025-06-27 00:16:24,535 [INFO] IPUIPlugin:80 - create IPUIPlugin
2025-06-27 00:16:24,535 [INFO] IPUIPlugin:80 - create IPUIPlugin
2025-06-27 00:16:24,535 [INFO] IPUIPlugin:80 - create IPUIPlugin
2025-06-27 00:16:24,535 [INFO] IPUIPlugin:80 - create IPUIPlugin
2025-06-27 00:16:24,535 [INFO] IPUIPlugin:80 - create IPUIPlugin
2025-06-27 00:16:24,535 [INFO] IPUIPlugin:80 - create IPUIPlugin
2025-06-27 00:16:24,535 [INFO] IPUIPlugin:80 - create IPUIPlugin
2025-06-27 00:16:24,536 [INFO] IPUIPlugin:80 - create IPUIPlugin
2025-06-27 00:16:24,536 [INFO] IPUIPlugin:80 - create IPUIPlugin
2025-06-27 00:16:24,536 [INFO] IPUIPlugin:80 - create IPUIPlugin
2025-06-27 00:16:24,537 [INFO] IPUIPlugin:80 - create IPUIPlugin
2025-06-27 00:16:24,539 [INFO] IPUIPlugin:80 - create IPUIPlugin
2025-06-27 00:16:24,540 [INFO] IPUIPlugin:80 - create IPUIPlugin
2025-06-27 00:16:24,540 [INFO] IPUIPlugin:80 - create IPUIPlugin
2025-06-27 00:16:24,540 [INFO] IPUIPlugin:80 - create IPUIPlugin
2025-06-27 00:16:24,540 [INFO] IPUIPlugin:80 - create IPUIPlugin
2025-06-27 00:16:24,540 [INFO] IPUIPlugin:80 - create IPUIPlugin
2025-06-27 00:16:24,540 [INFO] IPUIPlugin:80 - create IPUIPlugin
2025-06-27 00:16:24,540 [INFO] IPUIPlugin:80 - create IPUIPlugin
2025-06-27 00:16:24,541 [INFO] IPUIPlugin:80 - create IPUIPlugin
2025-06-27 00:16:24,541 [INFO] IPUIPlugin:80 - create IPUIPlugin
2025-06-27 00:16:24,541 [INFO] IPUIPlugin:80 - create IPUIPlugin
2025-06-27 00:16:24,541 [INFO] IPUIPlugin:80 - create IPUIPlugin
2025-06-27 00:16:24,541 [INFO] IPUIPlugin:80 - create IPUIPlugin
2025-06-27 00:16:24,542 [INFO] IPUIPlugin:80 - create IPUIPlugin
2025-06-27 00:16:24,542 [INFO] IPUIPlugin:80 - create IPUIPlugin
2025-06-27 00:16:24,542 [INFO] IPUIPlugin:80 - create IPUIPlugin
2025-06-27 00:16:24,543 [INFO] IPUIPlugin:80 - create IPUIPlugin
2025-06-27 00:16:24,543 [INFO] IPUIPlugin:80 - create IPUIPlugin
2025-06-27 00:16:24,544 [INFO] IPUIPlugin:80 - create IPUIPlugin
2025-06-27 00:16:24,544 [INFO] IPUIPlugin:80 - create IPUIPlugin
2025-06-27 00:16:24,544 [INFO] IPUIPlugin:80 - create IPUIPlugin
2025-06-27 00:16:24,544 [INFO] IPUIPlugin:80 - create IPUIPlugin
2025-06-27 00:16:24,544 [INFO] IPUIPlugin:80 - create IPUIPlugin
2025-06-27 00:16:24,545 [INFO] IPUIPlugin:80 - create IPUIPlugin
2025-06-27 00:16:24,545 [INFO] IPUIPlugin:80 - create IPUIPlugin
2025-06-27 00:16:24,545 [INFO] IPUIPlugin:80 - create IPUIPlugin
2025-06-27 00:16:24,545 [INFO] IPUIPlugin:80 - create IPUIPlugin
2025-06-27 00:16:24,545 [INFO] IPUIPlugin:80 - create IPUIPlugin
2025-06-27 00:16:24,546 [INFO] IPUIPlugin:80 - create IPUIPlugin
2025-06-27 00:16:24,546 [INFO] IPUIPlugin:80 - create IPUIPlugin
2025-06-27 00:16:24,546 [INFO] IPUIPlugin:80 - create IPUIPlugin
2025-06-27 00:16:24,546 [INFO] IPUIPlugin:80 - create IPUIPlugin
2025-06-27 00:16:24,547 [INFO] IPUIPlugin:80 - create IPUIPlugin
2025-06-27 00:16:24,547 [INFO] IPUIPlugin:80 - create IPUIPlugin
2025-06-27 00:16:24,548 [INFO] IPUIPlugin:80 - create IPUIPlugin
2025-06-27 00:16:24,549 [INFO] IPUIPlugin:80 - create IPUIPlugin
2025-06-27 00:16:24,549 [INFO] IPUIPlugin:80 - create IPUIPlugin
2025-06-27 00:16:24,550 [INFO] IPUIPlugin:80 - create IPUIPlugin
2025-06-27 00:16:24,550 [INFO] IPUIPlugin:80 - create IPUIPlugin
2025-06-27 00:16:24,551 [INFO] IPUIPlugin:80 - create IPUIPlugin
2025-06-27 00:16:24,640 [INFO] CADModel:165 - CPN selected for project levelSTM32G474RET6
2025-06-27 00:16:24,640 [INFO] CADModel:114 - Register for checkConnection events
2025-06-27 00:16:24,697 [INFO] OpenFileManager:343 - Restore cursor
2025-06-27 00:18:09,569 [INFO] ADCParametersView:116 -                Rank 1 : false
2025-06-27 00:18:09,600 [INFO] ADCParametersView:116 -                Rank 1 : false
2025-06-27 00:18:09,600 [INFO] ADCParametersView:116 -                Rank 1 : false
2025-06-27 00:18:09,600 [INFO] ADCParametersView:116 -                Rank 1 : false
2025-06-27 00:18:09,600 [INFO] ADCParametersView:116 -                Rank 1 : false
2025-06-27 00:18:09,600 [INFO] ADCParametersView:116 -                Rank 1 : false
2025-06-27 00:18:09,600 [INFO] ADCParametersView:116 -                Rank 1 : false
2025-06-27 00:18:09,600 [INFO] ADCParametersView:116 -                Rank 1 : false
2025-06-27 00:18:09,600 [INFO] ADCParametersView:116 -                Rank 1 : false
2025-06-27 00:18:09,600 [INFO] ADCParametersView:116 -                Rank 1 : false
2025-06-27 00:18:09,600 [INFO] ADCParametersView:116 -                Rank 1 : false
2025-06-27 00:18:09,600 [INFO] ADCParametersView:116 -                Rank 1 : false
2025-06-27 00:18:09,600 [INFO] ADCParametersView:116 -                Rank 1 : false
2025-06-27 00:18:09,601 [INFO] ADCParametersView:116 -                Rank 1 : false
2025-06-27 00:18:09,601 [INFO] ADCParametersView:116 -                Rank 1 : false
2025-06-27 00:18:09,601 [INFO] ADCParametersView:116 -                Rank 1 : false
2025-06-27 00:18:09,601 [INFO] ADCParametersView:116 -                Rank 1 : false
2025-06-27 00:18:09,601 [INFO] ADCParametersView:116 -                Rank 1 : false
2025-06-27 00:18:09,601 [INFO] ADCParametersView:116 -                Rank 1 : false
2025-06-27 00:18:09,601 [INFO] ADCParametersView:116 -                Rank 1 : false
2025-06-27 00:18:09,601 [INFO] ADCParametersView:116 -                Rank 1 : false
2025-06-27 00:18:09,601 [INFO] ADCParametersView:116 -                Rank 1 : false
2025-06-27 00:18:09,614 [INFO] ADCParametersView:116 -                Rank 1 : false
2025-06-27 00:18:09,743 [INFO] NvicIntPanel:101 - NVIC parent = com.st.microxplorer.plugins.ip.nvic.MultiNvicIntPanel[,0,0,0x0,invalid,layout=javax.swing.BoxLayout,alignmentX=0.0,alignmentY=0.0,border=,flags=9,maximumSize=,minimumSize=,preferredSize=]
2025-06-27 00:18:09,862 [INFO] NvicIntPanel:101 - NVIC parent = com.st.microxplorer.plugins.ip.nvic.MultiNvicIntPanel[,0,0,0x0,invalid,layout=javax.swing.BoxLayout,alignmentX=0.0,alignmentY=0.0,border=,flags=9,maximumSize=,minimumSize=,preferredSize=]
2025-06-27 00:18:09,981 [INFO] NvicIntPanel:101 - NVIC parent = com.st.microxplorer.plugins.ip.nvic.MultiNvicIntPanel[,0,0,0x0,invalid,layout=javax.swing.BoxLayout,alignmentX=0.0,alignmentY=0.0,border=,flags=9,maximumSize=,minimumSize=,preferredSize=]
2025-06-27 00:18:10,124 [INFO] NvicIntPanel:101 - NVIC parent = com.st.microxplorer.plugins.ip.nvic.MultiNvicIntPanel[,0,0,0x0,invalid,layout=javax.swing.BoxLayout,alignmentX=0.0,alignmentY=0.0,border=,flags=9,maximumSize=,minimumSize=,preferredSize=]
2025-06-27 00:18:10,181 [INFO] ADCParametersView:116 -                Rank 1 : false
2025-06-27 00:18:10,182 [INFO] ADCParametersView:116 -                Rank 1 : false
2025-06-27 00:18:10,182 [INFO] ADCParametersView:116 -                Rank 1 : false
2025-06-27 00:18:10,182 [INFO] ADCParametersView:116 -                Rank 1 : false
2025-06-27 00:18:10,182 [INFO] ADCParametersView:116 -                Rank 1 : false
2025-06-27 00:18:10,182 [INFO] ADCParametersView:116 -                Rank 1 : false
2025-06-27 00:18:10,182 [INFO] ADCParametersView:116 -                Rank 1 : false
2025-06-27 00:18:10,182 [INFO] ADCParametersView:116 -                Rank 1 : false
2025-06-27 00:18:10,182 [INFO] ADCParametersView:116 -                Rank 1 : false
2025-06-27 00:18:10,182 [INFO] ADCParametersView:116 -                Rank 1 : false
2025-06-27 00:18:10,182 [INFO] ADCParametersView:116 -                Rank 1 : false
2025-06-27 00:18:10,182 [INFO] ADCParametersView:116 -                Rank 1 : false
2025-06-27 00:18:10,182 [INFO] ADCParametersView:116 -                Rank 1 : false
2025-06-27 00:18:10,182 [INFO] ADCParametersView:116 -                Rank 1 : false
2025-06-27 00:18:10,182 [INFO] ADCParametersView:116 -                Rank 1 : false
2025-06-27 00:18:10,182 [INFO] ADCParametersView:116 -                Rank 1 : false
2025-06-27 00:18:10,182 [INFO] ADCParametersView:116 -                Rank 1 : false
2025-06-27 00:18:10,182 [INFO] ADCParametersView:116 -                Rank 1 : false
2025-06-27 00:18:10,182 [INFO] ADCParametersView:116 -                Rank 1 : false
2025-06-27 00:18:10,182 [INFO] ADCParametersView:116 -                Rank 1 : false
2025-06-27 00:18:10,182 [INFO] ADCParametersView:116 -                Rank 1 : false
2025-06-27 00:18:10,192 [INFO] ADCParametersView:116 -                Rank 1 : false
2025-06-27 00:18:10,214 [INFO] ADCParametersView:116 -                Rank 1 : false
2025-06-27 00:18:10,215 [INFO] ADCParametersView:116 -                Rank 1 : false
2025-06-27 00:18:10,215 [INFO] ADCParametersView:116 -                Rank 1 : false
2025-06-27 00:18:10,215 [INFO] ADCParametersView:116 -                Rank 1 : false
2025-06-27 00:18:10,215 [INFO] ADCParametersView:116 -                Rank 1 : false
2025-06-27 00:18:10,215 [INFO] ADCParametersView:116 -                Rank 1 : false
2025-06-27 00:18:10,215 [INFO] ADCParametersView:116 -                Rank 1 : false
2025-06-27 00:18:10,215 [INFO] ADCParametersView:116 -                Rank 1 : false
2025-06-27 00:18:10,215 [INFO] ADCParametersView:116 -                Rank 1 : false
2025-06-27 00:18:10,215 [INFO] ADCParametersView:116 -                Rank 1 : false
2025-06-27 00:18:10,215 [INFO] ADCParametersView:116 -                Rank 1 : false
2025-06-27 00:18:10,215 [INFO] ADCParametersView:116 -                Rank 1 : false
2025-06-27 00:18:10,215 [INFO] ADCParametersView:116 -                Rank 1 : false
2025-06-27 00:18:10,216 [INFO] ADCParametersView:116 -                Rank 1 : false
2025-06-27 00:18:10,216 [INFO] ADCParametersView:116 -                Rank 1 : false
2025-06-27 00:18:10,216 [INFO] ADCParametersView:116 -                Rank 1 : false
2025-06-27 00:18:10,216 [INFO] ADCParametersView:116 -                Rank 1 : false
2025-06-27 00:18:10,216 [INFO] ADCParametersView:116 -                Rank 1 : false
2025-06-27 00:18:10,216 [INFO] ADCParametersView:116 -                Rank 1 : false
2025-06-27 00:18:10,216 [INFO] ADCParametersView:116 -                Rank 1 : false
2025-06-27 00:18:10,216 [INFO] ADCParametersView:116 -                Rank 1 : false
2025-06-27 00:18:10,228 [INFO] ADCParametersView:116 -                Rank 1 : false
2025-06-27 00:18:11,621 [INFO] UtilMem:75 - End SaveConfig() Used Memory: 522382656 Bytes (1073741824)
2025-06-27 00:18:11,696 [INFO] UtilMem:75 - End SaveConfig() Used Memory: 545032928 Bytes (1073741824)
2025-06-27 00:18:12,363 [INFO] UtilMem:75 - End SaveConfig() Used Memory: 592625496 Bytes (1073741824)
2025-06-27 00:18:12,617 [INFO] BlockDiagram:2759 - set Specific Code input for plugin: FMAC
2025-06-27 00:18:12,617 [INFO] BlockDiagram:2759 - set Specific Code input for plugin: DAC
2025-06-27 00:18:12,617 [INFO] BlockDiagram:2759 - set Specific Code input for plugin: TIM6_7G4
2025-06-27 00:18:12,617 [INFO] BlockDiagram:2759 - set Specific Code input for plugin: SYS
2025-06-27 00:18:12,617 [INFO] BlockDiagram:2759 - set Specific Code input for plugin: ADC
2025-06-27 00:18:12,618 [INFO] BlockDiagram:2759 - set Specific Code input for plugin: RCC
2025-06-27 00:18:12,618 [INFO] BlockDiagram:2759 - set Specific Code input for plugin: LPUART
2025-06-27 00:18:12,618 [INFO] BlockDiagram:2759 - set Specific Code input for plugin: NVIC
2025-06-27 00:18:12,618 [INFO] BlockDiagram:2759 - set Specific Code input for plugin: DMA
2025-06-27 00:18:12,618 [INFO] BlockDiagram:2759 - set Specific Code input for plugin: GPIO
2025-06-27 00:18:12,619 [INFO] CodeGenerator:807 - code generatio: config db path: D:\Program Files\STM32CubeIDE_1.14.1\STM32CubeIDE\plugins\com.st.stm32cube.common.mx_6.10.0.202311202037\\db\
2025-06-27 00:18:12,867 [INFO] CodeEngine:255 - oldGeneratedFile, D:\STM32G4\Benchmarking-STM32G4-Accelerators\BenchmarkingAccelerators\MXTmpFiles\license.tmp_save
2025-06-27 00:18:12,994 [INFO] CodeEngine:279 - Generated code: D:\STM32G4\Benchmarking-STM32G4-Accelerators\BenchmarkingAccelerators\MXTmpFiles\license.tmp
2025-06-27 00:18:13,047 [INFO] CodeEngine:255 - oldGeneratedFile, D:\STM32G4\Benchmarking-STM32G4-Accelerators\BenchmarkingAccelerators\MXTmpFiles\gpio.tmp_save
2025-06-27 00:18:13,153 [INFO] CodeEngine:279 - Generated code: D:\STM32G4\Benchmarking-STM32G4-Accelerators\BenchmarkingAccelerators\MXTmpFiles\gpio.tmp
2025-06-27 00:18:13,967 [INFO] CodeEngine:255 - oldGeneratedFile, D:\STM32G4\Benchmarking-STM32G4-Accelerators\BenchmarkingAccelerators\MXTmpFiles\dma.tmp_save
2025-06-27 00:18:14,055 [INFO] CodeEngine:279 - Generated code: D:\STM32G4\Benchmarking-STM32G4-Accelerators\BenchmarkingAccelerators\MXTmpFiles\dma.tmp
2025-06-27 00:18:14,067 [INFO] CodeEngine:255 - oldGeneratedFile, D:\STM32G4\Benchmarking-STM32G4-Accelerators\BenchmarkingAccelerators\MXTmpFiles\dma_GV.tmp_save
2025-06-27 00:18:14,125 [INFO] CodeEngine:279 - Generated code: D:\STM32G4\Benchmarking-STM32G4-Accelerators\BenchmarkingAccelerators\MXTmpFiles\dma_GV.tmp
2025-06-27 00:18:14,166 [INFO] CodeEngine:255 - oldGeneratedFile, D:\STM32G4\Benchmarking-STM32G4-Accelerators\BenchmarkingAccelerators\Core\Src\stm32g4xx_it.c_save
2025-06-27 00:18:14,368 [INFO] CodeEngine:279 - Generated code: D:\STM32G4\Benchmarking-STM32G4-Accelerators\BenchmarkingAccelerators\Core\Src\stm32g4xx_it.c
2025-06-27 00:18:14,386 [INFO] CodeEngine:255 - oldGeneratedFile, D:\STM32G4\Benchmarking-STM32G4-Accelerators\BenchmarkingAccelerators\Core\Inc\stm32g4xx_it.h_save
2025-06-27 00:18:14,482 [INFO] CodeEngine:279 - Generated code: D:\STM32G4\Benchmarking-STM32G4-Accelerators\BenchmarkingAccelerators\Core\Inc\stm32g4xx_it.h
2025-06-27 00:18:14,519 [INFO] CodeEngine:255 - oldGeneratedFile, D:\STM32G4\Benchmarking-STM32G4-Accelerators\BenchmarkingAccelerators\Core\Src\stm32g4xx_hal_msp.c_save
2025-06-27 00:18:14,676 [INFO] CodeEngine:279 - Generated code: D:\STM32G4\Benchmarking-STM32G4-Accelerators\BenchmarkingAccelerators\Core\Src\stm32g4xx_hal_msp.c
2025-06-27 00:18:14,691 [INFO] CodeEngine:255 - oldGeneratedFile, D:\STM32G4\Benchmarking-STM32G4-Accelerators\BenchmarkingAccelerators\MXTmpFiles\system.tmp_save
2025-06-27 00:18:14,751 [INFO] CodeEngine:279 - Generated code: D:\STM32G4\Benchmarking-STM32G4-Accelerators\BenchmarkingAccelerators\MXTmpFiles\system.tmp
2025-06-27 00:18:14,777 [INFO] CodeEngine:311 - oldGeneratedFile, D:\STM32G4\Benchmarking-STM32G4-Accelerators\BenchmarkingAccelerators\Core\Inc\stm32g4xx_hal_conf.h_save
2025-06-27 00:18:14,895 [INFO] CodeEngine:335 - Generated code: D:\STM32G4\Benchmarking-STM32G4-Accelerators\BenchmarkingAccelerators\Core\Inc\stm32g4xx_hal_conf.h
2025-06-27 00:18:14,933 [WARN] IPConfigManager:2946 - Warning: the RefConfig RCC_CommonPeriphClockConfig is not available in your config.xml file
2025-06-27 00:18:14,935 [WARN] IPConfigManager:3440 - IP not found : TIM
2025-06-27 00:18:14,936 [WARN] CodeGenerator:3939 - IP not found : null
2025-06-27 00:18:14,959 [INFO] CodeEngine:255 - oldGeneratedFile, D:\STM32G4\Benchmarking-STM32G4-Accelerators\BenchmarkingAccelerators\Core\Inc\main.h_save
2025-06-27 00:18:15,058 [INFO] CodeEngine:279 - Generated code: D:\STM32G4\Benchmarking-STM32G4-Accelerators\BenchmarkingAccelerators\Core\Inc\main.h
2025-06-27 00:18:15,079 [INFO] CodeEngine:255 - oldGeneratedFile, D:\STM32G4\Benchmarking-STM32G4-Accelerators\BenchmarkingAccelerators\Core\Src\main.c_save
2025-06-27 00:18:15,217 [INFO] CodeEngine:279 - Generated code: D:\STM32G4\Benchmarking-STM32G4-Accelerators\BenchmarkingAccelerators\Core\Src\main.c
2025-06-27 00:18:15,954 [INFO] ProjectBuilder:3076 - Time for Copy HAL[1] : 277mS.
2025-06-27 00:18:15,959 [INFO] ProjectBuilder:4485 - Project Generator version: 4.2.0-B44
2025-06-27 00:18:16,113 [INFO] ConfigFileManager:1495 - The Die is : DIE469
2025-06-27 00:18:16,131 [INFO] ApiDbMcu:508 - Load IP Config File for FATFS
2025-06-27 00:18:16,148 [INFO] ApiDbMcu:508 - Load IP Config File for FREERTOS
2025-06-27 00:18:16,163 [INFO] ApiDbMcu:508 - Load IP Config File for USBPD
2025-06-27 00:18:16,178 [INFO] ApiDbMcu:508 - Load IP Config File for USB_Device
2025-06-27 00:18:20,649 [INFO] ProjectBuilder:4747 - Time for Generating toolchain IDE Files: 4690mS.
2025-06-27 00:18:20,650 [INFO] ProjectBuilder:2947 - Time for Copy CMSIS : 1mS.
2025-06-27 00:18:20,653 [INFO] ProjectBuilder:2947 - Time for Copy CMSIS : 1mS.
2025-06-27 23:56:09,403 [INFO] NvicIntPanel:101 - NVIC parent = com.st.microxplorer.plugins.ip.nvic.MultiNvicIntPanel[,0,0,0x0,invalid,layout=javax.swing.BoxLayout,alignmentX=0.0,alignmentY=0.0,border=,flags=9,maximumSize=,minimumSize=,preferredSize=]
2025-06-27 23:56:15,772 [INFO] UtilMem:75 - End SaveConfig() Used Memory: 504849784 Bytes (1073741824)
2025-06-27 23:56:15,890 [INFO] UtilMem:75 - End SaveConfig() Used Memory: 526869880 Bytes (1073741824)
2025-06-27 23:56:16,386 [INFO] UtilMem:75 - End SaveConfig() Used Memory: 568286584 Bytes (1073741824)
2025-06-27 23:56:16,606 [INFO] BlockDiagram:2759 - set Specific Code input for plugin: FMAC
2025-06-27 23:56:16,606 [INFO] BlockDiagram:2759 - set Specific Code input for plugin: DAC
2025-06-27 23:56:16,606 [INFO] BlockDiagram:2759 - set Specific Code input for plugin: TIM6_7G4
2025-06-27 23:56:16,606 [INFO] BlockDiagram:2759 - set Specific Code input for plugin: SYS
2025-06-27 23:56:16,606 [INFO] BlockDiagram:2759 - set Specific Code input for plugin: ADC
2025-06-27 23:56:16,606 [INFO] BlockDiagram:2759 - set Specific Code input for plugin: RCC
2025-06-27 23:56:16,606 [INFO] BlockDiagram:2759 - set Specific Code input for plugin: LPUART
2025-06-27 23:56:16,606 [INFO] BlockDiagram:2759 - set Specific Code input for plugin: NVIC
2025-06-27 23:56:16,606 [INFO] BlockDiagram:2759 - set Specific Code input for plugin: DMA
2025-06-27 23:56:16,607 [INFO] BlockDiagram:2759 - set Specific Code input for plugin: GPIO
2025-06-27 23:56:16,610 [INFO] CodeGenerator:807 - code generatio: config db path: D:\Program Files\STM32CubeIDE_1.14.1\STM32CubeIDE\plugins\com.st.stm32cube.common.mx_6.10.0.202311202037\\db\
2025-06-27 23:56:16,653 [INFO] Argument:325 - Argument : hdmavalue: null
2025-06-27 23:56:16,653 [INFO] Argument:327 - 	 sub Args: 
2025-06-27 23:56:16,654 [INFO] Argument:325 - Argument : Instancevalue: DMA1_Channel1
2025-06-27 23:56:16,654 [INFO] Argument:335 - Argument : Instancevalue: DMA1_Channel1
2025-06-27 23:56:16,654 [INFO] Argument:325 - Argument : Initvalue: null
2025-06-27 23:56:16,654 [INFO] Argument:327 - 	 sub Args: 
2025-06-27 23:56:16,654 [INFO] Argument:325 - Argument : Requestvalue: DMA_REQUEST_DAC1_CHANNEL1
2025-06-27 23:56:16,654 [INFO] Argument:335 - Argument : Requestvalue: DMA_REQUEST_DAC1_CHANNEL1
2025-06-27 23:56:16,654 [INFO] Argument:325 - Argument : Directionvalue: DMA_MEMORY_TO_PERIPH
2025-06-27 23:56:16,654 [INFO] Argument:335 - Argument : Directionvalue: DMA_MEMORY_TO_PERIPH
2025-06-27 23:56:16,654 [INFO] Argument:325 - Argument : PeriphIncvalue: DMA_PINC_DISABLE
2025-06-27 23:56:16,654 [INFO] Argument:335 - Argument : PeriphIncvalue: DMA_PINC_DISABLE
2025-06-27 23:56:16,655 [INFO] Argument:325 - Argument : MemIncvalue: DMA_MINC_ENABLE
2025-06-27 23:56:16,655 [INFO] Argument:335 - Argument : MemIncvalue: DMA_MINC_ENABLE
2025-06-27 23:56:16,655 [INFO] Argument:325 - Argument : PeriphDataAlignmentvalue: DMA_PDATAALIGN_HALFWORD
2025-06-27 23:56:16,655 [INFO] Argument:335 - Argument : PeriphDataAlignmentvalue: DMA_PDATAALIGN_HALFWORD
2025-06-27 23:56:16,655 [INFO] Argument:325 - Argument : MemDataAlignmentvalue: DMA_MDATAALIGN_HALFWORD
2025-06-27 23:56:16,655 [INFO] Argument:335 - Argument : MemDataAlignmentvalue: DMA_MDATAALIGN_HALFWORD
2025-06-27 23:56:16,655 [INFO] Argument:325 - Argument : Modevalue: DMA_CIRCULAR
2025-06-27 23:56:16,655 [INFO] Argument:335 - Argument : Modevalue: DMA_CIRCULAR
2025-06-27 23:56:16,655 [INFO] Argument:325 - Argument : Priorityvalue: DMA_PRIORITY_LOW
2025-06-27 23:56:16,655 [INFO] Argument:335 - Argument : Priorityvalue: DMA_PRIORITY_LOW
2025-06-27 23:56:16,655 [INFO] Argument:325 - Argument : Lockvalue: null
2025-06-27 23:56:16,655 [INFO] Argument:335 - Argument : Lockvalue: null
2025-06-27 23:56:16,655 [INFO] Argument:325 - Argument : Statevalue: null
2025-06-27 23:56:16,655 [INFO] Argument:335 - Argument : Statevalue: null
2025-06-27 23:56:16,655 [INFO] Argument:325 - Argument : Parentvalue: null
2025-06-27 23:56:16,655 [INFO] Argument:335 - Argument : Parentvalue: null
2025-06-27 23:56:16,655 [INFO] Argument:325 - Argument : XferCpltCallbackvalue: null
2025-06-27 23:56:16,655 [INFO] Argument:335 - Argument : XferCpltCallbackvalue: null
2025-06-27 23:56:16,655 [INFO] Argument:325 - Argument : XferHalfCpltCallbackvalue: null
2025-06-27 23:56:16,655 [INFO] Argument:335 - Argument : XferHalfCpltCallbackvalue: null
2025-06-27 23:56:16,655 [INFO] Argument:325 - Argument : XferErrorCallbackvalue: null
2025-06-27 23:56:16,655 [INFO] Argument:335 - Argument : XferErrorCallbackvalue: null
2025-06-27 23:56:16,655 [INFO] Argument:325 - Argument : XferAbortCallbackvalue: null
2025-06-27 23:56:16,655 [INFO] Argument:335 - Argument : XferAbortCallbackvalue: null
2025-06-27 23:56:16,655 [INFO] Argument:325 - Argument : ErrorCodevalue: null
2025-06-27 23:56:16,655 [INFO] Argument:335 - Argument : ErrorCodevalue: null
2025-06-27 23:56:16,655 [INFO] Argument:325 - Argument : ChannelIndexvalue: null
2025-06-27 23:56:16,655 [INFO] Argument:335 - Argument : ChannelIndexvalue: null
2025-06-27 23:56:16,655 [INFO] Argument:325 - Argument : DMAmuxChannelvalue: null
2025-06-27 23:56:16,655 [INFO] Argument:335 - Argument : DMAmuxChannelvalue: null
2025-06-27 23:56:16,655 [INFO] Argument:325 - Argument : DMAmuxChannelStatusvalue: null
2025-06-27 23:56:16,655 [INFO] Argument:335 - Argument : DMAmuxChannelStatusvalue: null
2025-06-27 23:56:16,655 [INFO] Argument:325 - Argument : DMAmuxChannelStatusMaskvalue: null
2025-06-27 23:56:16,655 [INFO] Argument:335 - Argument : DMAmuxChannelStatusMaskvalue: null
2025-06-27 23:56:16,655 [INFO] Argument:325 - Argument : DMAmuxRequestGenvalue: null
2025-06-27 23:56:16,655 [INFO] Argument:335 - Argument : DMAmuxRequestGenvalue: null
2025-06-27 23:56:16,655 [INFO] Argument:325 - Argument : DMAmuxRequestGenStatusvalue: null
2025-06-27 23:56:16,655 [INFO] Argument:335 - Argument : DMAmuxRequestGenStatusvalue: null
2025-06-27 23:56:16,655 [INFO] Argument:325 - Argument : DMAmuxRequestGenStatusMaskvalue: null
2025-06-27 23:56:16,655 [INFO] Argument:335 - Argument : DMAmuxRequestGenStatusMaskvalue: null
2025-06-27 23:56:16,657 [INFO] Argument:325 - Argument : hdmavalue: null
2025-06-27 23:56:16,658 [INFO] Argument:327 - 	 sub Args: 
2025-06-27 23:56:16,658 [INFO] Argument:325 - Argument : Instancevalue: DMA1_Channel2
2025-06-27 23:56:16,658 [INFO] Argument:335 - Argument : Instancevalue: DMA1_Channel2
2025-06-27 23:56:16,658 [INFO] Argument:325 - Argument : Initvalue: null
2025-06-27 23:56:16,658 [INFO] Argument:327 - 	 sub Args: 
2025-06-27 23:56:16,658 [INFO] Argument:325 - Argument : Requestvalue: DMA_REQUEST_FMAC_READ
2025-06-27 23:56:16,658 [INFO] Argument:335 - Argument : Requestvalue: DMA_REQUEST_FMAC_READ
2025-06-27 23:56:16,658 [INFO] Argument:325 - Argument : Directionvalue: DMA_PERIPH_TO_MEMORY
2025-06-27 23:56:16,658 [INFO] Argument:335 - Argument : Directionvalue: DMA_PERIPH_TO_MEMORY
2025-06-27 23:56:16,658 [INFO] Argument:325 - Argument : PeriphIncvalue: DMA_PINC_DISABLE
2025-06-27 23:56:16,658 [INFO] Argument:335 - Argument : PeriphIncvalue: DMA_PINC_DISABLE
2025-06-27 23:56:16,658 [INFO] Argument:325 - Argument : MemIncvalue: DMA_MINC_ENABLE
2025-06-27 23:56:16,658 [INFO] Argument:335 - Argument : MemIncvalue: DMA_MINC_ENABLE
2025-06-27 23:56:16,658 [INFO] Argument:325 - Argument : PeriphDataAlignmentvalue: DMA_PDATAALIGN_WORD
2025-06-27 23:56:16,658 [INFO] Argument:335 - Argument : PeriphDataAlignmentvalue: DMA_PDATAALIGN_WORD
2025-06-27 23:56:16,658 [INFO] Argument:325 - Argument : MemDataAlignmentvalue: DMA_MDATAALIGN_WORD
2025-06-27 23:56:16,658 [INFO] Argument:335 - Argument : MemDataAlignmentvalue: DMA_MDATAALIGN_WORD
2025-06-27 23:56:16,658 [INFO] Argument:325 - Argument : Modevalue: DMA_NORMAL
2025-06-27 23:56:16,658 [INFO] Argument:335 - Argument : Modevalue: DMA_NORMAL
2025-06-27 23:56:16,658 [INFO] Argument:325 - Argument : Priorityvalue: DMA_PRIORITY_LOW
2025-06-27 23:56:16,658 [INFO] Argument:335 - Argument : Priorityvalue: DMA_PRIORITY_LOW
2025-06-27 23:56:16,658 [INFO] Argument:325 - Argument : Lockvalue: null
2025-06-27 23:56:16,658 [INFO] Argument:335 - Argument : Lockvalue: null
2025-06-27 23:56:16,658 [INFO] Argument:325 - Argument : Statevalue: null
2025-06-27 23:56:16,658 [INFO] Argument:335 - Argument : Statevalue: null
2025-06-27 23:56:16,658 [INFO] Argument:325 - Argument : Parentvalue: null
2025-06-27 23:56:16,658 [INFO] Argument:335 - Argument : Parentvalue: null
2025-06-27 23:56:16,658 [INFO] Argument:325 - Argument : XferCpltCallbackvalue: null
2025-06-27 23:56:16,658 [INFO] Argument:335 - Argument : XferCpltCallbackvalue: null
2025-06-27 23:56:16,658 [INFO] Argument:325 - Argument : XferHalfCpltCallbackvalue: null
2025-06-27 23:56:16,658 [INFO] Argument:335 - Argument : XferHalfCpltCallbackvalue: null
2025-06-27 23:56:16,658 [INFO] Argument:325 - Argument : XferErrorCallbackvalue: null
2025-06-27 23:56:16,658 [INFO] Argument:335 - Argument : XferErrorCallbackvalue: null
2025-06-27 23:56:16,658 [INFO] Argument:325 - Argument : XferAbortCallbackvalue: null
2025-06-27 23:56:16,658 [INFO] Argument:335 - Argument : XferAbortCallbackvalue: null
2025-06-27 23:56:16,658 [INFO] Argument:325 - Argument : ErrorCodevalue: null
2025-06-27 23:56:16,658 [INFO] Argument:335 - Argument : ErrorCodevalue: null
2025-06-27 23:56:16,658 [INFO] Argument:325 - Argument : ChannelIndexvalue: null
2025-06-27 23:56:16,658 [INFO] Argument:335 - Argument : ChannelIndexvalue: null
2025-06-27 23:56:16,658 [INFO] Argument:325 - Argument : DMAmuxChannelvalue: null
2025-06-27 23:56:16,658 [INFO] Argument:335 - Argument : DMAmuxChannelvalue: null
2025-06-27 23:56:16,658 [INFO] Argument:325 - Argument : DMAmuxChannelStatusvalue: null
2025-06-27 23:56:16,658 [INFO] Argument:335 - Argument : DMAmuxChannelStatusvalue: null
2025-06-27 23:56:16,658 [INFO] Argument:325 - Argument : DMAmuxChannelStatusMaskvalue: null
2025-06-27 23:56:16,658 [INFO] Argument:335 - Argument : DMAmuxChannelStatusMaskvalue: null
2025-06-27 23:56:16,658 [INFO] Argument:325 - Argument : DMAmuxRequestGenvalue: null
2025-06-27 23:56:16,659 [INFO] Argument:335 - Argument : DMAmuxRequestGenvalue: null
2025-06-27 23:56:16,659 [INFO] Argument:325 - Argument : DMAmuxRequestGenStatusvalue: null
2025-06-27 23:56:16,659 [INFO] Argument:335 - Argument : DMAmuxRequestGenStatusvalue: null
2025-06-27 23:56:16,659 [INFO] Argument:325 - Argument : DMAmuxRequestGenStatusMaskvalue: null
2025-06-27 23:56:16,659 [INFO] Argument:335 - Argument : DMAmuxRequestGenStatusMaskvalue: null
2025-06-27 23:56:16,659 [INFO] Argument:325 - Argument : hdmavalue: null
2025-06-27 23:56:16,659 [INFO] Argument:327 - 	 sub Args: 
2025-06-27 23:56:16,659 [INFO] Argument:325 - Argument : Instancevalue: DMA1_Channel3
2025-06-27 23:56:16,659 [INFO] Argument:335 - Argument : Instancevalue: DMA1_Channel3
2025-06-27 23:56:16,659 [INFO] Argument:325 - Argument : Initvalue: null
2025-06-27 23:56:16,659 [INFO] Argument:327 - 	 sub Args: 
2025-06-27 23:56:16,660 [INFO] Argument:325 - Argument : Requestvalue: DMA_REQUEST_FMAC_WRITE
2025-06-27 23:56:16,660 [INFO] Argument:335 - Argument : Requestvalue: DMA_REQUEST_FMAC_WRITE
2025-06-27 23:56:16,660 [INFO] Argument:325 - Argument : Directionvalue: DMA_MEMORY_TO_PERIPH
2025-06-27 23:56:16,660 [INFO] Argument:335 - Argument : Directionvalue: DMA_MEMORY_TO_PERIPH
2025-06-27 23:56:16,660 [INFO] Argument:325 - Argument : PeriphIncvalue: DMA_PINC_DISABLE
2025-06-27 23:56:16,660 [INFO] Argument:335 - Argument : PeriphIncvalue: DMA_PINC_DISABLE
2025-06-27 23:56:16,660 [INFO] Argument:325 - Argument : MemIncvalue: DMA_MINC_ENABLE
2025-06-27 23:56:16,660 [INFO] Argument:335 - Argument : MemIncvalue: DMA_MINC_ENABLE
2025-06-27 23:56:16,660 [INFO] Argument:325 - Argument : PeriphDataAlignmentvalue: DMA_PDATAALIGN_WORD
2025-06-27 23:56:16,660 [INFO] Argument:335 - Argument : PeriphDataAlignmentvalue: DMA_PDATAALIGN_WORD
2025-06-27 23:56:16,660 [INFO] Argument:325 - Argument : MemDataAlignmentvalue: DMA_MDATAALIGN_HALFWORD
2025-06-27 23:56:16,660 [INFO] Argument:335 - Argument : MemDataAlignmentvalue: DMA_MDATAALIGN_HALFWORD
2025-06-27 23:56:16,660 [INFO] Argument:325 - Argument : Modevalue: DMA_CIRCULAR
2025-06-27 23:56:16,660 [INFO] Argument:335 - Argument : Modevalue: DMA_CIRCULAR
2025-06-27 23:56:16,660 [INFO] Argument:325 - Argument : Priorityvalue: DMA_PRIORITY_LOW
2025-06-27 23:56:16,660 [INFO] Argument:335 - Argument : Priorityvalue: DMA_PRIORITY_LOW
2025-06-27 23:56:16,660 [INFO] Argument:325 - Argument : Lockvalue: null
2025-06-27 23:56:16,660 [INFO] Argument:335 - Argument : Lockvalue: null
2025-06-27 23:56:16,660 [INFO] Argument:325 - Argument : Statevalue: null
2025-06-27 23:56:16,660 [INFO] Argument:335 - Argument : Statevalue: null
2025-06-27 23:56:16,660 [INFO] Argument:325 - Argument : Parentvalue: null
2025-06-27 23:56:16,660 [INFO] Argument:335 - Argument : Parentvalue: null
2025-06-27 23:56:16,660 [INFO] Argument:325 - Argument : XferCpltCallbackvalue: null
2025-06-27 23:56:16,660 [INFO] Argument:335 - Argument : XferCpltCallbackvalue: null
2025-06-27 23:56:16,660 [INFO] Argument:325 - Argument : XferHalfCpltCallbackvalue: null
2025-06-27 23:56:16,660 [INFO] Argument:335 - Argument : XferHalfCpltCallbackvalue: null
2025-06-27 23:56:16,660 [INFO] Argument:325 - Argument : XferErrorCallbackvalue: null
2025-06-27 23:56:16,660 [INFO] Argument:335 - Argument : XferErrorCallbackvalue: null
2025-06-27 23:56:16,660 [INFO] Argument:325 - Argument : XferAbortCallbackvalue: null
2025-06-27 23:56:16,660 [INFO] Argument:335 - Argument : XferAbortCallbackvalue: null
2025-06-27 23:56:16,660 [INFO] Argument:325 - Argument : ErrorCodevalue: null
2025-06-27 23:56:16,660 [INFO] Argument:335 - Argument : ErrorCodevalue: null
2025-06-27 23:56:16,661 [INFO] Argument:325 - Argument : ChannelIndexvalue: null
2025-06-27 23:56:16,661 [INFO] Argument:335 - Argument : ChannelIndexvalue: null
2025-06-27 23:56:16,661 [INFO] Argument:325 - Argument : DMAmuxChannelvalue: null
2025-06-27 23:56:16,661 [INFO] Argument:335 - Argument : DMAmuxChannelvalue: null
2025-06-27 23:56:16,661 [INFO] Argument:325 - Argument : DMAmuxChannelStatusvalue: null
2025-06-27 23:56:16,661 [INFO] Argument:335 - Argument : DMAmuxChannelStatusvalue: null
2025-06-27 23:56:16,661 [INFO] Argument:325 - Argument : DMAmuxChannelStatusMaskvalue: null
2025-06-27 23:56:16,661 [INFO] Argument:335 - Argument : DMAmuxChannelStatusMaskvalue: null
2025-06-27 23:56:16,661 [INFO] Argument:325 - Argument : DMAmuxRequestGenvalue: null
2025-06-27 23:56:16,661 [INFO] Argument:335 - Argument : DMAmuxRequestGenvalue: null
2025-06-27 23:56:16,662 [INFO] Argument:325 - Argument : DMAmuxRequestGenStatusvalue: null
2025-06-27 23:56:16,662 [INFO] Argument:335 - Argument : DMAmuxRequestGenStatusvalue: null
2025-06-27 23:56:16,662 [INFO] Argument:325 - Argument : DMAmuxRequestGenStatusMaskvalue: null
2025-06-27 23:56:16,662 [INFO] Argument:335 - Argument : DMAmuxRequestGenStatusMaskvalue: null
2025-06-27 23:56:17,371 [INFO] CodeEngine:255 - oldGeneratedFile, D:\STM32G4\Benchmarking-STM32G4-Accelerators\BenchmarkingAccelerators\MXTmpFiles\license.tmp_save
2025-06-27 23:56:17,460 [INFO] CodeEngine:279 - Generated code: D:\STM32G4\Benchmarking-STM32G4-Accelerators\BenchmarkingAccelerators\MXTmpFiles\license.tmp
2025-06-27 23:56:17,506 [INFO] CodeEngine:255 - oldGeneratedFile, D:\STM32G4\Benchmarking-STM32G4-Accelerators\BenchmarkingAccelerators\MXTmpFiles\gpio.tmp_save
2025-06-27 23:56:17,590 [INFO] CodeEngine:279 - Generated code: D:\STM32G4\Benchmarking-STM32G4-Accelerators\BenchmarkingAccelerators\MXTmpFiles\gpio.tmp
2025-06-27 23:56:18,448 [INFO] CodeEngine:255 - oldGeneratedFile, D:\STM32G4\Benchmarking-STM32G4-Accelerators\BenchmarkingAccelerators\MXTmpFiles\dma.tmp_save
2025-06-27 23:56:18,518 [INFO] CodeEngine:279 - Generated code: D:\STM32G4\Benchmarking-STM32G4-Accelerators\BenchmarkingAccelerators\MXTmpFiles\dma.tmp
2025-06-27 23:56:18,529 [INFO] CodeEngine:255 - oldGeneratedFile, D:\STM32G4\Benchmarking-STM32G4-Accelerators\BenchmarkingAccelerators\MXTmpFiles\dma_GV.tmp_save
2025-06-27 23:56:18,579 [INFO] CodeEngine:279 - Generated code: D:\STM32G4\Benchmarking-STM32G4-Accelerators\BenchmarkingAccelerators\MXTmpFiles\dma_GV.tmp
2025-06-27 23:56:18,620 [INFO] CodeEngine:255 - oldGeneratedFile, D:\STM32G4\Benchmarking-STM32G4-Accelerators\BenchmarkingAccelerators\Core\Src\stm32g4xx_it.c_save
2025-06-27 23:56:18,830 [INFO] CodeEngine:279 - Generated code: D:\STM32G4\Benchmarking-STM32G4-Accelerators\BenchmarkingAccelerators\Core\Src\stm32g4xx_it.c
2025-06-27 23:56:18,873 [INFO] CodeEngine:255 - oldGeneratedFile, D:\STM32G4\Benchmarking-STM32G4-Accelerators\BenchmarkingAccelerators\Core\Inc\stm32g4xx_it.h_save
2025-06-27 23:56:19,017 [INFO] CodeEngine:279 - Generated code: D:\STM32G4\Benchmarking-STM32G4-Accelerators\BenchmarkingAccelerators\Core\Inc\stm32g4xx_it.h
2025-06-27 23:56:19,061 [INFO] CodeEngine:255 - oldGeneratedFile, D:\STM32G4\Benchmarking-STM32G4-Accelerators\BenchmarkingAccelerators\Core\Src\stm32g4xx_hal_msp.c_save
2025-06-27 23:56:19,199 [INFO] CodeEngine:279 - Generated code: D:\STM32G4\Benchmarking-STM32G4-Accelerators\BenchmarkingAccelerators\Core\Src\stm32g4xx_hal_msp.c
2025-06-27 23:56:19,219 [INFO] CodeEngine:255 - oldGeneratedFile, D:\STM32G4\Benchmarking-STM32G4-Accelerators\BenchmarkingAccelerators\MXTmpFiles\system.tmp_save
2025-06-27 23:56:19,287 [INFO] CodeEngine:279 - Generated code: D:\STM32G4\Benchmarking-STM32G4-Accelerators\BenchmarkingAccelerators\MXTmpFiles\system.tmp
2025-06-27 23:56:19,321 [INFO] CodeEngine:311 - oldGeneratedFile, D:\STM32G4\Benchmarking-STM32G4-Accelerators\BenchmarkingAccelerators\Core\Inc\stm32g4xx_hal_conf.h_save
2025-06-27 23:56:19,409 [INFO] CodeEngine:335 - Generated code: D:\STM32G4\Benchmarking-STM32G4-Accelerators\BenchmarkingAccelerators\Core\Inc\stm32g4xx_hal_conf.h
2025-06-27 23:56:19,432 [WARN] IPConfigManager:2946 - Warning: the RefConfig RCC_CommonPeriphClockConfig is not available in your config.xml file
2025-06-27 23:56:19,435 [WARN] IPConfigManager:3440 - IP not found : TIM
2025-06-27 23:56:19,436 [WARN] CodeGenerator:3939 - IP not found : null
2025-06-27 23:56:19,464 [INFO] CodeEngine:255 - oldGeneratedFile, D:\STM32G4\Benchmarking-STM32G4-Accelerators\BenchmarkingAccelerators\Core\Inc\main.h_save
2025-06-27 23:56:19,566 [INFO] CodeEngine:279 - Generated code: D:\STM32G4\Benchmarking-STM32G4-Accelerators\BenchmarkingAccelerators\Core\Inc\main.h
2025-06-27 23:56:19,595 [INFO] CodeEngine:255 - oldGeneratedFile, D:\STM32G4\Benchmarking-STM32G4-Accelerators\BenchmarkingAccelerators\Core\Src\main.c_save
2025-06-27 23:56:19,727 [INFO] CodeEngine:279 - Generated code: D:\STM32G4\Benchmarking-STM32G4-Accelerators\BenchmarkingAccelerators\Core\Src\main.c
2025-06-27 23:56:20,379 [INFO] ProjectBuilder:3076 - Time for Copy HAL[1] : 247mS.
2025-06-27 23:56:20,383 [INFO] ProjectBuilder:4485 - Project Generator version: 4.2.0-B44
2025-06-27 23:56:20,520 [INFO] ConfigFileManager:1495 - The Die is : DIE469
2025-06-27 23:56:25,617 [INFO] ProjectBuilder:4747 - Time for Generating toolchain IDE Files: 5234mS.
2025-06-27 23:56:25,618 [INFO] ProjectBuilder:2947 - Time for Copy CMSIS : 0mS.
2025-06-27 23:56:25,621 [INFO] ProjectBuilder:2947 - Time for Copy CMSIS : 1mS.
2025-06-27 23:58:22,384 [INFO] NvicIntPanel:101 - NVIC parent = com.st.microxplorer.plugins.ip.nvic.MultiNvicIntPanel[,0,0,0x0,invalid,layout=javax.swing.BoxLayout,alignmentX=0.0,alignmentY=0.0,border=,flags=9,maximumSize=,minimumSize=,preferredSize=]
