2025-08-24 19:08:30,370 [INFO] Activator:176 - 


2025-08-24 19:08:30,376 [INFO] Activator:177 - !SESSION log4j initialized
2025-08-24 19:08:35,527 [INFO] LogOutputStream:77 - [STDOUT_REDIRECT] 
2025-08-24 19:08:41,225 [INFO] ApplicationProperties:184 - Using Application install path: D:\Program Files\STM32CubeIDE_1.14.1\STM32CubeIDE\plugins\com.st.stm32cube.common.mx_6.10.0.202311202037
2025-08-24 19:08:41,242 [INFO] DbMcusXml:78 - Set database path to: D:\Program Files\STM32CubeIDE_1.14.1\STM32CubeIDE\plugins\com.st.stm32cube.common.mx_6.10.0.202311202037\\db\/mcu/
2025-08-24 19:08:41,243 [INFO] ApiDb:274 - Set plugin database path to: D:\Program Files\STM32CubeIDE_1.14.1\STM32CubeIDE\plugins\com.st.stm32cube.common.mx_6.10.0.202311202037\\db\/plugins/boardmanager/
2025-08-24 19:08:41,243 [WARN] ApiDb:259 - Overriding images path with different value:  => D:\Program Files\STM32CubeIDE_1.14.1\STM32CubeIDE\plugins\com.st.stm32cube.common.mx_6.10.0.202311202037\\db\/plugins/mcufinder/images/
2025-08-24 19:08:41,252 [INFO] ApiDb:250 - Set database path to: C:\Users\abhim\.stmcufinder\plugins\mcufinder//mcu/
2025-08-24 19:08:41,254 [INFO] DbMcusAds:125 - Set database path to: C:\Users\abhim\.stmcufinder\plugins\mcufinder//mcu/
2025-08-24 19:08:41,255 [INFO] CrossReferenceDbSqlite:203 - Set database path to: C:\Users\abhim\.stmcufinder\plugins\mcufinder//mcu/cs/
2025-08-24 19:08:41,360 [INFO] RulesReader:64 - Compatibility file has been processed (297 Rules)
2025-08-24 19:08:41,429 [INFO] DbMcusXml:78 - Set database path to: D:\Program Files\STM32CubeIDE_1.14.1\STM32CubeIDE\plugins\com.st.stm32cube.common.mx_6.10.0.202311202037\\db\/mcu/
2025-08-24 19:08:41,429 [INFO] ApiDb:274 - Set plugin database path to: D:\Program Files\STM32CubeIDE_1.14.1\STM32CubeIDE\plugins\com.st.stm32cube.common.mx_6.10.0.202311202037\\db\/plugins/boardmanager/
2025-08-24 19:08:41,429 [INFO] ApiDb:261 - Set plugin images path to: D:\Program Files\STM32CubeIDE_1.14.1\STM32CubeIDE\plugins\com.st.stm32cube.common.mx_6.10.0.202311202037\\db\/plugins/mcufinder/images/
2025-08-24 19:08:41,429 [WARN] DbFile:41 - Overriding database path with different value: C:\Users\abhim\.stmcufinder\plugins\mcufinder/ => C:\Users\abhim\.stmcufinder\plugins\mcufinder
2025-08-24 19:08:41,429 [INFO] ApiDb:250 - Set database path to: C:\Users\abhim\.stmcufinder\plugins\mcufinder//mcu/
2025-08-24 19:08:41,429 [WARN] DbFile:41 - Overriding database path with different value: C:\Users\abhim\.stmcufinder\plugins\mcufinder/ => C:\Users\abhim\.stmcufinder\plugins\mcufinder
2025-08-24 19:08:41,429 [INFO] DbMcusAds:125 - Set database path to: C:\Users\abhim\.stmcufinder\plugins\mcufinder//mcu/
2025-08-24 19:08:41,430 [WARN] DbFile:41 - Overriding database path with different value: C:\Users\abhim\.stmcufinder\plugins\mcufinder/ => C:\Users\abhim\.stmcufinder\plugins\mcufinder
2025-08-24 19:08:41,430 [WARN] DbFile:41 - Overriding database path with different value: C:\Users\abhim\.stmcufinder\plugins\mcufinder/ => C:\Users\abhim\.stmcufinder\plugins\mcufinder
2025-08-24 19:08:41,430 [INFO] CrossReferenceDbSqlite:203 - Set database path to: C:\Users\abhim\.stmcufinder\plugins\mcufinder//mcu/cs/
2025-08-24 19:08:41,496 [INFO] MainPanel:264 - HeapMemory: 268435456
2025-08-24 19:08:41,577 [INFO] DbMcusXml:78 - Set database path to: D:\Program Files\STM32CubeIDE_1.14.1\STM32CubeIDE\plugins\com.st.stm32cube.common.mx_6.10.0.202311202037\\db\/mcu/
2025-08-24 19:08:41,577 [INFO] ApiDb:274 - Set plugin database path to: D:\Program Files\STM32CubeIDE_1.14.1\STM32CubeIDE\plugins\com.st.stm32cube.common.mx_6.10.0.202311202037\\db\/plugins/boardmanager/
2025-08-24 19:08:41,577 [INFO] ApiDb:261 - Set plugin images path to: D:\Program Files\STM32CubeIDE_1.14.1\STM32CubeIDE\plugins\com.st.stm32cube.common.mx_6.10.0.202311202037\\db\/plugins/mcufinder/images/
2025-08-24 19:08:41,577 [WARN] DbFile:41 - Overriding database path with different value: C:\Users\abhim\.stmcufinder\plugins\mcufinder/ => C:\Users\abhim\.stmcufinder\plugins\mcufinder
2025-08-24 19:08:41,577 [INFO] ApiDb:250 - Set database path to: C:\Users\abhim\.stmcufinder\plugins\mcufinder//mcu/
2025-08-24 19:08:41,577 [WARN] DbFile:41 - Overriding database path with different value: C:\Users\abhim\.stmcufinder\plugins\mcufinder/ => C:\Users\abhim\.stmcufinder\plugins\mcufinder
2025-08-24 19:08:41,577 [INFO] DbMcusAds:125 - Set database path to: C:\Users\abhim\.stmcufinder\plugins\mcufinder//mcu/
2025-08-24 19:08:41,578 [WARN] DbFile:41 - Overriding database path with different value: C:\Users\abhim\.stmcufinder\plugins\mcufinder/ => C:\Users\abhim\.stmcufinder\plugins\mcufinder
2025-08-24 19:08:41,578 [WARN] DbFile:41 - Overriding database path with different value: C:\Users\abhim\.stmcufinder\plugins\mcufinder/ => C:\Users\abhim\.stmcufinder\plugins\mcufinder
2025-08-24 19:08:41,578 [INFO] CrossReferenceDbSqlite:203 - Set database path to: C:\Users\abhim\.stmcufinder\plugins\mcufinder//mcu/cs/
2025-08-24 19:08:41,593 [INFO] ApplicationProperties:184 - Using Application install path: D:\Program Files\STM32CubeIDE_1.14.1\STM32CubeIDE\plugins\com.st.stm32cube.common.mx_6.10.0.202311202037
2025-08-24 19:08:41,595 [INFO] PluginManage:196 - Search for loadable plugins [exclusion list=, ]
2025-08-24 19:08:41,596 [INFO] PluginManage:310 - Check plugin analytics
2025-08-24 19:08:41,742 [INFO] AnalyticsPlugin:253 - Accepted Software Licenses: 
2025-08-24 19:08:41,742 [INFO] AnalyticsPlugin:255 - Accepted CMSIS Pack Licenses: 
2025-08-24 19:08:41,743 [INFO] AnalyticsPlugin:257 - Accepted Firmware Licenses: FW.G4.1.5.0
2025-08-24 19:08:41,745 [INFO] PluginManage:359 - Loaded plugin analytics (category:tool,tabindex:-1)
2025-08-24 19:08:41,745 [INFO] PluginManage:310 - Check plugin cadmodel
2025-08-24 19:08:41,763 [INFO] CADModel:105 - Init CAD model plugin
2025-08-24 19:08:41,764 [INFO] PluginManage:359 - Loaded plugin cadmodel (category:power,tabindex:5)
2025-08-24 19:08:41,764 [INFO] PluginManage:310 - Check plugin clock
2025-08-24 19:08:41,784 [INFO] PluginManage:359 - Loaded plugin clock (category:base,tabindex:2)
2025-08-24 19:08:41,785 [INFO] PluginManage:310 - Check plugin ddr
2025-08-24 19:08:41,787 [INFO] PluginManage:359 - Loaded plugin ddr (category:tool,tabindex:6)
2025-08-24 19:08:41,787 [INFO] PluginManage:310 - Check plugin filemanager
2025-08-24 19:08:41,914 [INFO] PluginManage:359 - Loaded plugin filemanager (category:base,tabindex:10)
2025-08-24 19:08:41,914 [INFO] PluginManage:310 - Check plugin ipmanager
2025-08-24 19:08:41,922 [INFO] PluginManage:359 - Loaded plugin ipmanager (category:base,tabindex:5)
2025-08-24 19:08:41,922 [INFO] PluginManage:310 - Check plugin lpbam
2025-08-24 19:08:41,939 [INFO] PluginManage:359 - Loaded plugin lpbam (category:base,tabindex:0)
2025-08-24 19:08:41,939 [INFO] PluginManage:310 - Check plugin memorymap
2025-08-24 19:08:41,963 [INFO] PluginManage:359 - Loaded plugin memorymap (category:base,tabindex:4)
2025-08-24 19:08:41,963 [INFO] PluginManage:310 - Check plugin pinoutandconfiguration
2025-08-24 19:08:41,981 [INFO] PluginManage:359 - Loaded plugin pinoutandconfiguration (category:base,tabindex:1)
2025-08-24 19:08:41,981 [INFO] PluginManage:310 - Check plugin pinoutconfig
2025-08-24 19:08:42,070 [WARN] SupportedApi:132 - Cannot load RTOS API schema: s4s-elt-must-match.1: The content of 'definitions' must match (annotation?, (simpleType | complexType)?, (unique | key | keyref)*)). A problem was found starting at: attribute.
2025-08-24 19:08:42,188 [INFO] PluginManage:359 - Loaded plugin pinoutconfig (category:base,tabindex:0)
2025-08-24 19:08:42,188 [INFO] PluginManage:310 - Check plugin power
2025-08-24 19:08:42,210 [INFO] PluginManage:359 - Loaded plugin power (category:power,tabindex:4)
2025-08-24 19:08:42,210 [INFO] PluginManage:310 - Check plugin projectmanager
2025-08-24 19:08:42,224 [INFO] PluginManage:359 - Loaded plugin projectmanager (category:projectmanager,tabindex:3)
2025-08-24 19:08:42,224 [INFO] PluginManage:310 - Check plugin thirdparty
2025-08-24 19:08:42,529 [INFO] PluginManage:359 - Loaded plugin thirdparty (category:base,tabindex:-1)
2025-08-24 19:08:42,529 [INFO] PluginManage:310 - Check plugin tools
2025-08-24 19:08:42,529 [WARN] IntegrityCheckThread:84 - waiting for thirdparty lock release [integrity check]
2025-08-24 19:08:42,529 [INFO] IntegrityCheckThread:86 - entering critical section [integrity check]
2025-08-24 19:08:42,529 [INFO] ThirdPartyUpdaterWithRetryManager:70 - Updater plugin not ready yet. [1/15]
2025-08-24 19:08:42,566 [INFO] PluginManage:359 - Loaded plugin tools (category:base,tabindex:7)
2025-08-24 19:08:42,566 [INFO] PluginManage:310 - Check plugin tutovideos
2025-08-24 19:08:42,751 [INFO] PluginManage:359 - Loaded plugin tutovideos (category:base,tabindex:-1)
2025-08-24 19:08:42,751 [INFO] PluginManage:310 - Check plugin updater
2025-08-24 19:08:42,763 [INFO] PluginManage:359 - Loaded plugin updater (category:base,tabindex:12)
2025-08-24 19:08:42,763 [INFO] PluginManage:310 - Check plugin userauth
2025-08-24 19:08:42,767 [INFO] UserAuth:114 - Init User Auth plugin
2025-08-24 19:08:42,767 [INFO] PluginManage:359 - Loaded plugin userauth (category:base,tabindex:14)
2025-08-24 19:08:42,768 [INFO] PluginManage:283 - PluginManage : Loaded plugins [17]
2025-08-24 19:08:42,961 [INFO] PinOutPanel:1499 - setPackage(No Configuration,No Configuration)
2025-08-24 19:08:43,029 [INFO] CADModel:165 - CPN selected for project level
2025-08-24 19:08:43,029 [INFO] CADModel:114 - Register for checkConnection events
2025-08-24 19:08:43,057 [INFO] IPUIPlugin:80 - create IPUIPlugin
2025-08-24 19:08:43,057 [INFO] PluginManager:220 - loadIPPluginJar : add adc
2025-08-24 19:08:43,094 [INFO] IPUIPlugin:80 - create IPUIPlugin
2025-08-24 19:08:43,094 [INFO] PluginManager:220 - loadIPPluginJar : add aes
2025-08-24 19:08:43,136 [INFO] IPUIPlugin:80 - create IPUIPlugin
2025-08-24 19:08:43,137 [INFO] PluginManager:220 - loadIPPluginJar : add can
2025-08-24 19:08:43,165 [INFO] IPUIPlugin:80 - create IPUIPlugin
2025-08-24 19:08:43,165 [INFO] PluginManager:220 - loadIPPluginJar : add comp
2025-08-24 19:08:43,200 [INFO] IPUIPlugin:80 - create IPUIPlugin
2025-08-24 19:08:43,200 [INFO] PluginManager:220 - loadIPPluginJar : add cryp
2025-08-24 19:08:43,234 [INFO] IPUIPlugin:80 - create IPUIPlugin
2025-08-24 19:08:43,234 [INFO] PluginManager:220 - loadIPPluginJar : add dfsdm
2025-08-24 19:08:43,249 [INFO] IPUIPlugin:80 - create IPUIPlugin
2025-08-24 19:08:43,249 [INFO] PluginManager:220 - loadIPPluginJar : add dma
2025-08-24 19:08:43,296 [INFO] IPUIPlugin:80 - create IPUIPlugin
2025-08-24 19:08:43,296 [INFO] PluginManager:220 - loadIPPluginJar : add dma3
2025-08-24 19:08:43,320 [INFO] IPUIPlugin:80 - create IPUIPlugin
2025-08-24 19:08:43,320 [INFO] PluginManager:220 - loadIPPluginJar : add fatfs
2025-08-24 19:08:43,368 [INFO] IPUIPlugin:80 - create IPUIPlugin
2025-08-24 19:08:43,368 [INFO] PluginManager:220 - loadIPPluginJar : add fmc
2025-08-24 19:08:43,384 [INFO] IPUIPlugin:80 - create IPUIPlugin
2025-08-24 19:08:43,385 [INFO] PluginManager:220 - loadIPPluginJar : add freertos
2025-08-24 19:08:43,408 [INFO] IPUIPlugin:80 - create IPUIPlugin
2025-08-24 19:08:43,408 [INFO] PluginManager:220 - loadIPPluginJar : add genericplugin
2025-08-24 19:08:43,501 [INFO] IPUIPlugin:80 - create IPUIPlugin
2025-08-24 19:08:43,501 [INFO] PluginManager:220 - loadIPPluginJar : add gfxmmu
2025-08-24 19:08:43,638 [INFO] IPUIPlugin:80 - create IPUIPlugin
2025-08-24 19:08:43,638 [INFO] PluginManager:220 - loadIPPluginJar : add gic
2025-08-24 19:08:43,651 [INFO] IPUIPlugin:80 - create IPUIPlugin
2025-08-24 19:08:43,651 [INFO] PluginManager:220 - loadIPPluginJar : add gpio
2025-08-24 19:08:43,743 [INFO] IPUIPlugin:80 - create IPUIPlugin
2025-08-24 19:08:43,743 [INFO] PluginManager:220 - loadIPPluginJar : add gtzc
2025-08-24 19:08:43,777 [INFO] IPUIPlugin:80 - create IPUIPlugin
2025-08-24 19:08:43,777 [INFO] PluginManager:220 - loadIPPluginJar : add hash
2025-08-24 19:08:43,835 [INFO] IPUIPlugin:80 - create IPUIPlugin
2025-08-24 19:08:43,836 [INFO] PluginManager:220 - loadIPPluginJar : add i2c
2025-08-24 19:08:43,877 [INFO] IPUIPlugin:80 - create IPUIPlugin
2025-08-24 19:08:43,878 [INFO] PluginManager:220 - loadIPPluginJar : add i2s
2025-08-24 19:08:43,922 [INFO] IPUIPlugin:80 - create IPUIPlugin
2025-08-24 19:08:43,922 [INFO] PluginManager:220 - loadIPPluginJar : add i3c
2025-08-24 19:08:44,019 [INFO] IPUIPlugin:80 - create IPUIPlugin
2025-08-24 19:08:44,019 [INFO] PluginManager:220 - loadIPPluginJar : add ipddr
2025-08-24 19:08:44,111 [INFO] IPUIPlugin:80 - create IPUIPlugin
2025-08-24 19:08:44,111 [INFO] PluginManager:220 - loadIPPluginJar : add linkedlist
2025-08-24 19:08:44,148 [INFO] IPUIPlugin:80 - create IPUIPlugin
2025-08-24 19:08:44,149 [INFO] PluginManager:220 - loadIPPluginJar : add lorawan
2025-08-24 19:08:44,189 [INFO] IPUIPlugin:80 - create IPUIPlugin
2025-08-24 19:08:44,189 [INFO] PluginManager:220 - loadIPPluginJar : add ltdc
2025-08-24 19:08:44,205 [INFO] IPUIPlugin:80 - create IPUIPlugin
2025-08-24 19:08:44,205 [INFO] PluginManager:220 - loadIPPluginJar : add mdma
2025-08-24 19:08:44,218 [INFO] IPUIPlugin:80 - create IPUIPlugin
2025-08-24 19:08:44,218 [INFO] PluginManager:220 - loadIPPluginJar : add nvic
2025-08-24 19:08:44,259 [INFO] IPUIPlugin:80 - create IPUIPlugin
2025-08-24 19:08:44,259 [INFO] PluginManager:220 - loadIPPluginJar : add opamp
2025-08-24 19:08:44,323 [INFO] IPUIPlugin:80 - create IPUIPlugin
2025-08-24 19:08:44,323 [INFO] PluginManager:220 - loadIPPluginJar : add openamp
2025-08-24 19:08:44,369 [INFO] IPUIPlugin:80 - create IPUIPlugin
2025-08-24 19:08:44,370 [INFO] PluginManager:220 - loadIPPluginJar : add pdm2pcm
2025-08-24 19:08:44,384 [INFO] IPUIPlugin:80 - create IPUIPlugin
2025-08-24 19:08:44,385 [INFO] PluginManager:220 - loadIPPluginJar : add plateformsettings
2025-08-24 19:08:44,412 [INFO] IPUIPlugin:80 - create IPUIPlugin
2025-08-24 19:08:44,412 [INFO] PluginManager:220 - loadIPPluginJar : add quadspi
2025-08-24 19:08:44,426 [INFO] IPUIPlugin:80 - create IPUIPlugin
2025-08-24 19:08:44,427 [INFO] PluginManager:220 - loadIPPluginJar : add resmgrutility
2025-08-24 19:08:44,475 [INFO] IPUIPlugin:80 - create IPUIPlugin
2025-08-24 19:08:44,475 [INFO] PluginManager:220 - loadIPPluginJar : add sai
2025-08-24 19:08:44,517 [INFO] IPUIPlugin:80 - create IPUIPlugin
2025-08-24 19:08:44,517 [INFO] PluginManager:220 - loadIPPluginJar : add spi
2025-08-24 19:08:44,582 [INFO] IPUIPlugin:80 - create IPUIPlugin
2025-08-24 19:08:44,582 [INFO] PluginManager:220 - loadIPPluginJar : add stm32_wpan
2025-08-24 19:08:44,609 [INFO] IPUIPlugin:80 - create IPUIPlugin
2025-08-24 19:08:44,609 [INFO] PluginManager:220 - loadIPPluginJar : add tim
2025-08-24 19:08:44,664 [INFO] IPUIPlugin:80 - create IPUIPlugin
2025-08-24 19:08:44,664 [INFO] PluginManager:220 - loadIPPluginJar : add touchsensing
2025-08-24 19:08:44,693 [INFO] IPUIPlugin:80 - create IPUIPlugin
2025-08-24 19:08:44,693 [INFO] PluginManager:220 - loadIPPluginJar : add tracer_emb
2025-08-24 19:08:44,723 [INFO] IPUIPlugin:80 - create IPUIPlugin
2025-08-24 19:08:44,723 [INFO] PluginManager:220 - loadIPPluginJar : add ts
2025-08-24 19:08:44,748 [INFO] IPUIPlugin:80 - create IPUIPlugin
2025-08-24 19:08:44,748 [INFO] PluginManager:220 - loadIPPluginJar : add tsc
2025-08-24 19:08:44,771 [INFO] IPUIPlugin:80 - create IPUIPlugin
2025-08-24 19:08:44,771 [INFO] PluginManager:220 - loadIPPluginJar : add ucpd
2025-08-24 19:08:44,814 [INFO] IPUIPlugin:80 - create IPUIPlugin
2025-08-24 19:08:44,815 [INFO] PluginManager:220 - loadIPPluginJar : add usart
2025-08-24 19:08:44,858 [INFO] IPUIPlugin:80 - create IPUIPlugin
2025-08-24 19:08:44,858 [INFO] PluginManager:220 - loadIPPluginJar : add usbx
2025-08-24 19:08:44,975 [INFO] CADModel:165 - CPN selected for project level
2025-08-24 19:08:44,975 [INFO] CADModel:114 - Register for checkConnection events
2025-08-24 19:08:44,976 [FATAL] Updater:308 - Updater called before beeing initialized
2025-08-24 19:08:44,976 [ERROR] CADModel:125 - Updater not yet initialized, retry later 
2025-08-24 19:08:45,085 [INFO] CADModel:165 - CPN selected for project level
2025-08-24 19:08:45,086 [INFO] CADModel:114 - Register for checkConnection events
2025-08-24 19:08:45,086 [FATAL] Updater:308 - Updater called before beeing initialized
2025-08-24 19:08:45,086 [ERROR] CADModel:125 - Updater not yet initialized, retry later 
2025-08-24 19:08:45,088 [FATAL] Updater:308 - Updater called before beeing initialized
2025-08-24 19:08:45,170 [FATAL] Updater:308 - Updater called before beeing initialized
2025-08-24 19:08:45,180 [INFO] DbMcusAds:53 - JSON generation date=Thu Jun 19 10:32:37 CEST 2025 (1750321957418)
2025-08-24 19:08:45,180 [FATAL] Updater:308 - Updater called before beeing initialized
2025-08-24 19:08:45,254 [WARN] DetailPanel:346 - Failed to get advertising image, set to default
2025-08-24 19:08:45,325 [FATAL] Updater:308 - Updater called before beeing initialized
2025-08-24 19:08:45,327 [FATAL] Updater:308 - Updater called before beeing initialized
2025-08-24 19:08:45,327 [FATAL] Updater:308 - Updater called before beeing initialized
2025-08-24 19:08:45,327 [WARN] DetailPanel:346 - Failed to get advertising image, set to default
2025-08-24 19:08:45,327 [FATAL] Updater:308 - Updater called before beeing initialized
2025-08-24 19:08:45,403 [ERROR] Updater:1120 - MainUpdater not yet initialized. External WinMGr cannot be set.
2025-08-24 19:08:45,416 [INFO] Updater:1056 - Updater Version found : 6.10.0
2025-08-24 19:08:45,433 [INFO] ApplicationProperties:184 - Using Application install path: D:\Program Files\STM32CubeIDE_1.14.1\STM32CubeIDE\plugins\com.st.stm32cube.common.mx_6.10.0.202311202037
2025-08-24 19:08:45,530 [INFO] ThirdPartyUpdaterWithRetryManager:70 - Updater plugin not ready yet. [2/15]
2025-08-24 19:08:47,014 [ERROR] LogOutputStream:75 - [STDERR_REDIRECT] Aug 24, 2025 7:08:47 PM java.util.prefs.WindowsPreferences <init>
2025-08-24 19:08:47,016 [ERROR] LogOutputStream:75 - [STDERR_REDIRECT] WARNING: Could not open/create prefs root node Software\JavaSoft\Prefs at root 0xffffffff80000002. Windows RegCreateKeyEx(...) returned error code 5.
2025-08-24 19:08:47,016 [ERROR] LogOutputStream:75 - [STDERR_REDIRECT] 
2025-08-24 19:08:47,253 [INFO] MainUpdater:2873 - connection check result : 10
2025-08-24 19:08:47,254 [INFO] MainUpdater:3567 - Updater definition file requires update
2025-08-24 19:08:47,255 [INFO] MainUpdater:290 - Updater Check For Update Now.
2025-08-24 19:08:47,255 [INFO] MicroXplorer:498 - Change Database Version : DB.6.0.100
2025-08-24 19:08:47,274 [INFO] McuFinderGlobals:63 - Set McuFinder mode to 2 (CubeIDE integrated)
2025-08-24 19:08:47,308 [INFO] ServerAccessManage:473 - Download File updaters.zip
2025-08-24 19:08:47,405 [INFO] FileExtend:240 - Unzip File : updaters.zip
2025-08-24 19:08:47,405 [INFO] FileExtend:255 - Standard Zip Deflate
2025-08-24 19:08:47,460 [INFO] UserAuth:404 - Internet connection configuration mode: 1
2025-08-24 19:08:47,516 [INFO] JxBrowserEngine:152 - Initiate JxBrowser Engine with user profile folder
2025-08-24 19:08:48,274 [INFO] ServerAccessManage:473 - Download File PacksControlFlags.xml
2025-08-24 19:08:48,420 [INFO] ServerAccessManage:473 - Download File cubemx.pidx
2025-08-24 19:08:48,532 [WARN] MainUpdater:1194 - Updater busy. Cannot search thirdparties
2025-08-24 19:08:48,533 [INFO] ThirdPartyUpdaterWithRetryManager:96 - Updater plugin is busy. [1/15]
2025-08-24 19:08:48,614 [INFO] LoadServerUpdatesThread:375 - End of LoadServerUpdate Thread
2025-08-24 19:08:48,792 [INFO] CheckServerUpdateThread:120 - End of CheckServer Thread
2025-08-24 19:08:51,297 [INFO] WebApp:161 - Instantiating new browser for Auth
2025-08-24 19:08:52,005 [WARN] PackLoader:240 - Cannot read IP mode file for STMicroelectronics.FP-SNS-MOTENVWB1.1.4.0
2025-08-24 19:08:52,028 [WARN] PackLoader:240 - Cannot read IP mode file for STMicroelectronics.FP-ATR-ASTRA1.2.0.2
2025-08-24 19:08:52,047 [WARN] PackLoader:240 - Cannot read IP mode file for STMicroelectronics.X-CUBE-SMBUS.2.1.0
2025-08-24 19:08:52,069 [WARN] PackLoader:240 - Cannot read IP mode file for STMicroelectronics.X-CUBE-WB05N.1.1.0
2025-08-24 19:08:52,097 [WARN] PackLoader:240 - Cannot read IP mode file for STMicroelectronics.X-CUBE-TOUCHGFX.4.23.0
2025-08-24 19:08:52,147 [WARN] PackLoader:240 - Cannot read IP mode file for STMicroelectronics.X-CUBE-AZRTOS-F7.1.1.0
2025-08-24 19:08:52,174 [WARN] PackLoader:240 - Cannot read IP mode file for STMicroelectronics.FP-SNS-MOTENV1.4.3.2
2025-08-24 19:08:52,268 [WARN] PackLoader:240 - Cannot read IP mode file for STMicroelectronics.X-CUBE-MEMS1.11.0.0
2025-08-24 19:08:52,441 [WARN] PackLoader:240 - Cannot read IP mode file for STMicroelectronics.FP-SNS-FLIGHT1.5.0.2
2025-08-24 19:08:52,497 [WARN] PackLoader:240 - Cannot read IP mode file for STMicroelectronics.X-CUBE-AZRTOS-H7.3.4.0
2025-08-24 19:08:52,498 [INFO] WebApp:780 - Register for checkConnection events
2025-08-24 19:08:52,499 [INFO] WebApp:414 - Apply proxy settings
2025-08-24 19:08:52,499 [INFO] WebApp:499 - Chromium requires no authentication
2025-08-24 19:08:52,512 [INFO] WebApp:442 - Direct internet connection detected
2025-08-24 19:08:52,525 [WARN] PackLoader:240 - Cannot read IP mode file for STMicroelectronics.X-CUBE-DISPLAY.3.0.0
2025-08-24 19:08:52,547 [WARN] PackLoader:240 - Cannot read IP mode file for STMicroelectronics.X-CUBE-BLE1.7.0.0
2025-08-24 19:08:52,566 [WARN] PackLoader:240 - Cannot read IP mode file for STMicroelectronics.X-CUBE-NFC10.1.0.0
2025-08-24 19:08:52,594 [WARN] PackLoader:240 - Cannot read IP mode file for STMicroelectronics.X-CUBE-BLEMGR.4.0.0
2025-08-24 19:08:52,613 [WARN] PackLoader:240 - Cannot read IP mode file for emotas.I-CUBE-CANOPEN.1.3.0
2025-08-24 19:08:52,632 [WARN] ConditionMgr:438 - getConditionDescription Invalid condition id : Cortex-A Device cause : null
2025-08-24 19:08:52,658 [WARN] ConditionMgr:1039 - genDependencies : Invalid condition id : Cortex-A Device cause : null
2025-08-24 19:08:52,659 [WARN] ConditionMgr:1039 - genDependencies : Invalid condition id : Cortex-A Device cause : null
2025-08-24 19:08:52,659 [WARN] ConditionMgr:1039 - genDependencies : Invalid condition id : Cortex-A Device cause : null
2025-08-24 19:08:52,677 [WARN] PackLoader:240 - Cannot read IP mode file for STMicroelectronics.X-CUBE-BLEMGR.3.1.0
2025-08-24 19:08:52,696 [WARN] PackLoader:240 - Cannot read IP mode file for STMicroelectronics.X-CUBE-AI.10.0.0
2025-08-24 19:08:52,713 [ERROR] Engine:466 - C:\Users\abhim\.stm32cubemx\thirdparties\pdsc\STMicroelectronics.FP-SNS-STBOX1.2.1.0.pdsc: PDSC version is not supported
2025-08-24 19:08:52,730 [WARN] PackLoader:240 - Cannot read IP mode file for STMicroelectronics.FP-SNS-SMARTAG2.1.2.0
2025-08-24 19:08:52,745 [ERROR] Engine:466 - C:\Users\abhim\.stm32cubemx\thirdparties\pdsc\STMicroelectronics.FP-SNS-FLIGHT1.5.1.0.pdsc: PDSC version is not supported
2025-08-24 19:08:52,768 [INFO] WebApp:192 - Starting web application
2025-08-24 19:08:52,768 [INFO] WebApp:544 - Web application path used D:\Program Files\STM32CubeIDE_1.14.1\STM32CubeIDE\plugins\com.st.stm32cube.common.mx_6.10.0.202311202037\db\plugins\mcufinder\reactClient1\index.html
2025-08-24 19:08:52,803 [WARN] PackLoader:240 - Cannot read IP mode file for STMicroelectronics.X-CUBE-MEMS1.11.1.0
2025-08-24 19:08:52,939 [INFO] LogOutputStream:77 - [STDOUT_REDIRECT] 1 : Invalid condition id : UX_CORESTACK_Condition cause : null
2025-08-24 19:08:52,939 [INFO] LogOutputStream:77 - [STDOUT_REDIRECT] 1 : Invalid condition id : UX_CORESTACK_Condition cause : null
2025-08-24 19:08:52,940 [INFO] LogOutputStream:77 - [STDOUT_REDIRECT] 1 : Invalid condition id : UX_CORESTACK_Condition cause : null
2025-08-24 19:08:52,941 [INFO] LogOutputStream:77 - [STDOUT_REDIRECT] 1 : Invalid condition id : UX_CORESTACK_Condition cause : null
2025-08-24 19:08:52,942 [INFO] LogOutputStream:77 - [STDOUT_REDIRECT] 1 : Invalid condition id : UX_CORESTACK_Condition cause : null
2025-08-24 19:08:52,944 [WARN] PackLoader:240 - Cannot read IP mode file for STMicroelectronics.X-CUBE-AZRTOS-WL.2.0.0
2025-08-24 19:08:52,962 [WARN] PackLoader:240 - Cannot read IP mode file for STMicroelectronics.FP-SNS-MOTENV1.5.0.0
2025-08-24 19:08:52,978 [WARN] PackLoader:240 - Cannot read IP mode file for wolfSSL.I-CUBE-wolfMQTT.1.19.0
2025-08-24 19:08:53,000 [WARN] PackLoader:240 - Cannot read IP mode file for WES.I-CUBE-Cesium.1.3.0
2025-08-24 19:08:53,019 [WARN] PackLoader:240 - Cannot read IP mode file for STMicroelectronics.X-CUBE-BLE2.3.3.0
2025-08-24 19:08:53,039 [WARN] PackLoader:240 - Cannot read IP mode file for STMicroelectronics.X-CUBE-NFC9.1.0.0
2025-08-24 19:08:53,063 [WARN] PackLoader:240 - Cannot read IP mode file for STMicroelectronics.X-CUBE-BLE1.7.1.0
2025-08-24 19:08:53,084 [WARN] PackLoader:240 - Cannot read IP mode file for STMicroelectronics.X-CUBE-TCPP.4.1.0
2025-08-24 19:08:53,109 [WARN] PackLoader:240 - Cannot read IP mode file for STMicroelectronics.X-CUBE-EEPRMA1.5.2.0
2025-08-24 19:08:53,128 [WARN] PackLoader:240 - Cannot read IP mode file for STMicroelectronics.X-CUBE-AI.10.1.0
2025-08-24 19:08:53,147 [WARN] PackLoader:240 - Cannot read IP mode file for STMicroelectronics.X-CUBE-ALGOBUILD.1.3.0
2025-08-24 19:08:53,210 [WARN] PackLoader:240 - Cannot read IP mode file for STMicroelectronics.X-CUBE-MEMS1.11.2.0
2025-08-24 19:08:53,308 [WARN] PackLoader:240 - Cannot read IP mode file for STMicroelectronics.X-CUBE-AZRTOS-G0.1.1.0
2025-08-24 19:08:53,326 [WARN] PackLoader:240 - Cannot read IP mode file for STMicroelectronics.X-CUBE-SAFEA1.1.2.2
2025-08-24 19:08:53,343 [WARN] PackLoader:240 - Cannot read IP mode file for STMicroelectronics.X-CUBE-NFC4.3.0.0
2025-08-24 19:08:53,361 [WARN] PackLoader:240 - Cannot read IP mode file for EmbeddedOffice.I-CUBE-FS-RTOS.1.0.1
2025-08-24 19:08:53,361 [ERROR] ConditionMgr:805 - Attr not supported : Dmpu
2025-08-24 19:08:53,361 [ERROR] ConditionMgr:805 - Attr not supported : Dmpu
2025-08-24 19:08:53,361 [ERROR] ConditionMgr:805 - Attr not supported : Dmpu
2025-08-24 19:08:53,361 [ERROR] ConditionMgr:805 - Attr not supported : Dmpu
2025-08-24 19:08:53,361 [ERROR] ConditionMgr:805 - Attr not supported : Dmpu
2025-08-24 19:08:53,361 [ERROR] ConditionMgr:805 - Attr not supported : Dmpu
2025-08-24 19:08:53,362 [ERROR] ConditionMgr:805 - Attr not supported : Dmpu
2025-08-24 19:08:53,362 [ERROR] ConditionMgr:805 - Attr not supported : Dmpu
2025-08-24 19:08:53,362 [ERROR] ConditionMgr:805 - Attr not supported : Dmpu
2025-08-24 19:08:53,362 [ERROR] ConditionMgr:805 - Attr not supported : Dmpu
2025-08-24 19:08:53,362 [ERROR] ConditionMgr:805 - Attr not supported : Dmpu
2025-08-24 19:08:53,362 [ERROR] ConditionMgr:805 - Attr not supported : Dmpu
2025-08-24 19:08:53,362 [ERROR] ConditionMgr:805 - Attr not supported : Dmpu
2025-08-24 19:08:53,362 [ERROR] ConditionMgr:805 - Attr not supported : Dmpu
2025-08-24 19:08:53,362 [ERROR] ConditionMgr:805 - Attr not supported : Dmpu
2025-08-24 19:08:53,362 [ERROR] ConditionMgr:805 - Attr not supported : Dmpu
2025-08-24 19:08:53,362 [ERROR] ConditionMgr:805 - Attr not supported : Dmpu
2025-08-24 19:08:53,362 [ERROR] ConditionMgr:805 - Attr not supported : Dmpu
2025-08-24 19:08:53,362 [ERROR] ConditionMgr:805 - Attr not supported : Dmpu
2025-08-24 19:08:53,362 [ERROR] ConditionMgr:805 - Attr not supported : Dmpu
2025-08-24 19:08:53,362 [ERROR] ConditionMgr:805 - Attr not supported : Dmpu
2025-08-24 19:08:53,362 [ERROR] ConditionMgr:805 - Attr not supported : Dmpu
2025-08-24 19:08:53,362 [ERROR] ConditionMgr:805 - Attr not supported : Dmpu
2025-08-24 19:08:53,362 [ERROR] ConditionMgr:805 - Attr not supported : Dmpu
2025-08-24 19:08:53,362 [ERROR] ConditionMgr:805 - Attr not supported : Dmpu
2025-08-24 19:08:53,362 [ERROR] ConditionMgr:805 - Attr not supported : Dmpu
2025-08-24 19:08:53,362 [ERROR] ConditionMgr:805 - Attr not supported : Dmpu
2025-08-24 19:08:53,362 [ERROR] ConditionMgr:805 - Attr not supported : Dmpu
2025-08-24 19:08:53,362 [ERROR] ConditionMgr:805 - Attr not supported : Dmpu
2025-08-24 19:08:53,362 [ERROR] ConditionMgr:805 - Attr not supported : Dmpu
2025-08-24 19:08:53,362 [ERROR] ConditionMgr:805 - Attr not supported : Dmpu
2025-08-24 19:08:53,362 [ERROR] ConditionMgr:805 - Attr not supported : Dmpu
2025-08-24 19:08:53,363 [ERROR] ConditionMgr:805 - Attr not supported : Dmpu
2025-08-24 19:08:53,363 [ERROR] ConditionMgr:805 - Attr not supported : Dmpu
2025-08-24 19:08:53,363 [ERROR] ConditionMgr:805 - Attr not supported : Dmpu
2025-08-24 19:08:53,363 [ERROR] ConditionMgr:805 - Attr not supported : Dmpu
2025-08-24 19:08:53,363 [ERROR] ConditionMgr:805 - Attr not supported : Dmpu
2025-08-24 19:08:53,363 [ERROR] ConditionMgr:805 - Attr not supported : Dmpu
2025-08-24 19:08:53,363 [ERROR] ConditionMgr:805 - Attr not supported : Dmpu
2025-08-24 19:08:53,363 [ERROR] ConditionMgr:805 - Attr not supported : Dmpu
2025-08-24 19:08:53,363 [ERROR] ConditionMgr:805 - Attr not supported : Dmpu
2025-08-24 19:08:53,363 [ERROR] ConditionMgr:805 - Attr not supported : Dmpu
2025-08-24 19:08:53,363 [ERROR] ConditionMgr:805 - Attr not supported : Dmpu
2025-08-24 19:08:53,363 [ERROR] ConditionMgr:805 - Attr not supported : Dmpu
2025-08-24 19:08:53,363 [ERROR] ConditionMgr:805 - Attr not supported : Dmpu
2025-08-24 19:08:53,363 [ERROR] ConditionMgr:805 - Attr not supported : Dmpu
2025-08-24 19:08:53,363 [ERROR] ConditionMgr:805 - Attr not supported : Dmpu
2025-08-24 19:08:53,363 [ERROR] ConditionMgr:805 - Attr not supported : Dmpu
2025-08-24 19:08:53,363 [ERROR] ConditionMgr:805 - Attr not supported : Dmpu
2025-08-24 19:08:53,363 [ERROR] ConditionMgr:805 - Attr not supported : Dmpu
2025-08-24 19:08:53,363 [ERROR] ConditionMgr:805 - Attr not supported : Dmpu
2025-08-24 19:08:53,363 [ERROR] ConditionMgr:805 - Attr not supported : Dmpu
2025-08-24 19:08:53,363 [ERROR] ConditionMgr:805 - Attr not supported : Dmpu
2025-08-24 19:08:53,363 [ERROR] ConditionMgr:805 - Attr not supported : Dmpu
2025-08-24 19:08:53,363 [ERROR] ConditionMgr:805 - Attr not supported : Dmpu
2025-08-24 19:08:53,363 [ERROR] ConditionMgr:805 - Attr not supported : Dmpu
2025-08-24 19:08:53,363 [ERROR] ConditionMgr:805 - Attr not supported : Dmpu
2025-08-24 19:08:53,364 [ERROR] ConditionMgr:805 - Attr not supported : Dmpu
2025-08-24 19:08:53,364 [ERROR] ConditionMgr:805 - Attr not supported : Dmpu
2025-08-24 19:08:53,364 [ERROR] ConditionMgr:805 - Attr not supported : Dmpu
2025-08-24 19:08:53,364 [ERROR] ConditionMgr:805 - Attr not supported : Dmpu
2025-08-24 19:08:53,364 [ERROR] ConditionMgr:805 - Attr not supported : Dmpu
2025-08-24 19:08:53,364 [ERROR] ConditionMgr:805 - Attr not supported : Dmpu
2025-08-24 19:08:53,364 [ERROR] ConditionMgr:805 - Attr not supported : Dmpu
2025-08-24 19:08:53,381 [WARN] PackLoader:240 - Cannot read IP mode file for STMicroelectronics.X-CUBE-WB05N.2.0.0
2025-08-24 19:08:53,399 [ERROR] Engine:466 - C:\Users\abhim\.stm32cubemx\thirdparties\pdsc\STMicroelectronics.X-CUBE-TCPP.4.2.0.pdsc: PDSC version is not supported
2025-08-24 19:08:53,414 [WARN] PackLoader:240 - Cannot read IP mode file for RealThread.X-CUBE-RT-Thread_Nano.4.1.1
2025-08-24 19:08:53,431 [WARN] PackLoader:240 - Cannot read IP mode file for STMicroelectronics.FP-ATR-SIGFOX1.3.2.0
2025-08-24 19:08:53,452 [WARN] PackLoader:240 - Cannot read IP mode file for STMicroelectronics.X-CUBE-EEPRMA1.5.1.0
2025-08-24 19:08:53,469 [ERROR] Engine:466 - C:\Users\abhim\.stm32cubemx\thirdparties\pdsc\STMicroelectronics.X-CUBE-ST67W61.1.0.0.pdsc: PDSC version is not supported
2025-08-24 19:08:53,485 [WARN] PackLoader:240 - Cannot read IP mode file for STMicroelectronics.X-CUBE-AI.10.2.0
2025-08-24 19:08:53,529 [WARN] PackLoader:240 - Cannot read IP mode file for SEGGER.I-CUBE-embOS.1.3.1
2025-08-24 19:08:53,578 [WARN] PackLoader:240 - Cannot read IP mode file for STMicroelectronics.X-CUBE-ALGOBUILD.1.4.0
2025-08-24 19:08:53,650 [WARN] PackLoader:240 - Cannot read IP mode file for STMicroelectronics.X-CUBE-MEMS1.11.3.0
2025-08-24 19:08:53,774 [WARN] PackLoader:240 - Cannot read IP mode file for STMicroelectronics.X-CUBE-AI.9.1.0
2025-08-24 19:08:53,792 [WARN] PackLoader:240 - Cannot read IP mode file for STMicroelectronics.X-CUBE-PM33A1.1.0.0
2025-08-24 19:08:53,808 [WARN] PackLoader:240 - Cannot read IP mode file for STMicroelectronics.X-CUBE-GNSS1.6.0.0
2025-08-24 19:08:53,835 [WARN] PackLoader:240 - Cannot read IP mode file for STMicroelectronics.X-CUBE-AZRTOS-F4.1.1.0
2025-08-24 19:08:53,849 [ERROR] Engine:466 - C:\Users\abhim\.stm32cubemx\thirdparties\pdsc\Avnet-IotConnect.X-CUBE-IoTC-DA16k-PMOD.1.0.0.pdsc: PDSC version is not supported
2025-08-24 19:08:53,863 [WARN] PackLoader:240 - Cannot read IP mode file for STMicroelectronics.X-CUBE-ISPU.2.1.0
2025-08-24 19:08:53,879 [WARN] PackLoader:240 - Cannot read IP mode file for STMicroelectronics.X-CUBE-FREERTOS.1.2.0
2025-08-24 19:08:53,892 [WARN] PackLoader:240 - Cannot read IP mode file for wolfSSL.I-CUBE-wolfSSL.5.6.6
2025-08-24 19:08:53,912 [WARN] PackLoader:240 - Cannot read IP mode file for STMicroelectronics.X-CUBE-NFC12.1.0.0
2025-08-24 19:08:53,938 [WARN] PackLoader:240 - Cannot read IP mode file for STMicroelectronics.X-CUBE-AZRTOS-L5.2.0.0
2025-08-24 19:08:53,958 [WARN] PackLoader:240 - Cannot read IP mode file for STMicroelectronics.X-CUBE-NFC6.3.1.0
2025-08-24 19:08:53,974 [WARN] PackLoader:240 - Cannot read IP mode file for ITTIA_DB.I-CUBE-ITTIADB.8.8.0
2025-08-24 19:08:53,988 [WARN] PackLoader:240 - Cannot read IP mode file for STMicroelectronics.X-CUBE-DPower.1.2.0
2025-08-24 19:08:54,003 [WARN] PackLoader:240 - Cannot read IP mode file for STMicroelectronics.X-CUBE-FREERTOS.1.3.1
2025-08-24 19:08:54,015 [WARN] PackLoader:240 - Cannot read IP mode file for STMicroelectronics.X-CUBE-FREERTOS.1.3.0
2025-08-24 19:08:54,028 [WARN] PackLoader:240 - Cannot read IP mode file for STMicroelectronics.X-CUBE-NFC7.1.0.1
2025-08-24 19:08:54,043 [WARN] PackLoader:240 - Cannot read IP mode file for STMicroelectronics.X-CUBE-NFC6.3.0.0
2025-08-24 19:08:54,056 [ERROR] Engine:466 - C:\Users\abhim\.stm32cubemx\thirdparties\pdsc\STMicroelectronics.FP-SNS-STAIOTCFT.1.0.0.pdsc: PDSC version is not supported
2025-08-24 19:08:54,067 [WARN] PackLoader:240 - Cannot read IP mode file for STMicroelectronics.X-CUBE-DPower.1.3.0
2025-08-24 19:08:54,081 [WARN] PackLoader:240 - Cannot read IP mode file for STMicroelectronics.X-CUBE-AI.8.1.0
2025-08-24 19:08:54,103 [WARN] ConditionMgr:438 - getConditionDescription Invalid condition id : LAN8742 Phy interface Condition cause : null
2025-08-24 19:08:54,103 [WARN] PackLoader:240 - Cannot read IP mode file for STMicroelectronics.X-CUBE-AZRTOS-L4.2.0.0
2025-08-24 19:08:54,104 [WARN] ConditionMgr:1039 - genDependencies : Invalid condition id : LAN8742 Phy interface Condition cause : null
2025-08-24 19:08:54,104 [WARN] ConditionMgr:1039 - genDependencies : Invalid condition id : LAN8742 Phy interface Condition cause : null
2025-08-24 19:08:54,105 [WARN] ConditionMgr:1039 - genDependencies : Invalid condition id : LAN8742 Phy interface Condition cause : null
2025-08-24 19:08:54,118 [WARN] PackLoader:240 - Cannot read IP mode file for STMicroelectronics.X-CUBE-SFXS2LP1.4.0.0
2025-08-24 19:08:54,148 [WARN] PackLoader:240 - Cannot read IP mode file for STMicroelectronics.X-CUBE-AZRTOS-H7.3.3.0
2025-08-24 19:08:54,168 [ERROR] Engine:466 - C:\Users\abhim\.stm32cubemx\thirdparties\pdsc\STMicroelectronics.X-CUBE-BLEMGR.4.1.0.pdsc: PDSC version is not supported
2025-08-24 19:08:54,192 [WARN] PackLoader:240 - Cannot read IP mode file for STMicroelectronics.X-CUBE-IPS.3.0.0
2025-08-24 19:08:54,236 [WARN] ConditionMgr:438 - getConditionDescription Invalid condition id : UX DEVICE CLASS RTOS Condition cause : null
2025-08-24 19:08:54,236 [WARN] ConditionMgr:438 - getConditionDescription Invalid condition id : UX DEVICE CLASS RTOS Condition cause : null
2025-08-24 19:08:54,237 [WARN] PackLoader:240 - Cannot read IP mode file for STMicroelectronics.X-CUBE-AZRTOS-WB.2.0.0
2025-08-24 19:08:54,238 [WARN] ConditionMgr:1039 - genDependencies : Invalid condition id : UX DEVICE CLASS RTOS Condition cause : null
2025-08-24 19:08:54,239 [WARN] ConditionMgr:1039 - genDependencies : Invalid condition id : UX DEVICE CLASS RTOS Condition cause : null
2025-08-24 19:08:54,239 [WARN] ConditionMgr:1039 - genDependencies : Invalid condition id : UX DEVICE CLASS RTOS Condition cause : null
2025-08-24 19:08:54,239 [WARN] ConditionMgr:1039 - genDependencies : Invalid condition id : UX DEVICE CLASS RTOS Condition cause : null
2025-08-24 19:08:54,239 [WARN] ConditionMgr:1039 - genDependencies : Invalid condition id : UX DEVICE CLASS RTOS Condition cause : null
2025-08-24 19:08:54,259 [WARN] PackLoader:240 - Cannot read IP mode file for STMicroelectronics.X-CUBE-GNSS1.7.0.0
2025-08-24 19:08:54,278 [WARN] PackLoader:240 - Cannot read IP mode file for STMicroelectronics.X-CUBE-GNSS1.7.0.1
2025-08-24 19:08:54,292 [WARN] PackLoader:240 - Cannot read IP mode file for STMicroelectronics.X-CUBE-TOUCHGFX.4.25.0
2025-08-24 19:08:54,311 [WARN] PackLoader:240 - Cannot read IP mode file for STMicroelectronics.FP-SNS-STBOX1.2.0.0
2025-08-24 19:08:54,332 [WARN] PackLoader:240 - Cannot read IP mode file for STMicroelectronics.X-CUBE-SUBG2.5.0.0
2025-08-24 19:08:54,364 [WARN] PackLoader:240 - Cannot read IP mode file for STMicroelectronics.X-CUBE-AZRTOS-H7RS.1.1.0
2025-08-24 19:08:54,382 [WARN] PackLoader:240 - Cannot read IP mode file for Cesanta.I-CUBE-Mongoose.7.13.0
2025-08-24 19:08:54,409 [WARN] PackLoader:240 - Cannot read IP mode file for STMicroelectronics.X-CUBE-AZRTOS-G4.2.0.0
2025-08-24 19:08:54,431 [WARN] PackLoader:240 - Cannot read IP mode file for Infineon.AIROC-Wi-Fi-Bluetooth-STM32.1.5.1
2025-08-24 19:08:54,449 [WARN] PackLoader:240 - Cannot read IP mode file for STMicroelectronics.X-CUBE-NFC7.2.0.0
2025-08-24 19:08:54,465 [WARN] PackLoader:240 - Cannot read IP mode file for STMicroelectronics.FP-SNS-MOTENVWB1.1.3.1
2025-08-24 19:08:54,479 [WARN] PackLoader:240 - Cannot read IP mode file for STMicroelectronics.X-CUBE-ISPU.2.0.0
2025-08-24 19:08:54,495 [ERROR] Engine:466 - C:\Users\abhim\.stm32cubemx\thirdparties\pdsc\STMicroelectronics.X-CUBE-IPS.3.1.0.pdsc: PDSC version is not supported
2025-08-24 19:08:54,509 [WARN] PackLoader:240 - Cannot read IP mode file for STMicroelectronics.X-CUBE-ALS.1.0.2
2025-08-24 19:08:54,548 [WARN] PackLoader:240 - Cannot read IP mode file for STMicroelectronics.X-CUBE-MEMS1.10.0.0
2025-08-24 19:08:54,613 [WARN] PackLoader:240 - Cannot read IP mode file for STMicroelectronics.X-CUBE-FREERTOS.1.1.0
2025-08-24 19:08:54,627 [WARN] PackLoader:240 - Cannot read IP mode file for STMicroelectronics.X-CUBE-TOUCHGFX.4.24.1
2025-08-24 19:08:54,640 [WARN] PackLoader:240 - Cannot read IP mode file for wolfSSL.I-CUBE-wolfTPM.3.4.0
2025-08-24 19:08:54,655 [WARN] PackLoader:240 - Cannot read IP mode file for portGmbH.I-Cube-SoM-uGOAL.1.1.0
2025-08-24 19:08:54,667 [WARN] PackLoader:240 - Cannot read IP mode file for STMicroelectronics.X-CUBE-ALS.1.0.1
2025-08-24 19:08:54,690 [WARN] PackLoader:240 - Cannot read IP mode file for STMicroelectronics.X-CUBE-AZRTOS-H7RS.1.0.0
2025-08-24 19:08:54,703 [WARN] PackLoader:240 - Cannot read IP mode file for STMicroelectronics.FP-ATR-ASTRA1.2.0.0
2025-08-24 19:08:54,720 [WARN] PackLoader:240 - Cannot read IP mode file for STMicroelectronics.X-CUBE-TOF1.3.4.2
2025-08-24 19:08:54,740 [ERROR] Engine:466 - C:\Users\abhim\.stm32cubemx\thirdparties\pdsc\STMicroelectronics.X-CUBE-TOF1.3.4.3.pdsc: PDSC version is not supported
2025-08-24 19:08:54,756 [WARN] PackLoader:240 - Cannot read IP mode file for STMicroelectronics.X-CUBE-TOF1.3.4.0
2025-08-24 19:08:54,789 [WARN] PackLoader:240 - Cannot read IP mode file for STMicroelectronics.X-CUBE-AZRTOS-H7.3.2.0
2025-08-24 19:08:54,814 [WARN] PackLoader:240 - Cannot read IP mode file for wolfSSL.I-CUBE-wolfSSH.1.4.17
2025-08-24 19:08:54,815 [INFO] ThirdParty:978 - Integrity check success = true
2025-08-24 19:08:54,815 [INFO] IntegrityCheckThread:100 - exiting critical section [integrity check]
2025-08-24 19:08:54,815 [INFO] IntegrityCheckThread:103 - End integrity checks thread
2025-08-24 19:09:13,566 [ERROR] LogOutputStream:75 - [STDERR_REDIRECT] SLF4J: Failed to load class "org.slf4j.impl.StaticLoggerBinder".
2025-08-24 19:09:13,567 [ERROR] LogOutputStream:75 - [STDERR_REDIRECT] SLF4J: Defaulting to no-operation (NOP) logger implementation
2025-08-24 19:09:13,568 [ERROR] LogOutputStream:75 - [STDERR_REDIRECT] SLF4J: See http://www.slf4j.org/codes.html#StaticLoggerBinder for further details.
