2025-08-12 08:18:22,894 [INFO] Activator:176 - 


2025-08-12 08:18:22,902 [INFO] Activator:177 - !SESSION log4j initialized
2025-08-12 08:18:29,690 [INFO] LogOutputStream:77 - [STDOUT_REDIRECT] 
2025-08-12 08:18:35,908 [INFO] ApplicationProperties:184 - Using Application install path: D:\Program Files\STM32CubeIDE_1.14.1\STM32CubeIDE\plugins\com.st.stm32cube.common.mx_6.10.0.202311202037
2025-08-12 08:18:35,932 [INFO] DbMcusXml:78 - Set database path to: D:\Program Files\STM32CubeIDE_1.14.1\STM32CubeIDE\plugins\com.st.stm32cube.common.mx_6.10.0.202311202037\\db\/mcu/
2025-08-12 08:18:35,932 [INFO] ApiDb:274 - Set plugin database path to: D:\Program Files\STM32CubeIDE_1.14.1\STM32CubeIDE\plugins\com.st.stm32cube.common.mx_6.10.0.202311202037\\db\/plugins/boardmanager/
2025-08-12 08:18:35,933 [WARN] ApiDb:259 - Overriding images path with different value:  => D:\Program Files\STM32CubeIDE_1.14.1\STM32CubeIDE\plugins\com.st.stm32cube.common.mx_6.10.0.202311202037\\db\/plugins/mcufinder/images/
2025-08-12 08:18:35,940 [INFO] ApiDb:250 - Set database path to: C:\Users\abhim\.stmcufinder\plugins\mcufinder//mcu/
2025-08-12 08:18:35,941 [INFO] DbMcusAds:125 - Set database path to: C:\Users\abhim\.stmcufinder\plugins\mcufinder//mcu/
2025-08-12 08:18:35,942 [INFO] CrossReferenceDbSqlite:203 - Set database path to: C:\Users\abhim\.stmcufinder\plugins\mcufinder//mcu/cs/
2025-08-12 08:18:36,057 [INFO] RulesReader:64 - Compatibility file has been processed (297 Rules)
2025-08-12 08:18:36,142 [INFO] DbMcusXml:78 - Set database path to: D:\Program Files\STM32CubeIDE_1.14.1\STM32CubeIDE\plugins\com.st.stm32cube.common.mx_6.10.0.202311202037\\db\/mcu/
2025-08-12 08:18:36,142 [INFO] ApiDb:274 - Set plugin database path to: D:\Program Files\STM32CubeIDE_1.14.1\STM32CubeIDE\plugins\com.st.stm32cube.common.mx_6.10.0.202311202037\\db\/plugins/boardmanager/
2025-08-12 08:18:36,143 [INFO] ApiDb:261 - Set plugin images path to: D:\Program Files\STM32CubeIDE_1.14.1\STM32CubeIDE\plugins\com.st.stm32cube.common.mx_6.10.0.202311202037\\db\/plugins/mcufinder/images/
2025-08-12 08:18:36,143 [WARN] DbFile:41 - Overriding database path with different value: C:\Users\abhim\.stmcufinder\plugins\mcufinder/ => C:\Users\abhim\.stmcufinder\plugins\mcufinder
2025-08-12 08:18:36,143 [INFO] ApiDb:250 - Set database path to: C:\Users\abhim\.stmcufinder\plugins\mcufinder//mcu/
2025-08-12 08:18:36,143 [WARN] DbFile:41 - Overriding database path with different value: C:\Users\abhim\.stmcufinder\plugins\mcufinder/ => C:\Users\abhim\.stmcufinder\plugins\mcufinder
2025-08-12 08:18:36,143 [INFO] DbMcusAds:125 - Set database path to: C:\Users\abhim\.stmcufinder\plugins\mcufinder//mcu/
2025-08-12 08:18:36,143 [WARN] DbFile:41 - Overriding database path with different value: C:\Users\abhim\.stmcufinder\plugins\mcufinder/ => C:\Users\abhim\.stmcufinder\plugins\mcufinder
2025-08-12 08:18:36,143 [WARN] DbFile:41 - Overriding database path with different value: C:\Users\abhim\.stmcufinder\plugins\mcufinder/ => C:\Users\abhim\.stmcufinder\plugins\mcufinder
2025-08-12 08:18:36,144 [INFO] CrossReferenceDbSqlite:203 - Set database path to: C:\Users\abhim\.stmcufinder\plugins\mcufinder//mcu/cs/
2025-08-12 08:18:36,218 [INFO] MainPanel:264 - HeapMemory: 268435456
2025-08-12 08:18:36,318 [INFO] DbMcusXml:78 - Set database path to: D:\Program Files\STM32CubeIDE_1.14.1\STM32CubeIDE\plugins\com.st.stm32cube.common.mx_6.10.0.202311202037\\db\/mcu/
2025-08-12 08:18:36,319 [INFO] ApiDb:274 - Set plugin database path to: D:\Program Files\STM32CubeIDE_1.14.1\STM32CubeIDE\plugins\com.st.stm32cube.common.mx_6.10.0.202311202037\\db\/plugins/boardmanager/
2025-08-12 08:18:36,319 [INFO] ApiDb:261 - Set plugin images path to: D:\Program Files\STM32CubeIDE_1.14.1\STM32CubeIDE\plugins\com.st.stm32cube.common.mx_6.10.0.202311202037\\db\/plugins/mcufinder/images/
2025-08-12 08:18:36,319 [WARN] DbFile:41 - Overriding database path with different value: C:\Users\abhim\.stmcufinder\plugins\mcufinder/ => C:\Users\abhim\.stmcufinder\plugins\mcufinder
2025-08-12 08:18:36,319 [INFO] ApiDb:250 - Set database path to: C:\Users\abhim\.stmcufinder\plugins\mcufinder//mcu/
2025-08-12 08:18:36,319 [WARN] DbFile:41 - Overriding database path with different value: C:\Users\abhim\.stmcufinder\plugins\mcufinder/ => C:\Users\abhim\.stmcufinder\plugins\mcufinder
2025-08-12 08:18:36,319 [INFO] DbMcusAds:125 - Set database path to: C:\Users\abhim\.stmcufinder\plugins\mcufinder//mcu/
2025-08-12 08:18:36,320 [WARN] DbFile:41 - Overriding database path with different value: C:\Users\abhim\.stmcufinder\plugins\mcufinder/ => C:\Users\abhim\.stmcufinder\plugins\mcufinder
2025-08-12 08:18:36,320 [WARN] DbFile:41 - Overriding database path with different value: C:\Users\abhim\.stmcufinder\plugins\mcufinder/ => C:\Users\abhim\.stmcufinder\plugins\mcufinder
2025-08-12 08:18:36,320 [INFO] CrossReferenceDbSqlite:203 - Set database path to: C:\Users\abhim\.stmcufinder\plugins\mcufinder//mcu/cs/
2025-08-12 08:18:36,337 [INFO] ApplicationProperties:184 - Using Application install path: D:\Program Files\STM32CubeIDE_1.14.1\STM32CubeIDE\plugins\com.st.stm32cube.common.mx_6.10.0.202311202037
2025-08-12 08:18:36,339 [INFO] PluginManage:196 - Search for loadable plugins [exclusion list=, ]
2025-08-12 08:18:36,340 [INFO] PluginManage:310 - Check plugin analytics
2025-08-12 08:18:36,518 [INFO] AnalyticsPlugin:253 - Accepted Software Licenses: 
2025-08-12 08:18:36,518 [INFO] AnalyticsPlugin:255 - Accepted CMSIS Pack Licenses: 
2025-08-12 08:18:36,518 [INFO] AnalyticsPlugin:257 - Accepted Firmware Licenses: FW.G4.1.5.0
2025-08-12 08:18:36,518 [INFO] PluginManage:359 - Loaded plugin analytics (category:tool,tabindex:-1)
2025-08-12 08:18:36,518 [INFO] PluginManage:310 - Check plugin cadmodel
2025-08-12 08:18:36,554 [INFO] CADModel:105 - Init CAD model plugin
2025-08-12 08:18:36,554 [INFO] PluginManage:359 - Loaded plugin cadmodel (category:power,tabindex:5)
2025-08-12 08:18:36,554 [INFO] PluginManage:310 - Check plugin clock
2025-08-12 08:18:36,595 [INFO] PluginManage:359 - Loaded plugin clock (category:base,tabindex:2)
2025-08-12 08:18:36,596 [INFO] PluginManage:310 - Check plugin ddr
2025-08-12 08:18:36,598 [INFO] PluginManage:359 - Loaded plugin ddr (category:tool,tabindex:6)
2025-08-12 08:18:36,598 [INFO] PluginManage:310 - Check plugin filemanager
2025-08-12 08:18:36,769 [INFO] PluginManage:359 - Loaded plugin filemanager (category:base,tabindex:10)
2025-08-12 08:18:36,769 [INFO] PluginManage:310 - Check plugin ipmanager
2025-08-12 08:18:36,769 [INFO] PluginManage:359 - Loaded plugin ipmanager (category:base,tabindex:5)
2025-08-12 08:18:36,769 [INFO] PluginManage:310 - Check plugin lpbam
2025-08-12 08:18:36,799 [INFO] PluginManage:359 - Loaded plugin lpbam (category:base,tabindex:0)
2025-08-12 08:18:36,799 [INFO] PluginManage:310 - Check plugin memorymap
2025-08-12 08:18:36,828 [INFO] PluginManage:359 - Loaded plugin memorymap (category:base,tabindex:4)
2025-08-12 08:18:36,828 [INFO] PluginManage:310 - Check plugin pinoutandconfiguration
2025-08-12 08:18:36,849 [INFO] PluginManage:359 - Loaded plugin pinoutandconfiguration (category:base,tabindex:1)
2025-08-12 08:18:36,850 [INFO] PluginManage:310 - Check plugin pinoutconfig
2025-08-12 08:18:36,956 [WARN] SupportedApi:132 - Cannot load RTOS API schema: s4s-elt-must-match.1: The content of 'definitions' must match (annotation?, (simpleType | complexType)?, (unique | key | keyref)*)). A problem was found starting at: attribute.
2025-08-12 08:18:37,099 [INFO] PluginManage:359 - Loaded plugin pinoutconfig (category:base,tabindex:0)
2025-08-12 08:18:37,099 [INFO] PluginManage:310 - Check plugin power
2025-08-12 08:18:37,127 [INFO] PluginManage:359 - Loaded plugin power (category:power,tabindex:4)
2025-08-12 08:18:37,127 [INFO] PluginManage:310 - Check plugin projectmanager
2025-08-12 08:18:37,144 [INFO] PluginManage:359 - Loaded plugin projectmanager (category:projectmanager,tabindex:3)
2025-08-12 08:18:37,144 [INFO] PluginManage:310 - Check plugin thirdparty
2025-08-12 08:18:37,515 [INFO] PluginManage:359 - Loaded plugin thirdparty (category:base,tabindex:-1)
2025-08-12 08:18:37,515 [WARN] IntegrityCheckThread:84 - waiting for thirdparty lock release [integrity check]
2025-08-12 08:18:37,515 [INFO] PluginManage:310 - Check plugin tools
2025-08-12 08:18:37,515 [INFO] IntegrityCheckThread:86 - entering critical section [integrity check]
2025-08-12 08:18:37,516 [INFO] ThirdPartyUpdaterWithRetryManager:70 - Updater plugin not ready yet. [1/15]
2025-08-12 08:18:37,568 [INFO] PluginManage:359 - Loaded plugin tools (category:base,tabindex:7)
2025-08-12 08:18:37,568 [INFO] PluginManage:310 - Check plugin tutovideos
2025-08-12 08:18:37,768 [INFO] PluginManage:359 - Loaded plugin tutovideos (category:base,tabindex:-1)
2025-08-12 08:18:37,768 [INFO] PluginManage:310 - Check plugin updater
2025-08-12 08:18:37,779 [INFO] PluginManage:359 - Loaded plugin updater (category:base,tabindex:12)
2025-08-12 08:18:37,779 [INFO] PluginManage:310 - Check plugin userauth
2025-08-12 08:18:37,785 [INFO] UserAuth:114 - Init User Auth plugin
2025-08-12 08:18:37,785 [INFO] PluginManage:359 - Loaded plugin userauth (category:base,tabindex:14)
2025-08-12 08:18:37,785 [INFO] PluginManage:283 - PluginManage : Loaded plugins [17]
2025-08-12 08:18:37,998 [INFO] PinOutPanel:1499 - setPackage(No Configuration,No Configuration)
2025-08-12 08:18:38,074 [INFO] CADModel:165 - CPN selected for project level
2025-08-12 08:18:38,074 [INFO] CADModel:114 - Register for checkConnection events
2025-08-12 08:18:38,110 [INFO] IPUIPlugin:80 - create IPUIPlugin
2025-08-12 08:18:38,110 [INFO] PluginManager:220 - loadIPPluginJar : add adc
2025-08-12 08:18:38,160 [INFO] IPUIPlugin:80 - create IPUIPlugin
2025-08-12 08:18:38,160 [INFO] PluginManager:220 - loadIPPluginJar : add aes
2025-08-12 08:18:38,214 [INFO] IPUIPlugin:80 - create IPUIPlugin
2025-08-12 08:18:38,214 [INFO] PluginManager:220 - loadIPPluginJar : add can
2025-08-12 08:18:38,251 [INFO] IPUIPlugin:80 - create IPUIPlugin
2025-08-12 08:18:38,251 [INFO] PluginManager:220 - loadIPPluginJar : add comp
2025-08-12 08:18:38,299 [INFO] IPUIPlugin:80 - create IPUIPlugin
2025-08-12 08:18:38,299 [INFO] PluginManager:220 - loadIPPluginJar : add cryp
2025-08-12 08:18:38,342 [INFO] IPUIPlugin:80 - create IPUIPlugin
2025-08-12 08:18:38,342 [INFO] PluginManager:220 - loadIPPluginJar : add dfsdm
2025-08-12 08:18:38,359 [INFO] IPUIPlugin:80 - create IPUIPlugin
2025-08-12 08:18:38,359 [INFO] PluginManager:220 - loadIPPluginJar : add dma
2025-08-12 08:18:38,421 [INFO] IPUIPlugin:80 - create IPUIPlugin
2025-08-12 08:18:38,421 [INFO] PluginManager:220 - loadIPPluginJar : add dma3
2025-08-12 08:18:38,453 [INFO] IPUIPlugin:80 - create IPUIPlugin
2025-08-12 08:18:38,453 [INFO] PluginManager:220 - loadIPPluginJar : add fatfs
2025-08-12 08:18:38,512 [INFO] IPUIPlugin:80 - create IPUIPlugin
2025-08-12 08:18:38,512 [INFO] PluginManager:220 - loadIPPluginJar : add fmc
2025-08-12 08:18:38,528 [INFO] IPUIPlugin:80 - create IPUIPlugin
2025-08-12 08:18:38,528 [INFO] PluginManager:220 - loadIPPluginJar : add freertos
2025-08-12 08:18:38,560 [INFO] IPUIPlugin:80 - create IPUIPlugin
2025-08-12 08:18:38,560 [INFO] PluginManager:220 - loadIPPluginJar : add genericplugin
2025-08-12 08:18:38,701 [INFO] IPUIPlugin:80 - create IPUIPlugin
2025-08-12 08:18:38,701 [INFO] PluginManager:220 - loadIPPluginJar : add gfxmmu
2025-08-12 08:18:38,878 [INFO] IPUIPlugin:80 - create IPUIPlugin
2025-08-12 08:18:38,878 [INFO] PluginManager:220 - loadIPPluginJar : add gic
2025-08-12 08:18:38,901 [INFO] IPUIPlugin:80 - create IPUIPlugin
2025-08-12 08:18:38,902 [INFO] PluginManager:220 - loadIPPluginJar : add gpio
2025-08-12 08:18:39,018 [INFO] IPUIPlugin:80 - create IPUIPlugin
2025-08-12 08:18:39,018 [INFO] PluginManager:220 - loadIPPluginJar : add gtzc
2025-08-12 08:18:39,063 [INFO] IPUIPlugin:80 - create IPUIPlugin
2025-08-12 08:18:39,063 [INFO] PluginManager:220 - loadIPPluginJar : add hash
2025-08-12 08:18:39,136 [INFO] IPUIPlugin:80 - create IPUIPlugin
2025-08-12 08:18:39,136 [INFO] PluginManager:220 - loadIPPluginJar : add i2c
2025-08-12 08:18:39,191 [INFO] IPUIPlugin:80 - create IPUIPlugin
2025-08-12 08:18:39,191 [INFO] PluginManager:220 - loadIPPluginJar : add i2s
2025-08-12 08:18:39,251 [INFO] IPUIPlugin:80 - create IPUIPlugin
2025-08-12 08:18:39,251 [INFO] PluginManager:220 - loadIPPluginJar : add i3c
2025-08-12 08:18:39,380 [INFO] IPUIPlugin:80 - create IPUIPlugin
2025-08-12 08:18:39,381 [INFO] PluginManager:220 - loadIPPluginJar : add ipddr
2025-08-12 08:18:39,505 [INFO] IPUIPlugin:80 - create IPUIPlugin
2025-08-12 08:18:39,505 [INFO] PluginManager:220 - loadIPPluginJar : add linkedlist
2025-08-12 08:18:39,560 [INFO] IPUIPlugin:80 - create IPUIPlugin
2025-08-12 08:18:39,560 [INFO] PluginManager:220 - loadIPPluginJar : add lorawan
2025-08-12 08:18:39,612 [INFO] IPUIPlugin:80 - create IPUIPlugin
2025-08-12 08:18:39,612 [INFO] PluginManager:220 - loadIPPluginJar : add ltdc
2025-08-12 08:18:39,632 [INFO] IPUIPlugin:80 - create IPUIPlugin
2025-08-12 08:18:39,632 [INFO] PluginManager:220 - loadIPPluginJar : add mdma
2025-08-12 08:18:39,647 [INFO] IPUIPlugin:80 - create IPUIPlugin
2025-08-12 08:18:39,648 [INFO] PluginManager:220 - loadIPPluginJar : add nvic
2025-08-12 08:18:39,703 [INFO] IPUIPlugin:80 - create IPUIPlugin
2025-08-12 08:18:39,703 [INFO] PluginManager:220 - loadIPPluginJar : add opamp
2025-08-12 08:18:39,798 [INFO] IPUIPlugin:80 - create IPUIPlugin
2025-08-12 08:18:39,798 [INFO] PluginManager:220 - loadIPPluginJar : add openamp
2025-08-12 08:18:39,866 [INFO] IPUIPlugin:80 - create IPUIPlugin
2025-08-12 08:18:39,866 [INFO] PluginManager:220 - loadIPPluginJar : add pdm2pcm
2025-08-12 08:18:39,888 [INFO] IPUIPlugin:80 - create IPUIPlugin
2025-08-12 08:18:39,889 [INFO] PluginManager:220 - loadIPPluginJar : add plateformsettings
2025-08-12 08:18:39,923 [INFO] IPUIPlugin:80 - create IPUIPlugin
2025-08-12 08:18:39,923 [INFO] PluginManager:220 - loadIPPluginJar : add quadspi
2025-08-12 08:18:39,940 [INFO] IPUIPlugin:80 - create IPUIPlugin
2025-08-12 08:18:39,940 [INFO] PluginManager:220 - loadIPPluginJar : add resmgrutility
2025-08-12 08:18:40,005 [INFO] IPUIPlugin:80 - create IPUIPlugin
2025-08-12 08:18:40,005 [INFO] PluginManager:220 - loadIPPluginJar : add sai
2025-08-12 08:18:40,063 [INFO] IPUIPlugin:80 - create IPUIPlugin
2025-08-12 08:18:40,063 [INFO] PluginManager:220 - loadIPPluginJar : add spi
2025-08-12 08:18:40,156 [INFO] IPUIPlugin:80 - create IPUIPlugin
2025-08-12 08:18:40,156 [INFO] PluginManager:220 - loadIPPluginJar : add stm32_wpan
2025-08-12 08:18:40,191 [INFO] IPUIPlugin:80 - create IPUIPlugin
2025-08-12 08:18:40,191 [INFO] PluginManager:220 - loadIPPluginJar : add tim
2025-08-12 08:18:40,280 [INFO] IPUIPlugin:80 - create IPUIPlugin
2025-08-12 08:18:40,280 [INFO] PluginManager:220 - loadIPPluginJar : add touchsensing
2025-08-12 08:18:40,319 [INFO] IPUIPlugin:80 - create IPUIPlugin
2025-08-12 08:18:40,319 [INFO] PluginManager:220 - loadIPPluginJar : add tracer_emb
2025-08-12 08:18:40,360 [INFO] IPUIPlugin:80 - create IPUIPlugin
2025-08-12 08:18:40,361 [INFO] PluginManager:220 - loadIPPluginJar : add ts
2025-08-12 08:18:40,399 [INFO] IPUIPlugin:80 - create IPUIPlugin
2025-08-12 08:18:40,399 [INFO] PluginManager:220 - loadIPPluginJar : add tsc
2025-08-12 08:18:40,436 [INFO] IPUIPlugin:80 - create IPUIPlugin
2025-08-12 08:18:40,436 [INFO] PluginManager:220 - loadIPPluginJar : add ucpd
2025-08-12 08:18:40,502 [INFO] IPUIPlugin:80 - create IPUIPlugin
2025-08-12 08:18:40,502 [INFO] PluginManager:220 - loadIPPluginJar : add usart
2025-08-12 08:18:40,526 [INFO] ThirdPartyUpdaterWithRetryManager:70 - Updater plugin not ready yet. [2/15]
2025-08-12 08:18:40,569 [INFO] IPUIPlugin:80 - create IPUIPlugin
2025-08-12 08:18:40,569 [INFO] PluginManager:220 - loadIPPluginJar : add usbx
2025-08-12 08:18:40,714 [INFO] CADModel:165 - CPN selected for project level
2025-08-12 08:18:40,714 [INFO] CADModel:114 - Register for checkConnection events
2025-08-12 08:18:40,715 [FATAL] Updater:308 - Updater called before beeing initialized
2025-08-12 08:18:40,715 [ERROR] CADModel:125 - Updater not yet initialized, retry later 
2025-08-12 08:18:40,870 [INFO] CADModel:165 - CPN selected for project level
2025-08-12 08:18:40,870 [INFO] CADModel:114 - Register for checkConnection events
2025-08-12 08:18:40,870 [FATAL] Updater:308 - Updater called before beeing initialized
2025-08-12 08:18:40,870 [ERROR] CADModel:125 - Updater not yet initialized, retry later 
2025-08-12 08:18:40,874 [FATAL] Updater:308 - Updater called before beeing initialized
2025-08-12 08:18:41,004 [FATAL] Updater:308 - Updater called before beeing initialized
2025-08-12 08:18:41,019 [INFO] DbMcusAds:53 - JSON generation date=Thu Jun 19 10:32:37 CEST 2025 (1750321957418)
2025-08-12 08:18:41,020 [FATAL] Updater:308 - Updater called before beeing initialized
2025-08-12 08:18:41,120 [WARN] DetailPanel:346 - Failed to get advertising image, set to default
2025-08-12 08:18:41,220 [FATAL] Updater:308 - Updater called before beeing initialized
2025-08-12 08:18:41,222 [FATAL] Updater:308 - Updater called before beeing initialized
2025-08-12 08:18:41,222 [FATAL] Updater:308 - Updater called before beeing initialized
2025-08-12 08:18:41,222 [WARN] DetailPanel:346 - Failed to get advertising image, set to default
2025-08-12 08:18:41,223 [FATAL] Updater:308 - Updater called before beeing initialized
2025-08-12 08:18:41,335 [ERROR] Updater:1120 - MainUpdater not yet initialized. External WinMGr cannot be set.
2025-08-12 08:18:41,356 [INFO] Updater:1056 - Updater Version found : 6.10.0
2025-08-12 08:18:41,376 [INFO] ApplicationProperties:184 - Using Application install path: D:\Program Files\STM32CubeIDE_1.14.1\STM32CubeIDE\plugins\com.st.stm32cube.common.mx_6.10.0.202311202037
2025-08-12 08:18:43,003 [ERROR] LogOutputStream:75 - [STDERR_REDIRECT] Aug 12, 2025 8:18:42 AM java.util.prefs.WindowsPreferences <init>
2025-08-12 08:18:43,004 [ERROR] LogOutputStream:75 - [STDERR_REDIRECT] WARNING: Could not open/create prefs root node Software\JavaSoft\Prefs at root 0xffffffff80000002. Windows RegCreateKeyEx(...) returned error code 5.
2025-08-12 08:18:43,004 [ERROR] LogOutputStream:75 - [STDERR_REDIRECT] 
2025-08-12 08:18:43,251 [INFO] MainUpdater:2873 - connection check result : 10
2025-08-12 08:18:43,252 [INFO] MainUpdater:290 - Updater Check For Update Now.
2025-08-12 08:18:43,252 [INFO] MicroXplorer:498 - Change Database Version : DB.6.0.100
2025-08-12 08:18:43,281 [INFO] McuFinderGlobals:63 - Set McuFinder mode to 2 (CubeIDE integrated)
2025-08-12 08:18:43,506 [INFO] CheckServerUpdateThread:120 - End of CheckServer Thread
2025-08-12 08:18:43,560 [INFO] UserAuth:404 - Internet connection configuration mode: 1
2025-08-12 08:18:43,587 [INFO] JxBrowserEngine:152 - Initiate JxBrowser Engine with user profile folder
2025-08-12 08:18:43,829 [WARN] PackLoader:240 - Cannot read IP mode file for STMicroelectronics.FP-SNS-MOTENVWB1.1.4.0
2025-08-12 08:18:43,848 [WARN] PackLoader:240 - Cannot read IP mode file for STMicroelectronics.FP-ATR-ASTRA1.2.0.2
2025-08-12 08:18:43,868 [WARN] PackLoader:240 - Cannot read IP mode file for STMicroelectronics.X-CUBE-SMBUS.2.1.0
2025-08-12 08:18:43,888 [WARN] PackLoader:240 - Cannot read IP mode file for STMicroelectronics.X-CUBE-WB05N.1.1.0
2025-08-12 08:18:43,907 [WARN] PackLoader:240 - Cannot read IP mode file for STMicroelectronics.X-CUBE-TOUCHGFX.4.23.0
2025-08-12 08:18:43,953 [WARN] PackLoader:240 - Cannot read IP mode file for STMicroelectronics.X-CUBE-AZRTOS-F7.1.1.0
2025-08-12 08:18:43,977 [WARN] PackLoader:240 - Cannot read IP mode file for STMicroelectronics.FP-SNS-MOTENV1.4.3.2
2025-08-12 08:18:44,051 [WARN] PackLoader:240 - Cannot read IP mode file for STMicroelectronics.X-CUBE-MEMS1.11.0.0
2025-08-12 08:18:44,200 [WARN] PackLoader:240 - Cannot read IP mode file for STMicroelectronics.FP-SNS-FLIGHT1.5.0.2
2025-08-12 08:18:44,251 [WARN] PackLoader:240 - Cannot read IP mode file for STMicroelectronics.X-CUBE-AZRTOS-H7.3.4.0
2025-08-12 08:18:44,273 [WARN] PackLoader:240 - Cannot read IP mode file for STMicroelectronics.X-CUBE-DISPLAY.3.0.0
2025-08-12 08:18:44,296 [WARN] PackLoader:240 - Cannot read IP mode file for STMicroelectronics.X-CUBE-BLE1.7.0.0
2025-08-12 08:18:44,324 [WARN] PackLoader:240 - Cannot read IP mode file for STMicroelectronics.X-CUBE-NFC10.1.0.0
2025-08-12 08:18:44,356 [WARN] PackLoader:240 - Cannot read IP mode file for STMicroelectronics.X-CUBE-BLEMGR.4.0.0
2025-08-12 08:18:44,379 [WARN] PackLoader:240 - Cannot read IP mode file for emotas.I-CUBE-CANOPEN.1.3.0
2025-08-12 08:18:44,404 [WARN] ConditionMgr:438 - getConditionDescription Invalid condition id : Cortex-A Device cause : null
2025-08-12 08:18:44,467 [WARN] ConditionMgr:1039 - genDependencies : Invalid condition id : Cortex-A Device cause : null
2025-08-12 08:18:44,468 [WARN] ConditionMgr:1039 - genDependencies : Invalid condition id : Cortex-A Device cause : null
2025-08-12 08:18:44,468 [WARN] ConditionMgr:1039 - genDependencies : Invalid condition id : Cortex-A Device cause : null
2025-08-12 08:18:44,494 [WARN] PackLoader:240 - Cannot read IP mode file for STMicroelectronics.X-CUBE-BLEMGR.3.1.0
2025-08-12 08:18:44,556 [WARN] PackLoader:240 - Cannot read IP mode file for STMicroelectronics.X-CUBE-AI.10.0.0
2025-08-12 08:18:44,588 [ERROR] Engine:466 - C:\Users\abhim\.stm32cubemx\thirdparties\pdsc\STMicroelectronics.FP-SNS-STBOX1.2.1.0.pdsc: PDSC version is not supported
2025-08-12 08:18:44,617 [WARN] PackLoader:240 - Cannot read IP mode file for STMicroelectronics.FP-SNS-SMARTAG2.1.2.0
2025-08-12 08:18:44,637 [ERROR] Engine:466 - C:\Users\abhim\.stm32cubemx\thirdparties\pdsc\STMicroelectronics.FP-SNS-FLIGHT1.5.1.0.pdsc: PDSC version is not supported
2025-08-12 08:18:44,703 [WARN] PackLoader:240 - Cannot read IP mode file for STMicroelectronics.X-CUBE-MEMS1.11.1.0
2025-08-12 08:18:44,859 [INFO] LogOutputStream:77 - [STDOUT_REDIRECT] 1 : Invalid condition id : UX_CORESTACK_Condition cause : null
2025-08-12 08:18:44,860 [INFO] LogOutputStream:77 - [STDOUT_REDIRECT] 1 : Invalid condition id : UX_CORESTACK_Condition cause : null
2025-08-12 08:18:44,862 [INFO] LogOutputStream:77 - [STDOUT_REDIRECT] 1 : Invalid condition id : UX_CORESTACK_Condition cause : null
2025-08-12 08:18:44,863 [INFO] LogOutputStream:77 - [STDOUT_REDIRECT] 1 : Invalid condition id : UX_CORESTACK_Condition cause : null
2025-08-12 08:18:44,864 [INFO] LogOutputStream:77 - [STDOUT_REDIRECT] 1 : Invalid condition id : UX_CORESTACK_Condition cause : null
2025-08-12 08:18:44,866 [WARN] PackLoader:240 - Cannot read IP mode file for STMicroelectronics.X-CUBE-AZRTOS-WL.2.0.0
2025-08-12 08:18:44,883 [WARN] PackLoader:240 - Cannot read IP mode file for STMicroelectronics.FP-SNS-MOTENV1.5.0.0
2025-08-12 08:18:44,908 [WARN] PackLoader:240 - Cannot read IP mode file for wolfSSL.I-CUBE-wolfMQTT.1.19.0
2025-08-12 08:18:44,929 [WARN] PackLoader:240 - Cannot read IP mode file for WES.I-CUBE-Cesium.1.3.0
2025-08-12 08:18:44,956 [WARN] PackLoader:240 - Cannot read IP mode file for STMicroelectronics.X-CUBE-BLE2.3.3.0
2025-08-12 08:18:44,976 [WARN] PackLoader:240 - Cannot read IP mode file for STMicroelectronics.X-CUBE-NFC9.1.0.0
2025-08-12 08:18:45,003 [WARN] PackLoader:240 - Cannot read IP mode file for STMicroelectronics.X-CUBE-BLE1.7.1.0
2025-08-12 08:18:45,018 [WARN] PackLoader:240 - Cannot read IP mode file for STMicroelectronics.X-CUBE-TCPP.4.1.0
2025-08-12 08:18:45,044 [WARN] PackLoader:240 - Cannot read IP mode file for STMicroelectronics.X-CUBE-EEPRMA1.5.2.0
2025-08-12 08:18:45,069 [WARN] PackLoader:240 - Cannot read IP mode file for STMicroelectronics.X-CUBE-AI.10.1.0
2025-08-12 08:18:45,086 [WARN] PackLoader:240 - Cannot read IP mode file for STMicroelectronics.X-CUBE-ALGOBUILD.1.3.0
2025-08-12 08:18:45,183 [WARN] PackLoader:240 - Cannot read IP mode file for STMicroelectronics.X-CUBE-MEMS1.11.2.0
2025-08-12 08:18:45,432 [WARN] PackLoader:240 - Cannot read IP mode file for STMicroelectronics.X-CUBE-AZRTOS-G0.1.1.0
2025-08-12 08:18:45,461 [WARN] PackLoader:240 - Cannot read IP mode file for STMicroelectronics.X-CUBE-SAFEA1.1.2.2
2025-08-12 08:18:45,490 [WARN] PackLoader:240 - Cannot read IP mode file for STMicroelectronics.X-CUBE-NFC4.3.0.0
2025-08-12 08:18:45,519 [WARN] PackLoader:240 - Cannot read IP mode file for EmbeddedOffice.I-CUBE-FS-RTOS.1.0.1
2025-08-12 08:18:45,520 [ERROR] ConditionMgr:805 - Attr not supported : Dmpu
2025-08-12 08:18:45,520 [ERROR] ConditionMgr:805 - Attr not supported : Dmpu
2025-08-12 08:18:45,520 [ERROR] ConditionMgr:805 - Attr not supported : Dmpu
2025-08-12 08:18:45,520 [ERROR] ConditionMgr:805 - Attr not supported : Dmpu
2025-08-12 08:18:45,520 [ERROR] ConditionMgr:805 - Attr not supported : Dmpu
2025-08-12 08:18:45,520 [ERROR] ConditionMgr:805 - Attr not supported : Dmpu
2025-08-12 08:18:45,520 [ERROR] ConditionMgr:805 - Attr not supported : Dmpu
2025-08-12 08:18:45,520 [ERROR] ConditionMgr:805 - Attr not supported : Dmpu
2025-08-12 08:18:45,521 [ERROR] ConditionMgr:805 - Attr not supported : Dmpu
2025-08-12 08:18:45,521 [ERROR] ConditionMgr:805 - Attr not supported : Dmpu
2025-08-12 08:18:45,521 [ERROR] ConditionMgr:805 - Attr not supported : Dmpu
2025-08-12 08:18:45,521 [ERROR] ConditionMgr:805 - Attr not supported : Dmpu
2025-08-12 08:18:45,521 [ERROR] ConditionMgr:805 - Attr not supported : Dmpu
2025-08-12 08:18:45,521 [ERROR] ConditionMgr:805 - Attr not supported : Dmpu
2025-08-12 08:18:45,521 [ERROR] ConditionMgr:805 - Attr not supported : Dmpu
2025-08-12 08:18:45,521 [ERROR] ConditionMgr:805 - Attr not supported : Dmpu
2025-08-12 08:18:45,521 [ERROR] ConditionMgr:805 - Attr not supported : Dmpu
2025-08-12 08:18:45,521 [ERROR] ConditionMgr:805 - Attr not supported : Dmpu
2025-08-12 08:18:45,521 [ERROR] ConditionMgr:805 - Attr not supported : Dmpu
2025-08-12 08:18:45,521 [ERROR] ConditionMgr:805 - Attr not supported : Dmpu
2025-08-12 08:18:45,522 [ERROR] ConditionMgr:805 - Attr not supported : Dmpu
2025-08-12 08:18:45,522 [ERROR] ConditionMgr:805 - Attr not supported : Dmpu
2025-08-12 08:18:45,522 [ERROR] ConditionMgr:805 - Attr not supported : Dmpu
2025-08-12 08:18:45,522 [ERROR] ConditionMgr:805 - Attr not supported : Dmpu
2025-08-12 08:18:45,522 [ERROR] ConditionMgr:805 - Attr not supported : Dmpu
2025-08-12 08:18:45,522 [ERROR] ConditionMgr:805 - Attr not supported : Dmpu
2025-08-12 08:18:45,522 [ERROR] ConditionMgr:805 - Attr not supported : Dmpu
2025-08-12 08:18:45,522 [ERROR] ConditionMgr:805 - Attr not supported : Dmpu
2025-08-12 08:18:45,522 [ERROR] ConditionMgr:805 - Attr not supported : Dmpu
2025-08-12 08:18:45,522 [ERROR] ConditionMgr:805 - Attr not supported : Dmpu
2025-08-12 08:18:45,523 [ERROR] ConditionMgr:805 - Attr not supported : Dmpu
2025-08-12 08:18:45,523 [ERROR] ConditionMgr:805 - Attr not supported : Dmpu
2025-08-12 08:18:45,523 [ERROR] ConditionMgr:805 - Attr not supported : Dmpu
2025-08-12 08:18:45,523 [ERROR] ConditionMgr:805 - Attr not supported : Dmpu
2025-08-12 08:18:45,523 [ERROR] ConditionMgr:805 - Attr not supported : Dmpu
2025-08-12 08:18:45,523 [ERROR] ConditionMgr:805 - Attr not supported : Dmpu
2025-08-12 08:18:45,523 [ERROR] ConditionMgr:805 - Attr not supported : Dmpu
2025-08-12 08:18:45,523 [ERROR] ConditionMgr:805 - Attr not supported : Dmpu
2025-08-12 08:18:45,523 [ERROR] ConditionMgr:805 - Attr not supported : Dmpu
2025-08-12 08:18:45,523 [ERROR] ConditionMgr:805 - Attr not supported : Dmpu
2025-08-12 08:18:45,524 [ERROR] ConditionMgr:805 - Attr not supported : Dmpu
2025-08-12 08:18:45,525 [ERROR] ConditionMgr:805 - Attr not supported : Dmpu
2025-08-12 08:18:45,525 [ERROR] ConditionMgr:805 - Attr not supported : Dmpu
2025-08-12 08:18:45,525 [ERROR] ConditionMgr:805 - Attr not supported : Dmpu
2025-08-12 08:18:45,525 [ERROR] ConditionMgr:805 - Attr not supported : Dmpu
2025-08-12 08:18:45,525 [ERROR] ConditionMgr:805 - Attr not supported : Dmpu
2025-08-12 08:18:45,525 [ERROR] ConditionMgr:805 - Attr not supported : Dmpu
2025-08-12 08:18:45,525 [ERROR] ConditionMgr:805 - Attr not supported : Dmpu
2025-08-12 08:18:45,525 [ERROR] ConditionMgr:805 - Attr not supported : Dmpu
2025-08-12 08:18:45,525 [ERROR] ConditionMgr:805 - Attr not supported : Dmpu
2025-08-12 08:18:45,525 [ERROR] ConditionMgr:805 - Attr not supported : Dmpu
2025-08-12 08:18:45,525 [ERROR] ConditionMgr:805 - Attr not supported : Dmpu
2025-08-12 08:18:45,526 [ERROR] ConditionMgr:805 - Attr not supported : Dmpu
2025-08-12 08:18:45,526 [ERROR] ConditionMgr:805 - Attr not supported : Dmpu
2025-08-12 08:18:45,526 [ERROR] ConditionMgr:805 - Attr not supported : Dmpu
2025-08-12 08:18:45,526 [ERROR] ConditionMgr:805 - Attr not supported : Dmpu
2025-08-12 08:18:45,526 [ERROR] ConditionMgr:805 - Attr not supported : Dmpu
2025-08-12 08:18:45,526 [ERROR] ConditionMgr:805 - Attr not supported : Dmpu
2025-08-12 08:18:45,526 [ERROR] ConditionMgr:805 - Attr not supported : Dmpu
2025-08-12 08:18:45,526 [ERROR] ConditionMgr:805 - Attr not supported : Dmpu
2025-08-12 08:18:45,526 [ERROR] ConditionMgr:805 - Attr not supported : Dmpu
2025-08-12 08:18:45,526 [ERROR] ConditionMgr:805 - Attr not supported : Dmpu
2025-08-12 08:18:45,527 [ERROR] ConditionMgr:805 - Attr not supported : Dmpu
2025-08-12 08:18:45,527 [ERROR] ConditionMgr:805 - Attr not supported : Dmpu
2025-08-12 08:18:45,554 [WARN] PackLoader:240 - Cannot read IP mode file for STMicroelectronics.X-CUBE-WB05N.2.0.0
2025-08-12 08:18:45,580 [ERROR] Engine:466 - C:\Users\abhim\.stm32cubemx\thirdparties\pdsc\STMicroelectronics.X-CUBE-TCPP.4.2.0.pdsc: PDSC version is not supported
2025-08-12 08:18:45,606 [WARN] PackLoader:240 - Cannot read IP mode file for RealThread.X-CUBE-RT-Thread_Nano.4.1.1
2025-08-12 08:18:45,632 [WARN] PackLoader:240 - Cannot read IP mode file for STMicroelectronics.FP-ATR-SIGFOX1.3.2.0
2025-08-12 08:18:45,649 [WARN] PackLoader:240 - Cannot read IP mode file for STMicroelectronics.X-CUBE-EEPRMA1.5.1.0
2025-08-12 08:18:45,672 [ERROR] Engine:466 - C:\Users\abhim\.stm32cubemx\thirdparties\pdsc\STMicroelectronics.X-CUBE-ST67W61.1.0.0.pdsc: PDSC version is not supported
2025-08-12 08:18:45,694 [WARN] PackLoader:240 - Cannot read IP mode file for STMicroelectronics.X-CUBE-AI.10.2.0
2025-08-12 08:18:45,751 [WARN] PackLoader:240 - Cannot read IP mode file for SEGGER.I-CUBE-embOS.1.3.1
2025-08-12 08:18:45,823 [WARN] PackLoader:240 - Cannot read IP mode file for STMicroelectronics.X-CUBE-ALGOBUILD.1.4.0
2025-08-12 08:18:45,936 [WARN] PackLoader:240 - Cannot read IP mode file for STMicroelectronics.X-CUBE-MEMS1.11.3.0
2025-08-12 08:18:46,169 [WARN] PackLoader:240 - Cannot read IP mode file for STMicroelectronics.X-CUBE-AI.9.1.0
2025-08-12 08:18:46,196 [WARN] PackLoader:240 - Cannot read IP mode file for STMicroelectronics.X-CUBE-PM33A1.1.0.0
2025-08-12 08:18:46,230 [WARN] PackLoader:240 - Cannot read IP mode file for STMicroelectronics.X-CUBE-GNSS1.6.0.0
2025-08-12 08:18:46,281 [WARN] PackLoader:240 - Cannot read IP mode file for STMicroelectronics.X-CUBE-AZRTOS-F4.1.1.0
2025-08-12 08:18:46,311 [ERROR] Engine:466 - C:\Users\abhim\.stm32cubemx\thirdparties\pdsc\Avnet-IotConnect.X-CUBE-IoTC-DA16k-PMOD.1.0.0.pdsc: PDSC version is not supported
2025-08-12 08:18:46,334 [WARN] PackLoader:240 - Cannot read IP mode file for STMicroelectronics.X-CUBE-ISPU.2.1.0
2025-08-12 08:18:46,362 [WARN] PackLoader:240 - Cannot read IP mode file for STMicroelectronics.X-CUBE-FREERTOS.1.2.0
2025-08-12 08:18:46,384 [WARN] PackLoader:240 - Cannot read IP mode file for wolfSSL.I-CUBE-wolfSSL.5.6.6
2025-08-12 08:18:46,411 [WARN] PackLoader:240 - Cannot read IP mode file for STMicroelectronics.X-CUBE-NFC12.1.0.0
2025-08-12 08:18:46,455 [WARN] PackLoader:240 - Cannot read IP mode file for STMicroelectronics.X-CUBE-AZRTOS-L5.2.0.0
2025-08-12 08:18:46,494 [WARN] PackLoader:240 - Cannot read IP mode file for STMicroelectronics.X-CUBE-NFC6.3.1.0
2025-08-12 08:18:46,515 [WARN] PackLoader:240 - Cannot read IP mode file for ITTIA_DB.I-CUBE-ITTIADB.8.8.0
2025-08-12 08:18:46,544 [WARN] PackLoader:240 - Cannot read IP mode file for STMicroelectronics.X-CUBE-DPower.1.2.0
2025-08-12 08:18:46,574 [WARN] PackLoader:240 - Cannot read IP mode file for STMicroelectronics.X-CUBE-FREERTOS.1.3.1
2025-08-12 08:18:46,593 [WARN] PackLoader:240 - Cannot read IP mode file for STMicroelectronics.X-CUBE-FREERTOS.1.3.0
2025-08-12 08:18:46,629 [WARN] PackLoader:240 - Cannot read IP mode file for STMicroelectronics.X-CUBE-NFC7.1.0.1
2025-08-12 08:18:46,665 [WARN] PackLoader:240 - Cannot read IP mode file for STMicroelectronics.X-CUBE-NFC6.3.0.0
2025-08-12 08:18:46,695 [ERROR] Engine:466 - C:\Users\abhim\.stm32cubemx\thirdparties\pdsc\STMicroelectronics.FP-SNS-STAIOTCFT.1.0.0.pdsc: PDSC version is not supported
2025-08-12 08:18:46,718 [WARN] PackLoader:240 - Cannot read IP mode file for STMicroelectronics.X-CUBE-DPower.1.3.0
2025-08-12 08:18:46,735 [WARN] PackLoader:240 - Cannot read IP mode file for STMicroelectronics.X-CUBE-AI.8.1.0
2025-08-12 08:18:46,771 [WARN] ConditionMgr:438 - getConditionDescription Invalid condition id : LAN8742 Phy interface Condition cause : null
2025-08-12 08:18:46,772 [WARN] PackLoader:240 - Cannot read IP mode file for STMicroelectronics.X-CUBE-AZRTOS-L4.2.0.0
2025-08-12 08:18:46,773 [WARN] ConditionMgr:1039 - genDependencies : Invalid condition id : LAN8742 Phy interface Condition cause : null
2025-08-12 08:18:46,773 [WARN] ConditionMgr:1039 - genDependencies : Invalid condition id : LAN8742 Phy interface Condition cause : null
2025-08-12 08:18:46,774 [WARN] ConditionMgr:1039 - genDependencies : Invalid condition id : LAN8742 Phy interface Condition cause : null
2025-08-12 08:18:46,798 [WARN] PackLoader:240 - Cannot read IP mode file for STMicroelectronics.X-CUBE-SFXS2LP1.4.0.0
2025-08-12 08:18:46,836 [WARN] PackLoader:240 - Cannot read IP mode file for STMicroelectronics.X-CUBE-AZRTOS-H7.3.3.0
2025-08-12 08:18:46,869 [ERROR] Engine:466 - C:\Users\abhim\.stm32cubemx\thirdparties\pdsc\STMicroelectronics.X-CUBE-BLEMGR.4.1.0.pdsc: PDSC version is not supported
2025-08-12 08:18:46,903 [WARN] PackLoader:240 - Cannot read IP mode file for STMicroelectronics.X-CUBE-IPS.3.0.0
2025-08-12 08:18:46,951 [WARN] ConditionMgr:438 - getConditionDescription Invalid condition id : UX DEVICE CLASS RTOS Condition cause : null
2025-08-12 08:18:46,951 [WARN] ConditionMgr:438 - getConditionDescription Invalid condition id : UX DEVICE CLASS RTOS Condition cause : null
2025-08-12 08:18:46,954 [WARN] PackLoader:240 - Cannot read IP mode file for STMicroelectronics.X-CUBE-AZRTOS-WB.2.0.0
2025-08-12 08:18:46,954 [WARN] ConditionMgr:1039 - genDependencies : Invalid condition id : UX DEVICE CLASS RTOS Condition cause : null
2025-08-12 08:18:46,954 [WARN] ConditionMgr:1039 - genDependencies : Invalid condition id : UX DEVICE CLASS RTOS Condition cause : null
2025-08-12 08:18:46,955 [WARN] ConditionMgr:1039 - genDependencies : Invalid condition id : UX DEVICE CLASS RTOS Condition cause : null
2025-08-12 08:18:46,955 [WARN] ConditionMgr:1039 - genDependencies : Invalid condition id : UX DEVICE CLASS RTOS Condition cause : null
2025-08-12 08:18:46,955 [WARN] ConditionMgr:1039 - genDependencies : Invalid condition id : UX DEVICE CLASS RTOS Condition cause : null
2025-08-12 08:18:46,980 [WARN] PackLoader:240 - Cannot read IP mode file for STMicroelectronics.X-CUBE-GNSS1.7.0.0
2025-08-12 08:18:47,012 [WARN] PackLoader:240 - Cannot read IP mode file for STMicroelectronics.X-CUBE-GNSS1.7.0.1
2025-08-12 08:18:47,036 [WARN] PackLoader:240 - Cannot read IP mode file for STMicroelectronics.X-CUBE-TOUCHGFX.4.25.0
2025-08-12 08:18:47,059 [WARN] PackLoader:240 - Cannot read IP mode file for STMicroelectronics.FP-SNS-STBOX1.2.0.0
2025-08-12 08:18:47,103 [WARN] PackLoader:240 - Cannot read IP mode file for STMicroelectronics.X-CUBE-SUBG2.5.0.0
2025-08-12 08:18:47,172 [WARN] PackLoader:240 - Cannot read IP mode file for STMicroelectronics.X-CUBE-AZRTOS-H7RS.1.1.0
2025-08-12 08:18:47,220 [WARN] PackLoader:240 - Cannot read IP mode file for Cesanta.I-CUBE-Mongoose.7.13.0
2025-08-12 08:18:47,273 [WARN] PackLoader:240 - Cannot read IP mode file for STMicroelectronics.X-CUBE-AZRTOS-G4.2.0.0
2025-08-12 08:18:47,347 [WARN] PackLoader:240 - Cannot read IP mode file for Infineon.AIROC-Wi-Fi-Bluetooth-STM32.1.5.1
2025-08-12 08:18:47,379 [WARN] PackLoader:240 - Cannot read IP mode file for STMicroelectronics.X-CUBE-NFC7.2.0.0
2025-08-12 08:18:47,403 [WARN] PackLoader:240 - Cannot read IP mode file for STMicroelectronics.FP-SNS-MOTENVWB1.1.3.1
2025-08-12 08:18:47,420 [WARN] PackLoader:240 - Cannot read IP mode file for STMicroelectronics.X-CUBE-ISPU.2.0.0
2025-08-12 08:18:47,440 [ERROR] Engine:466 - C:\Users\abhim\.stm32cubemx\thirdparties\pdsc\STMicroelectronics.X-CUBE-IPS.3.1.0.pdsc: PDSC version is not supported
2025-08-12 08:18:47,460 [WARN] PackLoader:240 - Cannot read IP mode file for STMicroelectronics.X-CUBE-ALS.1.0.2
2025-08-12 08:18:47,509 [WARN] PackLoader:240 - Cannot read IP mode file for STMicroelectronics.X-CUBE-MEMS1.10.0.0
2025-08-12 08:18:47,612 [WARN] PackLoader:240 - Cannot read IP mode file for STMicroelectronics.X-CUBE-FREERTOS.1.1.0
2025-08-12 08:18:47,631 [WARN] PackLoader:240 - Cannot read IP mode file for STMicroelectronics.X-CUBE-TOUCHGFX.4.24.1
2025-08-12 08:18:47,648 [WARN] PackLoader:240 - Cannot read IP mode file for wolfSSL.I-CUBE-wolfTPM.3.4.0
2025-08-12 08:18:47,670 [WARN] PackLoader:240 - Cannot read IP mode file for portGmbH.I-Cube-SoM-uGOAL.1.1.0
2025-08-12 08:18:47,683 [WARN] PackLoader:240 - Cannot read IP mode file for STMicroelectronics.X-CUBE-ALS.1.0.1
2025-08-12 08:18:47,718 [WARN] PackLoader:240 - Cannot read IP mode file for STMicroelectronics.X-CUBE-AZRTOS-H7RS.1.0.0
2025-08-12 08:18:47,744 [WARN] PackLoader:240 - Cannot read IP mode file for STMicroelectronics.FP-ATR-ASTRA1.2.0.0
2025-08-12 08:18:47,768 [WARN] PackLoader:240 - Cannot read IP mode file for STMicroelectronics.X-CUBE-TOF1.3.4.2
2025-08-12 08:18:47,791 [ERROR] Engine:466 - C:\Users\abhim\.stm32cubemx\thirdparties\pdsc\STMicroelectronics.X-CUBE-TOF1.3.4.3.pdsc: PDSC version is not supported
2025-08-12 08:18:47,820 [WARN] PackLoader:240 - Cannot read IP mode file for STMicroelectronics.X-CUBE-TOF1.3.4.0
2025-08-12 08:18:47,860 [WARN] PackLoader:240 - Cannot read IP mode file for STMicroelectronics.X-CUBE-AZRTOS-H7.3.2.0
2025-08-12 08:18:47,882 [WARN] PackLoader:240 - Cannot read IP mode file for wolfSSL.I-CUBE-wolfSSH.1.4.17
2025-08-12 08:18:47,882 [INFO] ThirdParty:978 - Integrity check success = true
2025-08-12 08:18:47,882 [INFO] IntegrityCheckThread:100 - exiting critical section [integrity check]
2025-08-12 08:18:47,884 [INFO] IntegrityCheckThread:103 - End integrity checks thread
2025-08-12 08:18:48,904 [INFO] WebApp:161 - Instantiating new browser for Auth
2025-08-12 08:18:49,980 [INFO] WebApp:780 - Register for checkConnection events
2025-08-12 08:18:49,980 [INFO] WebApp:414 - Apply proxy settings
2025-08-12 08:18:49,980 [INFO] WebApp:499 - Chromium requires no authentication
2025-08-12 08:18:49,989 [INFO] WebApp:442 - Direct internet connection detected
2025-08-12 08:18:50,159 [INFO] WebApp:192 - Starting web application
2025-08-12 08:18:50,159 [INFO] WebApp:544 - Web application path used D:\Program Files\STM32CubeIDE_1.14.1\STM32CubeIDE\plugins\com.st.stm32cube.common.mx_6.10.0.202311202037\db\plugins\mcufinder\reactClient1\index.html
2025-08-12 08:19:11,012 [ERROR] LogOutputStream:75 - [STDERR_REDIRECT] SLF4J: Failed to load class "org.slf4j.impl.StaticLoggerBinder".
2025-08-12 08:19:11,013 [ERROR] LogOutputStream:75 - [STDERR_REDIRECT] SLF4J: Defaulting to no-operation (NOP) logger implementation
2025-08-12 08:19:11,014 [ERROR] LogOutputStream:75 - [STDERR_REDIRECT] SLF4J: See http://www.slf4j.org/codes.html#StaticLoggerBinder for further details.
