2025-08-10 09:17:40,039 [INFO] ADCParametersView:116 -                Rank 1 : false
2025-08-10 09:17:40,068 [INFO] ADCParametersView:116 -                Rank 1 : false
2025-08-10 09:17:40,069 [INFO] ADCParametersView:116 -                Rank 1 : false
2025-08-10 09:17:40,069 [INFO] ADCParametersView:116 -                Rank 1 : false
2025-08-10 09:17:40,069 [INFO] ADCParametersView:116 -                Rank 1 : false
2025-08-10 09:17:40,069 [INFO] ADCParametersView:116 -                Rank 1 : false
2025-08-10 09:17:40,069 [INFO] ADCParametersView:116 -                Rank 1 : false
2025-08-10 09:17:40,069 [INFO] ADCParametersView:116 -                Rank 1 : false
2025-08-10 09:17:40,069 [INFO] ADCParametersView:116 -                Rank 1 : false
2025-08-10 09:17:40,069 [INFO] ADCParametersView:116 -                Rank 1 : false
2025-08-10 09:17:40,070 [INFO] ADCParametersView:116 -                Rank 1 : false
2025-08-10 09:17:40,070 [INFO] ADCParametersView:116 -                Rank 1 : false
2025-08-10 09:17:40,070 [INFO] ADCParametersView:116 -                Rank 1 : false
2025-08-10 09:17:40,070 [INFO] ADCParametersView:116 -                Rank 1 : false
2025-08-10 09:17:40,070 [INFO] ADCParametersView:116 -                Rank 1 : false
2025-08-10 09:17:40,070 [INFO] ADCParametersView:116 -                Rank 1 : false
2025-08-10 09:17:40,070 [INFO] ADCParametersView:116 -                Rank 1 : false
2025-08-10 09:17:40,070 [INFO] ADCParametersView:116 -                Rank 1 : false
2025-08-10 09:17:40,070 [INFO] ADCParametersView:116 -                Rank 1 : false
2025-08-10 09:17:40,070 [INFO] ADCParametersView:116 -                Rank 1 : false
2025-08-10 09:17:40,070 [INFO] ADCParametersView:116 -                Rank 1 : false
2025-08-10 09:17:40,087 [INFO] ADCParametersView:116 -                Rank 1 : false
2025-08-10 09:17:40,114 [INFO] ADCParametersView:116 -                Rank 1 : false
2025-08-10 09:17:40,115 [INFO] ADCParametersView:116 -                Rank 1 : false
2025-08-10 09:17:40,115 [INFO] ADCParametersView:116 -                Rank 1 : false
2025-08-10 09:17:40,115 [INFO] ADCParametersView:116 -                Rank 1 : false
2025-08-10 09:17:40,115 [INFO] ADCParametersView:116 -                Rank 1 : false
2025-08-10 09:17:40,115 [INFO] ADCParametersView:116 -                Rank 1 : false
2025-08-10 09:17:40,115 [INFO] ADCParametersView:116 -                Rank 1 : false
2025-08-10 09:17:40,115 [INFO] ADCParametersView:116 -                Rank 1 : false
2025-08-10 09:17:40,115 [INFO] ADCParametersView:116 -                Rank 1 : false
2025-08-10 09:17:40,115 [INFO] ADCParametersView:116 -                Rank 1 : false
2025-08-10 09:17:40,115 [INFO] ADCParametersView:116 -                Rank 1 : false
2025-08-10 09:17:40,115 [INFO] ADCParametersView:116 -                Rank 1 : false
2025-08-10 09:17:40,115 [INFO] ADCParametersView:116 -                Rank 1 : false
2025-08-10 09:17:40,115 [INFO] ADCParametersView:116 -                Rank 1 : false
2025-08-10 09:17:40,115 [INFO] ADCParametersView:116 -                Rank 1 : false
2025-08-10 09:17:40,115 [INFO] ADCParametersView:116 -                Rank 1 : false
2025-08-10 09:17:40,115 [INFO] ADCParametersView:116 -                Rank 1 : false
2025-08-10 09:17:40,115 [INFO] ADCParametersView:116 -                Rank 1 : false
2025-08-10 09:17:40,116 [INFO] ADCParametersView:116 -                Rank 1 : false
2025-08-10 09:17:40,116 [INFO] ADCParametersView:116 -                Rank 1 : false
2025-08-10 09:17:40,116 [INFO] ADCParametersView:116 -                Rank 1 : false
2025-08-10 09:17:40,128 [INFO] ADCParametersView:116 -                Rank 1 : false
2025-08-10 09:20:53,866 [INFO] SpinnerEditorADC:65 - is string kkkk
2025-08-10 09:21:01,552 [INFO] NvicIntPanel:101 - NVIC parent = com.st.microxplorer.plugins.ip.nvic.MultiNvicIntPanel[,0,0,0x0,invalid,layout=javax.swing.BoxLayout,alignmentX=0.0,alignmentY=0.0,border=,flags=9,maximumSize=,minimumSize=,preferredSize=]
2025-08-10 09:21:01,606 [INFO] ADCParametersView:116 -                Rank 1 : false
2025-08-10 09:21:01,608 [INFO] ADCParametersView:116 -                Rank 1 : false
2025-08-10 09:21:01,608 [INFO] ADCParametersView:116 -                Rank 1 : false
2025-08-10 09:21:01,608 [INFO] ADCParametersView:116 -                Rank 1 : false
2025-08-10 09:21:01,608 [INFO] ADCParametersView:116 -                Rank 1 : false
2025-08-10 09:21:01,608 [INFO] ADCParametersView:116 -                Rank 1 : false
2025-08-10 09:21:01,608 [INFO] ADCParametersView:116 -                Rank 1 : false
2025-08-10 09:21:01,608 [INFO] ADCParametersView:116 -                Rank 1 : false
2025-08-10 09:21:01,608 [INFO] ADCParametersView:116 -                Rank 1 : false
2025-08-10 09:21:01,608 [INFO] ADCParametersView:116 -                Rank 1 : false
2025-08-10 09:21:01,608 [INFO] ADCParametersView:116 -                Rank 1 : false
2025-08-10 09:21:01,608 [INFO] ADCParametersView:116 -                Rank 1 : false
2025-08-10 09:21:01,608 [INFO] ADCParametersView:116 -                Rank 1 : false
2025-08-10 09:21:01,609 [INFO] ADCParametersView:116 -                Rank 1 : false
2025-08-10 09:21:01,609 [INFO] ADCParametersView:116 -                Rank 1 : false
2025-08-10 09:21:01,609 [INFO] ADCParametersView:116 -                Rank 1 : false
2025-08-10 09:21:01,609 [INFO] ADCParametersView:116 -                Rank 1 : false
2025-08-10 09:21:01,609 [INFO] ADCParametersView:116 -                Rank 1 : false
2025-08-10 09:21:01,609 [INFO] ADCParametersView:116 -                Rank 1 : false
2025-08-10 09:21:01,609 [INFO] ADCParametersView:116 -                Rank 1 : false
2025-08-10 09:21:01,609 [INFO] ADCParametersView:116 -                Rank 1 : false
2025-08-10 09:21:01,623 [INFO] ADCParametersView:116 -                Rank 1 : false
2025-08-10 09:26:55,796 [INFO] UtilMem:75 - End SaveConfig() Used Memory: 581693552 Bytes (1073741824)
2025-08-10 09:26:55,907 [INFO] UtilMem:75 - End SaveConfig() Used Memory: 605810800 Bytes (1073741824)
2025-08-10 09:26:58,885 [INFO] UtilMem:75 - End SaveConfig() Used Memory: 769910896 Bytes (1073741824)
2025-08-10 09:26:59,803 [INFO] BlockDiagram:2759 - set Specific Code input for plugin: FMAC
2025-08-10 09:26:59,804 [INFO] BlockDiagram:2759 - set Specific Code input for plugin: DAC
2025-08-10 09:26:59,804 [INFO] BlockDiagram:2759 - set Specific Code input for plugin: TIM6_7G4
2025-08-10 09:26:59,804 [INFO] BlockDiagram:2759 - set Specific Code input for plugin: SYS
2025-08-10 09:26:59,804 [INFO] BlockDiagram:2759 - set Specific Code input for plugin: ADC
2025-08-10 09:26:59,804 [INFO] BlockDiagram:2759 - set Specific Code input for plugin: RCC
2025-08-10 09:26:59,804 [INFO] BlockDiagram:2759 - set Specific Code input for plugin: LPUART
2025-08-10 09:26:59,804 [INFO] BlockDiagram:2759 - set Specific Code input for plugin: NVIC
2025-08-10 09:26:59,804 [INFO] BlockDiagram:2759 - set Specific Code input for plugin: DMA
2025-08-10 09:26:59,805 [INFO] BlockDiagram:2759 - set Specific Code input for plugin: GPIO
2025-08-10 09:26:59,808 [INFO] CodeGenerator:807 - code generatio: config db path: D:\Program Files\STM32CubeIDE_1.14.1\STM32CubeIDE\plugins\com.st.stm32cube.common.mx_6.10.0.202311202037\\db\
2025-08-10 09:27:00,246 [INFO] CodeEngine:255 - oldGeneratedFile, D:\STM32G4\Benchmarking-STM32G4-Accelerators\BenchmarkingAccelerators\MXTmpFiles\license.tmp_save
2025-08-10 09:27:01,062 [INFO] CodeEngine:279 - Generated code: D:\STM32G4\Benchmarking-STM32G4-Accelerators\BenchmarkingAccelerators\MXTmpFiles\license.tmp
2025-08-10 09:27:01,234 [INFO] CodeEngine:255 - oldGeneratedFile, D:\STM32G4\Benchmarking-STM32G4-Accelerators\BenchmarkingAccelerators\MXTmpFiles\gpio.tmp_save
2025-08-10 09:27:01,439 [INFO] CodeEngine:279 - Generated code: D:\STM32G4\Benchmarking-STM32G4-Accelerators\BenchmarkingAccelerators\MXTmpFiles\gpio.tmp
2025-08-10 09:27:02,694 [INFO] CodeEngine:255 - oldGeneratedFile, D:\STM32G4\Benchmarking-STM32G4-Accelerators\BenchmarkingAccelerators\MXTmpFiles\dma.tmp_save
2025-08-10 09:27:02,862 [INFO] CodeEngine:279 - Generated code: D:\STM32G4\Benchmarking-STM32G4-Accelerators\BenchmarkingAccelerators\MXTmpFiles\dma.tmp
2025-08-10 09:27:02,880 [INFO] CodeEngine:255 - oldGeneratedFile, D:\STM32G4\Benchmarking-STM32G4-Accelerators\BenchmarkingAccelerators\MXTmpFiles\dma_GV.tmp_save
2025-08-10 09:27:02,985 [INFO] CodeEngine:279 - Generated code: D:\STM32G4\Benchmarking-STM32G4-Accelerators\BenchmarkingAccelerators\MXTmpFiles\dma_GV.tmp
2025-08-10 09:27:03,059 [INFO] CodeEngine:255 - oldGeneratedFile, D:\STM32G4\Benchmarking-STM32G4-Accelerators\BenchmarkingAccelerators\Core\Src\stm32g4xx_it.c_save
2025-08-10 09:27:03,341 [INFO] CodeEngine:279 - Generated code: D:\STM32G4\Benchmarking-STM32G4-Accelerators\BenchmarkingAccelerators\Core\Src\stm32g4xx_it.c
2025-08-10 09:27:03,391 [INFO] CodeEngine:255 - oldGeneratedFile, D:\STM32G4\Benchmarking-STM32G4-Accelerators\BenchmarkingAccelerators\Core\Inc\stm32g4xx_it.h_save
2025-08-10 09:27:03,529 [INFO] CodeEngine:279 - Generated code: D:\STM32G4\Benchmarking-STM32G4-Accelerators\BenchmarkingAccelerators\Core\Inc\stm32g4xx_it.h
2025-08-10 09:27:03,582 [INFO] CodeEngine:255 - oldGeneratedFile, D:\STM32G4\Benchmarking-STM32G4-Accelerators\BenchmarkingAccelerators\Core\Src\stm32g4xx_hal_msp.c_save
2025-08-10 09:27:03,851 [INFO] CodeEngine:279 - Generated code: D:\STM32G4\Benchmarking-STM32G4-Accelerators\BenchmarkingAccelerators\Core\Src\stm32g4xx_hal_msp.c
2025-08-10 09:27:03,883 [INFO] CodeEngine:255 - oldGeneratedFile, D:\STM32G4\Benchmarking-STM32G4-Accelerators\BenchmarkingAccelerators\MXTmpFiles\system.tmp_save
2025-08-10 09:27:03,988 [INFO] CodeEngine:279 - Generated code: D:\STM32G4\Benchmarking-STM32G4-Accelerators\BenchmarkingAccelerators\MXTmpFiles\system.tmp
2025-08-10 09:27:04,033 [INFO] CodeEngine:311 - oldGeneratedFile, D:\STM32G4\Benchmarking-STM32G4-Accelerators\BenchmarkingAccelerators\Core\Inc\stm32g4xx_hal_conf.h_save
2025-08-10 09:27:04,189 [INFO] CodeEngine:335 - Generated code: D:\STM32G4\Benchmarking-STM32G4-Accelerators\BenchmarkingAccelerators\Core\Inc\stm32g4xx_hal_conf.h
2025-08-10 09:27:04,233 [WARN] IPConfigManager:2946 - Warning: the RefConfig RCC_CommonPeriphClockConfig is not available in your config.xml file
2025-08-10 09:27:04,240 [WARN] IPConfigManager:3440 - IP not found : TIM
2025-08-10 09:27:04,242 [WARN] CodeGenerator:3939 - IP not found : null
2025-08-10 09:27:04,301 [INFO] CodeEngine:255 - oldGeneratedFile, D:\STM32G4\Benchmarking-STM32G4-Accelerators\BenchmarkingAccelerators\Core\Inc\main.h_save
2025-08-10 09:27:04,471 [INFO] CodeEngine:279 - Generated code: D:\STM32G4\Benchmarking-STM32G4-Accelerators\BenchmarkingAccelerators\Core\Inc\main.h
2025-08-10 09:27:04,506 [INFO] CodeEngine:255 - oldGeneratedFile, D:\STM32G4\Benchmarking-STM32G4-Accelerators\BenchmarkingAccelerators\Core\Src\main.c_save
2025-08-10 09:27:04,761 [INFO] CodeEngine:279 - Generated code: D:\STM32G4\Benchmarking-STM32G4-Accelerators\BenchmarkingAccelerators\Core\Src\main.c
2025-08-10 09:27:05,146 [ERROR] ProjectBuilder:6568 - Problem during Copy of File LICENSE.txt
2025-08-10 09:27:05,251 [ERROR] ProjectBuilder:6568 - Problem during Copy of File LICENSE.txt
2025-08-10 09:27:05,257 [ERROR] ProjectBuilder:6568 - Problem during Copy of File LICENSE.txt
2025-08-10 09:27:05,260 [ERROR] ProjectBuilder:6568 - Problem during Copy of File LICENSE.txt
2025-08-10 09:27:05,457 [INFO] ProjectBuilder:3076 - Time for Copy HAL[1] : 360mS.
2025-08-10 09:27:05,465 [INFO] ProjectBuilder:4485 - Project Generator version: 4.2.0-B44
2025-08-10 09:27:05,716 [INFO] ConfigFileManager:1495 - The Die is : DIE469
2025-08-10 09:27:05,741 [INFO] ApiDbMcu:508 - Load IP Config File for FATFS
2025-08-10 09:27:05,760 [INFO] ApiDbMcu:508 - Load IP Config File for FREERTOS
2025-08-10 09:27:05,784 [INFO] ApiDbMcu:508 - Load IP Config File for USBPD
2025-08-10 09:27:05,806 [INFO] ApiDbMcu:508 - Load IP Config File for USB_Device
