2025-06-14 00:15:21,326 [INFO] MainUpdater:2873 - connection check result : 10
2025-06-14 00:15:21,352 [INFO] MainUpdater:2873 - connection check result : 10
2025-06-14 00:15:21,404 [INFO] MicroXplorer:468 - Change Database Path : 
2025-06-14 00:15:21,404 [INFO] MicroXplorer:498 - Change Database Version : DB.6.0.100
2025-06-14 00:15:21,415 [ERROR] ProjectManagerView:394 - 
java.lang.NullPointerException: Cannot invoke "javax.swing.JTextField.getText()" because the return value of "java.util.List.get(int)" is null
	at com.st.microxplorer.plugins.projectmanager.gui.ProjectChoiceTab$10.caretUpdate(ProjectChoiceTab.java:2493) ~[filemanager.jar:?]
	at javax.swing.text.JTextComponent.fireCaretUpdate(JTextComponent.java:412) ~[?:?]
	at javax.swing.text.JTextComponent$MutableCaretEvent.fire(JTextComponent.java:4491) ~[?:?]
	at javax.swing.text.JTextComponent$MutableCaretEvent.stateChanged(JTextComponent.java:4513) ~[?:?]
	at javax.swing.text.DefaultCaret.fireStateChanged(DefaultCaret.java:842) ~[?:?]
	at javax.swing.text.DefaultCaret.changeCaretPosition(DefaultCaret.java:1313) ~[?:?]
	at javax.swing.text.DefaultCaret.handleSetDot(DefaultCaret.java:1212) ~[?:?]
	at javax.swing.text.DefaultCaret.setDot(DefaultCaret.java:1193) ~[?:?]
	at javax.swing.text.DefaultCaret$Handler.insertUpdate(DefaultCaret.java:1789) ~[?:?]
	at javax.swing.text.AbstractDocument.fireInsertUpdate(AbstractDocument.java:226) ~[?:?]
	at javax.swing.text.AbstractDocument.handleInsertString(AbstractDocument.java:780) ~[?:?]
	at javax.swing.text.AbstractDocument.insertString(AbstractDocument.java:739) ~[?:?]
	at javax.swing.text.PlainDocument.insertString(PlainDocument.java:131) ~[?:?]
	at javax.swing.text.AbstractDocument.replace(AbstractDocument.java:698) ~[?:?]
	at javax.swing.text.JTextComponent.setText(JTextComponent.java:1729) ~[?:?]
	at com.st.microxplorer.plugins.projectmanager.gui.ProjectChoiceTab.createHeapStackFields(ProjectChoiceTab.java:933) ~[filemanager.jar:?]
	at com.st.microxplorer.plugins.projectmanager.gui.ProjectChoiceTab.buildLinkSettingsPanel(ProjectChoiceTab.java:3426) ~[filemanager.jar:?]
	at com.st.microxplorer.plugins.projectmanager.gui.ProjectChoiceTab.defineWindowsFields(ProjectChoiceTab.java:1813) ~[filemanager.jar:?]
	at com.st.microxplorer.plugins.projectmanager.gui.ProjectChoiceTab.updateSettings(ProjectChoiceTab.java:533) ~[filemanager.jar:?]
	at com.st.microxplorer.plugins.projectmanager.gui.ProjectSettingsPanel.UpdateDialog(ProjectSettingsPanel.java:244) ~[filemanager.jar:?]
	at com.st.microxplorer.plugins.projectmanager.ProjectManagerView.propertyChange(ProjectManagerView.java:391) ~[filemanager.jar:?]
	at java.beans.PropertyChangeSupport.fire(PropertyChangeSupport.java:343) ~[?:?]
	at java.beans.PropertyChangeSupport.firePropertyChange(PropertyChangeSupport.java:335) ~[?:?]
	at java.beans.PropertyChangeSupport.firePropertyChange(PropertyChangeSupport.java:268) ~[?:?]
	at com.st.microxplorer.util.MXPropertyChangeSupport.firePropertyChange(MXPropertyChangeSupport.java:54) ~[STM32CubeMX.jar:?]
	at com.st.microxplorer.mxsystem.MxSystem.closeConfig(MxSystem.java:900) ~[STM32CubeMX.jar:?]
	at com.st.microxplorer.maingui.MainPanel.closeConfig(MainPanel.java:776) ~[STM32CubeMX.jar:?]
	at com.st.microxplorer.plugins.filemanager.engine.OpenFileManager.loadConfigurationFile(OpenFileManager.java:245) ~[filemanager.jar:?]
	at com.st.microxplorer.plugins.filemanager.engine.MainFileManager.userLoadConfig(MainFileManager.java:290) ~[filemanager.jar:?]
	at com.st.microxplorer.plugins.filemanager.FileManagerView.getSpecificTask(FileManagerView.java:247) ~[filemanager.jar:?]
	at com.st.stm32cube.common.mx.editor.CubeMxEditor.getMxTabbedPaneInstance(CubeMxEditor.java:1184) ~[com.st.stm32cube.common.mx_6.10.0.202311202037/:?]
	at com.st.stm32cube.common.mx.editor.CubeMxEditor$12$1.createSwingComponent(CubeMxEditor.java:1065) ~[com.st.stm32cube.common.mx_6.10.0.202311202037/:?]
	at com.st.stm32cube.common.mx.oss.core.awtswtbridge.EmbeddedSwingComposite.doComponentCreation(EmbeddedSwingComposite.java:492) ~[com.st.stm32cube.common.mx.oss_6.10.0.202311202037/:?]
	at com.st.stm32cube.common.mx.oss.core.awtswtbridge.EmbeddedSwingComposite$4.run(EmbeddedSwingComposite.java:291) ~[com.st.stm32cube.common.mx.oss_6.10.0.202311202037/:?]
	at com.st.stm32cube.common.mx.oss.core.awtswtbridge.AwtEnvironment$2.run(AwtEnvironment.java:166) ~[com.st.stm32cube.common.mx.oss_6.10.0.202311202037/:?]
	at java.awt.event.InvocationEvent.dispatch(InvocationEvent.java:318) ~[?:?]
	at java.awt.EventQueue.dispatchEventImpl(EventQueue.java:773) ~[?:?]
	at java.awt.EventQueue$4.run(EventQueue.java:720) ~[?:?]
	at java.awt.EventQueue$4.run(EventQueue.java:714) ~[?:?]
	at java.security.AccessController.doPrivileged(AccessController.java:399) ~[?:?]
	at java.security.ProtectionDomain$JavaSecurityAccessImpl.doIntersectionPrivilege(ProtectionDomain.java:86) ~[?:?]
	at java.awt.EventQueue.dispatchEvent(EventQueue.java:742) ~[?:?]
	at java.awt.EventDispatchThread.pumpOneEventForFilters(EventDispatchThread.java:203) ~[?:?]
	at java.awt.EventDispatchThread.pumpEventsForFilter(EventDispatchThread.java:124) ~[?:?]
	at java.awt.EventDispatchThread.pumpEventsForHierarchy(EventDispatchThread.java:113) ~[?:?]
	at java.awt.EventDispatchThread.pumpEvents(EventDispatchThread.java:109) ~[?:?]
	at java.awt.EventDispatchThread.pumpEvents(EventDispatchThread.java:101) ~[?:?]
	at java.awt.EventDispatchThread.run(EventDispatchThread.java:90) ~[?:?]
2025-06-14 00:15:21,416 [WARN] ThirdParty:871 - waiting for thirdparty lock release [close project]
2025-06-14 00:15:21,416 [INFO] ThirdParty:873 - entering critical section [close project]
2025-06-14 00:15:21,416 [INFO] ThirdParty:883 - exiting critical section [close project]
2025-06-14 00:15:21,418 [INFO] PinOutPanel:1499 - setPackage(No Configuration,No Configuration)
2025-06-14 00:15:21,420 [INFO] UtilMem:75 - Begin LoadConfig() Used Memory: 466309952 Bytes (1073741824)
2025-06-14 00:15:21,421 [INFO] MicroXplorer:468 - Change Database Path : 
2025-06-14 00:15:21,421 [INFO] MicroXplorer:498 - Change Database Version : DB.6.0.100
2025-06-14 00:15:21,421 [INFO] OpenFileManager:312 - Change cursor
2025-06-14 00:15:21,429 [INFO] Mcu:2016 - Initializing MCU STM32G474R(B-C-E)Tx STM32G474RETx STM32G474RET6
2025-06-14 00:15:24,436 [INFO] Context:659 - Trying to add GPIOservice into a context  which must be forbidden
2025-06-14 00:15:25,315 [INFO] RtosManager:555 - Registered RTOS mode: class=CMSIS, group=RTOS, mode=CMSIS_V1, owner=FREERTOS
2025-06-14 00:15:25,315 [INFO] RtosManager:555 - Registered RTOS mode: class=CMSIS, group=RTOS2, mode=CMSIS_V2, owner=FREERTOS
2025-06-14 00:15:25,315 [INFO] RtosManager:555 - Registered RTOS mode: class=RTOS, group=Core, mode=CMSIS_V1, owner=FREERTOS
2025-06-14 00:15:25,315 [INFO] RtosManager:555 - Registered RTOS mode: class=RTOS, group=Core, mode=CMSIS_V2, owner=FREERTOS
2025-06-14 00:15:25,315 [WARN] ModelIntegratedComponent:184 - Missing modes for component STMicroelectronics:FreeRTOS:0.0.1:STMicroelectronics:RTOS:FreeRTOS:Core:::10.2.0:
2025-06-14 00:15:25,316 [WARN] ModelIntegratedComponent:63 - No mode defined for component null
2025-06-14 00:15:25,316 [WARN] ModelIntegratedComponent:63 - No mode defined for component null
2025-06-14 00:15:25,316 [WARN] ModelIntegratedComponent:63 - No mode defined for component null
2025-06-14 00:15:25,317 [WARN] ModelIntegratedComponent:63 - No mode defined for component null
2025-06-14 00:15:25,317 [WARN] ModelIntegratedComponent:63 - No mode defined for component null
2025-06-14 00:15:25,317 [WARN] ModelIntegratedComponent:63 - No mode defined for component null
2025-06-14 00:15:25,317 [WARN] ModelIntegratedComponent:63 - No mode defined for component null
2025-06-14 00:15:25,317 [WARN] ModelIntegratedComponent:63 - No mode defined for component null
2025-06-14 00:15:25,317 [WARN] ModelIntegratedComponent:63 - No mode defined for component null
2025-06-14 00:15:25,317 [WARN] ModelIntegratedComponent:63 - No mode defined for component null
2025-06-14 00:15:25,317 [WARN] ModelIntegratedComponent:63 - No mode defined for component null
2025-06-14 00:15:25,317 [WARN] ModelIntegratedComponent:63 - No mode defined for component null
2025-06-14 00:15:25,317 [WARN] ModelIntegratedComponent:63 - No mode defined for component null
2025-06-14 00:15:25,317 [WARN] ModelIntegratedComponent:63 - No mode defined for component null
2025-06-14 00:15:25,317 [WARN] ModelIntegratedComponent:63 - No mode defined for component null
2025-06-14 00:15:25,317 [WARN] ModelIntegratedComponent:63 - No mode defined for component null
2025-06-14 00:15:25,317 [WARN] ModelIntegratedComponent:63 - No mode defined for component null
2025-06-14 00:15:25,317 [WARN] ModelIntegratedComponent:63 - No mode defined for component null
2025-06-14 00:15:25,317 [WARN] ModelIntegratedComponent:63 - No mode defined for component null
2025-06-14 00:15:25,317 [WARN] ModelIntegratedComponent:63 - No mode defined for component null
2025-06-14 00:15:25,317 [WARN] ModelIntegratedComponent:63 - No mode defined for component null
2025-06-14 00:15:25,317 [WARN] ModelIntegratedComponent:63 - No mode defined for component null
2025-06-14 00:15:25,317 [WARN] ModelIntegratedComponent:63 - No mode defined for component null
2025-06-14 00:15:25,317 [WARN] ModelIntegratedComponent:63 - No mode defined for component null
2025-06-14 00:15:25,317 [WARN] ModelIntegratedComponent:63 - No mode defined for component null
2025-06-14 00:15:25,317 [WARN] ModelIntegratedComponent:63 - No mode defined for component null
2025-06-14 00:15:25,317 [WARN] ModelIntegratedComponent:63 - No mode defined for component null
2025-06-14 00:15:25,317 [WARN] ModelIntegratedComponent:63 - No mode defined for component null
2025-06-14 00:15:25,317 [WARN] ModelIntegratedComponent:63 - No mode defined for component null
2025-06-14 00:15:25,317 [WARN] ModelIntegratedComponent:63 - No mode defined for component null
2025-06-14 00:15:25,317 [WARN] ModelIntegratedComponent:63 - No mode defined for component null
2025-06-14 00:15:25,317 [WARN] ModelIntegratedComponent:63 - No mode defined for component null
2025-06-14 00:15:25,317 [WARN] ModelIntegratedComponent:63 - No mode defined for component null
2025-06-14 00:15:25,451 [INFO] ThirdPartyModel:298 - Start build external matchings
2025-06-14 00:15:26,218 [INFO] ThirdPartyModel:316 - End build external matchings
2025-06-14 00:15:26,235 [INFO] ImportTextPane:194 - (OptionalMessage_ERROR) IP (DMA) : Parameter (Instance) has Id (FMAC_WRITE) currently not set
2025-06-14 00:15:26,235 [INFO] ImportTextPane:194 - (OptionalMessage_ERROR) IP (DMA) : Parameter (Request) has Id (FMAC_WRITE) currently not set
2025-06-14 00:15:26,235 [INFO] ImportTextPane:194 - (OptionalMessage_ERROR) IP (DMA) : Parameter (Direction) has Id (FMAC_WRITE) currently not set
2025-06-14 00:15:26,235 [INFO] ImportTextPane:194 - (OptionalMessage_ERROR) IP (DMA) : Parameter (PeriphInc) has Id (FMAC_WRITE) currently not set
2025-06-14 00:15:26,235 [INFO] ImportTextPane:194 - (OptionalMessage_ERROR) IP (DMA) : Parameter (MemInc) has Id (FMAC_WRITE) currently not set
2025-06-14 00:15:26,236 [INFO] ImportTextPane:194 - (OptionalMessage_ERROR) IP (DMA) : Parameter (PeriphDataAlignment) has Id (FMAC_WRITE) currently not set
2025-06-14 00:15:26,236 [INFO] ImportTextPane:194 - (OptionalMessage_ERROR) IP (DMA) : Parameter (MemDataAlignment) has Id (FMAC_WRITE) currently not set
2025-06-14 00:15:26,236 [INFO] ImportTextPane:194 - (OptionalMessage_ERROR) IP (DMA) : Parameter (Mode) has Id (FMAC_WRITE) currently not set
2025-06-14 00:15:26,236 [INFO] ImportTextPane:194 - (OptionalMessage_ERROR) IP (DMA) : Parameter (Priority) has Id (FMAC_WRITE) currently not set
2025-06-14 00:15:26,236 [INFO] ImportTextPane:194 - (OptionalMessage_ERROR) IP (DMA) : Parameter (SignalID) has Id (FMAC_WRITE) currently not set
2025-06-14 00:15:26,236 [INFO] ImportTextPane:194 - (OptionalMessage_ERROR) IP (DMA) : Parameter (Polarity) has Id (FMAC_WRITE) currently not set
2025-06-14 00:15:26,236 [INFO] ImportTextPane:194 - (OptionalMessage_ERROR) IP (DMA) : Parameter (RequestNumber) has Id (FMAC_WRITE) currently not set
2025-06-14 00:15:26,236 [INFO] ImportTextPane:194 - (OptionalMessage_ERROR) IP (DMA) : Parameter (SyncSignalID) has Id (FMAC_WRITE) currently not set
2025-06-14 00:15:26,236 [INFO] ImportTextPane:194 - (OptionalMessage_ERROR) IP (DMA) : Parameter (SyncPolarity) has Id (FMAC_WRITE) currently not set
2025-06-14 00:15:26,236 [INFO] ImportTextPane:194 - (OptionalMessage_ERROR) IP (DMA) : Parameter (SyncEnable) has Id (FMAC_WRITE) currently not set
2025-06-14 00:15:26,236 [INFO] ImportTextPane:194 - (OptionalMessage_ERROR) IP (DMA) : Parameter (EventEnable) has Id (FMAC_WRITE) currently not set
2025-06-14 00:15:26,236 [INFO] ImportTextPane:194 - (OptionalMessage_ERROR) IP (DMA) : Parameter (SyncRequestNumber) has Id (FMAC_WRITE) currently not set
2025-06-14 00:15:26,546 [INFO] UtilMem:75 - End LoadConfig() Used Memory: 331174584 Bytes (1073741824)
2025-06-14 00:15:26,574 [INFO] MicroXplorer:468 - Change Database Path : 
2025-06-14 00:15:26,574 [INFO] MicroXplorer:498 - Change Database Version : DB.6.0.100
2025-06-14 00:15:26,576 [WARN] ThirdParty:833 - waiting for thirdparty lock release [change project]
2025-06-14 00:15:26,577 [INFO] ThirdParty:835 - entering critical section [change project]
2025-06-14 00:15:26,577 [INFO] ThirdParty:1030 - CMSIS Pack Vendor :STMicroelectronics USBPD 4.1
2025-06-14 00:15:26,577 [INFO] ThirdParty:1030 - CMSIS Pack Vendor :STMicroelectronics X-CUBE-GNSS1 6.0.0
2025-06-14 00:15:26,577 [INFO] ThirdParty:1030 - CMSIS Pack Vendor :STMicroelectronics USB_HOST 2.0.0
2025-06-14 00:15:26,577 [INFO] ThirdParty:1030 - CMSIS Pack Vendor :STMicroelectronics FP-SNS-MOTENVWB1 1.4.0
2025-06-14 00:15:26,577 [INFO] ThirdParty:1030 - CMSIS Pack Vendor :STMicroelectronics X-CUBE-AZRTOS-F4 1.1.0
2025-06-14 00:15:26,577 [INFO] ThirdParty:1030 - CMSIS Pack Vendor :STMicroelectronics LIBJPEG 8.0.0
2025-06-14 00:15:26,577 [INFO] ThirdParty:1030 - CMSIS Pack Vendor :STMicroelectronics FP-ATR-ASTRA1 2.0.2
2025-06-14 00:15:26,577 [INFO] ThirdParty:1030 - CMSIS Pack Vendor :STMicroelectronics X-CUBE-SMBUS 2.1.0
2025-06-14 00:15:26,577 [INFO] ThirdParty:1030 - CMSIS Pack Vendor :STMicroelectronics X-CUBE-WB05N 1.1.0
2025-06-14 00:15:26,577 [INFO] ThirdParty:1030 - CMSIS Pack Vendor :STMicroelectronics X-CUBE-ISPU 2.1.0
2025-06-14 00:15:26,577 [INFO] ThirdParty:1030 - CMSIS Pack Vendor :STMicroelectronics X-CUBE-FREERTOS 1.2.0
2025-06-14 00:15:26,577 [INFO] ThirdParty:1030 - CMSIS Pack Vendor :wolfSSL I-CUBE-wolfSSL 5.6.6
2025-06-14 00:15:26,577 [INFO] ThirdParty:1030 - CMSIS Pack Vendor :STMicroelectronics X-CUBE-TOUCHGFX 4.23.0
2025-06-14 00:15:26,577 [INFO] ThirdParty:1030 - CMSIS Pack Vendor :STMicroelectronics X-CUBE-AZRTOS-F7 1.1.0
2025-06-14 00:15:26,577 [INFO] ThirdParty:1030 - CMSIS Pack Vendor :STMicroelectronics X-CUBE-AZRTOS-L5 2.0.0
2025-06-14 00:15:26,577 [INFO] ThirdParty:1030 - CMSIS Pack Vendor :STMicroelectronics USB_DEVICE 2.0.0
2025-06-14 00:15:26,577 [INFO] ThirdParty:1030 - CMSIS Pack Vendor :STMicroelectronics X-CUBE-NFC6 3.1.0
2025-06-14 00:15:26,577 [INFO] ThirdParty:1030 - CMSIS Pack Vendor :ITTIA_DB I-CUBE-ITTIADB 8.8.0
2025-06-14 00:15:26,577 [INFO] ThirdParty:1030 - CMSIS Pack Vendor :STMicroelectronics FP-SNS-MOTENV1 4.3.2
2025-06-14 00:15:26,577 [INFO] ThirdParty:1030 - CMSIS Pack Vendor :STMicroelectronics X-CUBE-MEMS1 11.0.0
2025-06-14 00:15:26,577 [INFO] ThirdParty:1030 - CMSIS Pack Vendor :STMicroelectronics FreeRTOS 0.0.1
2025-06-14 00:15:26,577 [INFO] ThirdParty:1030 - CMSIS Pack Vendor :STMicroelectronics X-CUBE-DPower 1.2.0
2025-06-14 00:15:26,577 [INFO] ThirdParty:1030 - CMSIS Pack Vendor :STMicroelectronics FP-SNS-FLIGHT1 5.0.2
2025-06-14 00:15:26,577 [INFO] ThirdParty:1030 - CMSIS Pack Vendor :STMicroelectronics PDM2PCM 3.3.0
2025-06-14 00:15:26,577 [INFO] ThirdParty:1030 - CMSIS Pack Vendor :STMicroelectronics X-CUBE-DISPLAY 3.0.0
2025-06-14 00:15:26,577 [INFO] ThirdParty:1030 - CMSIS Pack Vendor :STMicroelectronics X-CUBE-BLE1 7.0.0
2025-06-14 00:15:26,577 [INFO] ThirdParty:1030 - CMSIS Pack Vendor :STMicroelectronics X-CUBE-NFC10 1.0.0
2025-06-14 00:15:26,577 [INFO] ThirdParty:1030 - CMSIS Pack Vendor :STMicroelectronics X-CUBE-BLEMGR 4.0.0
2025-06-14 00:15:26,577 [INFO] ThirdParty:1030 - CMSIS Pack Vendor :STMicroelectronics X-CUBE-FREERTOS 1.3.1
2025-06-14 00:15:26,577 [INFO] ThirdParty:1030 - CMSIS Pack Vendor :STMicroelectronics HAL Drivers 0.0.0
2025-06-14 00:15:26,577 [INFO] ThirdParty:1030 - CMSIS Pack Vendor :emotas I-CUBE-CANOPEN 1.3.0
2025-06-14 00:15:26,577 [INFO] ThirdParty:1030 - CMSIS Pack Vendor :STMicroelectronics X-CUBE-FREERTOS 1.3.0
2025-06-14 00:15:26,577 [INFO] ThirdParty:1030 - CMSIS Pack Vendor :STMicroelectronics X-CUBE-NFC7 1.0.1
2025-06-14 00:15:26,577 [INFO] ThirdParty:1030 - CMSIS Pack Vendor :STMicroelectronics MBEDTLS 2.14.1
2025-06-14 00:15:26,577 [INFO] ThirdParty:1030 - CMSIS Pack Vendor :STMicroelectronics X-CUBE-NFC6 3.0.0
2025-06-14 00:15:26,577 [INFO] ThirdParty:1030 - CMSIS Pack Vendor :quantropi X-CUBE-qispace-sdk-base 2.0.0
2025-06-14 00:15:26,577 [INFO] ThirdParty:1030 - CMSIS Pack Vendor :STMicroelectronics X-CUBE-BLEMGR 3.1.0
2025-06-14 00:15:26,577 [INFO] ThirdParty:1030 - CMSIS Pack Vendor :STMicroelectronics X-CUBE-AI 10.0.0
2025-06-14 00:15:26,577 [INFO] ThirdParty:1030 - CMSIS Pack Vendor :STMicroelectronics FP-SNS-SMARTAG2 1.2.0
2025-06-14 00:15:26,577 [INFO] ThirdParty:1030 - CMSIS Pack Vendor :STMicroelectronics X-CUBE-MEMS1 11.1.0
2025-06-14 00:15:26,577 [INFO] ThirdParty:1030 - CMSIS Pack Vendor :STMicroelectronics X-CUBE-AZRTOS-WL 2.0.0
2025-06-14 00:15:26,577 [INFO] ThirdParty:1030 - CMSIS Pack Vendor :STMicroelectronics X-CUBE-DPower 1.3.0
2025-06-14 00:15:26,577 [INFO] ThirdParty:1030 - CMSIS Pack Vendor :STMicroelectronics FP-SNS-MOTENV1 5.0.0
2025-06-14 00:15:26,577 [INFO] ThirdParty:1030 - CMSIS Pack Vendor :STMicroelectronics USB_DEVICE 1.0.0
2025-06-14 00:15:26,577 [INFO] ThirdParty:1030 - CMSIS Pack Vendor :STMicroelectronics X-CUBE-AI 8.1.0
2025-06-14 00:15:26,577 [INFO] ThirdParty:1030 - CMSIS Pack Vendor :wolfSSL I-CUBE-wolfMQTT 1.19.0
2025-06-14 00:15:26,577 [INFO] ThirdParty:1030 - CMSIS Pack Vendor :STMicroelectronics X-CUBE-AZRTOS-L4 2.0.0
2025-06-14 00:15:26,577 [INFO] ThirdParty:1030 - CMSIS Pack Vendor :STMicroelectronics ThreadX 0.0.2
2025-06-14 00:15:26,577 [INFO] ThirdParty:1030 - CMSIS Pack Vendor :WES I-CUBE-Cesium 1.3.0
2025-06-14 00:15:26,577 [INFO] ThirdParty:1030 - CMSIS Pack Vendor :STMicroelectronics lwIP 2.1.2
2025-06-14 00:15:26,577 [INFO] ThirdParty:1030 - CMSIS Pack Vendor :STMicroelectronics X-CUBE-SFXS2LP1 4.0.0
2025-06-14 00:15:26,577 [INFO] ThirdParty:1030 - CMSIS Pack Vendor :STMicroelectronics X-CUBE-BLE2 3.3.0
2025-06-14 00:15:26,577 [INFO] ThirdParty:1030 - CMSIS Pack Vendor :STMicroelectronics PDM2PCM 3.2.0
2025-06-14 00:15:26,577 [INFO] ThirdParty:1030 - CMSIS Pack Vendor :STMicroelectronics X-CUBE-AZRTOS-H7 3.3.0
2025-06-14 00:15:26,577 [INFO] ThirdParty:1030 - CMSIS Pack Vendor :STMicroelectronics X-CUBE-NFC9 1.0.0
2025-06-14 00:15:26,577 [INFO] ThirdParty:1030 - CMSIS Pack Vendor :STMicroelectronics X-CUBE-BLE1 7.1.0
2025-06-14 00:15:26,577 [INFO] ThirdParty:1030 - CMSIS Pack Vendor :STMicroelectronics USB_DEVICE 3.0.0
2025-06-14 00:15:26,577 [INFO] ThirdParty:1030 - CMSIS Pack Vendor :STMicroelectronics X-CUBE-TCPP 4.1.0
2025-06-14 00:15:26,577 [INFO] ThirdParty:1030 - CMSIS Pack Vendor :STMicroelectronics X-CUBE-IPS 3.0.0
2025-06-14 00:15:26,577 [INFO] ThirdParty:1030 - CMSIS Pack Vendor :STMicroelectronics X-CUBE-AZRTOS-WB 2.0.0
2025-06-14 00:15:26,578 [INFO] ThirdParty:1030 - CMSIS Pack Vendor :STMicroelectronics X-CUBE-GNSS1 7.0.0
2025-06-14 00:15:26,578 [INFO] ThirdParty:1030 - CMSIS Pack Vendor :STMicroelectronics X-CUBE-GNSS1 7.0.1
2025-06-14 00:15:26,578 [INFO] ThirdParty:1030 - CMSIS Pack Vendor :STMicroelectronics X-CUBE-TOUCHGFX 4.25.0
2025-06-14 00:15:26,578 [INFO] ThirdParty:1030 - CMSIS Pack Vendor :STMicroelectronics X-CUBE-AI 10.1.0
2025-06-14 00:15:26,578 [INFO] ThirdParty:1030 - CMSIS Pack Vendor :STMicroelectronics FP-SNS-STBOX1 2.0.0
2025-06-14 00:15:26,578 [INFO] ThirdParty:1030 - CMSIS Pack Vendor :STMicroelectronics X-CUBE-ALGOBUILD 1.3.0
2025-06-14 00:15:26,578 [INFO] ThirdParty:1030 - CMSIS Pack Vendor :STMicroelectronics X-CUBE-MEMS1 11.2.0
2025-06-14 00:15:26,578 [INFO] ThirdParty:1030 - CMSIS Pack Vendor :STMicroelectronics X-CUBE-AZRTOS-G0 1.1.0
2025-06-14 00:15:26,578 [INFO] ThirdParty:1030 - CMSIS Pack Vendor :STMicroelectronics X-CUBE-SAFEA1 1.2.2
2025-06-14 00:15:26,578 [INFO] ThirdParty:1030 - CMSIS Pack Vendor :STMicroelectronics X-CUBE-NFC4 3.0.0
2025-06-14 00:15:26,578 [INFO] ThirdParty:1030 - CMSIS Pack Vendor :STMicroelectronics X-CUBE-SUBG2 5.0.0
2025-06-14 00:15:26,578 [INFO] ThirdParty:1030 - CMSIS Pack Vendor :STMicroelectronics X-CUBE-AZRTOS-H7RS 1.1.0
2025-06-14 00:15:26,578 [INFO] ThirdParty:1030 - CMSIS Pack Vendor :STMicroelectronics STM32_WPAN 1.0.0
2025-06-14 00:15:26,578 [INFO] ThirdParty:1030 - CMSIS Pack Vendor :EmbeddedOffice I-CUBE-FS-RTOS 1.0.1
2025-06-14 00:15:26,578 [INFO] ThirdParty:1030 - CMSIS Pack Vendor :STMicroelectronics lwIP 2.0.3
2025-06-14 00:15:26,578 [INFO] ThirdParty:1030 - CMSIS Pack Vendor :Cesanta I-CUBE-Mongoose 7.13.0
2025-06-14 00:15:26,578 [INFO] ThirdParty:1030 - CMSIS Pack Vendor :STMicroelectronics USB_HOST 1.0.0
2025-06-14 00:15:26,578 [INFO] ThirdParty:1030 - CMSIS Pack Vendor :STMicroelectronics X-CUBE-AZRTOS-G4 2.0.0
2025-06-14 00:15:26,578 [INFO] ThirdParty:1030 - CMSIS Pack Vendor :STMicroelectronics X-CUBE-WB05N 2.0.0
2025-06-14 00:15:26,578 [INFO] ThirdParty:1030 - CMSIS Pack Vendor :STMicroelectronics PDM2PCM 3.1.0
2025-06-14 00:15:26,578 [INFO] ThirdParty:1030 - CMSIS Pack Vendor :Infineon AIROC-Wi-Fi-Bluetooth-STM32 1.5.1
2025-06-14 00:15:26,578 [INFO] ThirdParty:1030 - CMSIS Pack Vendor :STMicroelectronics X-CUBE-NFC7 2.0.0
2025-06-14 00:15:26,578 [INFO] ThirdParty:1030 - CMSIS Pack Vendor :RealThread X-CUBE-RT-Thread_Nano 4.1.1
2025-06-14 00:15:26,578 [INFO] ThirdParty:1030 - CMSIS Pack Vendor :STMicroelectronics FP-SNS-MOTENVWB1 1.3.1
2025-06-14 00:15:26,578 [INFO] ThirdParty:1030 - CMSIS Pack Vendor :STMicroelectronics FP-ATR-SIGFOX1 3.2.0
2025-06-14 00:15:26,578 [INFO] ThirdParty:1030 - CMSIS Pack Vendor :STMicroelectronics X-CUBE-ISPU 2.0.0
2025-06-14 00:15:26,578 [INFO] ThirdParty:1030 - CMSIS Pack Vendor :STMicroelectronics X-CUBE-EEPRMA1 5.1.0
2025-06-14 00:15:26,578 [INFO] ThirdParty:1030 - CMSIS Pack Vendor :STMicroelectronics MBEDTLS 2.16.2
2025-06-14 00:15:26,578 [INFO] ThirdParty:1030 - CMSIS Pack Vendor :STMicroelectronics X-CUBE-ALS 1.0.2
2025-06-14 00:15:26,578 [INFO] ThirdParty:1030 - CMSIS Pack Vendor :STMicroelectronics X-CUBE-MEMS1 10.0.0
2025-06-14 00:15:26,578 [INFO] ThirdParty:1030 - CMSIS Pack Vendor :STMicroelectronics X-CUBE-FREERTOS 1.1.0
2025-06-14 00:15:26,578 [INFO] ThirdParty:1030 - CMSIS Pack Vendor :STMicroelectronics X-CUBE-TOUCHGFX 4.24.1
2025-06-14 00:15:26,578 [INFO] ThirdParty:1030 - CMSIS Pack Vendor :wolfSSL I-CUBE-wolfTPM 3.4.0
2025-06-14 00:15:26,578 [INFO] ThirdParty:1030 - CMSIS Pack Vendor :portGmbH I-Cube-SoM-uGOAL 1.1.0
2025-06-14 00:15:26,578 [INFO] ThirdParty:1030 - CMSIS Pack Vendor :STMicroelectronics X-CUBE-ALS 1.0.1
2025-06-14 00:15:26,578 [INFO] ThirdParty:1030 - CMSIS Pack Vendor :STMicroelectronics ThreadX 1.0.0
2025-06-14 00:15:26,578 [INFO] ThirdParty:1030 - CMSIS Pack Vendor :SEGGER I-CUBE-embOS 1.3.1
2025-06-14 00:15:26,578 [INFO] ThirdParty:1030 - CMSIS Pack Vendor :STMicroelectronics X-CUBE-ALGOBUILD 1.4.0
2025-06-14 00:15:26,578 [INFO] ThirdParty:1030 - CMSIS Pack Vendor :STMicroelectronics X-CUBE-AZRTOS-H7RS 1.0.0
2025-06-14 00:15:26,578 [INFO] ThirdParty:1030 - CMSIS Pack Vendor :STMicroelectronics FP-ATR-ASTRA1 2.0.0
2025-06-14 00:15:26,578 [INFO] ThirdParty:1030 - CMSIS Pack Vendor :STMicroelectronics X-CUBE-TOF1 3.4.2
2025-06-14 00:15:26,579 [INFO] ThirdParty:1030 - CMSIS Pack Vendor :STMicroelectronics X-CUBE-AI 9.1.0
2025-06-14 00:15:26,579 [INFO] ThirdParty:1030 - CMSIS Pack Vendor :STMicroelectronics X-CUBE-TOF1 3.4.0
2025-06-14 00:15:26,579 [INFO] ThirdParty:1030 - CMSIS Pack Vendor :STMicroelectronics X-CUBE-AZRTOS-H7 3.2.0
2025-06-14 00:15:26,579 [INFO] ThirdParty:1030 - CMSIS Pack Vendor :wolfSSL I-CUBE-wolfSSH 1.4.17
2025-06-14 00:15:26,579 [INFO] ThirdParty:841 - exiting critical section [change project]
2025-06-14 00:15:26,762 [INFO] PinOutPanel:1499 - setPackage(No Configuration,No Configuration)
2025-06-14 00:15:26,762 [INFO] PinOutPanel:1499 - setPackage(STM32G474RETx,LQFP64)
2025-06-14 00:15:26,913 [INFO] UtilMem:75 - Before build in PCC Used Memory: 535243776 Bytes (1073741824)
2025-06-14 00:15:27,093 [INFO] UtilMem:75 - After build in PCC Used Memory: 635380736 Bytes (1073741824)
2025-06-14 00:15:27,113 [INFO] IPUIPlugin:80 - create IPUIPlugin
2025-06-14 00:15:27,113 [INFO] IPUIPlugin:80 - create IPUIPlugin
2025-06-14 00:15:27,113 [INFO] IPUIPlugin:80 - create IPUIPlugin
2025-06-14 00:15:27,113 [INFO] IPUIPlugin:80 - create IPUIPlugin
2025-06-14 00:15:27,113 [INFO] IPUIPlugin:80 - create IPUIPlugin
2025-06-14 00:15:27,113 [INFO] IPUIPlugin:80 - create IPUIPlugin
2025-06-14 00:15:27,113 [INFO] IPUIPlugin:80 - create IPUIPlugin
2025-06-14 00:15:27,113 [INFO] IPUIPlugin:80 - create IPUIPlugin
2025-06-14 00:15:27,113 [INFO] IPUIPlugin:80 - create IPUIPlugin
2025-06-14 00:15:27,113 [INFO] IPUIPlugin:80 - create IPUIPlugin
2025-06-14 00:15:27,113 [INFO] IPUIPlugin:80 - create IPUIPlugin
2025-06-14 00:15:27,113 [INFO] IPUIPlugin:80 - create IPUIPlugin
2025-06-14 00:15:27,113 [INFO] IPUIPlugin:80 - create IPUIPlugin
2025-06-14 00:15:27,113 [INFO] IPUIPlugin:80 - create IPUIPlugin
2025-06-14 00:15:27,113 [INFO] IPUIPlugin:80 - create IPUIPlugin
2025-06-14 00:15:27,114 [INFO] IPUIPlugin:80 - create IPUIPlugin
2025-06-14 00:15:27,114 [INFO] IPUIPlugin:80 - create IPUIPlugin
2025-06-14 00:15:27,114 [INFO] IPUIPlugin:80 - create IPUIPlugin
2025-06-14 00:15:27,114 [INFO] IPUIPlugin:80 - create IPUIPlugin
2025-06-14 00:15:27,114 [INFO] IPUIPlugin:80 - create IPUIPlugin
2025-06-14 00:15:27,114 [INFO] IPUIPlugin:80 - create IPUIPlugin
2025-06-14 00:15:27,114 [INFO] IPUIPlugin:80 - create IPUIPlugin
2025-06-14 00:15:27,114 [INFO] IPUIPlugin:80 - create IPUIPlugin
2025-06-14 00:15:27,114 [INFO] IPUIPlugin:80 - create IPUIPlugin
2025-06-14 00:15:27,114 [INFO] IPUIPlugin:80 - create IPUIPlugin
2025-06-14 00:15:27,114 [INFO] IPUIPlugin:80 - create IPUIPlugin
2025-06-14 00:15:27,114 [INFO] IPUIPlugin:80 - create IPUIPlugin
2025-06-14 00:15:27,114 [INFO] IPUIPlugin:80 - create IPUIPlugin
2025-06-14 00:15:27,114 [INFO] IPUIPlugin:80 - create IPUIPlugin
2025-06-14 00:15:27,114 [INFO] IPUIPlugin:80 - create IPUIPlugin
2025-06-14 00:15:27,114 [INFO] IPUIPlugin:80 - create IPUIPlugin
2025-06-14 00:15:27,115 [INFO] IPUIPlugin:80 - create IPUIPlugin
2025-06-14 00:15:27,115 [INFO] IPUIPlugin:80 - create IPUIPlugin
2025-06-14 00:15:27,115 [INFO] IPUIPlugin:80 - create IPUIPlugin
2025-06-14 00:15:27,115 [INFO] IPUIPlugin:80 - create IPUIPlugin
2025-06-14 00:15:27,115 [INFO] IPUIPlugin:80 - create IPUIPlugin
2025-06-14 00:15:27,115 [INFO] IPUIPlugin:80 - create IPUIPlugin
2025-06-14 00:15:27,115 [INFO] IPUIPlugin:80 - create IPUIPlugin
2025-06-14 00:15:27,115 [INFO] IPUIPlugin:80 - create IPUIPlugin
2025-06-14 00:15:27,115 [INFO] IPUIPlugin:80 - create IPUIPlugin
2025-06-14 00:15:27,115 [INFO] IPUIPlugin:80 - create IPUIPlugin
2025-06-14 00:15:27,115 [INFO] IPUIPlugin:80 - create IPUIPlugin
2025-06-14 00:15:27,116 [INFO] IPUIPlugin:80 - create IPUIPlugin
2025-06-14 00:15:27,116 [INFO] IPUIPlugin:80 - create IPUIPlugin
2025-06-14 00:15:27,116 [INFO] IPUIPlugin:80 - create IPUIPlugin
2025-06-14 00:15:27,116 [INFO] IPUIPlugin:80 - create IPUIPlugin
2025-06-14 00:15:27,117 [INFO] IPUIPlugin:80 - create IPUIPlugin
2025-06-14 00:15:27,117 [INFO] IPUIPlugin:80 - create IPUIPlugin
2025-06-14 00:15:27,117 [INFO] IPUIPlugin:80 - create IPUIPlugin
2025-06-14 00:15:27,118 [INFO] IPUIPlugin:80 - create IPUIPlugin
2025-06-14 00:15:27,118 [INFO] IPUIPlugin:80 - create IPUIPlugin
2025-06-14 00:15:27,118 [INFO] IPUIPlugin:80 - create IPUIPlugin
2025-06-14 00:15:27,118 [INFO] IPUIPlugin:80 - create IPUIPlugin
2025-06-14 00:15:27,120 [INFO] IPUIPlugin:80 - create IPUIPlugin
2025-06-14 00:15:27,120 [INFO] IPUIPlugin:80 - create IPUIPlugin
2025-06-14 00:15:27,120 [INFO] IPUIPlugin:80 - create IPUIPlugin
2025-06-14 00:15:27,120 [INFO] IPUIPlugin:80 - create IPUIPlugin
2025-06-14 00:15:27,120 [INFO] IPUIPlugin:80 - create IPUIPlugin
2025-06-14 00:15:27,120 [INFO] IPUIPlugin:80 - create IPUIPlugin
2025-06-14 00:15:27,121 [INFO] IPUIPlugin:80 - create IPUIPlugin
2025-06-14 00:15:27,121 [INFO] IPUIPlugin:80 - create IPUIPlugin
2025-06-14 00:15:27,121 [INFO] IPUIPlugin:80 - create IPUIPlugin
2025-06-14 00:15:27,121 [INFO] IPUIPlugin:80 - create IPUIPlugin
2025-06-14 00:15:27,121 [INFO] IPUIPlugin:80 - create IPUIPlugin
2025-06-14 00:15:27,121 [INFO] IPUIPlugin:80 - create IPUIPlugin
2025-06-14 00:15:27,122 [INFO] IPUIPlugin:80 - create IPUIPlugin
2025-06-14 00:15:27,122 [INFO] IPUIPlugin:80 - create IPUIPlugin
2025-06-14 00:15:27,122 [INFO] IPUIPlugin:80 - create IPUIPlugin
2025-06-14 00:15:27,122 [INFO] IPUIPlugin:80 - create IPUIPlugin
2025-06-14 00:15:27,123 [INFO] IPUIPlugin:80 - create IPUIPlugin
2025-06-14 00:15:27,123 [INFO] IPUIPlugin:80 - create IPUIPlugin
2025-06-14 00:15:27,123 [INFO] IPUIPlugin:80 - create IPUIPlugin
2025-06-14 00:15:27,123 [INFO] IPUIPlugin:80 - create IPUIPlugin
2025-06-14 00:15:27,123 [INFO] IPUIPlugin:80 - create IPUIPlugin
2025-06-14 00:15:27,124 [INFO] IPUIPlugin:80 - create IPUIPlugin
2025-06-14 00:15:27,124 [INFO] IPUIPlugin:80 - create IPUIPlugin
2025-06-14 00:15:27,124 [INFO] IPUIPlugin:80 - create IPUIPlugin
2025-06-14 00:15:27,167 [INFO] CADModel:165 - CPN selected for project levelSTM32G474RET6
2025-06-14 00:15:27,167 [INFO] CADModel:114 - Register for checkConnection events
2025-06-14 00:15:27,218 [INFO] OpenFileManager:343 - Restore cursor
2025-06-14 00:15:30,790 [WARN] MainPanel:381 - Warning: This peripheral has no parameters to be configured
2025-06-14 00:15:32,043 [INFO] NvicIntPanel:101 - NVIC parent = com.st.microxplorer.plugins.ip.nvic.MultiNvicIntPanel[,0,0,487x240,layout=javax.swing.BoxLayout,alignmentX=0.0,alignmentY=0.0,border=,flags=9,maximumSize=,minimumSize=,preferredSize=]
2025-06-14 00:15:46,409 [INFO] NvicIntPanel:101 - NVIC parent = com.st.microxplorer.plugins.ip.nvic.MultiNvicIntPanel[,0,0,0x0,invalid,layout=javax.swing.BoxLayout,alignmentX=0.0,alignmentY=0.0,border=,flags=9,maximumSize=,minimumSize=,preferredSize=]
2025-06-14 00:15:46,844 [INFO] NvicIntPanel:101 - NVIC parent = com.st.microxplorer.plugins.ip.nvic.MultiNvicIntPanel[,0,0,0x0,invalid,layout=javax.swing.BoxLayout,alignmentX=0.0,alignmentY=0.0,border=,flags=9,maximumSize=,minimumSize=,preferredSize=]
2025-06-14 00:15:47,331 [INFO] NvicIntPanel:101 - NVIC parent = com.st.microxplorer.plugins.ip.nvic.MultiNvicIntPanel[,0,0,0x0,invalid,layout=javax.swing.BoxLayout,alignmentX=0.0,alignmentY=0.0,border=,flags=9,maximumSize=,minimumSize=,preferredSize=]
2025-06-14 00:15:49,249 [INFO] NvicIntPanel:101 - NVIC parent = com.st.microxplorer.plugins.ip.nvic.MultiNvicIntPanel[,0,0,0x0,invalid,layout=javax.swing.BoxLayout,alignmentX=0.0,alignmentY=0.0,border=,flags=9,maximumSize=,minimumSize=,preferredSize=]
2025-06-14 01:10:44,343 [INFO] MainUpdater:2873 - connection check result : 10
2025-06-14 01:10:44,343 [INFO] MainUpdater:2873 - connection check result : 10
2025-06-14 01:10:44,500 [INFO] MicroXplorer:468 - Change Database Path : 
2025-06-14 01:10:44,503 [INFO] MicroXplorer:498 - Change Database Version : DB.6.0.100
2025-06-14 01:10:44,516 [ERROR] ProjectManagerView:394 - 
java.lang.NullPointerException: Cannot invoke "javax.swing.JTextField.getText()" because the return value of "java.util.List.get(int)" is null
	at com.st.microxplorer.plugins.projectmanager.gui.ProjectChoiceTab$10.caretUpdate(ProjectChoiceTab.java:2493) ~[filemanager.jar:?]
	at javax.swing.text.JTextComponent.fireCaretUpdate(JTextComponent.java:412) ~[?:?]
	at javax.swing.text.JTextComponent$MutableCaretEvent.fire(JTextComponent.java:4491) ~[?:?]
	at javax.swing.text.JTextComponent$MutableCaretEvent.stateChanged(JTextComponent.java:4513) ~[?:?]
	at javax.swing.text.DefaultCaret.fireStateChanged(DefaultCaret.java:842) ~[?:?]
	at javax.swing.text.DefaultCaret.changeCaretPosition(DefaultCaret.java:1313) ~[?:?]
	at javax.swing.text.DefaultCaret.handleSetDot(DefaultCaret.java:1212) ~[?:?]
	at javax.swing.text.DefaultCaret.setDot(DefaultCaret.java:1193) ~[?:?]
	at javax.swing.text.DefaultCaret$Handler.insertUpdate(DefaultCaret.java:1789) ~[?:?]
	at javax.swing.text.AbstractDocument.fireInsertUpdate(AbstractDocument.java:226) ~[?:?]
	at javax.swing.text.AbstractDocument.handleInsertString(AbstractDocument.java:780) ~[?:?]
	at javax.swing.text.AbstractDocument.insertString(AbstractDocument.java:739) ~[?:?]
	at javax.swing.text.PlainDocument.insertString(PlainDocument.java:131) ~[?:?]
	at javax.swing.text.AbstractDocument.replace(AbstractDocument.java:698) ~[?:?]
	at javax.swing.text.JTextComponent.setText(JTextComponent.java:1729) ~[?:?]
	at com.st.microxplorer.plugins.projectmanager.gui.ProjectChoiceTab.createHeapStackFields(ProjectChoiceTab.java:933) ~[filemanager.jar:?]
	at com.st.microxplorer.plugins.projectmanager.gui.ProjectChoiceTab.buildLinkSettingsPanel(ProjectChoiceTab.java:3426) ~[filemanager.jar:?]
	at com.st.microxplorer.plugins.projectmanager.gui.ProjectChoiceTab.defineWindowsFields(ProjectChoiceTab.java:1813) ~[filemanager.jar:?]
	at com.st.microxplorer.plugins.projectmanager.gui.ProjectChoiceTab.updateSettings(ProjectChoiceTab.java:533) ~[filemanager.jar:?]
	at com.st.microxplorer.plugins.projectmanager.gui.ProjectSettingsPanel.UpdateDialog(ProjectSettingsPanel.java:244) ~[filemanager.jar:?]
	at com.st.microxplorer.plugins.projectmanager.ProjectManagerView.propertyChange(ProjectManagerView.java:391) ~[filemanager.jar:?]
	at java.beans.PropertyChangeSupport.fire(PropertyChangeSupport.java:343) ~[?:?]
	at java.beans.PropertyChangeSupport.firePropertyChange(PropertyChangeSupport.java:335) ~[?:?]
	at java.beans.PropertyChangeSupport.firePropertyChange(PropertyChangeSupport.java:268) ~[?:?]
	at com.st.microxplorer.util.MXPropertyChangeSupport.firePropertyChange(MXPropertyChangeSupport.java:54) ~[STM32CubeMX.jar:?]
	at com.st.microxplorer.mxsystem.MxSystem.closeConfig(MxSystem.java:900) ~[STM32CubeMX.jar:?]
	at com.st.microxplorer.maingui.MainPanel.closeConfig(MainPanel.java:776) ~[STM32CubeMX.jar:?]
	at com.st.microxplorer.plugins.filemanager.engine.OpenFileManager.loadConfigurationFile(OpenFileManager.java:245) ~[filemanager.jar:?]
	at com.st.microxplorer.plugins.filemanager.engine.MainFileManager.userLoadConfig(MainFileManager.java:290) ~[filemanager.jar:?]
	at com.st.microxplorer.plugins.filemanager.FileManagerView.getSpecificTask(FileManagerView.java:247) ~[filemanager.jar:?]
	at com.st.stm32cube.common.mx.editor.CubeMxEditor.getMxTabbedPaneInstance(CubeMxEditor.java:1184) ~[com.st.stm32cube.common.mx_6.10.0.202311202037/:?]
	at com.st.stm32cube.common.mx.editor.CubeMxEditor$12$1.createSwingComponent(CubeMxEditor.java:1065) ~[com.st.stm32cube.common.mx_6.10.0.202311202037/:?]
	at com.st.stm32cube.common.mx.oss.core.awtswtbridge.EmbeddedSwingComposite.doComponentCreation(EmbeddedSwingComposite.java:492) ~[com.st.stm32cube.common.mx.oss_6.10.0.202311202037/:?]
	at com.st.stm32cube.common.mx.oss.core.awtswtbridge.EmbeddedSwingComposite$4.run(EmbeddedSwingComposite.java:291) ~[com.st.stm32cube.common.mx.oss_6.10.0.202311202037/:?]
	at com.st.stm32cube.common.mx.oss.core.awtswtbridge.AwtEnvironment$2.run(AwtEnvironment.java:166) ~[com.st.stm32cube.common.mx.oss_6.10.0.202311202037/:?]
	at java.awt.event.InvocationEvent.dispatch(InvocationEvent.java:318) ~[?:?]
	at java.awt.EventQueue.dispatchEventImpl(EventQueue.java:773) ~[?:?]
	at java.awt.EventQueue$4.run(EventQueue.java:720) ~[?:?]
	at java.awt.EventQueue$4.run(EventQueue.java:714) ~[?:?]
	at java.security.AccessController.doPrivileged(AccessController.java:399) ~[?:?]
	at java.security.ProtectionDomain$JavaSecurityAccessImpl.doIntersectionPrivilege(ProtectionDomain.java:86) ~[?:?]
	at java.awt.EventQueue.dispatchEvent(EventQueue.java:742) ~[?:?]
	at java.awt.EventDispatchThread.pumpOneEventForFilters(EventDispatchThread.java:203) ~[?:?]
	at java.awt.EventDispatchThread.pumpEventsForFilter(EventDispatchThread.java:124) ~[?:?]
	at java.awt.EventDispatchThread.pumpEventsForHierarchy(EventDispatchThread.java:113) ~[?:?]
	at java.awt.EventDispatchThread.pumpEvents(EventDispatchThread.java:109) ~[?:?]
	at java.awt.EventDispatchThread.pumpEvents(EventDispatchThread.java:101) ~[?:?]
	at java.awt.EventDispatchThread.run(EventDispatchThread.java:90) ~[?:?]
2025-06-14 01:10:44,516 [WARN] ThirdParty:871 - waiting for thirdparty lock release [close project]
2025-06-14 01:10:44,516 [INFO] ThirdParty:873 - entering critical section [close project]
2025-06-14 01:10:44,516 [INFO] ThirdParty:883 - exiting critical section [close project]
2025-06-14 01:10:44,516 [INFO] PinOutPanel:1499 - setPackage(No Configuration,No Configuration)
2025-06-14 01:10:44,532 [INFO] UtilMem:75 - Begin LoadConfig() Used Memory: 617147904 Bytes (1073741824)
2025-06-14 01:10:44,532 [INFO] MicroXplorer:468 - Change Database Path : 
2025-06-14 01:10:44,532 [INFO] MicroXplorer:498 - Change Database Version : DB.6.0.100
2025-06-14 01:10:44,532 [INFO] OpenFileManager:312 - Change cursor
2025-06-14 01:10:44,551 [INFO] Mcu:2016 - Initializing MCU STM32G474R(B-C-E)Tx STM32G474RETx STM32G474RET6
2025-06-14 01:10:47,916 [INFO] Context:659 - Trying to add GPIOservice into a context  which must be forbidden
2025-06-14 01:10:48,916 [INFO] RtosManager:555 - Registered RTOS mode: class=CMSIS, group=RTOS, mode=CMSIS_V1, owner=FREERTOS
2025-06-14 01:10:48,916 [INFO] RtosManager:555 - Registered RTOS mode: class=CMSIS, group=RTOS2, mode=CMSIS_V2, owner=FREERTOS
2025-06-14 01:10:48,916 [INFO] RtosManager:555 - Registered RTOS mode: class=RTOS, group=Core, mode=CMSIS_V1, owner=FREERTOS
2025-06-14 01:10:48,916 [INFO] RtosManager:555 - Registered RTOS mode: class=RTOS, group=Core, mode=CMSIS_V2, owner=FREERTOS
2025-06-14 01:10:48,916 [WARN] ModelIntegratedComponent:184 - Missing modes for component STMicroelectronics:FreeRTOS:0.0.1:STMicroelectronics:RTOS:FreeRTOS:Core:::10.2.0:
2025-06-14 01:10:48,918 [WARN] ModelIntegratedComponent:63 - No mode defined for component null
2025-06-14 01:10:48,918 [WARN] ModelIntegratedComponent:63 - No mode defined for component null
2025-06-14 01:10:48,918 [WARN] ModelIntegratedComponent:63 - No mode defined for component null
2025-06-14 01:10:48,918 [WARN] ModelIntegratedComponent:63 - No mode defined for component null
2025-06-14 01:10:48,918 [WARN] ModelIntegratedComponent:63 - No mode defined for component null
2025-06-14 01:10:48,918 [WARN] ModelIntegratedComponent:63 - No mode defined for component null
2025-06-14 01:10:48,918 [WARN] ModelIntegratedComponent:63 - No mode defined for component null
2025-06-14 01:10:48,918 [WARN] ModelIntegratedComponent:63 - No mode defined for component null
2025-06-14 01:10:48,918 [WARN] ModelIntegratedComponent:63 - No mode defined for component null
2025-06-14 01:10:48,918 [WARN] ModelIntegratedComponent:63 - No mode defined for component null
2025-06-14 01:10:48,918 [WARN] ModelIntegratedComponent:63 - No mode defined for component null
2025-06-14 01:10:48,918 [WARN] ModelIntegratedComponent:63 - No mode defined for component null
2025-06-14 01:10:48,918 [WARN] ModelIntegratedComponent:63 - No mode defined for component null
2025-06-14 01:10:48,918 [WARN] ModelIntegratedComponent:63 - No mode defined for component null
2025-06-14 01:10:48,918 [WARN] ModelIntegratedComponent:63 - No mode defined for component null
2025-06-14 01:10:48,918 [WARN] ModelIntegratedComponent:63 - No mode defined for component null
2025-06-14 01:10:48,918 [WARN] ModelIntegratedComponent:63 - No mode defined for component null
2025-06-14 01:10:48,918 [WARN] ModelIntegratedComponent:63 - No mode defined for component null
2025-06-14 01:10:48,918 [WARN] ModelIntegratedComponent:63 - No mode defined for component null
2025-06-14 01:10:48,918 [WARN] ModelIntegratedComponent:63 - No mode defined for component null
2025-06-14 01:10:48,918 [WARN] ModelIntegratedComponent:63 - No mode defined for component null
2025-06-14 01:10:48,918 [WARN] ModelIntegratedComponent:63 - No mode defined for component null
2025-06-14 01:10:48,918 [WARN] ModelIntegratedComponent:63 - No mode defined for component null
2025-06-14 01:10:48,918 [WARN] ModelIntegratedComponent:63 - No mode defined for component null
2025-06-14 01:10:48,918 [WARN] ModelIntegratedComponent:63 - No mode defined for component null
2025-06-14 01:10:48,918 [WARN] ModelIntegratedComponent:63 - No mode defined for component null
2025-06-14 01:10:48,918 [WARN] ModelIntegratedComponent:63 - No mode defined for component null
2025-06-14 01:10:48,918 [WARN] ModelIntegratedComponent:63 - No mode defined for component null
2025-06-14 01:10:48,918 [WARN] ModelIntegratedComponent:63 - No mode defined for component null
2025-06-14 01:10:48,918 [WARN] ModelIntegratedComponent:63 - No mode defined for component null
2025-06-14 01:10:48,918 [WARN] ModelIntegratedComponent:63 - No mode defined for component null
2025-06-14 01:10:48,918 [WARN] ModelIntegratedComponent:63 - No mode defined for component null
2025-06-14 01:10:48,918 [WARN] ModelIntegratedComponent:63 - No mode defined for component null
2025-06-14 01:10:49,038 [INFO] ThirdPartyModel:298 - Start build external matchings
2025-06-14 01:10:49,793 [INFO] ThirdPartyModel:316 - End build external matchings
2025-06-14 01:10:49,808 [INFO] ImportTextPane:194 - (OptionalMessage_ERROR) IP (DMA) : Parameter (Instance) has Id (FMAC_WRITE) currently not set
2025-06-14 01:10:49,808 [INFO] ImportTextPane:194 - (OptionalMessage_ERROR) IP (DMA) : Parameter (Request) has Id (FMAC_WRITE) currently not set
2025-06-14 01:10:49,809 [INFO] ImportTextPane:194 - (OptionalMessage_ERROR) IP (DMA) : Parameter (Direction) has Id (FMAC_WRITE) currently not set
2025-06-14 01:10:49,809 [INFO] ImportTextPane:194 - (OptionalMessage_ERROR) IP (DMA) : Parameter (PeriphInc) has Id (FMAC_WRITE) currently not set
2025-06-14 01:10:49,809 [INFO] ImportTextPane:194 - (OptionalMessage_ERROR) IP (DMA) : Parameter (MemInc) has Id (FMAC_WRITE) currently not set
2025-06-14 01:10:49,809 [INFO] ImportTextPane:194 - (OptionalMessage_ERROR) IP (DMA) : Parameter (PeriphDataAlignment) has Id (FMAC_WRITE) currently not set
2025-06-14 01:10:49,809 [INFO] ImportTextPane:194 - (OptionalMessage_ERROR) IP (DMA) : Parameter (MemDataAlignment) has Id (FMAC_WRITE) currently not set
2025-06-14 01:10:49,809 [INFO] ImportTextPane:194 - (OptionalMessage_ERROR) IP (DMA) : Parameter (Mode) has Id (FMAC_WRITE) currently not set
2025-06-14 01:10:49,809 [INFO] ImportTextPane:194 - (OptionalMessage_ERROR) IP (DMA) : Parameter (Priority) has Id (FMAC_WRITE) currently not set
2025-06-14 01:10:49,809 [INFO] ImportTextPane:194 - (OptionalMessage_ERROR) IP (DMA) : Parameter (SignalID) has Id (FMAC_WRITE) currently not set
2025-06-14 01:10:49,809 [INFO] ImportTextPane:194 - (OptionalMessage_ERROR) IP (DMA) : Parameter (Polarity) has Id (FMAC_WRITE) currently not set
2025-06-14 01:10:49,809 [INFO] ImportTextPane:194 - (OptionalMessage_ERROR) IP (DMA) : Parameter (RequestNumber) has Id (FMAC_WRITE) currently not set
2025-06-14 01:10:49,809 [INFO] ImportTextPane:194 - (OptionalMessage_ERROR) IP (DMA) : Parameter (SyncSignalID) has Id (FMAC_WRITE) currently not set
2025-06-14 01:10:49,809 [INFO] ImportTextPane:194 - (OptionalMessage_ERROR) IP (DMA) : Parameter (SyncPolarity) has Id (FMAC_WRITE) currently not set
2025-06-14 01:10:49,809 [INFO] ImportTextPane:194 - (OptionalMessage_ERROR) IP (DMA) : Parameter (SyncEnable) has Id (FMAC_WRITE) currently not set
2025-06-14 01:10:49,809 [INFO] ImportTextPane:194 - (OptionalMessage_ERROR) IP (DMA) : Parameter (EventEnable) has Id (FMAC_WRITE) currently not set
2025-06-14 01:10:49,809 [INFO] ImportTextPane:194 - (OptionalMessage_ERROR) IP (DMA) : Parameter (SyncRequestNumber) has Id (FMAC_WRITE) currently not set
2025-06-14 01:10:50,145 [INFO] UtilMem:75 - End LoadConfig() Used Memory: 511949224 Bytes (1073741824)
2025-06-14 01:10:50,175 [INFO] MicroXplorer:468 - Change Database Path : 
2025-06-14 01:10:50,175 [INFO] MicroXplorer:498 - Change Database Version : DB.6.0.100
2025-06-14 01:10:50,175 [WARN] ThirdParty:833 - waiting for thirdparty lock release [change project]
2025-06-14 01:10:50,175 [INFO] ThirdParty:835 - entering critical section [change project]
2025-06-14 01:10:50,176 [INFO] ThirdParty:1030 - CMSIS Pack Vendor :STMicroelectronics USBPD 4.1
2025-06-14 01:10:50,176 [INFO] ThirdParty:1030 - CMSIS Pack Vendor :STMicroelectronics X-CUBE-GNSS1 6.0.0
2025-06-14 01:10:50,176 [INFO] ThirdParty:1030 - CMSIS Pack Vendor :STMicroelectronics USB_HOST 2.0.0
2025-06-14 01:10:50,176 [INFO] ThirdParty:1030 - CMSIS Pack Vendor :STMicroelectronics FP-SNS-MOTENVWB1 1.4.0
2025-06-14 01:10:50,176 [INFO] ThirdParty:1030 - CMSIS Pack Vendor :STMicroelectronics X-CUBE-AZRTOS-F4 1.1.0
2025-06-14 01:10:50,176 [INFO] ThirdParty:1030 - CMSIS Pack Vendor :STMicroelectronics LIBJPEG 8.0.0
2025-06-14 01:10:50,176 [INFO] ThirdParty:1030 - CMSIS Pack Vendor :STMicroelectronics FP-ATR-ASTRA1 2.0.2
2025-06-14 01:10:50,176 [INFO] ThirdParty:1030 - CMSIS Pack Vendor :STMicroelectronics X-CUBE-SMBUS 2.1.0
2025-06-14 01:10:50,176 [INFO] ThirdParty:1030 - CMSIS Pack Vendor :STMicroelectronics X-CUBE-WB05N 1.1.0
2025-06-14 01:10:50,176 [INFO] ThirdParty:1030 - CMSIS Pack Vendor :STMicroelectronics X-CUBE-ISPU 2.1.0
2025-06-14 01:10:50,176 [INFO] ThirdParty:1030 - CMSIS Pack Vendor :STMicroelectronics X-CUBE-FREERTOS 1.2.0
2025-06-14 01:10:50,176 [INFO] ThirdParty:1030 - CMSIS Pack Vendor :wolfSSL I-CUBE-wolfSSL 5.6.6
2025-06-14 01:10:50,176 [INFO] ThirdParty:1030 - CMSIS Pack Vendor :STMicroelectronics X-CUBE-TOUCHGFX 4.23.0
2025-06-14 01:10:50,176 [INFO] ThirdParty:1030 - CMSIS Pack Vendor :STMicroelectronics X-CUBE-AZRTOS-F7 1.1.0
2025-06-14 01:10:50,176 [INFO] ThirdParty:1030 - CMSIS Pack Vendor :STMicroelectronics X-CUBE-AZRTOS-L5 2.0.0
2025-06-14 01:10:50,176 [INFO] ThirdParty:1030 - CMSIS Pack Vendor :STMicroelectronics USB_DEVICE 2.0.0
2025-06-14 01:10:50,176 [INFO] ThirdParty:1030 - CMSIS Pack Vendor :STMicroelectronics X-CUBE-NFC6 3.1.0
2025-06-14 01:10:50,176 [INFO] ThirdParty:1030 - CMSIS Pack Vendor :ITTIA_DB I-CUBE-ITTIADB 8.8.0
2025-06-14 01:10:50,176 [INFO] ThirdParty:1030 - CMSIS Pack Vendor :STMicroelectronics FP-SNS-MOTENV1 4.3.2
2025-06-14 01:10:50,176 [INFO] ThirdParty:1030 - CMSIS Pack Vendor :STMicroelectronics X-CUBE-MEMS1 11.0.0
2025-06-14 01:10:50,176 [INFO] ThirdParty:1030 - CMSIS Pack Vendor :STMicroelectronics FreeRTOS 0.0.1
2025-06-14 01:10:50,176 [INFO] ThirdParty:1030 - CMSIS Pack Vendor :STMicroelectronics X-CUBE-DPower 1.2.0
2025-06-14 01:10:50,176 [INFO] ThirdParty:1030 - CMSIS Pack Vendor :STMicroelectronics FP-SNS-FLIGHT1 5.0.2
2025-06-14 01:10:50,176 [INFO] ThirdParty:1030 - CMSIS Pack Vendor :STMicroelectronics PDM2PCM 3.3.0
2025-06-14 01:10:50,176 [INFO] ThirdParty:1030 - CMSIS Pack Vendor :STMicroelectronics X-CUBE-DISPLAY 3.0.0
2025-06-14 01:10:50,176 [INFO] ThirdParty:1030 - CMSIS Pack Vendor :STMicroelectronics X-CUBE-BLE1 7.0.0
2025-06-14 01:10:50,176 [INFO] ThirdParty:1030 - CMSIS Pack Vendor :STMicroelectronics X-CUBE-NFC10 1.0.0
2025-06-14 01:10:50,176 [INFO] ThirdParty:1030 - CMSIS Pack Vendor :STMicroelectronics X-CUBE-BLEMGR 4.0.0
2025-06-14 01:10:50,176 [INFO] ThirdParty:1030 - CMSIS Pack Vendor :STMicroelectronics X-CUBE-FREERTOS 1.3.1
2025-06-14 01:10:50,176 [INFO] ThirdParty:1030 - CMSIS Pack Vendor :STMicroelectronics HAL Drivers 0.0.0
2025-06-14 01:10:50,176 [INFO] ThirdParty:1030 - CMSIS Pack Vendor :emotas I-CUBE-CANOPEN 1.3.0
2025-06-14 01:10:50,176 [INFO] ThirdParty:1030 - CMSIS Pack Vendor :STMicroelectronics X-CUBE-FREERTOS 1.3.0
2025-06-14 01:10:50,176 [INFO] ThirdParty:1030 - CMSIS Pack Vendor :STMicroelectronics X-CUBE-NFC7 1.0.1
2025-06-14 01:10:50,176 [INFO] ThirdParty:1030 - CMSIS Pack Vendor :STMicroelectronics MBEDTLS 2.14.1
2025-06-14 01:10:50,176 [INFO] ThirdParty:1030 - CMSIS Pack Vendor :STMicroelectronics X-CUBE-NFC6 3.0.0
2025-06-14 01:10:50,176 [INFO] ThirdParty:1030 - CMSIS Pack Vendor :quantropi X-CUBE-qispace-sdk-base 2.0.0
2025-06-14 01:10:50,176 [INFO] ThirdParty:1030 - CMSIS Pack Vendor :STMicroelectronics X-CUBE-BLEMGR 3.1.0
2025-06-14 01:10:50,176 [INFO] ThirdParty:1030 - CMSIS Pack Vendor :STMicroelectronics X-CUBE-AI 10.0.0
2025-06-14 01:10:50,176 [INFO] ThirdParty:1030 - CMSIS Pack Vendor :STMicroelectronics FP-SNS-SMARTAG2 1.2.0
2025-06-14 01:10:50,176 [INFO] ThirdParty:1030 - CMSIS Pack Vendor :STMicroelectronics X-CUBE-MEMS1 11.1.0
2025-06-14 01:10:50,176 [INFO] ThirdParty:1030 - CMSIS Pack Vendor :STMicroelectronics X-CUBE-AZRTOS-WL 2.0.0
2025-06-14 01:10:50,176 [INFO] ThirdParty:1030 - CMSIS Pack Vendor :STMicroelectronics X-CUBE-DPower 1.3.0
2025-06-14 01:10:50,176 [INFO] ThirdParty:1030 - CMSIS Pack Vendor :STMicroelectronics FP-SNS-MOTENV1 5.0.0
2025-06-14 01:10:50,176 [INFO] ThirdParty:1030 - CMSIS Pack Vendor :STMicroelectronics USB_DEVICE 1.0.0
2025-06-14 01:10:50,176 [INFO] ThirdParty:1030 - CMSIS Pack Vendor :STMicroelectronics X-CUBE-AI 8.1.0
2025-06-14 01:10:50,176 [INFO] ThirdParty:1030 - CMSIS Pack Vendor :wolfSSL I-CUBE-wolfMQTT 1.19.0
2025-06-14 01:10:50,176 [INFO] ThirdParty:1030 - CMSIS Pack Vendor :STMicroelectronics X-CUBE-AZRTOS-L4 2.0.0
2025-06-14 01:10:50,176 [INFO] ThirdParty:1030 - CMSIS Pack Vendor :STMicroelectronics ThreadX 0.0.2
2025-06-14 01:10:50,176 [INFO] ThirdParty:1030 - CMSIS Pack Vendor :WES I-CUBE-Cesium 1.3.0
2025-06-14 01:10:50,176 [INFO] ThirdParty:1030 - CMSIS Pack Vendor :STMicroelectronics lwIP 2.1.2
2025-06-14 01:10:50,176 [INFO] ThirdParty:1030 - CMSIS Pack Vendor :STMicroelectronics X-CUBE-SFXS2LP1 4.0.0
2025-06-14 01:10:50,176 [INFO] ThirdParty:1030 - CMSIS Pack Vendor :STMicroelectronics X-CUBE-BLE2 3.3.0
2025-06-14 01:10:50,176 [INFO] ThirdParty:1030 - CMSIS Pack Vendor :STMicroelectronics PDM2PCM 3.2.0
2025-06-14 01:10:50,176 [INFO] ThirdParty:1030 - CMSIS Pack Vendor :STMicroelectronics X-CUBE-AZRTOS-H7 3.3.0
2025-06-14 01:10:50,176 [INFO] ThirdParty:1030 - CMSIS Pack Vendor :STMicroelectronics X-CUBE-NFC9 1.0.0
2025-06-14 01:10:50,176 [INFO] ThirdParty:1030 - CMSIS Pack Vendor :STMicroelectronics X-CUBE-BLE1 7.1.0
2025-06-14 01:10:50,176 [INFO] ThirdParty:1030 - CMSIS Pack Vendor :STMicroelectronics USB_DEVICE 3.0.0
2025-06-14 01:10:50,176 [INFO] ThirdParty:1030 - CMSIS Pack Vendor :STMicroelectronics X-CUBE-TCPP 4.1.0
2025-06-14 01:10:50,176 [INFO] ThirdParty:1030 - CMSIS Pack Vendor :STMicroelectronics X-CUBE-IPS 3.0.0
2025-06-14 01:10:50,176 [INFO] ThirdParty:1030 - CMSIS Pack Vendor :STMicroelectronics X-CUBE-AZRTOS-WB 2.0.0
2025-06-14 01:10:50,176 [INFO] ThirdParty:1030 - CMSIS Pack Vendor :STMicroelectronics X-CUBE-GNSS1 7.0.0
2025-06-14 01:10:50,176 [INFO] ThirdParty:1030 - CMSIS Pack Vendor :STMicroelectronics X-CUBE-GNSS1 7.0.1
2025-06-14 01:10:50,176 [INFO] ThirdParty:1030 - CMSIS Pack Vendor :STMicroelectronics X-CUBE-TOUCHGFX 4.25.0
2025-06-14 01:10:50,176 [INFO] ThirdParty:1030 - CMSIS Pack Vendor :STMicroelectronics X-CUBE-AI 10.1.0
2025-06-14 01:10:50,176 [INFO] ThirdParty:1030 - CMSIS Pack Vendor :STMicroelectronics FP-SNS-STBOX1 2.0.0
2025-06-14 01:10:50,176 [INFO] ThirdParty:1030 - CMSIS Pack Vendor :STMicroelectronics X-CUBE-ALGOBUILD 1.3.0
2025-06-14 01:10:50,176 [INFO] ThirdParty:1030 - CMSIS Pack Vendor :STMicroelectronics X-CUBE-MEMS1 11.2.0
2025-06-14 01:10:50,176 [INFO] ThirdParty:1030 - CMSIS Pack Vendor :STMicroelectronics X-CUBE-AZRTOS-G0 1.1.0
2025-06-14 01:10:50,176 [INFO] ThirdParty:1030 - CMSIS Pack Vendor :STMicroelectronics X-CUBE-SAFEA1 1.2.2
2025-06-14 01:10:50,176 [INFO] ThirdParty:1030 - CMSIS Pack Vendor :STMicroelectronics X-CUBE-NFC4 3.0.0
2025-06-14 01:10:50,177 [INFO] ThirdParty:1030 - CMSIS Pack Vendor :STMicroelectronics X-CUBE-SUBG2 5.0.0
2025-06-14 01:10:50,177 [INFO] ThirdParty:1030 - CMSIS Pack Vendor :STMicroelectronics X-CUBE-AZRTOS-H7RS 1.1.0
2025-06-14 01:10:50,177 [INFO] ThirdParty:1030 - CMSIS Pack Vendor :STMicroelectronics STM32_WPAN 1.0.0
2025-06-14 01:10:50,177 [INFO] ThirdParty:1030 - CMSIS Pack Vendor :EmbeddedOffice I-CUBE-FS-RTOS 1.0.1
2025-06-14 01:10:50,177 [INFO] ThirdParty:1030 - CMSIS Pack Vendor :STMicroelectronics lwIP 2.0.3
2025-06-14 01:10:50,177 [INFO] ThirdParty:1030 - CMSIS Pack Vendor :Cesanta I-CUBE-Mongoose 7.13.0
2025-06-14 01:10:50,177 [INFO] ThirdParty:1030 - CMSIS Pack Vendor :STMicroelectronics USB_HOST 1.0.0
2025-06-14 01:10:50,177 [INFO] ThirdParty:1030 - CMSIS Pack Vendor :STMicroelectronics X-CUBE-AZRTOS-G4 2.0.0
2025-06-14 01:10:50,177 [INFO] ThirdParty:1030 - CMSIS Pack Vendor :STMicroelectronics X-CUBE-WB05N 2.0.0
2025-06-14 01:10:50,177 [INFO] ThirdParty:1030 - CMSIS Pack Vendor :STMicroelectronics PDM2PCM 3.1.0
2025-06-14 01:10:50,177 [INFO] ThirdParty:1030 - CMSIS Pack Vendor :Infineon AIROC-Wi-Fi-Bluetooth-STM32 1.5.1
2025-06-14 01:10:50,177 [INFO] ThirdParty:1030 - CMSIS Pack Vendor :STMicroelectronics X-CUBE-NFC7 2.0.0
2025-06-14 01:10:50,177 [INFO] ThirdParty:1030 - CMSIS Pack Vendor :RealThread X-CUBE-RT-Thread_Nano 4.1.1
2025-06-14 01:10:50,177 [INFO] ThirdParty:1030 - CMSIS Pack Vendor :STMicroelectronics FP-SNS-MOTENVWB1 1.3.1
2025-06-14 01:10:50,177 [INFO] ThirdParty:1030 - CMSIS Pack Vendor :STMicroelectronics FP-ATR-SIGFOX1 3.2.0
2025-06-14 01:10:50,177 [INFO] ThirdParty:1030 - CMSIS Pack Vendor :STMicroelectronics X-CUBE-ISPU 2.0.0
2025-06-14 01:10:50,177 [INFO] ThirdParty:1030 - CMSIS Pack Vendor :STMicroelectronics X-CUBE-EEPRMA1 5.1.0
2025-06-14 01:10:50,177 [INFO] ThirdParty:1030 - CMSIS Pack Vendor :STMicroelectronics MBEDTLS 2.16.2
2025-06-14 01:10:50,177 [INFO] ThirdParty:1030 - CMSIS Pack Vendor :STMicroelectronics X-CUBE-ALS 1.0.2
2025-06-14 01:10:50,177 [INFO] ThirdParty:1030 - CMSIS Pack Vendor :STMicroelectronics X-CUBE-MEMS1 10.0.0
2025-06-14 01:10:50,177 [INFO] ThirdParty:1030 - CMSIS Pack Vendor :STMicroelectronics X-CUBE-FREERTOS 1.1.0
2025-06-14 01:10:50,177 [INFO] ThirdParty:1030 - CMSIS Pack Vendor :STMicroelectronics X-CUBE-TOUCHGFX 4.24.1
2025-06-14 01:10:50,177 [INFO] ThirdParty:1030 - CMSIS Pack Vendor :wolfSSL I-CUBE-wolfTPM 3.4.0
2025-06-14 01:10:50,177 [INFO] ThirdParty:1030 - CMSIS Pack Vendor :portGmbH I-Cube-SoM-uGOAL 1.1.0
2025-06-14 01:10:50,177 [INFO] ThirdParty:1030 - CMSIS Pack Vendor :STMicroelectronics X-CUBE-ALS 1.0.1
2025-06-14 01:10:50,177 [INFO] ThirdParty:1030 - CMSIS Pack Vendor :STMicroelectronics ThreadX 1.0.0
2025-06-14 01:10:50,177 [INFO] ThirdParty:1030 - CMSIS Pack Vendor :SEGGER I-CUBE-embOS 1.3.1
2025-06-14 01:10:50,177 [INFO] ThirdParty:1030 - CMSIS Pack Vendor :STMicroelectronics X-CUBE-ALGOBUILD 1.4.0
2025-06-14 01:10:50,177 [INFO] ThirdParty:1030 - CMSIS Pack Vendor :STMicroelectronics X-CUBE-AZRTOS-H7RS 1.0.0
2025-06-14 01:10:50,177 [INFO] ThirdParty:1030 - CMSIS Pack Vendor :STMicroelectronics FP-ATR-ASTRA1 2.0.0
2025-06-14 01:10:50,177 [INFO] ThirdParty:1030 - CMSIS Pack Vendor :STMicroelectronics X-CUBE-TOF1 3.4.2
2025-06-14 01:10:50,177 [INFO] ThirdParty:1030 - CMSIS Pack Vendor :STMicroelectronics X-CUBE-AI 9.1.0
2025-06-14 01:10:50,177 [INFO] ThirdParty:1030 - CMSIS Pack Vendor :STMicroelectronics X-CUBE-TOF1 3.4.0
2025-06-14 01:10:50,177 [INFO] ThirdParty:1030 - CMSIS Pack Vendor :STMicroelectronics X-CUBE-AZRTOS-H7 3.2.0
2025-06-14 01:10:50,177 [INFO] ThirdParty:1030 - CMSIS Pack Vendor :wolfSSL I-CUBE-wolfSSH 1.4.17
2025-06-14 01:10:50,177 [INFO] ThirdParty:841 - exiting critical section [change project]
2025-06-14 01:10:50,319 [INFO] PinOutPanel:1499 - setPackage(No Configuration,No Configuration)
2025-06-14 01:10:50,319 [INFO] PinOutPanel:1499 - setPackage(STM32G474RETx,LQFP64)
2025-06-14 01:10:50,520 [INFO] UtilMem:75 - Before build in PCC Used Memory: 749300336 Bytes (1073741824)
2025-06-14 01:10:50,745 [INFO] UtilMem:75 - After build in PCC Used Memory: 849441392 Bytes (1073741824)
2025-06-14 01:10:50,762 [INFO] IPUIPlugin:80 - create IPUIPlugin
2025-06-14 01:10:50,762 [INFO] IPUIPlugin:80 - create IPUIPlugin
2025-06-14 01:10:50,762 [INFO] IPUIPlugin:80 - create IPUIPlugin
2025-06-14 01:10:50,762 [INFO] IPUIPlugin:80 - create IPUIPlugin
2025-06-14 01:10:50,762 [INFO] IPUIPlugin:80 - create IPUIPlugin
2025-06-14 01:10:50,762 [INFO] IPUIPlugin:80 - create IPUIPlugin
2025-06-14 01:10:50,762 [INFO] IPUIPlugin:80 - create IPUIPlugin
2025-06-14 01:10:50,762 [INFO] IPUIPlugin:80 - create IPUIPlugin
2025-06-14 01:10:50,762 [INFO] IPUIPlugin:80 - create IPUIPlugin
2025-06-14 01:10:50,762 [INFO] IPUIPlugin:80 - create IPUIPlugin
2025-06-14 01:10:50,762 [INFO] IPUIPlugin:80 - create IPUIPlugin
2025-06-14 01:10:50,762 [INFO] IPUIPlugin:80 - create IPUIPlugin
2025-06-14 01:10:50,762 [INFO] IPUIPlugin:80 - create IPUIPlugin
2025-06-14 01:10:50,762 [INFO] IPUIPlugin:80 - create IPUIPlugin
2025-06-14 01:10:50,763 [INFO] IPUIPlugin:80 - create IPUIPlugin
2025-06-14 01:10:50,763 [INFO] IPUIPlugin:80 - create IPUIPlugin
2025-06-14 01:10:50,763 [INFO] IPUIPlugin:80 - create IPUIPlugin
2025-06-14 01:10:50,763 [INFO] IPUIPlugin:80 - create IPUIPlugin
2025-06-14 01:10:50,763 [INFO] IPUIPlugin:80 - create IPUIPlugin
2025-06-14 01:10:50,763 [INFO] IPUIPlugin:80 - create IPUIPlugin
2025-06-14 01:10:50,763 [INFO] IPUIPlugin:80 - create IPUIPlugin
2025-06-14 01:10:50,763 [INFO] IPUIPlugin:80 - create IPUIPlugin
2025-06-14 01:10:50,763 [INFO] IPUIPlugin:80 - create IPUIPlugin
2025-06-14 01:10:50,763 [INFO] IPUIPlugin:80 - create IPUIPlugin
2025-06-14 01:10:50,763 [INFO] IPUIPlugin:80 - create IPUIPlugin
2025-06-14 01:10:50,763 [INFO] IPUIPlugin:80 - create IPUIPlugin
2025-06-14 01:10:50,763 [INFO] IPUIPlugin:80 - create IPUIPlugin
2025-06-14 01:10:50,763 [INFO] IPUIPlugin:80 - create IPUIPlugin
2025-06-14 01:10:50,763 [INFO] IPUIPlugin:80 - create IPUIPlugin
2025-06-14 01:10:50,763 [INFO] IPUIPlugin:80 - create IPUIPlugin
2025-06-14 01:10:50,764 [INFO] IPUIPlugin:80 - create IPUIPlugin
2025-06-14 01:10:50,764 [INFO] IPUIPlugin:80 - create IPUIPlugin
2025-06-14 01:10:50,764 [INFO] IPUIPlugin:80 - create IPUIPlugin
2025-06-14 01:10:50,764 [INFO] IPUIPlugin:80 - create IPUIPlugin
2025-06-14 01:10:50,764 [INFO] IPUIPlugin:80 - create IPUIPlugin
2025-06-14 01:10:50,764 [INFO] IPUIPlugin:80 - create IPUIPlugin
2025-06-14 01:10:50,764 [INFO] IPUIPlugin:80 - create IPUIPlugin
2025-06-14 01:10:50,764 [INFO] IPUIPlugin:80 - create IPUIPlugin
2025-06-14 01:10:50,764 [INFO] IPUIPlugin:80 - create IPUIPlugin
2025-06-14 01:10:50,765 [INFO] IPUIPlugin:80 - create IPUIPlugin
2025-06-14 01:10:50,765 [INFO] IPUIPlugin:80 - create IPUIPlugin
2025-06-14 01:10:50,765 [INFO] IPUIPlugin:80 - create IPUIPlugin
2025-06-14 01:10:50,765 [INFO] IPUIPlugin:80 - create IPUIPlugin
2025-06-14 01:10:50,765 [INFO] IPUIPlugin:80 - create IPUIPlugin
2025-06-14 01:10:50,765 [INFO] IPUIPlugin:80 - create IPUIPlugin
2025-06-14 01:10:50,765 [INFO] IPUIPlugin:80 - create IPUIPlugin
2025-06-14 01:10:50,765 [INFO] IPUIPlugin:80 - create IPUIPlugin
2025-06-14 01:10:50,765 [INFO] IPUIPlugin:80 - create IPUIPlugin
2025-06-14 01:10:50,766 [INFO] IPUIPlugin:80 - create IPUIPlugin
2025-06-14 01:10:50,766 [INFO] IPUIPlugin:80 - create IPUIPlugin
2025-06-14 01:10:50,766 [INFO] IPUIPlugin:80 - create IPUIPlugin
2025-06-14 01:10:50,766 [INFO] IPUIPlugin:80 - create IPUIPlugin
2025-06-14 01:10:50,766 [INFO] IPUIPlugin:80 - create IPUIPlugin
2025-06-14 01:10:50,766 [INFO] IPUIPlugin:80 - create IPUIPlugin
2025-06-14 01:10:50,767 [INFO] IPUIPlugin:80 - create IPUIPlugin
2025-06-14 01:10:50,767 [INFO] IPUIPlugin:80 - create IPUIPlugin
2025-06-14 01:10:50,767 [INFO] IPUIPlugin:80 - create IPUIPlugin
2025-06-14 01:10:50,767 [INFO] IPUIPlugin:80 - create IPUIPlugin
2025-06-14 01:10:50,767 [INFO] IPUIPlugin:80 - create IPUIPlugin
2025-06-14 01:10:50,767 [INFO] IPUIPlugin:80 - create IPUIPlugin
2025-06-14 01:10:50,767 [INFO] IPUIPlugin:80 - create IPUIPlugin
2025-06-14 01:10:50,767 [INFO] IPUIPlugin:80 - create IPUIPlugin
2025-06-14 01:10:50,768 [INFO] IPUIPlugin:80 - create IPUIPlugin
2025-06-14 01:10:50,768 [INFO] IPUIPlugin:80 - create IPUIPlugin
2025-06-14 01:10:50,768 [INFO] IPUIPlugin:80 - create IPUIPlugin
2025-06-14 01:10:50,768 [INFO] IPUIPlugin:80 - create IPUIPlugin
2025-06-14 01:10:50,768 [INFO] IPUIPlugin:80 - create IPUIPlugin
2025-06-14 01:10:50,768 [INFO] IPUIPlugin:80 - create IPUIPlugin
2025-06-14 01:10:50,769 [INFO] IPUIPlugin:80 - create IPUIPlugin
2025-06-14 01:10:50,769 [INFO] IPUIPlugin:80 - create IPUIPlugin
2025-06-14 01:10:50,769 [INFO] IPUIPlugin:80 - create IPUIPlugin
2025-06-14 01:10:50,769 [INFO] IPUIPlugin:80 - create IPUIPlugin
2025-06-14 01:10:50,769 [INFO] IPUIPlugin:80 - create IPUIPlugin
2025-06-14 01:10:50,770 [INFO] IPUIPlugin:80 - create IPUIPlugin
2025-06-14 01:10:50,770 [INFO] IPUIPlugin:80 - create IPUIPlugin
2025-06-14 01:10:50,770 [INFO] IPUIPlugin:80 - create IPUIPlugin
2025-06-14 01:10:50,770 [INFO] IPUIPlugin:80 - create IPUIPlugin
2025-06-14 01:10:50,812 [INFO] CADModel:165 - CPN selected for project levelSTM32G474RET6
2025-06-14 01:10:50,812 [INFO] CADModel:114 - Register for checkConnection events
2025-06-14 01:10:50,862 [INFO] OpenFileManager:343 - Restore cursor
2025-06-14 01:11:01,109 [INFO] NvicIntPanel:101 - NVIC parent = com.st.microxplorer.plugins.ip.nvic.MultiNvicIntPanel[,0,0,0x0,invalid,layout=javax.swing.BoxLayout,alignmentX=0.0,alignmentY=0.0,border=,flags=9,maximumSize=,minimumSize=,preferredSize=]
2025-06-14 01:11:06,532 [INFO] NvicIntPanel:101 - NVIC parent = com.st.microxplorer.plugins.ip.nvic.MultiNvicIntPanel[,0,0,0x0,invalid,layout=javax.swing.BoxLayout,alignmentX=0.0,alignmentY=0.0,border=,flags=9,maximumSize=,minimumSize=,preferredSize=]
2025-06-14 01:11:36,273 [INFO] UtilMem:75 - End SaveConfig() Used Memory: 358997728 Bytes (1073741824)
2025-06-14 01:11:38,224 [INFO] UtilMem:75 - End SaveConfig() Used Memory: 388479232 Bytes (1073741824)
2025-06-14 01:11:41,804 [INFO] UtilMem:75 - End SaveConfig() Used Memory: 440908032 Bytes (1073741824)
2025-06-14 01:11:42,221 [INFO] BlockDiagram:2759 - set Specific Code input for plugin: FMAC
2025-06-14 01:11:42,221 [INFO] BlockDiagram:2759 - set Specific Code input for plugin: DAC
2025-06-14 01:11:42,221 [INFO] BlockDiagram:2759 - set Specific Code input for plugin: TIM6_7G4
2025-06-14 01:11:42,221 [INFO] BlockDiagram:2759 - set Specific Code input for plugin: SYS
2025-06-14 01:11:42,221 [INFO] BlockDiagram:2759 - set Specific Code input for plugin: RCC
2025-06-14 01:11:42,221 [INFO] BlockDiagram:2759 - set Specific Code input for plugin: NVIC
2025-06-14 01:11:42,222 [INFO] BlockDiagram:2759 - set Specific Code input for plugin: DMA
2025-06-14 01:11:42,222 [INFO] BlockDiagram:2759 - set Specific Code input for plugin: GPIO
2025-06-14 01:11:42,225 [INFO] CodeGenerator:807 - code generatio: config db path: D:\Program Files\STM32CubeIDE_1.14.1\STM32CubeIDE\plugins\com.st.stm32cube.common.mx_6.10.0.202311202037\\db\
2025-06-14 01:11:42,483 [INFO] CodeEngine:255 - oldGeneratedFile, D:\STM32G4\Benchmarking-STM32G4-Accelerators\BenchmarkingAccelerators\MXTmpFiles\license.tmp_save
2025-06-14 01:11:42,786 [INFO] CodeEngine:279 - Generated code: D:\STM32G4\Benchmarking-STM32G4-Accelerators\BenchmarkingAccelerators\MXTmpFiles\license.tmp
2025-06-14 01:11:42,898 [INFO] CodeEngine:255 - oldGeneratedFile, D:\STM32G4\Benchmarking-STM32G4-Accelerators\BenchmarkingAccelerators\MXTmpFiles\gpio.tmp_save
2025-06-14 01:11:43,033 [INFO] CodeEngine:279 - Generated code: D:\STM32G4\Benchmarking-STM32G4-Accelerators\BenchmarkingAccelerators\MXTmpFiles\gpio.tmp
2025-06-14 01:11:43,432 [INFO] CodeEngine:255 - oldGeneratedFile, D:\STM32G4\Benchmarking-STM32G4-Accelerators\BenchmarkingAccelerators\MXTmpFiles\dma.tmp_save
2025-06-14 01:11:43,520 [INFO] CodeEngine:279 - Generated code: D:\STM32G4\Benchmarking-STM32G4-Accelerators\BenchmarkingAccelerators\MXTmpFiles\dma.tmp
2025-06-14 01:11:43,534 [INFO] CodeEngine:255 - oldGeneratedFile, D:\STM32G4\Benchmarking-STM32G4-Accelerators\BenchmarkingAccelerators\MXTmpFiles\dma_GV.tmp_save
2025-06-14 01:11:43,597 [INFO] CodeEngine:279 - Generated code: D:\STM32G4\Benchmarking-STM32G4-Accelerators\BenchmarkingAccelerators\MXTmpFiles\dma_GV.tmp
2025-06-14 01:11:43,638 [INFO] CodeEngine:255 - oldGeneratedFile, D:\STM32G4\Benchmarking-STM32G4-Accelerators\BenchmarkingAccelerators\Core\Src\stm32g4xx_it.c_save
2025-06-14 01:11:43,801 [INFO] CodeEngine:279 - Generated code: D:\STM32G4\Benchmarking-STM32G4-Accelerators\BenchmarkingAccelerators\Core\Src\stm32g4xx_it.c
2025-06-14 01:11:43,837 [INFO] CodeEngine:255 - oldGeneratedFile, D:\STM32G4\Benchmarking-STM32G4-Accelerators\BenchmarkingAccelerators\Core\Inc\stm32g4xx_it.h_save
2025-06-14 01:11:43,919 [INFO] CodeEngine:279 - Generated code: D:\STM32G4\Benchmarking-STM32G4-Accelerators\BenchmarkingAccelerators\Core\Inc\stm32g4xx_it.h
2025-06-14 01:11:43,953 [INFO] CodeEngine:255 - oldGeneratedFile, D:\STM32G4\Benchmarking-STM32G4-Accelerators\BenchmarkingAccelerators\Core\Src\stm32g4xx_hal_msp.c_save
2025-06-14 01:11:44,138 [INFO] CodeEngine:279 - Generated code: D:\STM32G4\Benchmarking-STM32G4-Accelerators\BenchmarkingAccelerators\Core\Src\stm32g4xx_hal_msp.c
2025-06-14 01:11:44,158 [INFO] CodeEngine:255 - oldGeneratedFile, D:\STM32G4\Benchmarking-STM32G4-Accelerators\BenchmarkingAccelerators\MXTmpFiles\system.tmp_save
2025-06-14 01:11:44,221 [INFO] CodeEngine:279 - Generated code: D:\STM32G4\Benchmarking-STM32G4-Accelerators\BenchmarkingAccelerators\MXTmpFiles\system.tmp
2025-06-14 01:11:44,251 [INFO] CodeEngine:311 - oldGeneratedFile, D:\STM32G4\Benchmarking-STM32G4-Accelerators\BenchmarkingAccelerators\Core\Inc\stm32g4xx_hal_conf.h_save
2025-06-14 01:11:44,348 [INFO] CodeEngine:335 - Generated code: D:\STM32G4\Benchmarking-STM32G4-Accelerators\BenchmarkingAccelerators\Core\Inc\stm32g4xx_hal_conf.h
2025-06-14 01:11:44,378 [WARN] IPConfigManager:2946 - Warning: the RefConfig RCC_CommonPeriphClockConfig is not available in your config.xml file
2025-06-14 01:11:44,382 [WARN] IPConfigManager:3440 - IP not found : TIM
2025-06-14 01:11:44,383 [WARN] CodeGenerator:3939 - IP not found : null
2025-06-14 01:11:44,416 [INFO] CodeEngine:255 - oldGeneratedFile, D:\STM32G4\Benchmarking-STM32G4-Accelerators\BenchmarkingAccelerators\Core\Inc\main.h_save
2025-06-14 01:11:44,525 [INFO] CodeEngine:279 - Generated code: D:\STM32G4\Benchmarking-STM32G4-Accelerators\BenchmarkingAccelerators\Core\Inc\main.h
2025-06-14 01:11:44,550 [INFO] CodeEngine:255 - oldGeneratedFile, D:\STM32G4\Benchmarking-STM32G4-Accelerators\BenchmarkingAccelerators\Core\Src\main.c_save
2025-06-14 01:11:44,714 [INFO] CodeEngine:279 - Generated code: D:\STM32G4\Benchmarking-STM32G4-Accelerators\BenchmarkingAccelerators\Core\Src\main.c
2025-06-14 01:11:45,303 [INFO] ProjectBuilder:3076 - Time for Copy HAL[1] : 168mS.
2025-06-14 01:11:45,308 [INFO] ProjectBuilder:4485 - Project Generator version: 4.2.0-B44
2025-06-14 01:11:45,463 [INFO] ConfigFileManager:1495 - The Die is : DIE469
2025-06-14 01:11:45,480 [INFO] ApiDbMcu:508 - Load IP Config File for FATFS
2025-06-14 01:11:45,492 [INFO] ApiDbMcu:508 - Load IP Config File for FREERTOS
2025-06-14 01:11:45,506 [INFO] ApiDbMcu:508 - Load IP Config File for USBPD
2025-06-14 01:11:45,523 [INFO] ApiDbMcu:508 - Load IP Config File for USB_Device
