2025-07-02 14:06:53,270 [INFO] Activator:176 - 


2025-07-02 14:06:53,276 [INFO] Activator:177 - !SESSION log4j initialized
2025-07-02 14:06:58,577 [INFO] LogOutputStream:77 - [STDOUT_REDIRECT] 
2025-07-02 14:07:04,419 [INFO] ApplicationProperties:184 - Using Application install path: D:\Program Files\STM32CubeIDE_1.14.1\STM32CubeIDE\plugins\com.st.stm32cube.common.mx_6.10.0.202311202037
2025-07-02 14:07:04,435 [INFO] DbMcusXml:78 - Set database path to: D:\Program Files\STM32CubeIDE_1.14.1\STM32CubeIDE\plugins\com.st.stm32cube.common.mx_6.10.0.202311202037\\db\/mcu/
2025-07-02 14:07:04,435 [INFO] ApiDb:274 - Set plugin database path to: D:\Program Files\STM32CubeIDE_1.14.1\STM32CubeIDE\plugins\com.st.stm32cube.common.mx_6.10.0.202311202037\\db\/plugins/boardmanager/
2025-07-02 14:07:04,436 [WARN] ApiDb:259 - Overriding images path with different value:  => D:\Program Files\STM32CubeIDE_1.14.1\STM32CubeIDE\plugins\com.st.stm32cube.common.mx_6.10.0.202311202037\\db\/plugins/mcufinder/images/
2025-07-02 14:07:04,444 [INFO] ApiDb:250 - Set database path to: C:\Users\abhim\.stmcufinder\plugins\mcufinder//mcu/
2025-07-02 14:07:04,445 [INFO] DbMcusAds:125 - Set database path to: C:\Users\abhim\.stmcufinder\plugins\mcufinder//mcu/
2025-07-02 14:07:04,446 [INFO] CrossReferenceDbSqlite:203 - Set database path to: C:\Users\abhim\.stmcufinder\plugins\mcufinder//mcu/cs/
2025-07-02 14:07:04,556 [INFO] RulesReader:64 - Compatibility file has been processed (297 Rules)
2025-07-02 14:07:04,626 [INFO] DbMcusXml:78 - Set database path to: D:\Program Files\STM32CubeIDE_1.14.1\STM32CubeIDE\plugins\com.st.stm32cube.common.mx_6.10.0.202311202037\\db\/mcu/
2025-07-02 14:07:04,626 [INFO] ApiDb:274 - Set plugin database path to: D:\Program Files\STM32CubeIDE_1.14.1\STM32CubeIDE\plugins\com.st.stm32cube.common.mx_6.10.0.202311202037\\db\/plugins/boardmanager/
2025-07-02 14:07:04,626 [INFO] ApiDb:261 - Set plugin images path to: D:\Program Files\STM32CubeIDE_1.14.1\STM32CubeIDE\plugins\com.st.stm32cube.common.mx_6.10.0.202311202037\\db\/plugins/mcufinder/images/
2025-07-02 14:07:04,626 [WARN] DbFile:41 - Overriding database path with different value: C:\Users\abhim\.stmcufinder\plugins\mcufinder/ => C:\Users\abhim\.stmcufinder\plugins\mcufinder
2025-07-02 14:07:04,627 [INFO] ApiDb:250 - Set database path to: C:\Users\abhim\.stmcufinder\plugins\mcufinder//mcu/
2025-07-02 14:07:04,627 [WARN] DbFile:41 - Overriding database path with different value: C:\Users\abhim\.stmcufinder\plugins\mcufinder/ => C:\Users\abhim\.stmcufinder\plugins\mcufinder
2025-07-02 14:07:04,627 [INFO] DbMcusAds:125 - Set database path to: C:\Users\abhim\.stmcufinder\plugins\mcufinder//mcu/
2025-07-02 14:07:04,627 [WARN] DbFile:41 - Overriding database path with different value: C:\Users\abhim\.stmcufinder\plugins\mcufinder/ => C:\Users\abhim\.stmcufinder\plugins\mcufinder
2025-07-02 14:07:04,627 [WARN] DbFile:41 - Overriding database path with different value: C:\Users\abhim\.stmcufinder\plugins\mcufinder/ => C:\Users\abhim\.stmcufinder\plugins\mcufinder
2025-07-02 14:07:04,627 [INFO] CrossReferenceDbSqlite:203 - Set database path to: C:\Users\abhim\.stmcufinder\plugins\mcufinder//mcu/cs/
2025-07-02 14:07:04,690 [INFO] MainPanel:264 - HeapMemory: 268435456
2025-07-02 14:07:04,764 [INFO] DbMcusXml:78 - Set database path to: D:\Program Files\STM32CubeIDE_1.14.1\STM32CubeIDE\plugins\com.st.stm32cube.common.mx_6.10.0.202311202037\\db\/mcu/
2025-07-02 14:07:04,764 [INFO] ApiDb:274 - Set plugin database path to: D:\Program Files\STM32CubeIDE_1.14.1\STM32CubeIDE\plugins\com.st.stm32cube.common.mx_6.10.0.202311202037\\db\/plugins/boardmanager/
2025-07-02 14:07:04,764 [INFO] ApiDb:261 - Set plugin images path to: D:\Program Files\STM32CubeIDE_1.14.1\STM32CubeIDE\plugins\com.st.stm32cube.common.mx_6.10.0.202311202037\\db\/plugins/mcufinder/images/
2025-07-02 14:07:04,764 [WARN] DbFile:41 - Overriding database path with different value: C:\Users\abhim\.stmcufinder\plugins\mcufinder/ => C:\Users\abhim\.stmcufinder\plugins\mcufinder
2025-07-02 14:07:04,765 [INFO] ApiDb:250 - Set database path to: C:\Users\abhim\.stmcufinder\plugins\mcufinder//mcu/
2025-07-02 14:07:04,765 [WARN] DbFile:41 - Overriding database path with different value: C:\Users\abhim\.stmcufinder\plugins\mcufinder/ => C:\Users\abhim\.stmcufinder\plugins\mcufinder
2025-07-02 14:07:04,765 [INFO] DbMcusAds:125 - Set database path to: C:\Users\abhim\.stmcufinder\plugins\mcufinder//mcu/
2025-07-02 14:07:04,765 [WARN] DbFile:41 - Overriding database path with different value: C:\Users\abhim\.stmcufinder\plugins\mcufinder/ => C:\Users\abhim\.stmcufinder\plugins\mcufinder
2025-07-02 14:07:04,765 [WARN] DbFile:41 - Overriding database path with different value: C:\Users\abhim\.stmcufinder\plugins\mcufinder/ => C:\Users\abhim\.stmcufinder\plugins\mcufinder
2025-07-02 14:07:04,765 [INFO] CrossReferenceDbSqlite:203 - Set database path to: C:\Users\abhim\.stmcufinder\plugins\mcufinder//mcu/cs/
2025-07-02 14:07:04,781 [INFO] ApplicationProperties:184 - Using Application install path: D:\Program Files\STM32CubeIDE_1.14.1\STM32CubeIDE\plugins\com.st.stm32cube.common.mx_6.10.0.202311202037
2025-07-02 14:07:04,782 [INFO] PluginManage:196 - Search for loadable plugins [exclusion list=, ]
2025-07-02 14:07:04,783 [INFO] PluginManage:310 - Check plugin analytics
2025-07-02 14:07:04,920 [INFO] AnalyticsPlugin:253 - Accepted Software Licenses: 
2025-07-02 14:07:04,921 [INFO] AnalyticsPlugin:255 - Accepted CMSIS Pack Licenses: 
2025-07-02 14:07:04,921 [INFO] AnalyticsPlugin:257 - Accepted Firmware Licenses: FW.G4.1.5.0
2025-07-02 14:07:04,923 [INFO] PluginManage:359 - Loaded plugin analytics (category:tool,tabindex:-1)
2025-07-02 14:07:04,924 [INFO] PluginManage:310 - Check plugin cadmodel
2025-07-02 14:07:04,943 [INFO] CADModel:105 - Init CAD model plugin
2025-07-02 14:07:04,943 [INFO] PluginManage:359 - Loaded plugin cadmodel (category:power,tabindex:5)
2025-07-02 14:07:04,944 [INFO] PluginManage:310 - Check plugin clock
2025-07-02 14:07:04,967 [INFO] PluginManage:359 - Loaded plugin clock (category:base,tabindex:2)
2025-07-02 14:07:04,967 [INFO] PluginManage:310 - Check plugin ddr
2025-07-02 14:07:04,970 [INFO] PluginManage:359 - Loaded plugin ddr (category:tool,tabindex:6)
2025-07-02 14:07:04,970 [INFO] PluginManage:310 - Check plugin filemanager
2025-07-02 14:07:05,087 [INFO] PluginManage:359 - Loaded plugin filemanager (category:base,tabindex:10)
2025-07-02 14:07:05,087 [INFO] PluginManage:310 - Check plugin ipmanager
2025-07-02 14:07:05,094 [INFO] PluginManage:359 - Loaded plugin ipmanager (category:base,tabindex:5)
2025-07-02 14:07:05,094 [INFO] PluginManage:310 - Check plugin lpbam
2025-07-02 14:07:05,112 [INFO] PluginManage:359 - Loaded plugin lpbam (category:base,tabindex:0)
2025-07-02 14:07:05,112 [INFO] PluginManage:310 - Check plugin memorymap
2025-07-02 14:07:05,133 [INFO] PluginManage:359 - Loaded plugin memorymap (category:base,tabindex:4)
2025-07-02 14:07:05,133 [INFO] PluginManage:310 - Check plugin pinoutandconfiguration
2025-07-02 14:07:05,150 [INFO] PluginManage:359 - Loaded plugin pinoutandconfiguration (category:base,tabindex:1)
2025-07-02 14:07:05,151 [INFO] PluginManage:310 - Check plugin pinoutconfig
2025-07-02 14:07:05,230 [WARN] SupportedApi:132 - Cannot load RTOS API schema: s4s-elt-must-match.1: The content of 'definitions' must match (annotation?, (simpleType | complexType)?, (unique | key | keyref)*)). A problem was found starting at: attribute.
2025-07-02 14:07:05,334 [INFO] PluginManage:359 - Loaded plugin pinoutconfig (category:base,tabindex:0)
2025-07-02 14:07:05,334 [INFO] PluginManage:310 - Check plugin power
2025-07-02 14:07:05,355 [INFO] PluginManage:359 - Loaded plugin power (category:power,tabindex:4)
2025-07-02 14:07:05,355 [INFO] PluginManage:310 - Check plugin projectmanager
2025-07-02 14:07:05,367 [INFO] PluginManage:359 - Loaded plugin projectmanager (category:projectmanager,tabindex:3)
2025-07-02 14:07:05,367 [INFO] PluginManage:310 - Check plugin thirdparty
2025-07-02 14:07:05,655 [INFO] PluginManage:359 - Loaded plugin thirdparty (category:base,tabindex:-1)
2025-07-02 14:07:05,655 [INFO] PluginManage:310 - Check plugin tools
2025-07-02 14:07:05,655 [WARN] IntegrityCheckThread:84 - waiting for thirdparty lock release [integrity check]
2025-07-02 14:07:05,655 [INFO] IntegrityCheckThread:86 - entering critical section [integrity check]
2025-07-02 14:07:05,656 [INFO] ThirdPartyUpdaterWithRetryManager:70 - Updater plugin not ready yet. [1/15]
2025-07-02 14:07:05,694 [INFO] PluginManage:359 - Loaded plugin tools (category:base,tabindex:7)
2025-07-02 14:07:05,694 [INFO] PluginManage:310 - Check plugin tutovideos
2025-07-02 14:07:05,867 [INFO] PluginManage:359 - Loaded plugin tutovideos (category:base,tabindex:-1)
2025-07-02 14:07:05,867 [INFO] PluginManage:310 - Check plugin updater
2025-07-02 14:07:05,879 [INFO] PluginManage:359 - Loaded plugin updater (category:base,tabindex:12)
2025-07-02 14:07:05,879 [INFO] PluginManage:310 - Check plugin userauth
2025-07-02 14:07:05,884 [INFO] UserAuth:114 - Init User Auth plugin
2025-07-02 14:07:05,884 [INFO] PluginManage:359 - Loaded plugin userauth (category:base,tabindex:14)
2025-07-02 14:07:05,885 [INFO] PluginManage:283 - PluginManage : Loaded plugins [17]
2025-07-02 14:07:06,059 [INFO] PinOutPanel:1499 - setPackage(No Configuration,No Configuration)
2025-07-02 14:07:06,119 [INFO] CADModel:165 - CPN selected for project level
2025-07-02 14:07:06,119 [INFO] CADModel:114 - Register for checkConnection events
2025-07-02 14:07:06,145 [INFO] IPUIPlugin:80 - create IPUIPlugin
2025-07-02 14:07:06,146 [INFO] PluginManager:220 - loadIPPluginJar : add adc
2025-07-02 14:07:06,193 [INFO] IPUIPlugin:80 - create IPUIPlugin
2025-07-02 14:07:06,193 [INFO] PluginManager:220 - loadIPPluginJar : add aes
2025-07-02 14:07:06,250 [INFO] IPUIPlugin:80 - create IPUIPlugin
2025-07-02 14:07:06,250 [INFO] PluginManager:220 - loadIPPluginJar : add can
2025-07-02 14:07:06,280 [INFO] IPUIPlugin:80 - create IPUIPlugin
2025-07-02 14:07:06,280 [INFO] PluginManager:220 - loadIPPluginJar : add comp
2025-07-02 14:07:06,316 [INFO] IPUIPlugin:80 - create IPUIPlugin
2025-07-02 14:07:06,316 [INFO] PluginManager:220 - loadIPPluginJar : add cryp
2025-07-02 14:07:06,352 [INFO] IPUIPlugin:80 - create IPUIPlugin
2025-07-02 14:07:06,352 [INFO] PluginManager:220 - loadIPPluginJar : add dfsdm
2025-07-02 14:07:06,366 [INFO] IPUIPlugin:80 - create IPUIPlugin
2025-07-02 14:07:06,367 [INFO] PluginManager:220 - loadIPPluginJar : add dma
2025-07-02 14:07:06,417 [INFO] IPUIPlugin:80 - create IPUIPlugin
2025-07-02 14:07:06,417 [INFO] PluginManager:220 - loadIPPluginJar : add dma3
2025-07-02 14:07:06,440 [INFO] IPUIPlugin:80 - create IPUIPlugin
2025-07-02 14:07:06,440 [INFO] PluginManager:220 - loadIPPluginJar : add fatfs
2025-07-02 14:07:06,493 [INFO] IPUIPlugin:80 - create IPUIPlugin
2025-07-02 14:07:06,493 [INFO] PluginManager:220 - loadIPPluginJar : add fmc
2025-07-02 14:07:06,509 [INFO] IPUIPlugin:80 - create IPUIPlugin
2025-07-02 14:07:06,509 [INFO] PluginManager:220 - loadIPPluginJar : add freertos
2025-07-02 14:07:06,533 [INFO] IPUIPlugin:80 - create IPUIPlugin
2025-07-02 14:07:06,533 [INFO] PluginManager:220 - loadIPPluginJar : add genericplugin
2025-07-02 14:07:06,631 [INFO] IPUIPlugin:80 - create IPUIPlugin
2025-07-02 14:07:06,632 [INFO] PluginManager:220 - loadIPPluginJar : add gfxmmu
2025-07-02 14:07:06,778 [INFO] IPUIPlugin:80 - create IPUIPlugin
2025-07-02 14:07:06,778 [INFO] PluginManager:220 - loadIPPluginJar : add gic
2025-07-02 14:07:06,792 [INFO] IPUIPlugin:80 - create IPUIPlugin
2025-07-02 14:07:06,792 [INFO] PluginManager:220 - loadIPPluginJar : add gpio
2025-07-02 14:07:06,887 [INFO] IPUIPlugin:80 - create IPUIPlugin
2025-07-02 14:07:06,887 [INFO] PluginManager:220 - loadIPPluginJar : add gtzc
2025-07-02 14:07:06,926 [INFO] IPUIPlugin:80 - create IPUIPlugin
2025-07-02 14:07:06,926 [INFO] PluginManager:220 - loadIPPluginJar : add hash
2025-07-02 14:07:06,985 [INFO] IPUIPlugin:80 - create IPUIPlugin
2025-07-02 14:07:06,985 [INFO] PluginManager:220 - loadIPPluginJar : add i2c
2025-07-02 14:07:07,026 [INFO] IPUIPlugin:80 - create IPUIPlugin
2025-07-02 14:07:07,026 [INFO] PluginManager:220 - loadIPPluginJar : add i2s
2025-07-02 14:07:07,074 [INFO] IPUIPlugin:80 - create IPUIPlugin
2025-07-02 14:07:07,074 [INFO] PluginManager:220 - loadIPPluginJar : add i3c
2025-07-02 14:07:07,172 [INFO] IPUIPlugin:80 - create IPUIPlugin
2025-07-02 14:07:07,172 [INFO] PluginManager:220 - loadIPPluginJar : add ipddr
2025-07-02 14:07:07,268 [INFO] IPUIPlugin:80 - create IPUIPlugin
2025-07-02 14:07:07,268 [INFO] PluginManager:220 - loadIPPluginJar : add linkedlist
2025-07-02 14:07:07,311 [INFO] IPUIPlugin:80 - create IPUIPlugin
2025-07-02 14:07:07,312 [INFO] PluginManager:220 - loadIPPluginJar : add lorawan
2025-07-02 14:07:07,350 [INFO] IPUIPlugin:80 - create IPUIPlugin
2025-07-02 14:07:07,351 [INFO] PluginManager:220 - loadIPPluginJar : add ltdc
2025-07-02 14:07:07,364 [INFO] IPUIPlugin:80 - create IPUIPlugin
2025-07-02 14:07:07,364 [INFO] PluginManager:220 - loadIPPluginJar : add mdma
2025-07-02 14:07:07,377 [INFO] IPUIPlugin:80 - create IPUIPlugin
2025-07-02 14:07:07,377 [INFO] PluginManager:220 - loadIPPluginJar : add nvic
2025-07-02 14:07:07,420 [INFO] IPUIPlugin:80 - create IPUIPlugin
2025-07-02 14:07:07,420 [INFO] PluginManager:220 - loadIPPluginJar : add opamp
2025-07-02 14:07:07,491 [INFO] IPUIPlugin:80 - create IPUIPlugin
2025-07-02 14:07:07,491 [INFO] PluginManager:220 - loadIPPluginJar : add openamp
2025-07-02 14:07:07,543 [INFO] IPUIPlugin:80 - create IPUIPlugin
2025-07-02 14:07:07,543 [INFO] PluginManager:220 - loadIPPluginJar : add pdm2pcm
2025-07-02 14:07:07,556 [INFO] IPUIPlugin:80 - create IPUIPlugin
2025-07-02 14:07:07,558 [INFO] PluginManager:220 - loadIPPluginJar : add plateformsettings
2025-07-02 14:07:07,584 [INFO] IPUIPlugin:80 - create IPUIPlugin
2025-07-02 14:07:07,585 [INFO] PluginManager:220 - loadIPPluginJar : add quadspi
2025-07-02 14:07:07,599 [INFO] IPUIPlugin:80 - create IPUIPlugin
2025-07-02 14:07:07,599 [INFO] PluginManager:220 - loadIPPluginJar : add resmgrutility
2025-07-02 14:07:07,649 [INFO] IPUIPlugin:80 - create IPUIPlugin
2025-07-02 14:07:07,649 [INFO] PluginManager:220 - loadIPPluginJar : add sai
2025-07-02 14:07:07,695 [INFO] IPUIPlugin:80 - create IPUIPlugin
2025-07-02 14:07:07,695 [INFO] PluginManager:220 - loadIPPluginJar : add spi
2025-07-02 14:07:07,764 [INFO] IPUIPlugin:80 - create IPUIPlugin
2025-07-02 14:07:07,764 [INFO] PluginManager:220 - loadIPPluginJar : add stm32_wpan
2025-07-02 14:07:07,794 [INFO] IPUIPlugin:80 - create IPUIPlugin
2025-07-02 14:07:07,794 [INFO] PluginManager:220 - loadIPPluginJar : add tim
2025-07-02 14:07:07,849 [INFO] IPUIPlugin:80 - create IPUIPlugin
2025-07-02 14:07:07,849 [INFO] PluginManager:220 - loadIPPluginJar : add touchsensing
2025-07-02 14:07:07,891 [INFO] IPUIPlugin:80 - create IPUIPlugin
2025-07-02 14:07:07,891 [INFO] PluginManager:220 - loadIPPluginJar : add tracer_emb
2025-07-02 14:07:07,921 [INFO] IPUIPlugin:80 - create IPUIPlugin
2025-07-02 14:07:07,921 [INFO] PluginManager:220 - loadIPPluginJar : add ts
2025-07-02 14:07:07,947 [INFO] IPUIPlugin:80 - create IPUIPlugin
2025-07-02 14:07:07,947 [INFO] PluginManager:220 - loadIPPluginJar : add tsc
2025-07-02 14:07:07,971 [INFO] IPUIPlugin:80 - create IPUIPlugin
2025-07-02 14:07:07,971 [INFO] PluginManager:220 - loadIPPluginJar : add ucpd
2025-07-02 14:07:08,021 [INFO] IPUIPlugin:80 - create IPUIPlugin
2025-07-02 14:07:08,021 [INFO] PluginManager:220 - loadIPPluginJar : add usart
2025-07-02 14:07:08,066 [INFO] IPUIPlugin:80 - create IPUIPlugin
2025-07-02 14:07:08,066 [INFO] PluginManager:220 - loadIPPluginJar : add usbx
2025-07-02 14:07:08,183 [INFO] CADModel:165 - CPN selected for project level
2025-07-02 14:07:08,183 [INFO] CADModel:114 - Register for checkConnection events
2025-07-02 14:07:08,183 [FATAL] Updater:308 - Updater called before beeing initialized
2025-07-02 14:07:08,183 [ERROR] CADModel:125 - Updater not yet initialized, retry later 
2025-07-02 14:07:08,284 [INFO] CADModel:165 - CPN selected for project level
2025-07-02 14:07:08,284 [INFO] CADModel:114 - Register for checkConnection events
2025-07-02 14:07:08,284 [FATAL] Updater:308 - Updater called before beeing initialized
2025-07-02 14:07:08,284 [ERROR] CADModel:125 - Updater not yet initialized, retry later 
2025-07-02 14:07:08,287 [FATAL] Updater:308 - Updater called before beeing initialized
2025-07-02 14:07:08,377 [FATAL] Updater:308 - Updater called before beeing initialized
2025-07-02 14:07:08,387 [INFO] DbMcusAds:53 - JSON generation date=Thu Jun 19 10:32:34 CEST 2025 (1750321954415)
2025-07-02 14:07:08,387 [FATAL] Updater:308 - Updater called before beeing initialized
2025-07-02 14:07:08,458 [WARN] DetailPanel:346 - Failed to get advertising image, set to default
2025-07-02 14:07:08,529 [FATAL] Updater:308 - Updater called before beeing initialized
2025-07-02 14:07:08,531 [FATAL] Updater:308 - Updater called before beeing initialized
2025-07-02 14:07:08,532 [FATAL] Updater:308 - Updater called before beeing initialized
2025-07-02 14:07:08,532 [WARN] DetailPanel:346 - Failed to get advertising image, set to default
2025-07-02 14:07:08,532 [FATAL] Updater:308 - Updater called before beeing initialized
2025-07-02 14:07:08,590 [ERROR] Updater:1120 - MainUpdater not yet initialized. External WinMGr cannot be set.
2025-07-02 14:07:08,608 [INFO] Updater:1056 - Updater Version found : 6.10.0
2025-07-02 14:07:08,624 [INFO] ApplicationProperties:184 - Using Application install path: D:\Program Files\STM32CubeIDE_1.14.1\STM32CubeIDE\plugins\com.st.stm32cube.common.mx_6.10.0.202311202037
2025-07-02 14:07:08,657 [INFO] ThirdPartyUpdaterWithRetryManager:70 - Updater plugin not ready yet. [2/15]
2025-07-02 14:07:10,208 [ERROR] LogOutputStream:75 - [STDERR_REDIRECT] Jul 02, 2025 2:07:10 PM java.util.prefs.WindowsPreferences <init>
2025-07-02 14:07:10,209 [ERROR] LogOutputStream:75 - [STDERR_REDIRECT] WARNING: Could not open/create prefs root node Software\JavaSoft\Prefs at root 0xffffffff80000002. Windows RegCreateKeyEx(...) returned error code 5.
2025-07-02 14:07:10,209 [ERROR] LogOutputStream:75 - [STDERR_REDIRECT] 
2025-07-02 14:07:10,464 [INFO] MainUpdater:2873 - connection check result : 10
2025-07-02 14:07:10,464 [INFO] MainUpdater:3567 - Updater definition file requires update
2025-07-02 14:07:10,465 [INFO] MainUpdater:290 - Updater Check For Update Now.
2025-07-02 14:07:10,465 [INFO] MicroXplorer:498 - Change Database Version : DB.6.0.100
2025-07-02 14:07:10,486 [INFO] McuFinderGlobals:63 - Set McuFinder mode to 2 (CubeIDE integrated)
2025-07-02 14:07:10,514 [INFO] ServerAccessManage:473 - Download File updaters.zip
2025-07-02 14:07:10,682 [INFO] FileExtend:240 - Unzip File : updaters.zip
2025-07-02 14:07:10,683 [INFO] FileExtend:255 - Standard Zip Deflate
2025-07-02 14:07:10,819 [INFO] UserAuth:404 - Internet connection configuration mode: 1
2025-07-02 14:07:10,862 [INFO] JxBrowserEngine:152 - Initiate JxBrowser Engine with user profile folder
2025-07-02 14:07:11,540 [INFO] ServerAccessManage:473 - Download File PacksControlFlags.xml
2025-07-02 14:07:11,665 [WARN] MainUpdater:1194 - Updater busy. Cannot search thirdparties
2025-07-02 14:07:11,665 [INFO] ThirdPartyUpdaterWithRetryManager:96 - Updater plugin is busy. [1/15]
2025-07-02 14:07:11,722 [INFO] ServerAccessManage:473 - Download File cubemx.pidx
2025-07-02 14:07:12,146 [INFO] ServerAccessManage:473 - Download File STMicroelectronics.FP-SNS-STAIOTCFT.pdsc
2025-07-02 14:07:12,629 [INFO] ServerAccessManage:473 - Download File STMicroelectronics.X-CUBE-FREERTOS.pdsc
2025-07-02 14:07:13,808 [WARN] PopulateThirdPartyThread:106 - Error when creating pack: C:/Users/abhim/.stm32cubemx/thirdparties/pdsc/STMicroelectronics.FP-SNS-STAIOTCFT.pdsc
2025-07-02 14:07:13,842 [WARN] PackLoader:240 - Cannot read IP mode file for STMicroelectronics.X-CUBE-FREERTOS.1.3.1
2025-07-02 14:07:13,844 [INFO] PopulateThirdPartyThread:66 - Ending populate Thread
2025-07-02 14:07:13,846 [INFO] ThirdParty:1030 - CMSIS Pack Vendor :STMicroelectronics X-CUBE-FREERTOS 1.3.1
2025-07-02 14:07:13,846 [INFO] LoadServerUpdatesThread:375 - End of LoadServerUpdate Thread
2025-07-02 14:07:13,973 [INFO] CheckServerUpdateThread:120 - End of CheckServer Thread
2025-07-02 14:07:14,986 [WARN] PackLoader:240 - Cannot read IP mode file for STMicroelectronics.FP-SNS-MOTENVWB1.1.4.0
2025-07-02 14:07:14,988 [INFO] WebApp:161 - Instantiating new browser for Auth
2025-07-02 14:07:14,995 [WARN] PackLoader:240 - Cannot read IP mode file for STMicroelectronics.FP-ATR-ASTRA1.2.0.2
2025-07-02 14:07:15,018 [WARN] PackLoader:240 - Cannot read IP mode file for STMicroelectronics.X-CUBE-SMBUS.2.1.0
2025-07-02 14:07:15,044 [WARN] PackLoader:240 - Cannot read IP mode file for STMicroelectronics.X-CUBE-WB05N.1.1.0
2025-07-02 14:07:15,066 [WARN] PackLoader:240 - Cannot read IP mode file for STMicroelectronics.X-CUBE-TOUCHGFX.4.23.0
2025-07-02 14:07:15,109 [WARN] PackLoader:240 - Cannot read IP mode file for STMicroelectronics.X-CUBE-AZRTOS-F7.1.1.0
2025-07-02 14:07:15,138 [WARN] PackLoader:240 - Cannot read IP mode file for STMicroelectronics.FP-SNS-MOTENV1.4.3.2
2025-07-02 14:07:15,219 [WARN] PackLoader:240 - Cannot read IP mode file for STMicroelectronics.X-CUBE-MEMS1.11.0.0
2025-07-02 14:07:15,429 [WARN] PackLoader:240 - Cannot read IP mode file for STMicroelectronics.FP-SNS-FLIGHT1.5.0.2
2025-07-02 14:07:15,451 [WARN] PackLoader:240 - Cannot read IP mode file for STMicroelectronics.X-CUBE-DISPLAY.3.0.0
2025-07-02 14:07:15,478 [WARN] PackLoader:240 - Cannot read IP mode file for STMicroelectronics.X-CUBE-BLE1.7.0.0
2025-07-02 14:07:15,498 [WARN] PackLoader:240 - Cannot read IP mode file for STMicroelectronics.X-CUBE-NFC10.1.0.0
2025-07-02 14:07:15,524 [WARN] PackLoader:240 - Cannot read IP mode file for STMicroelectronics.X-CUBE-BLEMGR.4.0.0
2025-07-02 14:07:15,547 [WARN] PackLoader:240 - Cannot read IP mode file for emotas.I-CUBE-CANOPEN.1.3.0
2025-07-02 14:07:15,555 [WARN] ConditionMgr:438 - getConditionDescription Invalid condition id : Cortex-A Device cause : null
2025-07-02 14:07:15,587 [WARN] ConditionMgr:1039 - genDependencies : Invalid condition id : Cortex-A Device cause : null
2025-07-02 14:07:15,587 [WARN] ConditionMgr:1039 - genDependencies : Invalid condition id : Cortex-A Device cause : null
2025-07-02 14:07:15,588 [WARN] ConditionMgr:1039 - genDependencies : Invalid condition id : Cortex-A Device cause : null
2025-07-02 14:07:15,610 [WARN] PackLoader:240 - Cannot read IP mode file for STMicroelectronics.X-CUBE-BLEMGR.3.1.0
2025-07-02 14:07:15,635 [WARN] PackLoader:240 - Cannot read IP mode file for STMicroelectronics.X-CUBE-AI.10.0.0
2025-07-02 14:07:15,686 [WARN] PackLoader:240 - Cannot read IP mode file for STMicroelectronics.FP-SNS-SMARTAG2.1.2.0
2025-07-02 14:07:15,691 [ERROR] Engine:466 - C:\Users\abhim\.stm32cubemx\thirdparties\pdsc\STMicroelectronics.FP-SNS-FLIGHT1.5.1.0.pdsc: PDSC version is not supported
2025-07-02 14:07:15,786 [WARN] PackLoader:240 - Cannot read IP mode file for STMicroelectronics.X-CUBE-MEMS1.11.1.0
2025-07-02 14:07:15,917 [INFO] LogOutputStream:77 - [STDOUT_REDIRECT] 1 : Invalid condition id : UX_CORESTACK_Condition cause : null
2025-07-02 14:07:15,918 [INFO] LogOutputStream:77 - [STDOUT_REDIRECT] 1 : Invalid condition id : UX_CORESTACK_Condition cause : null
2025-07-02 14:07:15,919 [INFO] LogOutputStream:77 - [STDOUT_REDIRECT] 1 : Invalid condition id : UX_CORESTACK_Condition cause : null
2025-07-02 14:07:15,921 [INFO] LogOutputStream:77 - [STDOUT_REDIRECT] 1 : Invalid condition id : UX_CORESTACK_Condition cause : null
2025-07-02 14:07:15,922 [INFO] LogOutputStream:77 - [STDOUT_REDIRECT] 1 : Invalid condition id : UX_CORESTACK_Condition cause : null
2025-07-02 14:07:15,926 [WARN] PackLoader:240 - Cannot read IP mode file for STMicroelectronics.X-CUBE-AZRTOS-WL.2.0.0
2025-07-02 14:07:15,945 [WARN] PackLoader:240 - Cannot read IP mode file for STMicroelectronics.FP-SNS-MOTENV1.5.0.0
2025-07-02 14:07:15,956 [WARN] PackLoader:240 - Cannot read IP mode file for wolfSSL.I-CUBE-wolfMQTT.1.19.0
2025-07-02 14:07:15,979 [WARN] PackLoader:240 - Cannot read IP mode file for WES.I-CUBE-Cesium.1.3.0
2025-07-02 14:07:15,998 [WARN] PackLoader:240 - Cannot read IP mode file for STMicroelectronics.X-CUBE-BLE2.3.3.0
2025-07-02 14:07:16,019 [WARN] PackLoader:240 - Cannot read IP mode file for STMicroelectronics.X-CUBE-NFC9.1.0.0
2025-07-02 14:07:16,041 [WARN] PackLoader:240 - Cannot read IP mode file for STMicroelectronics.X-CUBE-BLE1.7.1.0
2025-07-02 14:07:16,063 [WARN] PackLoader:240 - Cannot read IP mode file for STMicroelectronics.X-CUBE-TCPP.4.1.0
2025-07-02 14:07:16,081 [WARN] PackLoader:240 - Cannot read IP mode file for STMicroelectronics.X-CUBE-AI.10.1.0
2025-07-02 14:07:16,101 [WARN] PackLoader:240 - Cannot read IP mode file for STMicroelectronics.X-CUBE-ALGOBUILD.1.3.0
2025-07-02 14:07:16,172 [INFO] WebApp:780 - Register for checkConnection events
2025-07-02 14:07:16,172 [INFO] WebApp:414 - Apply proxy settings
2025-07-02 14:07:16,173 [INFO] WebApp:499 - Chromium requires no authentication
2025-07-02 14:07:16,184 [INFO] WebApp:442 - Direct internet connection detected
2025-07-02 14:07:16,187 [WARN] PackLoader:240 - Cannot read IP mode file for STMicroelectronics.X-CUBE-MEMS1.11.2.0
2025-07-02 14:07:16,366 [WARN] PackLoader:240 - Cannot read IP mode file for STMicroelectronics.X-CUBE-AZRTOS-G0.1.1.0
2025-07-02 14:07:16,389 [WARN] PackLoader:240 - Cannot read IP mode file for STMicroelectronics.X-CUBE-SAFEA1.1.2.2
2025-07-02 14:07:16,410 [WARN] PackLoader:240 - Cannot read IP mode file for STMicroelectronics.X-CUBE-NFC4.3.0.0
2025-07-02 14:07:16,433 [WARN] PackLoader:240 - Cannot read IP mode file for EmbeddedOffice.I-CUBE-FS-RTOS.1.0.1
2025-07-02 14:07:16,434 [ERROR] ConditionMgr:805 - Attr not supported : Dmpu
2025-07-02 14:07:16,434 [ERROR] ConditionMgr:805 - Attr not supported : Dmpu
2025-07-02 14:07:16,434 [ERROR] ConditionMgr:805 - Attr not supported : Dmpu
2025-07-02 14:07:16,434 [ERROR] ConditionMgr:805 - Attr not supported : Dmpu
2025-07-02 14:07:16,434 [ERROR] ConditionMgr:805 - Attr not supported : Dmpu
2025-07-02 14:07:16,434 [ERROR] ConditionMgr:805 - Attr not supported : Dmpu
2025-07-02 14:07:16,434 [ERROR] ConditionMgr:805 - Attr not supported : Dmpu
2025-07-02 14:07:16,434 [ERROR] ConditionMgr:805 - Attr not supported : Dmpu
2025-07-02 14:07:16,434 [ERROR] ConditionMgr:805 - Attr not supported : Dmpu
2025-07-02 14:07:16,435 [ERROR] ConditionMgr:805 - Attr not supported : Dmpu
2025-07-02 14:07:16,435 [ERROR] ConditionMgr:805 - Attr not supported : Dmpu
2025-07-02 14:07:16,435 [ERROR] ConditionMgr:805 - Attr not supported : Dmpu
2025-07-02 14:07:16,435 [ERROR] ConditionMgr:805 - Attr not supported : Dmpu
2025-07-02 14:07:16,435 [ERROR] ConditionMgr:805 - Attr not supported : Dmpu
2025-07-02 14:07:16,435 [ERROR] ConditionMgr:805 - Attr not supported : Dmpu
2025-07-02 14:07:16,435 [ERROR] ConditionMgr:805 - Attr not supported : Dmpu
2025-07-02 14:07:16,435 [ERROR] ConditionMgr:805 - Attr not supported : Dmpu
2025-07-02 14:07:16,435 [ERROR] ConditionMgr:805 - Attr not supported : Dmpu
2025-07-02 14:07:16,435 [ERROR] ConditionMgr:805 - Attr not supported : Dmpu
2025-07-02 14:07:16,435 [ERROR] ConditionMgr:805 - Attr not supported : Dmpu
2025-07-02 14:07:16,435 [ERROR] ConditionMgr:805 - Attr not supported : Dmpu
2025-07-02 14:07:16,435 [ERROR] ConditionMgr:805 - Attr not supported : Dmpu
2025-07-02 14:07:16,436 [ERROR] ConditionMgr:805 - Attr not supported : Dmpu
2025-07-02 14:07:16,436 [ERROR] ConditionMgr:805 - Attr not supported : Dmpu
2025-07-02 14:07:16,436 [ERROR] ConditionMgr:805 - Attr not supported : Dmpu
2025-07-02 14:07:16,436 [ERROR] ConditionMgr:805 - Attr not supported : Dmpu
2025-07-02 14:07:16,436 [ERROR] ConditionMgr:805 - Attr not supported : Dmpu
2025-07-02 14:07:16,436 [ERROR] ConditionMgr:805 - Attr not supported : Dmpu
2025-07-02 14:07:16,436 [ERROR] ConditionMgr:805 - Attr not supported : Dmpu
2025-07-02 14:07:16,436 [ERROR] ConditionMgr:805 - Attr not supported : Dmpu
2025-07-02 14:07:16,437 [ERROR] ConditionMgr:805 - Attr not supported : Dmpu
2025-07-02 14:07:16,437 [ERROR] ConditionMgr:805 - Attr not supported : Dmpu
2025-07-02 14:07:16,437 [ERROR] ConditionMgr:805 - Attr not supported : Dmpu
2025-07-02 14:07:16,437 [ERROR] ConditionMgr:805 - Attr not supported : Dmpu
2025-07-02 14:07:16,437 [ERROR] ConditionMgr:805 - Attr not supported : Dmpu
2025-07-02 14:07:16,437 [ERROR] ConditionMgr:805 - Attr not supported : Dmpu
2025-07-02 14:07:16,437 [ERROR] ConditionMgr:805 - Attr not supported : Dmpu
2025-07-02 14:07:16,437 [ERROR] ConditionMgr:805 - Attr not supported : Dmpu
2025-07-02 14:07:16,437 [ERROR] ConditionMgr:805 - Attr not supported : Dmpu
2025-07-02 14:07:16,437 [ERROR] ConditionMgr:805 - Attr not supported : Dmpu
2025-07-02 14:07:16,438 [ERROR] ConditionMgr:805 - Attr not supported : Dmpu
2025-07-02 14:07:16,438 [ERROR] ConditionMgr:805 - Attr not supported : Dmpu
2025-07-02 14:07:16,438 [ERROR] ConditionMgr:805 - Attr not supported : Dmpu
2025-07-02 14:07:16,438 [ERROR] ConditionMgr:805 - Attr not supported : Dmpu
2025-07-02 14:07:16,438 [ERROR] ConditionMgr:805 - Attr not supported : Dmpu
2025-07-02 14:07:16,438 [ERROR] ConditionMgr:805 - Attr not supported : Dmpu
2025-07-02 14:07:16,438 [ERROR] ConditionMgr:805 - Attr not supported : Dmpu
2025-07-02 14:07:16,438 [ERROR] ConditionMgr:805 - Attr not supported : Dmpu
2025-07-02 14:07:16,438 [ERROR] ConditionMgr:805 - Attr not supported : Dmpu
2025-07-02 14:07:16,438 [ERROR] ConditionMgr:805 - Attr not supported : Dmpu
2025-07-02 14:07:16,438 [ERROR] ConditionMgr:805 - Attr not supported : Dmpu
2025-07-02 14:07:16,439 [ERROR] ConditionMgr:805 - Attr not supported : Dmpu
2025-07-02 14:07:16,439 [ERROR] ConditionMgr:805 - Attr not supported : Dmpu
2025-07-02 14:07:16,439 [ERROR] ConditionMgr:805 - Attr not supported : Dmpu
2025-07-02 14:07:16,439 [ERROR] ConditionMgr:805 - Attr not supported : Dmpu
2025-07-02 14:07:16,439 [ERROR] ConditionMgr:805 - Attr not supported : Dmpu
2025-07-02 14:07:16,439 [ERROR] ConditionMgr:805 - Attr not supported : Dmpu
2025-07-02 14:07:16,439 [ERROR] ConditionMgr:805 - Attr not supported : Dmpu
2025-07-02 14:07:16,439 [ERROR] ConditionMgr:805 - Attr not supported : Dmpu
2025-07-02 14:07:16,439 [ERROR] ConditionMgr:805 - Attr not supported : Dmpu
2025-07-02 14:07:16,439 [ERROR] ConditionMgr:805 - Attr not supported : Dmpu
2025-07-02 14:07:16,439 [ERROR] ConditionMgr:805 - Attr not supported : Dmpu
2025-07-02 14:07:16,440 [ERROR] ConditionMgr:805 - Attr not supported : Dmpu
2025-07-02 14:07:16,440 [ERROR] ConditionMgr:805 - Attr not supported : Dmpu
2025-07-02 14:07:16,459 [WARN] PackLoader:240 - Cannot read IP mode file for STMicroelectronics.X-CUBE-WB05N.2.0.0
2025-07-02 14:07:16,478 [ERROR] Engine:466 - C:\Users\abhim\.stm32cubemx\thirdparties\pdsc\STMicroelectronics.X-CUBE-TCPP.4.2.0.pdsc: PDSC version is not supported
2025-07-02 14:07:16,497 [WARN] PackLoader:240 - Cannot read IP mode file for RealThread.X-CUBE-RT-Thread_Nano.4.1.1
2025-07-02 14:07:16,497 [INFO] WebApp:192 - Starting web application
2025-07-02 14:07:16,498 [INFO] WebApp:544 - Web application path used D:\Program Files\STM32CubeIDE_1.14.1\STM32CubeIDE\plugins\com.st.stm32cube.common.mx_6.10.0.202311202037\db\plugins\mcufinder\reactClient1\index.html
2025-07-02 14:07:16,504 [WARN] PackLoader:240 - Cannot read IP mode file for STMicroelectronics.FP-ATR-SIGFOX1.3.2.0
2025-07-02 14:07:16,526 [WARN] PackLoader:240 - Cannot read IP mode file for STMicroelectronics.X-CUBE-EEPRMA1.5.1.0
2025-07-02 14:07:16,547 [ERROR] Engine:466 - C:\Users\abhim\.stm32cubemx\thirdparties\pdsc\STMicroelectronics.X-CUBE-ST67W61.1.0.0.pdsc: PDSC version is not supported
2025-07-02 14:07:16,600 [WARN] PackLoader:240 - Cannot read IP mode file for SEGGER.I-CUBE-embOS.1.3.1
2025-07-02 14:07:16,653 [WARN] PackLoader:240 - Cannot read IP mode file for STMicroelectronics.X-CUBE-ALGOBUILD.1.4.0
2025-07-02 14:07:16,738 [WARN] PackLoader:240 - Cannot read IP mode file for STMicroelectronics.X-CUBE-MEMS1.11.3.0
2025-07-02 14:07:16,969 [WARN] PackLoader:240 - Cannot read IP mode file for STMicroelectronics.X-CUBE-AI.9.1.0
2025-07-02 14:07:16,990 [WARN] PackLoader:240 - Cannot read IP mode file for STMicroelectronics.X-CUBE-PM33A1.1.0.0
2025-07-02 14:07:17,018 [WARN] PackLoader:240 - Cannot read IP mode file for STMicroelectronics.X-CUBE-GNSS1.6.0.0
2025-07-02 14:07:17,069 [WARN] PackLoader:240 - Cannot read IP mode file for STMicroelectronics.X-CUBE-AZRTOS-F4.1.1.0
2025-07-02 14:07:17,077 [ERROR] Engine:466 - C:\Users\abhim\.stm32cubemx\thirdparties\pdsc\Avnet-IotConnect.X-CUBE-IoTC-DA16k-PMOD.1.0.0.pdsc: PDSC version is not supported
2025-07-02 14:07:17,099 [WARN] PackLoader:240 - Cannot read IP mode file for STMicroelectronics.X-CUBE-ISPU.2.1.0
2025-07-02 14:07:17,119 [WARN] PackLoader:240 - Cannot read IP mode file for STMicroelectronics.X-CUBE-FREERTOS.1.2.0
2025-07-02 14:07:17,142 [WARN] PackLoader:240 - Cannot read IP mode file for wolfSSL.I-CUBE-wolfSSL.5.6.6
2025-07-02 14:07:17,181 [WARN] PackLoader:240 - Cannot read IP mode file for STMicroelectronics.X-CUBE-AZRTOS-L5.2.0.0
2025-07-02 14:07:17,207 [WARN] PackLoader:240 - Cannot read IP mode file for STMicroelectronics.X-CUBE-NFC6.3.1.0
2025-07-02 14:07:17,229 [WARN] PackLoader:240 - Cannot read IP mode file for ITTIA_DB.I-CUBE-ITTIADB.8.8.0
2025-07-02 14:07:17,251 [WARN] PackLoader:240 - Cannot read IP mode file for STMicroelectronics.X-CUBE-DPower.1.2.0
2025-07-02 14:07:17,258 [WARN] PackLoader:240 - Cannot read IP mode file for STMicroelectronics.X-CUBE-FREERTOS.1.3.1
2025-07-02 14:07:17,277 [WARN] PackLoader:240 - Cannot read IP mode file for STMicroelectronics.X-CUBE-FREERTOS.1.3.0
2025-07-02 14:07:17,301 [WARN] PackLoader:240 - Cannot read IP mode file for STMicroelectronics.X-CUBE-NFC7.1.0.1
2025-07-02 14:07:17,323 [WARN] PackLoader:240 - Cannot read IP mode file for STMicroelectronics.X-CUBE-NFC6.3.0.0
2025-07-02 14:07:17,328 [ERROR] Engine:466 - C:\Users\abhim\.stm32cubemx\thirdparties\pdsc\STMicroelectronics.FP-SNS-STAIOTCFT.1.0.0.pdsc: PDSC version is not supported
2025-07-02 14:07:17,348 [WARN] PackLoader:240 - Cannot read IP mode file for STMicroelectronics.X-CUBE-DPower.1.3.0
2025-07-02 14:07:17,367 [WARN] PackLoader:240 - Cannot read IP mode file for STMicroelectronics.X-CUBE-AI.8.1.0
2025-07-02 14:07:17,404 [WARN] ConditionMgr:438 - getConditionDescription Invalid condition id : LAN8742 Phy interface Condition cause : null
2025-07-02 14:07:17,405 [WARN] PackLoader:240 - Cannot read IP mode file for STMicroelectronics.X-CUBE-AZRTOS-L4.2.0.0
2025-07-02 14:07:17,406 [WARN] ConditionMgr:1039 - genDependencies : Invalid condition id : LAN8742 Phy interface Condition cause : null
2025-07-02 14:07:17,407 [WARN] ConditionMgr:1039 - genDependencies : Invalid condition id : LAN8742 Phy interface Condition cause : null
2025-07-02 14:07:17,407 [WARN] ConditionMgr:1039 - genDependencies : Invalid condition id : LAN8742 Phy interface Condition cause : null
2025-07-02 14:07:17,426 [WARN] PackLoader:240 - Cannot read IP mode file for STMicroelectronics.X-CUBE-SFXS2LP1.4.0.0
2025-07-02 14:07:17,461 [WARN] PackLoader:240 - Cannot read IP mode file for STMicroelectronics.X-CUBE-AZRTOS-H7.3.3.0
2025-07-02 14:07:17,482 [WARN] PackLoader:240 - Cannot read IP mode file for STMicroelectronics.X-CUBE-IPS.3.0.0
2025-07-02 14:07:17,516 [WARN] ConditionMgr:438 - getConditionDescription Invalid condition id : UX DEVICE CLASS RTOS Condition cause : null
2025-07-02 14:07:17,516 [WARN] ConditionMgr:438 - getConditionDescription Invalid condition id : UX DEVICE CLASS RTOS Condition cause : null
2025-07-02 14:07:17,518 [WARN] PackLoader:240 - Cannot read IP mode file for STMicroelectronics.X-CUBE-AZRTOS-WB.2.0.0
2025-07-02 14:07:17,518 [WARN] ConditionMgr:1039 - genDependencies : Invalid condition id : UX DEVICE CLASS RTOS Condition cause : null
2025-07-02 14:07:17,518 [WARN] ConditionMgr:1039 - genDependencies : Invalid condition id : UX DEVICE CLASS RTOS Condition cause : null
2025-07-02 14:07:17,518 [WARN] ConditionMgr:1039 - genDependencies : Invalid condition id : UX DEVICE CLASS RTOS Condition cause : null
2025-07-02 14:07:17,518 [WARN] ConditionMgr:1039 - genDependencies : Invalid condition id : UX DEVICE CLASS RTOS Condition cause : null
2025-07-02 14:07:17,519 [WARN] ConditionMgr:1039 - genDependencies : Invalid condition id : UX DEVICE CLASS RTOS Condition cause : null
2025-07-02 14:07:17,537 [WARN] PackLoader:240 - Cannot read IP mode file for STMicroelectronics.X-CUBE-GNSS1.7.0.0
2025-07-02 14:07:17,557 [WARN] PackLoader:240 - Cannot read IP mode file for STMicroelectronics.X-CUBE-GNSS1.7.0.1
2025-07-02 14:07:17,575 [WARN] PackLoader:240 - Cannot read IP mode file for STMicroelectronics.X-CUBE-TOUCHGFX.4.25.0
2025-07-02 14:07:17,592 [WARN] PackLoader:240 - Cannot read IP mode file for STMicroelectronics.FP-SNS-STBOX1.2.0.0
2025-07-02 14:07:17,613 [WARN] PackLoader:240 - Cannot read IP mode file for STMicroelectronics.X-CUBE-SUBG2.5.0.0
2025-07-02 14:07:17,649 [WARN] PackLoader:240 - Cannot read IP mode file for STMicroelectronics.X-CUBE-AZRTOS-H7RS.1.1.0
2025-07-02 14:07:17,657 [WARN] PackLoader:240 - Cannot read IP mode file for Cesanta.I-CUBE-Mongoose.7.13.0
2025-07-02 14:07:17,687 [WARN] PackLoader:240 - Cannot read IP mode file for STMicroelectronics.X-CUBE-AZRTOS-G4.2.0.0
2025-07-02 14:07:17,716 [WARN] PackLoader:240 - Cannot read IP mode file for Infineon.AIROC-Wi-Fi-Bluetooth-STM32.1.5.1
2025-07-02 14:07:17,739 [WARN] PackLoader:240 - Cannot read IP mode file for STMicroelectronics.X-CUBE-NFC7.2.0.0
2025-07-02 14:07:17,760 [WARN] PackLoader:240 - Cannot read IP mode file for STMicroelectronics.FP-SNS-MOTENVWB1.1.3.1
2025-07-02 14:07:17,780 [WARN] PackLoader:240 - Cannot read IP mode file for STMicroelectronics.X-CUBE-ISPU.2.0.0
2025-07-02 14:07:17,805 [ERROR] Engine:466 - C:\Users\abhim\.stm32cubemx\thirdparties\pdsc\STMicroelectronics.X-CUBE-IPS.3.1.0.pdsc: PDSC version is not supported
2025-07-02 14:07:17,822 [WARN] PackLoader:240 - Cannot read IP mode file for STMicroelectronics.X-CUBE-ALS.1.0.2
2025-07-02 14:07:17,859 [WARN] PackLoader:240 - Cannot read IP mode file for STMicroelectronics.X-CUBE-MEMS1.10.0.0
2025-07-02 14:07:17,935 [WARN] PackLoader:240 - Cannot read IP mode file for STMicroelectronics.X-CUBE-FREERTOS.1.1.0
2025-07-02 14:07:17,954 [WARN] PackLoader:240 - Cannot read IP mode file for STMicroelectronics.X-CUBE-TOUCHGFX.4.24.1
2025-07-02 14:07:17,959 [WARN] PackLoader:240 - Cannot read IP mode file for wolfSSL.I-CUBE-wolfTPM.3.4.0
2025-07-02 14:07:17,975 [WARN] PackLoader:240 - Cannot read IP mode file for portGmbH.I-Cube-SoM-uGOAL.1.1.0
2025-07-02 14:07:17,987 [WARN] PackLoader:240 - Cannot read IP mode file for STMicroelectronics.X-CUBE-ALS.1.0.1
2025-07-02 14:07:18,014 [WARN] PackLoader:240 - Cannot read IP mode file for STMicroelectronics.X-CUBE-AZRTOS-H7RS.1.0.0
2025-07-02 14:07:18,027 [WARN] PackLoader:240 - Cannot read IP mode file for STMicroelectronics.FP-ATR-ASTRA1.2.0.0
2025-07-02 14:07:18,045 [WARN] PackLoader:240 - Cannot read IP mode file for STMicroelectronics.X-CUBE-TOF1.3.4.2
2025-07-02 14:07:18,065 [ERROR] Engine:466 - C:\Users\abhim\.stm32cubemx\thirdparties\pdsc\STMicroelectronics.X-CUBE-TOF1.3.4.3.pdsc: PDSC version is not supported
2025-07-02 14:07:18,080 [WARN] PackLoader:240 - Cannot read IP mode file for STMicroelectronics.X-CUBE-TOF1.3.4.0
2025-07-02 14:07:18,110 [WARN] PackLoader:240 - Cannot read IP mode file for STMicroelectronics.X-CUBE-AZRTOS-H7.3.2.0
2025-07-02 14:07:18,115 [WARN] PackLoader:240 - Cannot read IP mode file for wolfSSL.I-CUBE-wolfSSH.1.4.17
2025-07-02 14:07:18,116 [INFO] ThirdParty:978 - Integrity check success = true
2025-07-02 14:07:18,116 [INFO] IntegrityCheckThread:100 - exiting critical section [integrity check]
2025-07-02 14:07:18,116 [INFO] IntegrityCheckThread:103 - End integrity checks thread
2025-07-02 14:07:37,344 [ERROR] LogOutputStream:75 - [STDERR_REDIRECT] SLF4J: Failed to load class "org.slf4j.impl.StaticLoggerBinder".
2025-07-02 14:07:37,346 [ERROR] LogOutputStream:75 - [STDERR_REDIRECT] SLF4J: Defaulting to no-operation (NOP) logger implementation
2025-07-02 14:07:37,346 [ERROR] LogOutputStream:75 - [STDERR_REDIRECT] SLF4J: See http://www.slf4j.org/codes.html#StaticLoggerBinder for further details.
2025-07-02 15:33:44,576 [INFO] McuFinderGlobals:63 - Set McuFinder mode to 2 (CubeIDE integrated)
2025-07-02 15:33:44,611 [INFO] MainUpdater:2873 - connection check result : 10
2025-07-02 15:33:44,621 [INFO] MainUpdater:2873 - connection check result : 10
2025-07-02 15:33:44,931 [INFO] MicroXplorer:468 - Change Database Path : 
2025-07-02 15:33:44,931 [INFO] MicroXplorer:498 - Change Database Version : DB.6.0.100
2025-07-02 15:33:44,939 [WARN] ThirdParty:871 - waiting for thirdparty lock release [close project]
2025-07-02 15:33:44,939 [INFO] ThirdParty:873 - entering critical section [close project]
2025-07-02 15:33:44,985 [INFO] ThirdParty:883 - exiting critical section [close project]
2025-07-02 15:33:44,989 [INFO] PinOutPanel:1499 - setPackage(No Configuration,No Configuration)
2025-07-02 15:33:44,994 [INFO] UtilMem:75 - Begin LoadConfig() Used Memory: 353474888 Bytes (738197504)
2025-07-02 15:33:44,997 [INFO] MicroXplorer:468 - Change Database Path : 
2025-07-02 15:33:44,997 [INFO] MicroXplorer:498 - Change Database Version : DB.6.0.100
2025-07-02 15:33:44,997 [INFO] OpenFileManager:312 - Change cursor
2025-07-02 15:33:45,094 [INFO] Mcu:2016 - Initializing MCU STM32G474R(B-C-E)Tx STM32G474RETx STM32G474RET6
2025-07-02 15:33:49,591 [INFO] Context:659 - Trying to add GPIOservice into a context  which must be forbidden
2025-07-02 15:33:51,573 [INFO] RtosManager:555 - Registered RTOS mode: class=CMSIS, group=RTOS, mode=CMSIS_V1, owner=FREERTOS
2025-07-02 15:33:51,573 [INFO] RtosManager:555 - Registered RTOS mode: class=CMSIS, group=RTOS2, mode=CMSIS_V2, owner=FREERTOS
2025-07-02 15:33:51,573 [INFO] RtosManager:555 - Registered RTOS mode: class=RTOS, group=Core, mode=CMSIS_V1, owner=FREERTOS
2025-07-02 15:33:51,574 [INFO] RtosManager:555 - Registered RTOS mode: class=RTOS, group=Core, mode=CMSIS_V2, owner=FREERTOS
2025-07-02 15:33:51,574 [WARN] ModelIntegratedComponent:184 - Missing modes for component STMicroelectronics:FreeRTOS:0.0.1:STMicroelectronics:RTOS:FreeRTOS:Core:::10.2.0:
2025-07-02 15:33:51,579 [WARN] ModelIntegratedComponent:63 - No mode defined for component null
2025-07-02 15:33:51,579 [WARN] ModelIntegratedComponent:63 - No mode defined for component null
2025-07-02 15:33:51,579 [WARN] ModelIntegratedComponent:63 - No mode defined for component null
2025-07-02 15:33:51,579 [WARN] ModelIntegratedComponent:63 - No mode defined for component null
2025-07-02 15:33:51,579 [WARN] ModelIntegratedComponent:63 - No mode defined for component null
2025-07-02 15:33:51,579 [WARN] ModelIntegratedComponent:63 - No mode defined for component null
2025-07-02 15:33:51,579 [WARN] ModelIntegratedComponent:63 - No mode defined for component null
2025-07-02 15:33:51,579 [WARN] ModelIntegratedComponent:63 - No mode defined for component null
2025-07-02 15:33:51,579 [WARN] ModelIntegratedComponent:63 - No mode defined for component null
2025-07-02 15:33:51,579 [WARN] ModelIntegratedComponent:63 - No mode defined for component null
2025-07-02 15:33:51,579 [WARN] ModelIntegratedComponent:63 - No mode defined for component null
2025-07-02 15:33:51,579 [WARN] ModelIntegratedComponent:63 - No mode defined for component null
2025-07-02 15:33:51,579 [WARN] ModelIntegratedComponent:63 - No mode defined for component null
2025-07-02 15:33:51,579 [WARN] ModelIntegratedComponent:63 - No mode defined for component null
2025-07-02 15:33:51,579 [WARN] ModelIntegratedComponent:63 - No mode defined for component null
2025-07-02 15:33:51,579 [WARN] ModelIntegratedComponent:63 - No mode defined for component null
2025-07-02 15:33:51,579 [WARN] ModelIntegratedComponent:63 - No mode defined for component null
2025-07-02 15:33:51,579 [WARN] ModelIntegratedComponent:63 - No mode defined for component null
2025-07-02 15:33:51,579 [WARN] ModelIntegratedComponent:63 - No mode defined for component null
2025-07-02 15:33:51,579 [WARN] ModelIntegratedComponent:63 - No mode defined for component null
2025-07-02 15:33:51,579 [WARN] ModelIntegratedComponent:63 - No mode defined for component null
2025-07-02 15:33:51,579 [WARN] ModelIntegratedComponent:63 - No mode defined for component null
2025-07-02 15:33:51,579 [WARN] ModelIntegratedComponent:63 - No mode defined for component null
2025-07-02 15:33:51,579 [WARN] ModelIntegratedComponent:63 - No mode defined for component null
2025-07-02 15:33:51,579 [WARN] ModelIntegratedComponent:63 - No mode defined for component null
2025-07-02 15:33:51,579 [WARN] ModelIntegratedComponent:63 - No mode defined for component null
2025-07-02 15:33:51,579 [WARN] ModelIntegratedComponent:63 - No mode defined for component null
2025-07-02 15:33:51,579 [WARN] ModelIntegratedComponent:63 - No mode defined for component null
2025-07-02 15:33:51,579 [WARN] ModelIntegratedComponent:63 - No mode defined for component null
2025-07-02 15:33:51,579 [WARN] ModelIntegratedComponent:63 - No mode defined for component null
2025-07-02 15:33:51,580 [WARN] ModelIntegratedComponent:63 - No mode defined for component null
2025-07-02 15:33:51,580 [WARN] ModelIntegratedComponent:63 - No mode defined for component null
2025-07-02 15:33:51,580 [WARN] ModelIntegratedComponent:63 - No mode defined for component null
2025-07-02 15:33:51,826 [INFO] ThirdPartyModel:298 - Start build external matchings
2025-07-02 15:33:52,935 [INFO] ThirdPartyModel:316 - End build external matchings
2025-07-02 15:33:52,984 [INFO] ImportTextPane:194 - (OptionalMessage_ERROR) IP (ADC1) : Parameter (CommonPathInternal) has invalid value (null|null|null|null)
2025-07-02 15:33:52,986 [INFO] ImportTextPane:194 - (OptionalMessage_ERROR) IP (DMA) : Parameter (Instance) has Id (DAC1_CH1) currently not set
2025-07-02 15:33:52,986 [INFO] ImportTextPane:194 - (OptionalMessage_ERROR) IP (DMA) : Parameter (Request) has Id (DAC1_CH1) currently not set
2025-07-02 15:33:52,986 [INFO] ImportTextPane:194 - (OptionalMessage_ERROR) IP (DMA) : Parameter (Direction) has Id (DAC1_CH1) currently not set
2025-07-02 15:33:52,986 [INFO] ImportTextPane:194 - (OptionalMessage_ERROR) IP (DMA) : Parameter (PeriphInc) has Id (DAC1_CH1) currently not set
2025-07-02 15:33:52,986 [INFO] ImportTextPane:194 - (OptionalMessage_ERROR) IP (DMA) : Parameter (MemInc) has Id (DAC1_CH1) currently not set
2025-07-02 15:33:52,987 [INFO] ImportTextPane:194 - (OptionalMessage_ERROR) IP (DMA) : Parameter (PeriphDataAlignment) has Id (DAC1_CH1) currently not set
2025-07-02 15:33:52,987 [INFO] ImportTextPane:194 - (OptionalMessage_ERROR) IP (DMA) : Parameter (MemDataAlignment) has Id (DAC1_CH1) currently not set
2025-07-02 15:33:52,987 [INFO] ImportTextPane:194 - (OptionalMessage_ERROR) IP (DMA) : Parameter (Mode) has Id (DAC1_CH1) currently not set
2025-07-02 15:33:52,987 [INFO] ImportTextPane:194 - (OptionalMessage_ERROR) IP (DMA) : Parameter (Priority) has Id (DAC1_CH1) currently not set
2025-07-02 15:33:52,988 [INFO] ImportTextPane:194 - (OptionalMessage_ERROR) IP (DMA) : Parameter (SignalID) has Id (DAC1_CH1) currently not set
2025-07-02 15:33:52,988 [INFO] ImportTextPane:194 - (OptionalMessage_ERROR) IP (DMA) : Parameter (Polarity) has Id (DAC1_CH1) currently not set
2025-07-02 15:33:52,988 [INFO] ImportTextPane:194 - (OptionalMessage_ERROR) IP (DMA) : Parameter (RequestNumber) has Id (DAC1_CH1) currently not set
2025-07-02 15:33:52,988 [INFO] ImportTextPane:194 - (OptionalMessage_ERROR) IP (DMA) : Parameter (SyncSignalID) has Id (DAC1_CH1) currently not set
2025-07-02 15:33:52,988 [INFO] ImportTextPane:194 - (OptionalMessage_ERROR) IP (DMA) : Parameter (SyncPolarity) has Id (DAC1_CH1) currently not set
2025-07-02 15:33:52,988 [INFO] ImportTextPane:194 - (OptionalMessage_ERROR) IP (DMA) : Parameter (SyncEnable) has Id (DAC1_CH1) currently not set
2025-07-02 15:33:52,988 [INFO] ImportTextPane:194 - (OptionalMessage_ERROR) IP (DMA) : Parameter (EventEnable) has Id (DAC1_CH1) currently not set
2025-07-02 15:33:52,988 [INFO] ImportTextPane:194 - (OptionalMessage_ERROR) IP (DMA) : Parameter (SyncRequestNumber) has Id (DAC1_CH1) currently not set
2025-07-02 15:33:52,988 [INFO] ImportTextPane:194 - (OptionalMessage_ERROR) IP (DMA) : Parameter (Instance) has Id (FMAC_READ) currently not set
2025-07-02 15:33:52,988 [INFO] ImportTextPane:194 - (OptionalMessage_ERROR) IP (DMA) : Parameter (Request) has Id (FMAC_READ) currently not set
2025-07-02 15:33:52,988 [INFO] ImportTextPane:194 - (OptionalMessage_ERROR) IP (DMA) : Parameter (Direction) has Id (FMAC_READ) currently not set
2025-07-02 15:33:52,988 [INFO] ImportTextPane:194 - (OptionalMessage_ERROR) IP (DMA) : Parameter (PeriphInc) has Id (FMAC_READ) currently not set
2025-07-02 15:33:52,988 [INFO] ImportTextPane:194 - (OptionalMessage_ERROR) IP (DMA) : Parameter (MemInc) has Id (FMAC_READ) currently not set
2025-07-02 15:33:52,988 [INFO] ImportTextPane:194 - (OptionalMessage_ERROR) IP (DMA) : Parameter (PeriphDataAlignment) has Id (FMAC_READ) currently not set
2025-07-02 15:33:52,988 [INFO] ImportTextPane:194 - (OptionalMessage_ERROR) IP (DMA) : Parameter (MemDataAlignment) has Id (FMAC_READ) currently not set
2025-07-02 15:33:52,988 [INFO] ImportTextPane:194 - (OptionalMessage_ERROR) IP (DMA) : Parameter (Mode) has Id (FMAC_READ) currently not set
2025-07-02 15:33:52,988 [INFO] ImportTextPane:194 - (OptionalMessage_ERROR) IP (DMA) : Parameter (Priority) has Id (FMAC_READ) currently not set
2025-07-02 15:33:52,988 [INFO] ImportTextPane:194 - (OptionalMessage_ERROR) IP (DMA) : Parameter (SignalID) has Id (FMAC_READ) currently not set
2025-07-02 15:33:52,988 [INFO] ImportTextPane:194 - (OptionalMessage_ERROR) IP (DMA) : Parameter (Polarity) has Id (FMAC_READ) currently not set
2025-07-02 15:33:52,988 [INFO] ImportTextPane:194 - (OptionalMessage_ERROR) IP (DMA) : Parameter (RequestNumber) has Id (FMAC_READ) currently not set
2025-07-02 15:33:52,988 [INFO] ImportTextPane:194 - (OptionalMessage_ERROR) IP (DMA) : Parameter (SyncSignalID) has Id (FMAC_READ) currently not set
2025-07-02 15:33:52,989 [INFO] ImportTextPane:194 - (OptionalMessage_ERROR) IP (DMA) : Parameter (SyncPolarity) has Id (FMAC_READ) currently not set
2025-07-02 15:33:52,989 [INFO] ImportTextPane:194 - (OptionalMessage_ERROR) IP (DMA) : Parameter (SyncEnable) has Id (FMAC_READ) currently not set
2025-07-02 15:33:52,989 [INFO] ImportTextPane:194 - (OptionalMessage_ERROR) IP (DMA) : Parameter (EventEnable) has Id (FMAC_READ) currently not set
2025-07-02 15:33:52,989 [INFO] ImportTextPane:194 - (OptionalMessage_ERROR) IP (DMA) : Parameter (SyncRequestNumber) has Id (FMAC_READ) currently not set
2025-07-02 15:33:52,989 [INFO] ImportTextPane:194 - (OptionalMessage_ERROR) IP (DMA) : Parameter (Instance) has Id (FMAC_WRITE) currently not set
2025-07-02 15:33:52,989 [INFO] ImportTextPane:194 - (OptionalMessage_ERROR) IP (DMA) : Parameter (Request) has Id (FMAC_WRITE) currently not set
2025-07-02 15:33:52,989 [INFO] ImportTextPane:194 - (OptionalMessage_ERROR) IP (DMA) : Parameter (Direction) has Id (FMAC_WRITE) currently not set
2025-07-02 15:33:52,989 [INFO] ImportTextPane:194 - (OptionalMessage_ERROR) IP (DMA) : Parameter (PeriphInc) has Id (FMAC_WRITE) currently not set
2025-07-02 15:33:52,989 [INFO] ImportTextPane:194 - (OptionalMessage_ERROR) IP (DMA) : Parameter (MemInc) has Id (FMAC_WRITE) currently not set
2025-07-02 15:33:52,989 [INFO] ImportTextPane:194 - (OptionalMessage_ERROR) IP (DMA) : Parameter (PeriphDataAlignment) has Id (FMAC_WRITE) currently not set
2025-07-02 15:33:52,989 [INFO] ImportTextPane:194 - (OptionalMessage_ERROR) IP (DMA) : Parameter (MemDataAlignment) has Id (FMAC_WRITE) currently not set
2025-07-02 15:33:52,989 [INFO] ImportTextPane:194 - (OptionalMessage_ERROR) IP (DMA) : Parameter (Mode) has Id (FMAC_WRITE) currently not set
2025-07-02 15:33:52,989 [INFO] ImportTextPane:194 - (OptionalMessage_ERROR) IP (DMA) : Parameter (Priority) has Id (FMAC_WRITE) currently not set
2025-07-02 15:33:52,989 [INFO] ImportTextPane:194 - (OptionalMessage_ERROR) IP (DMA) : Parameter (SignalID) has Id (FMAC_WRITE) currently not set
2025-07-02 15:33:52,989 [INFO] ImportTextPane:194 - (OptionalMessage_ERROR) IP (DMA) : Parameter (Polarity) has Id (FMAC_WRITE) currently not set
2025-07-02 15:33:52,989 [INFO] ImportTextPane:194 - (OptionalMessage_ERROR) IP (DMA) : Parameter (RequestNumber) has Id (FMAC_WRITE) currently not set
2025-07-02 15:33:52,989 [INFO] ImportTextPane:194 - (OptionalMessage_ERROR) IP (DMA) : Parameter (SyncSignalID) has Id (FMAC_WRITE) currently not set
2025-07-02 15:33:52,989 [INFO] ImportTextPane:194 - (OptionalMessage_ERROR) IP (DMA) : Parameter (SyncPolarity) has Id (FMAC_WRITE) currently not set
2025-07-02 15:33:52,989 [INFO] ImportTextPane:194 - (OptionalMessage_ERROR) IP (DMA) : Parameter (SyncEnable) has Id (FMAC_WRITE) currently not set
2025-07-02 15:33:52,989 [INFO] ImportTextPane:194 - (OptionalMessage_ERROR) IP (DMA) : Parameter (EventEnable) has Id (FMAC_WRITE) currently not set
2025-07-02 15:33:52,989 [INFO] ImportTextPane:194 - (OptionalMessage_ERROR) IP (DMA) : Parameter (SyncRequestNumber) has Id (FMAC_WRITE) currently not set
2025-07-02 15:33:53,467 [INFO] UtilMem:75 - End LoadConfig() Used Memory: 656977232 Bytes (966787072)
2025-07-02 15:33:53,629 [INFO] ApiDb:581 - Connected to CubeFinder SQLite database (C:\Users\abhim\.stmcufinder\plugins\mcufinder\mcu\cube-finder-db.db)
2025-07-02 15:33:53,711 [INFO] ApiDb:668 - CubeFinder database Data Model version=2.1
2025-07-02 15:33:53,711 [INFO] ApiDb:669 - CubeFinder database Configuration version=3.0.39
2025-07-02 15:33:53,712 [INFO] ApiDb:670 - CubeFinder database generation date=2025-06-16 (1750072209)
2025-07-02 15:33:53,712 [INFO] ApiDb:671 - CubeFinder database FW Pack versions=[FP-ATR-ASTRA1_V2.0.0, FP-SNS-FLIGHT1_V5.1.0, FP-SNS-MOTENV1_V5.0.0, FP-SNS-MOTENVWB1_V1.4.0, FP-SNS-SMARTAG2_V1.2.0, FP-SNS-STBOX1_V2.0.0, STM32Cube_FW_C0_V1.4.0, STM32Cube_FW_F4_V1.28.2, STM32Cube_FW_F7_V1.17.3, STM32Cube_FW_G0_V1.6.2, STM32Cube_FW_G4_V1.6.1, STM32Cube_FW_H5_V1.5.0, STM32Cube_FW_H7RS_V1.2.0, STM32Cube_FW_H7_V1.12.1, STM32Cube_FW_L0_V1.12.2, STM32Cube_FW_L4_V1.18.1, STM32Cube_FW_L5_V1.5.1, STM32Cube_FW_N6_V1.1.1, STM32Cube_FW_U0_V1.2.0, STM32Cube_FW_U3_V1.1.0, STM32Cube_FW_U5_V1.7.0, STM32Cube_FW_WB0_V1.2.0, STM32Cube_FW_WBA_V1.6.0, STM32Cube_FW_WB_V1.22.0, STM32Cube_FW_WL3_V1.1.0, STM32Cube_FW_WL_V1.3.1, X-CUBE-ALGOBUILD_V1.4.0, X-CUBE-ALS_V1.0.2, X-CUBE-AZRTOS-F4_V1.1.0, X-CUBE-AZRTOS-F7_V1.1.0, X-CUBE-AZRTOS-G0_V1.1.0, X-CUBE-AZRTOS-G4_V2.0.0, X-CUBE-AZRTOS-H7RS_V1.1.0, X-CUBE-AZRTOS-H7_V3.3.0, X-CUBE-AZRTOS-L4_V2.0.0, X-CUBE-AZRTOS-L5_V2.0.0, X-CUBE-AZRTOS-WB_V2.0.0, X-CUBE-AZRTOS-WL_V2.0.0, X-CUBE-BLE1_V7.1.0, X-CUBE-BLE2_V3.3.0, X-CUBE-BLEMGR_V4.0.0, X-CUBE-EEPRMA1_V5.1.0, X-CUBE-FREERTOS_V1.3.1, X-CUBE-GNSS1_V6.0.0, X-CUBE-MEMS1_V11.3.0, X-CUBE-NFC4_V3.0.0, X-CUBE-NFC7_V2.0.0, X-CUBE-SFXS2LP1_V4.0.0, X-CUBE-SUBG2_V5.0.0, X-CUBE-TOF1_V3.4.3]
2025-07-02 15:33:55,803 [INFO] ApiDb:240 - Found 371 in-development CPN: [B-G473E-ZEST1S, B-WB1M-WPAN1, B-WL5M-SUBG1, NUCLEO-C031C6, NUCLEO-H503RB, NUCLEO-H563ZI, NUCLEO-U545RE-Q, NUCLEO-U5A5ZJ-Q, NUCLEO-WBA52CG, NUCLEO-WBA55CG, STEVAL-MKBOXPRO, STEVAL-PROTEUS1, STEVAL-STWINBX1, STM320518-EVAL, STM32C0116-DK, STM32C011D6Y3TR, STM32C011D6Y6TR, STM32C011F4P3, STM32C011F4P6, STM32C011F4U3, STM32C011F4U6TR, STM32C011F6P3, STM32C011F6P6, STM32C011F6U3, STM32C011F6U6TR, STM32C011J4M3, STM32C011J4M6, STM32C011J6M3, STM32C011J6M6, STM32C0316-DK, STM32C031C4T3, STM32C031C4T6, STM32C031C4U3, STM32C031C4U6, STM32C031C6T3, STM32C031C6T6, STM32C031C6U3, STM32C031C6U6, STM32C031F4P3, STM32C031F4P6, STM32C031F6P3, STM32C031F6P6, STM32C031G4U3, STM32C031G4U6, STM32C031G6U3, STM32C031G6U6, STM32C031K4T3, STM32C031K4T6, STM32C031K4U3, STM32C031K4U6, STM32C031K6T3, STM32C031K6T6, STM32C031K6U3, STM32C031K6U6, STM32G071K8TXN, STM32G071K8UXN, STM32G081GBU6N, STM32G081KBT6N, STM32G081KBUXN, STM32G0B1CCT6N, STM32G0B1KCT6, STM32G0B1NEY6TR, STM32G0B1RCT6N, STM32G0C1CCT6, STM32G0C1CCT6N, STM32G0C1CCU6N, STM32G0C1CET6N, STM32G0C1CEU6N, STM32G0C1KCT6, STM32G0C1NEY6TR, STM32G0C1RCI6N, STM32G0C1RCT6N, STM32G0C1REI6N, STM32G0C1RET6N, STM32G0C1VCI6, STM32G0C1VEI6, STM32G471CCT6, STM32G471CCU6, STM32G471CET3, STM32G471CET6, STM32G471CEU3, STM32G471CEU6, STM32G471MCT6, STM32G471MET3, STM32G471MET6, STM32G471MEY6TR, STM32G471QCT6, STM32G471QET3, STM32G471RCT6, STM32G471RET3, STM32G471RET6, STM32G471VCH6, STM32G471VCI6, STM32G471VCT6, STM32G471VEH3, STM32G471VEH6, STM32G471VEI3, STM32G471VEI6, STM32G471VET3, STM32G471VET6, STM32G474CCT6, STM32H503CBT6, STM32H503CBU6, STM32H503EBY6TR, STM32H503KBU6, STM32H503RBT6, STM32H562AGI6, STM32H562AII6, STM32H562IGK6, STM32H562IGT6, STM32H562IIK6, STM32H562IIT6, STM32H562RGT6, STM32H562RGV6, STM32H562RIT6, STM32H562RIV6, STM32H562VGT6, STM32H562VIT6, STM32H562ZGT6, STM32H562ZIT6, STM32H563AGI6, STM32H563AII3Q, STM32H563AII6, STM32H563IGK6, STM32H563IGT6, STM32H563IIK3Q, STM32H563IIK6, STM32H563IIT3Q, STM32H563IIT6, STM32H563MIY3QTR, STM32H563RGT6, STM32H563RGV6, STM32H563RIT6, STM32H563RIV6, STM32H563VGT6, STM32H563VIT3Q, STM32H563VIT6, STM32H563ZGT6, STM32H563ZIT3Q, STM32H563ZIT6, STM32H573AII3Q, STM32H573AII6, STM32H573I-DK, STM32H573IIK3Q, STM32H573IIK6, STM32H573IIT3Q, STM32H573IIT6, STM32H573MIY3QTR, STM32H573RIT6, STM32H573RIV6, STM32H573VIT3Q, STM32H573VIT6, STM32H573ZIT3Q, STM32H573ZIT6, STM32L4R5QGI6STR, STM32MP131AAE3, STM32MP131AAF3, STM32MP131AAG3, STM32MP131CAE3, STM32MP131CAF3, STM32MP131CAG3, STM32MP131DAE7, STM32MP131DAF7, STM32MP131DAG7, STM32MP131FAE7, STM32MP131FAF7, STM32MP131FAG7, STM32MP133AAE3, STM32MP133AAF3, STM32MP133AAG3, STM32MP133CAE3, STM32MP133CAF3, STM32MP133CAG3, STM32MP133DAE7, STM32MP133DAF7, STM32MP133DAG7, STM32MP133FAE7, STM32MP133FAF7, STM32MP133FAG7, STM32MP135AAE3, STM32MP135AAF3, STM32MP135AAG3, STM32MP135CAE3, STM32MP135CAF3, STM32MP135CAG3, STM32MP135DAE7, STM32MP135DAF7, STM32MP135DAG7, STM32MP135F-DK, STM32MP135FAE7, STM32MP135FAF7, STM32MP135FAF7T, STM32MP135FAF7U, STM32MP135FAG7, STM32U535CBT6, STM32U535CBT6Q, STM32U535CBU6, STM32U535CBU6Q, STM32U535CCT6, STM32U535CCT6Q, STM32U535CCU6, STM32U535CCU6Q, STM32U535CET6, STM32U535CET6Q, STM32U535CEU6, STM32U535CEU6Q, STM32U535JEY6QTR, STM32U535NCY6QTR, STM32U535NEY6QTR, STM32U535RBI6, STM32U535RBI6Q, STM32U535RBT6, STM32U535RBT6Q, STM32U535RCI6, STM32U535RCI6Q, STM32U535RCT6, STM32U535RCT6Q, STM32U535REI6, STM32U535REI6Q, STM32U535RET6, STM32U535RET6Q, STM32U535VCI6, STM32U535VCI6Q, STM32U535VCT6, STM32U535VCT6Q, STM32U535VEI6, STM32U535VEI6Q, STM32U535VET6, STM32U535VET6Q, STM32U545CET6, STM32U545CET6Q, STM32U545CEU6, STM32U545CEU6Q, STM32U545JEY6QTR, STM32U545NEY6QTR, STM32U545REI6, STM32U545REI6Q, STM32U545RET6, STM32U545RET6Q, STM32U545VEI6, STM32U545VEI6Q, STM32U545VET6, STM32U545VET6Q, STM32U595AIH6, STM32U595AIH6Q, STM32U595AJH6, STM32U595AJH6Q, STM32U595QII6, STM32U595QII6Q, STM32U595QJI6, STM32U595QJI6Q, STM32U595RIT6, STM32U595RIT6Q, STM32U595RJT6, STM32U595RJT6Q, STM32U595VIT6, STM32U595VIT6Q, STM32U595VJT6, STM32U595VJT6Q, STM32U595ZIT6, STM32U595ZIT6Q, STM32U595ZIY6QTR, STM32U595ZJT6, STM32U595ZJT6Q, STM32U595ZJY6QTR, STM32U599BJY6QTR, STM32U599NIH6Q, STM32U599NJH6Q, STM32U599VIT6Q, STM32U599VJT6, STM32U599VJT6Q, STM32U599ZIT6Q, STM32U599ZIY6QTR, STM32U599ZJT6Q, STM32U599ZJY6QTR, STM32U5A5AJH6, STM32U5A5AJH6Q, STM32U5A5QJI6, STM32U5A5QJI6Q, STM32U5A5RJT6, STM32U5A5RJT6Q, STM32U5A5VJT6, STM32U5A5VJT6Q, STM32U5A5ZJT6, STM32U5A5ZJT6Q, STM32U5A5ZJY6QTR, STM32U5A9BJY6QTR, STM32U5A9J-DK, STM32U5A9NJH6Q, STM32U5A9VJT6Q, STM32U5A9ZJT6Q, STM32U5A9ZJY6QTR, STM32U5F7VIT6, STM32U5F7VIT6Q, STM32U5F7VJT6, STM32U5F7VJT6Q, STM32U5F9BJY6QTR, STM32U5F9NJH6Q, STM32U5F9VIT6Q, STM32U5F9VJT6Q, STM32U5F9ZIJ6QTR, STM32U5F9ZIT6Q, STM32U5F9ZJJ6QTR, STM32U5F9ZJT6Q, STM32U5G7VJT6, STM32U5G7VJT6Q, STM32U5G9BJY6QTR, STM32U5G9J-DK1, STM32U5G9J-DK2, STM32U5G9NJH6Q, STM32U5G9VJT6Q, STM32U5G9ZJJ6QTR, STM32U5G9ZJT6Q, STM32WB1MMCH6, STM32WBA50KEU6, STM32WBA50KEU6TR, STM32WBA50KGU6, STM32WBA50KGU6TR, STM32WBA52CEU6, STM32WBA52CEU6TR, STM32WBA52CEU7, STM32WBA52CEU7TR, STM32WBA52CGU6, STM32WBA52CGU6TR, STM32WBA52CGU6U, STM32WBA52CGU7, STM32WBA52CGU7TR, STM32WBA52KEU6, STM32WBA52KEU6TR, STM32WBA52KGU6, STM32WBA52KGU6TR, STM32WBA54CEU6, STM32WBA54CEU6TR, STM32WBA54CEU7, STM32WBA54CEU7TR, STM32WBA54CGU6, STM32WBA54CGU6TR, STM32WBA54CGU7, STM32WBA54CGU7TR, STM32WBA54KEU6, STM32WBA54KEU6TR, STM32WBA54KEU7, STM32WBA54KEU7TR, STM32WBA54KGU6, STM32WBA54KGU6TR, STM32WBA54KGU7, STM32WBA54KGU7TR, STM32WBA55CEU6, STM32WBA55CEU6TR, STM32WBA55CEU7, STM32WBA55CEU7TR, STM32WBA55CGU6, STM32WBA55CGU6TR, STM32WBA55CGU6U, STM32WBA55CGU7, STM32WBA55CGU7TR, STM32WBA55G-DK1, STM32WBA55HEF6, STM32WBA55HEF7, STM32WBA55HGF6, STM32WBA55HGF7, STM32WBA55UEI6, STM32WBA55UEI6TR, STM32WBA55UEI7, STM32WBA55UEI7TR, STM32WBA55UGI6, STM32WBA55UGI6TR, STM32WBA55UGI7, STM32WBA55UGI7TR, STM32WL5MOCH6, STM32WL5MOCH6TR]
2025-07-02 15:33:55,807 [INFO] DbMcus:218 - Found 4657 MCUs, 4657 are supported
2025-07-02 15:33:55,808 [INFO] ApiDb:423 - Load user favorites file C:\Users\abhim/.stm32cubeide/favorites.mcus.txt: 0 item(s)
2025-07-02 15:33:55,808 [INFO] ApiDb:427 - User favorites MCUs=[]
2025-07-02 15:33:55,808 [INFO] DbMcus:224 - Set 0 / 0 favorites MCUs
2025-07-02 15:33:56,175 [INFO] MicroXplorer:468 - Change Database Path : 
2025-07-02 15:33:56,175 [INFO] MicroXplorer:498 - Change Database Version : DB.6.0.100
2025-07-02 15:33:56,177 [WARN] ThirdParty:833 - waiting for thirdparty lock release [change project]
2025-07-02 15:33:56,177 [INFO] ThirdParty:835 - entering critical section [change project]
2025-07-02 15:33:56,179 [INFO] ThirdParty:1030 - CMSIS Pack Vendor :STMicroelectronics X-CUBE-PM33A1 1.0.0
2025-07-02 15:33:56,179 [INFO] ThirdParty:1030 - CMSIS Pack Vendor :STMicroelectronics USBPD 4.1
2025-07-02 15:33:56,179 [INFO] ThirdParty:1030 - CMSIS Pack Vendor :STMicroelectronics X-CUBE-GNSS1 6.0.0
2025-07-02 15:33:56,179 [INFO] ThirdParty:1030 - CMSIS Pack Vendor :STMicroelectronics USB_HOST 2.0.0
2025-07-02 15:33:56,179 [INFO] ThirdParty:1030 - CMSIS Pack Vendor :STMicroelectronics FP-SNS-MOTENVWB1 1.4.0
2025-07-02 15:33:56,179 [INFO] ThirdParty:1030 - CMSIS Pack Vendor :STMicroelectronics X-CUBE-AZRTOS-F4 1.1.0
2025-07-02 15:33:56,179 [INFO] ThirdParty:1030 - CMSIS Pack Vendor :STMicroelectronics LIBJPEG 8.0.0
2025-07-02 15:33:56,179 [INFO] ThirdParty:1030 - CMSIS Pack Vendor :STMicroelectronics FP-ATR-ASTRA1 2.0.2
2025-07-02 15:33:56,179 [INFO] ThirdParty:1030 - CMSIS Pack Vendor :STMicroelectronics X-CUBE-SMBUS 2.1.0
2025-07-02 15:33:56,179 [INFO] ThirdParty:1030 - CMSIS Pack Vendor :STMicroelectronics X-CUBE-WB05N 1.1.0
2025-07-02 15:33:56,179 [INFO] ThirdParty:1030 - CMSIS Pack Vendor :STMicroelectronics X-CUBE-ISPU 2.1.0
2025-07-02 15:33:56,179 [INFO] ThirdParty:1030 - CMSIS Pack Vendor :STMicroelectronics X-CUBE-FREERTOS 1.2.0
2025-07-02 15:33:56,179 [INFO] ThirdParty:1030 - CMSIS Pack Vendor :wolfSSL I-CUBE-wolfSSL 5.6.6
2025-07-02 15:33:56,179 [INFO] ThirdParty:1030 - CMSIS Pack Vendor :STMicroelectronics X-CUBE-TOUCHGFX 4.23.0
2025-07-02 15:33:56,180 [INFO] ThirdParty:1030 - CMSIS Pack Vendor :STMicroelectronics X-CUBE-AZRTOS-F7 1.1.0
2025-07-02 15:33:56,180 [INFO] ThirdParty:1030 - CMSIS Pack Vendor :STMicroelectronics X-CUBE-AZRTOS-L5 2.0.0
2025-07-02 15:33:56,180 [INFO] ThirdParty:1030 - CMSIS Pack Vendor :STMicroelectronics USB_DEVICE 2.0.0
2025-07-02 15:33:56,180 [INFO] ThirdParty:1030 - CMSIS Pack Vendor :STMicroelectronics X-CUBE-NFC6 3.1.0
2025-07-02 15:33:56,180 [INFO] ThirdParty:1030 - CMSIS Pack Vendor :ITTIA_DB I-CUBE-ITTIADB 8.8.0
2025-07-02 15:33:56,180 [INFO] ThirdParty:1030 - CMSIS Pack Vendor :STMicroelectronics FP-SNS-MOTENV1 4.3.2
2025-07-02 15:33:56,180 [INFO] ThirdParty:1030 - CMSIS Pack Vendor :STMicroelectronics X-CUBE-MEMS1 11.0.0
2025-07-02 15:33:56,180 [INFO] ThirdParty:1030 - CMSIS Pack Vendor :STMicroelectronics FreeRTOS 0.0.1
2025-07-02 15:33:56,180 [INFO] ThirdParty:1030 - CMSIS Pack Vendor :STMicroelectronics X-CUBE-DPower 1.2.0
2025-07-02 15:33:56,180 [INFO] ThirdParty:1030 - CMSIS Pack Vendor :STMicroelectronics FP-SNS-FLIGHT1 5.0.2
2025-07-02 15:33:56,180 [INFO] ThirdParty:1030 - CMSIS Pack Vendor :STMicroelectronics PDM2PCM 3.3.0
2025-07-02 15:33:56,180 [INFO] ThirdParty:1030 - CMSIS Pack Vendor :STMicroelectronics X-CUBE-DISPLAY 3.0.0
2025-07-02 15:33:56,180 [INFO] ThirdParty:1030 - CMSIS Pack Vendor :STMicroelectronics X-CUBE-BLE1 7.0.0
2025-07-02 15:33:56,180 [INFO] ThirdParty:1030 - CMSIS Pack Vendor :STMicroelectronics X-CUBE-NFC10 1.0.0
2025-07-02 15:33:56,180 [INFO] ThirdParty:1030 - CMSIS Pack Vendor :STMicroelectronics X-CUBE-BLEMGR 4.0.0
2025-07-02 15:33:56,180 [INFO] ThirdParty:1030 - CMSIS Pack Vendor :STMicroelectronics X-CUBE-FREERTOS 1.3.1
2025-07-02 15:33:56,180 [INFO] ThirdParty:1030 - CMSIS Pack Vendor :STMicroelectronics HAL Drivers 0.0.0
2025-07-02 15:33:56,180 [INFO] ThirdParty:1030 - CMSIS Pack Vendor :emotas I-CUBE-CANOPEN 1.3.0
2025-07-02 15:33:56,180 [INFO] ThirdParty:1030 - CMSIS Pack Vendor :STMicroelectronics X-CUBE-FREERTOS 1.3.0
2025-07-02 15:33:56,180 [INFO] ThirdParty:1030 - CMSIS Pack Vendor :STMicroelectronics X-CUBE-NFC7 1.0.1
2025-07-02 15:33:56,180 [INFO] ThirdParty:1030 - CMSIS Pack Vendor :STMicroelectronics MBEDTLS 2.14.1
2025-07-02 15:33:56,180 [INFO] ThirdParty:1030 - CMSIS Pack Vendor :STMicroelectronics X-CUBE-NFC6 3.0.0
2025-07-02 15:33:56,180 [INFO] ThirdParty:1030 - CMSIS Pack Vendor :quantropi X-CUBE-qispace-sdk-base 2.0.0
2025-07-02 15:33:56,180 [INFO] ThirdParty:1030 - CMSIS Pack Vendor :STMicroelectronics X-CUBE-BLEMGR 3.1.0
2025-07-02 15:33:56,180 [INFO] ThirdParty:1030 - CMSIS Pack Vendor :STMicroelectronics X-CUBE-AI 10.0.0
2025-07-02 15:33:56,180 [INFO] ThirdParty:1030 - CMSIS Pack Vendor :STMicroelectronics FP-SNS-SMARTAG2 1.2.0
2025-07-02 15:33:56,180 [INFO] ThirdParty:1030 - CMSIS Pack Vendor :STMicroelectronics X-CUBE-MEMS1 11.1.0
2025-07-02 15:33:56,180 [INFO] ThirdParty:1030 - CMSIS Pack Vendor :STMicroelectronics X-CUBE-AZRTOS-WL 2.0.0
2025-07-02 15:33:56,180 [INFO] ThirdParty:1030 - CMSIS Pack Vendor :STMicroelectronics X-CUBE-DPower 1.3.0
2025-07-02 15:33:56,180 [INFO] ThirdParty:1030 - CMSIS Pack Vendor :STMicroelectronics FP-SNS-MOTENV1 5.0.0
2025-07-02 15:33:56,180 [INFO] ThirdParty:1030 - CMSIS Pack Vendor :STMicroelectronics USB_DEVICE 1.0.0
2025-07-02 15:33:56,180 [INFO] ThirdParty:1030 - CMSIS Pack Vendor :STMicroelectronics X-CUBE-AI 8.1.0
2025-07-02 15:33:56,180 [INFO] ThirdParty:1030 - CMSIS Pack Vendor :wolfSSL I-CUBE-wolfMQTT 1.19.0
2025-07-02 15:33:56,180 [INFO] ThirdParty:1030 - CMSIS Pack Vendor :STMicroelectronics X-CUBE-AZRTOS-L4 2.0.0
2025-07-02 15:33:56,180 [INFO] ThirdParty:1030 - CMSIS Pack Vendor :STMicroelectronics ThreadX 0.0.2
2025-07-02 15:33:56,180 [INFO] ThirdParty:1030 - CMSIS Pack Vendor :WES I-CUBE-Cesium 1.3.0
2025-07-02 15:33:56,180 [INFO] ThirdParty:1030 - CMSIS Pack Vendor :STMicroelectronics lwIP 2.1.2
2025-07-02 15:33:56,180 [INFO] ThirdParty:1030 - CMSIS Pack Vendor :STMicroelectronics X-CUBE-SFXS2LP1 4.0.0
2025-07-02 15:33:56,180 [INFO] ThirdParty:1030 - CMSIS Pack Vendor :STMicroelectronics X-CUBE-BLE2 3.3.0
2025-07-02 15:33:56,180 [INFO] ThirdParty:1030 - CMSIS Pack Vendor :STMicroelectronics PDM2PCM 3.2.0
2025-07-02 15:33:56,180 [INFO] ThirdParty:1030 - CMSIS Pack Vendor :STMicroelectronics X-CUBE-AZRTOS-H7 3.3.0
2025-07-02 15:33:56,180 [INFO] ThirdParty:1030 - CMSIS Pack Vendor :STMicroelectronics X-CUBE-NFC9 1.0.0
2025-07-02 15:33:56,180 [INFO] ThirdParty:1030 - CMSIS Pack Vendor :STMicroelectronics X-CUBE-BLE1 7.1.0
2025-07-02 15:33:56,181 [INFO] ThirdParty:1030 - CMSIS Pack Vendor :STMicroelectronics USB_DEVICE 3.0.0
2025-07-02 15:33:56,181 [INFO] ThirdParty:1030 - CMSIS Pack Vendor :STMicroelectronics X-CUBE-TCPP 4.1.0
2025-07-02 15:33:56,181 [INFO] ThirdParty:1030 - CMSIS Pack Vendor :STMicroelectronics X-CUBE-IPS 3.0.0
2025-07-02 15:33:56,181 [INFO] ThirdParty:1030 - CMSIS Pack Vendor :STMicroelectronics X-CUBE-AZRTOS-WB 2.0.0
2025-07-02 15:33:56,181 [INFO] ThirdParty:1030 - CMSIS Pack Vendor :STMicroelectronics X-CUBE-GNSS1 7.0.0
2025-07-02 15:33:56,181 [INFO] ThirdParty:1030 - CMSIS Pack Vendor :STMicroelectronics X-CUBE-GNSS1 7.0.1
2025-07-02 15:33:56,181 [INFO] ThirdParty:1030 - CMSIS Pack Vendor :STMicroelectronics X-CUBE-TOUCHGFX 4.25.0
2025-07-02 15:33:56,181 [INFO] ThirdParty:1030 - CMSIS Pack Vendor :STMicroelectronics X-CUBE-AI 10.1.0
2025-07-02 15:33:56,181 [INFO] ThirdParty:1030 - CMSIS Pack Vendor :STMicroelectronics FP-SNS-STBOX1 2.0.0
2025-07-02 15:33:56,181 [INFO] ThirdParty:1030 - CMSIS Pack Vendor :STMicroelectronics X-CUBE-ALGOBUILD 1.3.0
2025-07-02 15:33:56,181 [INFO] ThirdParty:1030 - CMSIS Pack Vendor :STMicroelectronics X-CUBE-MEMS1 11.2.0
2025-07-02 15:33:56,181 [INFO] ThirdParty:1030 - CMSIS Pack Vendor :STMicroelectronics X-CUBE-AZRTOS-G0 1.1.0
2025-07-02 15:33:56,181 [INFO] ThirdParty:1030 - CMSIS Pack Vendor :STMicroelectronics X-CUBE-SAFEA1 1.2.2
2025-07-02 15:33:56,181 [INFO] ThirdParty:1030 - CMSIS Pack Vendor :STMicroelectronics X-CUBE-NFC4 3.0.0
2025-07-02 15:33:56,181 [INFO] ThirdParty:1030 - CMSIS Pack Vendor :STMicroelectronics X-CUBE-SUBG2 5.0.0
2025-07-02 15:33:56,181 [INFO] ThirdParty:1030 - CMSIS Pack Vendor :STMicroelectronics X-CUBE-AZRTOS-H7RS 1.1.0
2025-07-02 15:33:56,181 [INFO] ThirdParty:1030 - CMSIS Pack Vendor :STMicroelectronics STM32_WPAN 1.0.0
2025-07-02 15:33:56,181 [INFO] ThirdParty:1030 - CMSIS Pack Vendor :EmbeddedOffice I-CUBE-FS-RTOS 1.0.1
2025-07-02 15:33:56,181 [INFO] ThirdParty:1030 - CMSIS Pack Vendor :STMicroelectronics lwIP 2.0.3
2025-07-02 15:33:56,181 [INFO] ThirdParty:1030 - CMSIS Pack Vendor :Cesanta I-CUBE-Mongoose 7.13.0
2025-07-02 15:33:56,181 [INFO] ThirdParty:1030 - CMSIS Pack Vendor :STMicroelectronics USB_HOST 1.0.0
2025-07-02 15:33:56,181 [INFO] ThirdParty:1030 - CMSIS Pack Vendor :STMicroelectronics X-CUBE-AZRTOS-G4 2.0.0
2025-07-02 15:33:56,181 [INFO] ThirdParty:1030 - CMSIS Pack Vendor :STMicroelectronics X-CUBE-WB05N 2.0.0
2025-07-02 15:33:56,181 [INFO] ThirdParty:1030 - CMSIS Pack Vendor :STMicroelectronics PDM2PCM 3.1.0
2025-07-02 15:33:56,181 [INFO] ThirdParty:1030 - CMSIS Pack Vendor :Infineon AIROC-Wi-Fi-Bluetooth-STM32 1.5.1
2025-07-02 15:33:56,181 [INFO] ThirdParty:1030 - CMSIS Pack Vendor :STMicroelectronics X-CUBE-NFC7 2.0.0
2025-07-02 15:33:56,181 [INFO] ThirdParty:1030 - CMSIS Pack Vendor :RealThread X-CUBE-RT-Thread_Nano 4.1.1
2025-07-02 15:33:56,181 [INFO] ThirdParty:1030 - CMSIS Pack Vendor :STMicroelectronics FP-SNS-MOTENVWB1 1.3.1
2025-07-02 15:33:56,181 [INFO] ThirdParty:1030 - CMSIS Pack Vendor :STMicroelectronics FP-ATR-SIGFOX1 3.2.0
2025-07-02 15:33:56,181 [INFO] ThirdParty:1030 - CMSIS Pack Vendor :STMicroelectronics X-CUBE-ISPU 2.0.0
2025-07-02 15:33:56,181 [INFO] ThirdParty:1030 - CMSIS Pack Vendor :STMicroelectronics X-CUBE-EEPRMA1 5.1.0
2025-07-02 15:33:56,181 [INFO] ThirdParty:1030 - CMSIS Pack Vendor :STMicroelectronics MBEDTLS 2.16.2
2025-07-02 15:33:56,181 [INFO] ThirdParty:1030 - CMSIS Pack Vendor :STMicroelectronics X-CUBE-ALS 1.0.2
2025-07-02 15:33:56,181 [INFO] ThirdParty:1030 - CMSIS Pack Vendor :STMicroelectronics X-CUBE-MEMS1 10.0.0
2025-07-02 15:33:56,181 [INFO] ThirdParty:1030 - CMSIS Pack Vendor :STMicroelectronics X-CUBE-FREERTOS 1.1.0
2025-07-02 15:33:56,181 [INFO] ThirdParty:1030 - CMSIS Pack Vendor :STMicroelectronics X-CUBE-TOUCHGFX 4.24.1
2025-07-02 15:33:56,181 [INFO] ThirdParty:1030 - CMSIS Pack Vendor :wolfSSL I-CUBE-wolfTPM 3.4.0
2025-07-02 15:33:56,181 [INFO] ThirdParty:1030 - CMSIS Pack Vendor :portGmbH I-Cube-SoM-uGOAL 1.1.0
2025-07-02 15:33:56,181 [INFO] ThirdParty:1030 - CMSIS Pack Vendor :STMicroelectronics X-CUBE-ALS 1.0.1
2025-07-02 15:33:56,181 [INFO] ThirdParty:1030 - CMSIS Pack Vendor :STMicroelectronics ThreadX 1.0.0
2025-07-02 15:33:56,181 [INFO] ThirdParty:1030 - CMSIS Pack Vendor :SEGGER I-CUBE-embOS 1.3.1
2025-07-02 15:33:56,181 [INFO] ThirdParty:1030 - CMSIS Pack Vendor :STMicroelectronics X-CUBE-ALGOBUILD 1.4.0
2025-07-02 15:33:56,181 [INFO] ThirdParty:1030 - CMSIS Pack Vendor :STMicroelectronics X-CUBE-MEMS1 11.3.0
2025-07-02 15:33:56,181 [INFO] ThirdParty:1030 - CMSIS Pack Vendor :STMicroelectronics X-CUBE-AZRTOS-H7RS 1.0.0
2025-07-02 15:33:56,181 [INFO] ThirdParty:1030 - CMSIS Pack Vendor :STMicroelectronics FP-ATR-ASTRA1 2.0.0
2025-07-02 15:33:56,181 [INFO] ThirdParty:1030 - CMSIS Pack Vendor :STMicroelectronics X-CUBE-TOF1 3.4.2
2025-07-02 15:33:56,181 [INFO] ThirdParty:1030 - CMSIS Pack Vendor :STMicroelectronics X-CUBE-AI 9.1.0
2025-07-02 15:33:56,181 [INFO] ThirdParty:1030 - CMSIS Pack Vendor :STMicroelectronics X-CUBE-TOF1 3.4.0
2025-07-02 15:33:56,181 [INFO] ThirdParty:1030 - CMSIS Pack Vendor :STMicroelectronics X-CUBE-AZRTOS-H7 3.2.0
2025-07-02 15:33:56,181 [INFO] ThirdParty:1030 - CMSIS Pack Vendor :wolfSSL I-CUBE-wolfSSH 1.4.17
2025-07-02 15:33:56,182 [INFO] ThirdParty:841 - exiting critical section [change project]
2025-07-02 15:33:56,721 [INFO] PinOutPanel:1499 - setPackage(No Configuration,No Configuration)
2025-07-02 15:33:56,724 [INFO] PinOutPanel:1499 - setPackage(STM32G474RETx,LQFP64)
2025-07-02 15:33:57,159 [INFO] UtilMem:75 - Before build in PCC Used Memory: 523234328 Bytes (937426944)
2025-07-02 15:33:58,214 [INFO] UtilMem:75 - After build in PCC Used Memory: 676468152 Bytes (937426944)
2025-07-02 15:33:58,245 [INFO] IPUIPlugin:80 - create IPUIPlugin
2025-07-02 15:33:58,245 [INFO] IPUIPlugin:80 - create IPUIPlugin
2025-07-02 15:33:58,245 [INFO] IPUIPlugin:80 - create IPUIPlugin
2025-07-02 15:33:58,245 [INFO] IPUIPlugin:80 - create IPUIPlugin
2025-07-02 15:33:58,245 [INFO] IPUIPlugin:80 - create IPUIPlugin
2025-07-02 15:33:58,245 [INFO] IPUIPlugin:80 - create IPUIPlugin
2025-07-02 15:33:58,245 [INFO] IPUIPlugin:80 - create IPUIPlugin
2025-07-02 15:33:58,245 [INFO] IPUIPlugin:80 - create IPUIPlugin
2025-07-02 15:33:58,245 [INFO] IPUIPlugin:80 - create IPUIPlugin
2025-07-02 15:33:58,246 [INFO] IPUIPlugin:80 - create IPUIPlugin
2025-07-02 15:33:58,246 [INFO] IPUIPlugin:80 - create IPUIPlugin
2025-07-02 15:33:58,246 [INFO] IPUIPlugin:80 - create IPUIPlugin
2025-07-02 15:33:58,246 [INFO] IPUIPlugin:80 - create IPUIPlugin
2025-07-02 15:33:58,246 [INFO] IPUIPlugin:80 - create IPUIPlugin
2025-07-02 15:33:58,247 [INFO] IPUIPlugin:80 - create IPUIPlugin
2025-07-02 15:33:58,247 [INFO] IPUIPlugin:80 - create IPUIPlugin
2025-07-02 15:33:58,247 [INFO] IPUIPlugin:80 - create IPUIPlugin
2025-07-02 15:33:58,247 [INFO] IPUIPlugin:80 - create IPUIPlugin
2025-07-02 15:33:58,247 [INFO] IPUIPlugin:80 - create IPUIPlugin
2025-07-02 15:33:58,247 [INFO] IPUIPlugin:80 - create IPUIPlugin
2025-07-02 15:33:58,247 [INFO] IPUIPlugin:80 - create IPUIPlugin
2025-07-02 15:33:58,247 [INFO] IPUIPlugin:80 - create IPUIPlugin
2025-07-02 15:33:58,247 [INFO] IPUIPlugin:80 - create IPUIPlugin
2025-07-02 15:33:58,248 [INFO] IPUIPlugin:80 - create IPUIPlugin
2025-07-02 15:33:58,248 [INFO] IPUIPlugin:80 - create IPUIPlugin
2025-07-02 15:33:58,248 [INFO] IPUIPlugin:80 - create IPUIPlugin
2025-07-02 15:33:58,248 [INFO] IPUIPlugin:80 - create IPUIPlugin
2025-07-02 15:33:58,248 [INFO] IPUIPlugin:80 - create IPUIPlugin
2025-07-02 15:33:58,249 [INFO] IPUIPlugin:80 - create IPUIPlugin
2025-07-02 15:33:58,249 [INFO] IPUIPlugin:80 - create IPUIPlugin
2025-07-02 15:33:58,249 [INFO] IPUIPlugin:80 - create IPUIPlugin
2025-07-02 15:33:58,249 [INFO] IPUIPlugin:80 - create IPUIPlugin
2025-07-02 15:33:58,249 [INFO] IPUIPlugin:80 - create IPUIPlugin
2025-07-02 15:33:58,249 [INFO] IPUIPlugin:80 - create IPUIPlugin
2025-07-02 15:33:58,249 [INFO] IPUIPlugin:80 - create IPUIPlugin
2025-07-02 15:33:58,249 [INFO] IPUIPlugin:80 - create IPUIPlugin
2025-07-02 15:33:58,250 [INFO] IPUIPlugin:80 - create IPUIPlugin
2025-07-02 15:33:58,250 [INFO] IPUIPlugin:80 - create IPUIPlugin
2025-07-02 15:33:58,250 [INFO] IPUIPlugin:80 - create IPUIPlugin
2025-07-02 15:33:58,250 [INFO] IPUIPlugin:80 - create IPUIPlugin
2025-07-02 15:33:58,250 [INFO] IPUIPlugin:80 - create IPUIPlugin
2025-07-02 15:33:58,250 [INFO] IPUIPlugin:80 - create IPUIPlugin
2025-07-02 15:33:58,251 [INFO] IPUIPlugin:80 - create IPUIPlugin
2025-07-02 15:33:58,251 [INFO] IPUIPlugin:80 - create IPUIPlugin
2025-07-02 15:33:58,251 [INFO] IPUIPlugin:80 - create IPUIPlugin
2025-07-02 15:33:58,251 [INFO] IPUIPlugin:80 - create IPUIPlugin
2025-07-02 15:33:58,251 [INFO] IPUIPlugin:80 - create IPUIPlugin
2025-07-02 15:33:58,251 [INFO] IPUIPlugin:80 - create IPUIPlugin
2025-07-02 15:33:58,251 [INFO] IPUIPlugin:80 - create IPUIPlugin
2025-07-02 15:33:58,252 [INFO] IPUIPlugin:80 - create IPUIPlugin
2025-07-02 15:33:58,252 [INFO] IPUIPlugin:80 - create IPUIPlugin
2025-07-02 15:33:58,252 [INFO] IPUIPlugin:80 - create IPUIPlugin
2025-07-02 15:33:58,252 [INFO] IPUIPlugin:80 - create IPUIPlugin
2025-07-02 15:33:58,253 [INFO] IPUIPlugin:80 - create IPUIPlugin
2025-07-02 15:33:58,253 [INFO] IPUIPlugin:80 - create IPUIPlugin
2025-07-02 15:33:58,253 [INFO] IPUIPlugin:80 - create IPUIPlugin
2025-07-02 15:33:58,254 [INFO] IPUIPlugin:80 - create IPUIPlugin
2025-07-02 15:33:58,254 [INFO] IPUIPlugin:80 - create IPUIPlugin
2025-07-02 15:33:58,255 [INFO] IPUIPlugin:80 - create IPUIPlugin
2025-07-02 15:33:58,255 [INFO] IPUIPlugin:80 - create IPUIPlugin
2025-07-02 15:33:58,255 [INFO] IPUIPlugin:80 - create IPUIPlugin
2025-07-02 15:33:58,256 [INFO] IPUIPlugin:80 - create IPUIPlugin
2025-07-02 15:33:58,256 [INFO] IPUIPlugin:80 - create IPUIPlugin
2025-07-02 15:33:58,256 [INFO] IPUIPlugin:80 - create IPUIPlugin
2025-07-02 15:33:58,256 [INFO] IPUIPlugin:80 - create IPUIPlugin
2025-07-02 15:33:58,256 [INFO] IPUIPlugin:80 - create IPUIPlugin
2025-07-02 15:33:58,257 [INFO] IPUIPlugin:80 - create IPUIPlugin
2025-07-02 15:33:58,257 [INFO] IPUIPlugin:80 - create IPUIPlugin
2025-07-02 15:33:58,257 [INFO] IPUIPlugin:80 - create IPUIPlugin
2025-07-02 15:33:58,257 [INFO] IPUIPlugin:80 - create IPUIPlugin
2025-07-02 15:33:58,258 [INFO] IPUIPlugin:80 - create IPUIPlugin
2025-07-02 15:33:58,258 [INFO] IPUIPlugin:80 - create IPUIPlugin
2025-07-02 15:33:58,258 [INFO] IPUIPlugin:80 - create IPUIPlugin
2025-07-02 15:33:58,259 [INFO] IPUIPlugin:80 - create IPUIPlugin
2025-07-02 15:33:58,259 [INFO] IPUIPlugin:80 - create IPUIPlugin
2025-07-02 15:33:58,259 [INFO] IPUIPlugin:80 - create IPUIPlugin
2025-07-02 15:33:58,259 [INFO] IPUIPlugin:80 - create IPUIPlugin
2025-07-02 15:33:58,542 [INFO] CADModel:165 - CPN selected for project levelSTM32G474RET6
2025-07-02 15:33:58,542 [INFO] CADModel:114 - Register for checkConnection events
2025-07-02 15:33:58,598 [INFO] OpenFileManager:343 - Restore cursor
2025-07-02 20:48:38,012 [ERROR] LogOutputStream:75 - [STDERR_REDIRECT] 
