18:59:40 **** Incremental Build of configuration Debug for project BenchmarkingAccelerators ****
make -j8 all 
arm-none-eabi-gcc "../Core/Src/main.c" -mcpu=cortex-m4 -std=gnu11 -g3 -DDEBUG -DUSE_HAL_DRIVER -DSTM32G474xx -c -I"D:/STM32G4/Benchmarking-STM32G4-Accelerators/BenchmarkingAccelerators/Drivers/DSP_Drivers/Include" -I../Core/Inc -I"D:/STM32G4/Benchmarking-STM32G4-Accelerators/BenchmarkingAccelerators/Drivers/DSP_Drivers/Source/FilteringFunctions" -I../Drivers/STM32G4xx_HAL_Driver/Inc -I../Drivers/STM32G4xx_HAL_Driver/Inc/Legacy -I../Drivers/CMSIS/Device/ST/STM32G4xx/Include -I../Drivers/CMSIS/Include -O0 -ffunction-sections -fdata-sections -Wall -fstack-usage -fcyclomatic-complexity -MMD -MP -MF"Core/Src/main.d" -MT"Core/Src/main.o" --specs=nano.specs -mfpu=fpv4-sp-d16 -mfloat-abi=hard -mthumb -o "Core/Src/main.o"
../Core/Src/main.c: In function 'main':
../Core/Src/main.c:140:9: warning: implicit declaration of function 'fmac_config' [-Wimplicit-function-declaration]
  140 |         fmac_config(&sFmacConfig, 64, 80, 1, 0, 61, 144, 80, 1, NULL, 0,
      |         ^~~~~~~~~~~
../Core/Src/main.c:169:9: warning: implicit declaration of function 'fmac_StartWithTimerIRQ' [-Wimplicit-function-declaration]
  169 |         fmac_StartWithTimerIRQ(&hfmac, &sFmacConfig, &htim6, &hdac1);
      |         ^~~~~~~~~~~~~~~~~~~~~~
arm-none-eabi-gcc -o "BenchmarkingAccelerators.elf" @"objects.list"  -larm_cortexM4lf_math -mcpu=cortex-m4 -T"D:\STM32G4\Benchmarking-STM32G4-Accelerators\BenchmarkingAccelerators\STM32G474RETX_FLASH.ld" --specs=nosys.specs -Wl,-Map="BenchmarkingAccelerators.map" -Wl,--gc-sections -static -L"D:\STM32G4\Benchmarking-STM32G4-Accelerators\BenchmarkingAccelerators\Drivers\DSP_Drivers\Lib\GCC" --specs=nano.specs -mfpu=fpv4-sp-d16 -mfloat-abi=hard -mthumb -Wl,--start-group -lc -lm -Wl,--end-group
Finished building target: BenchmarkingAccelerators.elf
 
arm-none-eabi-size  BenchmarkingAccelerators.elf 
arm-none-eabi-objdump -h -S BenchmarkingAccelerators.elf  > "BenchmarkingAccelerators.list"
   text	   data	    bss	    dec	    hex	filename
  29040	    144	   2264	  31448	   7ad8	BenchmarkingAccelerators.elf
Finished building: default.size.stdout
 
Finished building: BenchmarkingAccelerators.list
 

18:59:43 Build Finished. 0 errors, 2 warnings. (took 2s.432ms)

