22:27:01 **** Incremental Build of configuration Debug for project BenchmarkingAccelerators ****
make -j8 all 
arm-none-eabi-size  BenchmarkingAccelerators.elf 
   text	   data	    bss	    dec	    hex	filename
  14428	     20	   1788	  16236	   3f6c	BenchmarkingAccelerators.elf
Finished building: default.size.stdout
 
22:27:18 **** Incremental Build of configuration Debug for project BenchmarkingAccelerators ****
make -j8 all 
arm-none-eabi-size  BenchmarkingAccelerators.elf 
   text	   data	    bss	    dec	    hex	filename
  14428	     20	   1788	  16236	   3f6c	BenchmarkingAccelerators.elf
Finished building: default.size.stdout
 
