16:52:38 **** Incremental Build of configuration Debug for project BenchmarkingAccelerators ****
make -j8 all 
arm-none-eabi-gcc "../Core/Src/main.c" -mcpu=cortex-m4 -std=gnu11 -g3 -DDEBUG -DUSE_HAL_DRIVER -DSTM32G474xx -c -I"D:/STM32G4/Benchmarking-STM32G4-Accelerators/BenchmarkingAccelerators/Drivers/DSP_Drivers/Include" -I../Core/Inc -I"D:/STM32G4/Benchmarking-STM32G4-Accelerators/BenchmarkingAccelerators/Drivers/DSP_Drivers/Source/FilteringFunctions" -I../Drivers/STM32G4xx_HAL_Driver/Inc -I../Drivers/STM32G4xx_HAL_Driver/Inc/Legacy -I../Drivers/CMSIS/Device/ST/STM32G4xx/Include -I../Drivers/CMSIS/Include -O0 -ffunction-sections -fdata-sections -Wall -fstack-usage -fcyclomatic-complexity -MMD -MP -MF"Core/Src/main.d" -MT"Core/Src/main.o" --specs=nano.specs -mfpu=fpv4-sp-d16 -mfloat-abi=hard -mthumb -o "Core/Src/main.o"
../Core/Src/main.c: In function 'main':
../Core/Src/main.c:138:34: warning: unused variable 'sFmacConfig' [-Wunused-variable]
  138 |         FMAC_FilterConfigTypeDef sFmacConfig;
      |                                  ^~~~~~~~~~~
arm-none-eabi-gcc -o "BenchmarkingAccelerators.elf" @"objects.list"  -larm_cortexM4lf_math -mcpu=cortex-m4 -T"D:\STM32G4\Benchmarking-STM32G4-Accelerators\BenchmarkingAccelerators\STM32G474RETX_FLASH.ld" --specs=nosys.specs -Wl,-Map="BenchmarkingAccelerators.map" -Wl,--gc-sections -static -L"D:\STM32G4\Benchmarking-STM32G4-Accelerators\BenchmarkingAccelerators\Drivers\DSP_Drivers\Lib\GCC" --specs=nano.specs -mfpu=fpv4-sp-d16 -mfloat-abi=hard -mthumb -Wl,--start-group -lc -lm -Wl,--end-group
Finished building target: BenchmarkingAccelerators.elf
 
arm-none-eabi-size  BenchmarkingAccelerators.elf 
arm-none-eabi-objdump -h -S BenchmarkingAccelerators.elf  > "BenchmarkingAccelerators.list"
   text	   data	    bss	    dec	    hex	filename
  27168	    144	   2408	  29720	   7418	BenchmarkingAccelerators.elf
Finished building: default.size.stdout
 
Finished building: BenchmarkingAccelerators.list
 
16:52:48 **** Incremental Build of configuration Debug for project BenchmarkingAccelerators ****
make -j8 all 
arm-none-eabi-size  BenchmarkingAccelerators.elf 
   text	   data	    bss	    dec	    hex	filename
  27168	    144	   2408	  29720	   7418	BenchmarkingAccelerators.elf
Finished building: default.size.stdout
 
16:56:36 **** Incremental Build of configuration Debug for project BenchmarkingAccelerators ****
make -j8 all 
arm-none-eabi-gcc "../Core/Src/stm32g4xx_it.c" -mcpu=cortex-m4 -std=gnu11 -g3 -DDEBUG -DUSE_HAL_DRIVER -DSTM32G474xx -c -I"D:/STM32G4/Benchmarking-STM32G4-Accelerators/BenchmarkingAccelerators/Drivers/DSP_Drivers/Include" -I../Core/Inc -I"D:/STM32G4/Benchmarking-STM32G4-Accelerators/BenchmarkingAccelerators/Drivers/DSP_Drivers/Source/FilteringFunctions" -I../Drivers/STM32G4xx_HAL_Driver/Inc -I../Drivers/STM32G4xx_HAL_Driver/Inc/Legacy -I../Drivers/CMSIS/Device/ST/STM32G4xx/Include -I../Drivers/CMSIS/Include -O0 -ffunction-sections -fdata-sections -Wall -fstack-usage -fcyclomatic-complexity -MMD -MP -MF"Core/Src/stm32g4xx_it.d" -MT"Core/Src/stm32g4xx_it.o" --specs=nano.specs -mfpu=fpv4-sp-d16 -mfloat-abi=hard -mthumb -o "Core/Src/stm32g4xx_it.o"
../Core/Src/stm32g4xx_it.c: In function 'TIM6_DAC_IRQHandler':
../Core/Src/stm32g4xx_it.c:275:17: warning: unused variable 'result' [-Wunused-variable]
  275 |         int16_t result;
      |                 ^~~~~~
../Core/Src/stm32g4xx_it.c: In function 'HAL_ADC_ConvCpltCallback':
../Core/Src/stm32g4xx_it.c:350:31: warning: comparison between pointer and integer
  350 |                 if (q15_input > 32767) {
      |                               ^
../Core/Src/stm32g4xx_it.c:351:35: warning: assignment to 'q15_t *' {aka 'short int *'} from 'int' makes pointer from integer without a cast [-Wint-conversion]
  351 |                         q15_input = 32767;
      |                                   ^
../Core/Src/stm32g4xx_it.c:352:38: warning: comparison between pointer and integer
  352 |                 } else if (q15_input < -32768) {
      |                                      ^
../Core/Src/stm32g4xx_it.c:353:35: warning: assignment to 'q15_t *' {aka 'short int *'} from 'int' makes pointer from integer without a cast [-Wint-conversion]
  353 |                         q15_input = -32768;
      |                                   ^
../Core/Src/stm32g4xx_it.c:359:33: warning: passing argument 2 of 'arm_fir_q15' from incompatible pointer type [-Wincompatible-pointer-types]
  359 |                 arm_fir_q15(&A, &q15_input, &filteredSample[0], BLOCK_SIZE);
      |                                 ^~~~~~~~~~
      |                                 |
      |                                 q15_t ** {aka short int **}
In file included from ../Core/Inc/main.h:35,
                 from ../Core/Src/stm32g4xx_it.c:21:
D:/STM32G4/Benchmarking-STM32G4-Accelerators/BenchmarkingAccelerators/Drivers/DSP_Drivers/Include/arm_math.h:1271:17: note: expected 'const q15_t *' {aka 'const short int *'} but argument is of type 'q15_t **' {aka 'short int **'}
 1271 |   const q15_t * pSrc,
      |   ~~~~~~~~~~~~~~^~~~
../Core/Src/stm32g4xx_it.c:344:25: warning: unused variable 'result' [-Wunused-variable]
  344 |                 int16_t result;
      |                         ^~~~~~
arm-none-eabi-gcc -o "BenchmarkingAccelerators.elf" @"objects.list"  -larm_cortexM4lf_math -mcpu=cortex-m4 -T"D:\STM32G4\Benchmarking-STM32G4-Accelerators\BenchmarkingAccelerators\STM32G474RETX_FLASH.ld" --specs=nosys.specs -Wl,-Map="BenchmarkingAccelerators.map" -Wl,--gc-sections -static -L"D:\STM32G4\Benchmarking-STM32G4-Accelerators\BenchmarkingAccelerators\Drivers\DSP_Drivers\Lib\GCC" --specs=nano.specs -mfpu=fpv4-sp-d16 -mfloat-abi=hard -mthumb -Wl,--start-group -lc -lm -Wl,--end-group
Finished building target: BenchmarkingAccelerators.elf
 
arm-none-eabi-size  BenchmarkingAccelerators.elf 
arm-none-eabi-objdump -h -S BenchmarkingAccelerators.elf  > "BenchmarkingAccelerators.list"
   text	   data	    bss	    dec	    hex	filename
  27176	    144	   2408	  29728	   7420	BenchmarkingAccelerators.elf
Finished building: default.size.stdout
 
Finished building: BenchmarkingAccelerators.list
 
16:56:50 **** Incremental Build of configuration Debug for project BenchmarkingAccelerators ****
make -j8 all 
arm-none-eabi-gcc "../Core/Src/stm32g4xx_it.c" -mcpu=cortex-m4 -std=gnu11 -g3 -DDEBUG -DUSE_HAL_DRIVER -DSTM32G474xx -c -I"D:/STM32G4/Benchmarking-STM32G4-Accelerators/BenchmarkingAccelerators/Drivers/DSP_Drivers/Include" -I../Core/Inc -I"D:/STM32G4/Benchmarking-STM32G4-Accelerators/BenchmarkingAccelerators/Drivers/DSP_Drivers/Source/FilteringFunctions" -I../Drivers/STM32G4xx_HAL_Driver/Inc -I../Drivers/STM32G4xx_HAL_Driver/Inc/Legacy -I../Drivers/CMSIS/Device/ST/STM32G4xx/Include -I../Drivers/CMSIS/Include -O0 -ffunction-sections -fdata-sections -Wall -fstack-usage -fcyclomatic-complexity -MMD -MP -MF"Core/Src/stm32g4xx_it.d" -MT"Core/Src/stm32g4xx_it.o" --specs=nano.specs -mfpu=fpv4-sp-d16 -mfloat-abi=hard -mthumb -o "Core/Src/stm32g4xx_it.o"
../Core/Src/stm32g4xx_it.c: In function 'TIM6_DAC_IRQHandler':
../Core/Src/stm32g4xx_it.c:275:17: warning: unused variable 'result' [-Wunused-variable]
  275 |         int16_t result;
      |                 ^~~~~~
../Core/Src/stm32g4xx_it.c: In function 'HAL_ADC_ConvCpltCallback':
../Core/Src/stm32g4xx_it.c:350:31: warning: comparison between pointer and integer
  350 |                 if (q15_input > 32767) {
      |                               ^
../Core/Src/stm32g4xx_it.c:351:35: warning: assignment to 'q15_t *' {aka 'short int *'} from 'int' makes pointer from integer without a cast [-Wint-conversion]
  351 |                         q15_input = 32767;
      |                                   ^
../Core/Src/stm32g4xx_it.c:352:38: warning: comparison between pointer and integer
  352 |                 } else if (q15_input < -32768) {
      |                                      ^
../Core/Src/stm32g4xx_it.c:353:35: warning: assignment to 'q15_t *' {aka 'short int *'} from 'int' makes pointer from integer without a cast [-Wint-conversion]
  353 |                         q15_input = -32768;
      |                                   ^
../Core/Src/stm32g4xx_it.c:359:33: warning: passing argument 2 of 'arm_fir_q15' from incompatible pointer type [-Wincompatible-pointer-types]
  359 |                 arm_fir_q15(&A, &q15_input, &filteredSample, BLOCK_SIZE);
      |                                 ^~~~~~~~~~
      |                                 |
      |                                 q15_t ** {aka short int **}
In file included from ../Core/Inc/main.h:35,
                 from ../Core/Src/stm32g4xx_it.c:21:
D:/STM32G4/Benchmarking-STM32G4-Accelerators/BenchmarkingAccelerators/Drivers/DSP_Drivers/Include/arm_math.h:1271:17: note: expected 'const q15_t *' {aka 'const short int *'} but argument is of type 'q15_t **' {aka 'short int **'}
 1271 |   const q15_t * pSrc,
      |   ~~~~~~~~~~~~~~^~~~
../Core/Src/stm32g4xx_it.c:359:45: warning: passing argument 3 of 'arm_fir_q15' from incompatible pointer type [-Wincompatible-pointer-types]
  359 |                 arm_fir_q15(&A, &q15_input, &filteredSample, BLOCK_SIZE);
      |                                             ^~~~~~~~~~~~~~~
      |                                             |
      |                                             q15_t (*)[1] {aka short int (*)[1]}
In file included from ../Core/Inc/main.h:35,
                 from ../Core/Src/stm32g4xx_it.c:21:
D:/STM32G4/Benchmarking-STM32G4-Accelerators/BenchmarkingAccelerators/Drivers/DSP_Drivers/Include/arm_math.h:1272:17: note: expected 'q15_t *' {aka 'short int *'} but argument is of type 'q15_t (*)[1]' {aka 'short int (*)[1]'}
 1272 |         q15_t * pDst,
      |         ~~~~~~~~^~~~
../Core/Src/stm32g4xx_it.c:344:25: warning: unused variable 'result' [-Wunused-variable]
  344 |                 int16_t result;
      |                         ^~~~~~
arm-none-eabi-gcc -o "BenchmarkingAccelerators.elf" @"objects.list"  -larm_cortexM4lf_math -mcpu=cortex-m4 -T"D:\STM32G4\Benchmarking-STM32G4-Accelerators\BenchmarkingAccelerators\STM32G474RETX_FLASH.ld" --specs=nosys.specs -Wl,-Map="BenchmarkingAccelerators.map" -Wl,--gc-sections -static -L"D:\STM32G4\Benchmarking-STM32G4-Accelerators\BenchmarkingAccelerators\Drivers\DSP_Drivers\Lib\GCC" --specs=nano.specs -mfpu=fpv4-sp-d16 -mfloat-abi=hard -mthumb -Wl,--start-group -lc -lm -Wl,--end-group
Finished building target: BenchmarkingAccelerators.elf
 
arm-none-eabi-size  BenchmarkingAccelerators.elf 
arm-none-eabi-objdump -h -S BenchmarkingAccelerators.elf  > "BenchmarkingAccelerators.list"
   text	   data	    bss	    dec	    hex	filename
  27176	    144	   2408	  29728	   7420	BenchmarkingAccelerators.elf
Finished building: default.size.stdout
 
Finished building: BenchmarkingAccelerators.list
 
16:58:19 **** Incremental Build of configuration Debug for project BenchmarkingAccelerators ****
make -j8 all 
arm-none-eabi-gcc "../Core/Src/stm32g4xx_it.c" -mcpu=cortex-m4 -std=gnu11 -g3 -DDEBUG -DUSE_HAL_DRIVER -DSTM32G474xx -c -I"D:/STM32G4/Benchmarking-STM32G4-Accelerators/BenchmarkingAccelerators/Drivers/DSP_Drivers/Include" -I../Core/Inc -I"D:/STM32G4/Benchmarking-STM32G4-Accelerators/BenchmarkingAccelerators/Drivers/DSP_Drivers/Source/FilteringFunctions" -I../Drivers/STM32G4xx_HAL_Driver/Inc -I../Drivers/STM32G4xx_HAL_Driver/Inc/Legacy -I../Drivers/CMSIS/Device/ST/STM32G4xx/Include -I../Drivers/CMSIS/Include -O0 -ffunction-sections -fdata-sections -Wall -fstack-usage -fcyclomatic-complexity -MMD -MP -MF"Core/Src/stm32g4xx_it.d" -MT"Core/Src/stm32g4xx_it.o" --specs=nano.specs -mfpu=fpv4-sp-d16 -mfloat-abi=hard -mthumb -o "Core/Src/stm32g4xx_it.o"
../Core/Src/stm32g4xx_it.c: In function 'TIM6_DAC_IRQHandler':
../Core/Src/stm32g4xx_it.c:275:17: warning: unused variable 'result' [-Wunused-variable]
  275 |         int16_t result;
      |                 ^~~~~~
../Core/Src/stm32g4xx_it.c: In function 'HAL_ADC_ConvCpltCallback':
../Core/Src/stm32g4xx_it.c:350:31: warning: comparison between pointer and integer
  350 |                 if (q15_input > 32767) {
      |                               ^
../Core/Src/stm32g4xx_it.c:351:35: warning: assignment to 'q15_t *' {aka 'short int *'} from 'int' makes pointer from integer without a cast [-Wint-conversion]
  351 |                         q15_input = 32767;
      |                                   ^
../Core/Src/stm32g4xx_it.c:352:38: warning: comparison between pointer and integer
  352 |                 } else if (q15_input < -32768) {
      |                                      ^
../Core/Src/stm32g4xx_it.c:353:35: warning: assignment to 'q15_t *' {aka 'short int *'} from 'int' makes pointer from integer without a cast [-Wint-conversion]
  353 |                         q15_input = -32768;
      |                                   ^
../Core/Src/stm32g4xx_it.c:359:34: warning: cast from pointer to integer of different size [-Wpointer-to-int-cast]
  359 |                 inputSample[0] = (q15_t)q15_input;
      |                                  ^
../Core/Src/stm32g4xx_it.c:360:33: warning: passing argument 2 of 'arm_fir_q15' from incompatible pointer type [-Wincompatible-pointer-types]
  360 |                 arm_fir_q15(&A, &q15_input, &filteredSample, BLOCK_SIZE);
      |                                 ^~~~~~~~~~
      |                                 |
      |                                 q15_t ** {aka short int **}
In file included from ../Core/Inc/main.h:35,
                 from ../Core/Src/stm32g4xx_it.c:21:
D:/STM32G4/Benchmarking-STM32G4-Accelerators/BenchmarkingAccelerators/Drivers/DSP_Drivers/Include/arm_math.h:1271:17: note: expected 'const q15_t *' {aka 'const short int *'} but argument is of type 'q15_t **' {aka 'short int **'}
 1271 |   const q15_t * pSrc,
      |   ~~~~~~~~~~~~~~^~~~
../Core/Src/stm32g4xx_it.c:360:45: warning: passing argument 3 of 'arm_fir_q15' from incompatible pointer type [-Wincompatible-pointer-types]
  360 |                 arm_fir_q15(&A, &q15_input, &filteredSample, BLOCK_SIZE);
      |                                             ^~~~~~~~~~~~~~~
      |                                             |
      |                                             q15_t (*)[1] {aka short int (*)[1]}
In file included from ../Core/Inc/main.h:35,
                 from ../Core/Src/stm32g4xx_it.c:21:
D:/STM32G4/Benchmarking-STM32G4-Accelerators/BenchmarkingAccelerators/Drivers/DSP_Drivers/Include/arm_math.h:1272:17: note: expected 'q15_t *' {aka 'short int *'} but argument is of type 'q15_t (*)[1]' {aka 'short int (*)[1]'}
 1272 |         q15_t * pDst,
      |         ~~~~~~~~^~~~
../Core/Src/stm32g4xx_it.c:344:25: warning: unused variable 'result' [-Wunused-variable]
  344 |                 int16_t result;
      |                         ^~~~~~
arm-none-eabi-gcc -o "BenchmarkingAccelerators.elf" @"objects.list"  -larm_cortexM4lf_math -mcpu=cortex-m4 -T"D:\STM32G4\Benchmarking-STM32G4-Accelerators\BenchmarkingAccelerators\STM32G474RETX_FLASH.ld" --specs=nosys.specs -Wl,-Map="BenchmarkingAccelerators.map" -Wl,--gc-sections -static -L"D:\STM32G4\Benchmarking-STM32G4-Accelerators\BenchmarkingAccelerators\Drivers\DSP_Drivers\Lib\GCC" --specs=nano.specs -mfpu=fpv4-sp-d16 -mfloat-abi=hard -mthumb -Wl,--start-group -lc -lm -Wl,--end-group
Finished building target: BenchmarkingAccelerators.elf
 
arm-none-eabi-size  BenchmarkingAccelerators.elf 
arm-none-eabi-objdump -h -S BenchmarkingAccelerators.elf  > "BenchmarkingAccelerators.list"
   text	   data	    bss	    dec	    hex	filename
  27188	    144	   2408	  29740	   742c	BenchmarkingAccelerators.elf
Finished building: default.size.stdout
 
Finished building: BenchmarkingAccelerators.list
 
17:19:02 **** Incremental Build of configuration Debug for project BenchmarkingAccelerators ****
make -j8 all 
arm-none-eabi-gcc "../Core/Src/main.c" -mcpu=cortex-m4 -std=gnu11 -g3 -DDEBUG -DUSE_HAL_DRIVER -DSTM32G474xx -c -I"D:/STM32G4/Benchmarking-STM32G4-Accelerators/BenchmarkingAccelerators/Drivers/DSP_Drivers/Include" -I../Core/Inc -I"D:/STM32G4/Benchmarking-STM32G4-Accelerators/BenchmarkingAccelerators/Drivers/DSP_Drivers/Source/FilteringFunctions" -I../Drivers/STM32G4xx_HAL_Driver/Inc -I../Drivers/STM32G4xx_HAL_Driver/Inc/Legacy -I../Drivers/CMSIS/Device/ST/STM32G4xx/Include -I../Drivers/CMSIS/Include -O0 -ffunction-sections -fdata-sections -Wall -fstack-usage -fcyclomatic-complexity -MMD -MP -MF"Core/Src/main.d" -MT"Core/Src/main.o" --specs=nano.specs -mfpu=fpv4-sp-d16 -mfloat-abi=hard -mthumb -o "Core/Src/main.o"
arm-none-eabi-gcc "../Core/Src/stm32g4xx_it.c" -mcpu=cortex-m4 -std=gnu11 -g3 -DDEBUG -DUSE_HAL_DRIVER -DSTM32G474xx -c -I"D:/STM32G4/Benchmarking-STM32G4-Accelerators/BenchmarkingAccelerators/Drivers/DSP_Drivers/Include" -I../Core/Inc -I"D:/STM32G4/Benchmarking-STM32G4-Accelerators/BenchmarkingAccelerators/Drivers/DSP_Drivers/Source/FilteringFunctions" -I../Drivers/STM32G4xx_HAL_Driver/Inc -I../Drivers/STM32G4xx_HAL_Driver/Inc/Legacy -I../Drivers/CMSIS/Device/ST/STM32G4xx/Include -I../Drivers/CMSIS/Include -O0 -ffunction-sections -fdata-sections -Wall -fstack-usage -fcyclomatic-complexity -MMD -MP -MF"Core/Src/stm32g4xx_it.d" -MT"Core/Src/stm32g4xx_it.o" --specs=nano.specs -mfpu=fpv4-sp-d16 -mfloat-abi=hard -mthumb -o "Core/Src/stm32g4xx_it.o"
../Core/Src/stm32g4xx_it.c: In function 'TIM6_DAC_IRQHandler':
../Core/Src/stm32g4xx_it.c:275:17: warning: unused variable 'result' [-Wunused-variable]
  275 |         int16_t result;
      |                 ^~~~~~
../Core/Src/stm32g4xx_it.c: In function 'HAL_ADC_ConvCpltCallback':
../Core/Src/main.c:71:8: error: conflicting types for 'filteredSample'; have 'q15_t *[1]' {aka 'short int *[1]'}
   71 | q15_t *filteredSample[BLOCK_SIZE];
      |        ^~~~~~~~~~~~~~
../Core/Src/stm32g4xx_it.c:359:27: warning: assignment to 'q15_t *' {aka 'short int *'} from 'short int' makes pointer from integer without a cast [-Wint-conversion]
  359 |                 filterVal = (q15_t)q15_input;
      |                           ^
../Core/Src/stm32g4xx_it.c:361:44: warning: passing argument 3 of 'arm_fir_q15' from incompatible pointer type [-Wincompatible-pointer-types]
  361 |                 arm_fir_q15(&A, filterVal, &filteredSample, BLOCK_SIZE);
      |                                            ^~~~~~~~~~~~~~~
      |                                            |
      |                                            q15_t (*)[1] {aka short int (*)[1]}
In file included from ../Core/Src/main.c:20:
../Core/Inc/main.h:65:14: note: previous declaration of 'filteredSample' with type 'q15_t[1]' {aka 'short int[1]'}
   65 | extern q15_t filteredSample[BLOCK_SIZE];
      |              ^~~~~~~~~~~~~~
In file included from ../Core/Inc/main.h:35,
                 from ../Core/Src/stm32g4xx_it.c:21:
D:/STM32G4/Benchmarking-STM32G4-Accelerators/BenchmarkingAccelerators/Drivers/DSP_Drivers/Include/arm_math.h:1272:17: note: expected 'q15_t *' {aka 'short int *'} but argument is of type 'q15_t (*)[1]' {aka 'short int (*)[1]'}
 1272 |         q15_t * pDst,
      |         ~~~~~~~~^~~~
../Core/Src/main.c: In function 'main':
../Core/Src/stm32g4xx_it.c:344:25: warning: unused variable 'result' [-Wunused-variable]
  344 |                 int16_t result;
      |                         ^~~~~~
../Core/Src/main.c:138:34: warning: unused variable 'sFmacConfig' [-Wunused-variable]
  138 |         FMAC_FilterConfigTypeDef sFmacConfig;
      |                                  ^~~~~~~~~~~
make: *** [Core/Src/subdir.mk:40: Core/Src/main.o] Error 1
make: *** Waiting for unfinished jobs....
"make -j8 all" terminated with exit code 2. Build might be incomplete.
17:19:34 **** Incremental Build of configuration Debug for project BenchmarkingAccelerators ****
make -j8 all 
arm-none-eabi-gcc "../Core/Src/main.c" -mcpu=cortex-m4 -std=gnu11 -g3 -DDEBUG -DUSE_HAL_DRIVER -DSTM32G474xx -c -I"D:/STM32G4/Benchmarking-STM32G4-Accelerators/BenchmarkingAccelerators/Drivers/DSP_Drivers/Include" -I../Core/Inc -I"D:/STM32G4/Benchmarking-STM32G4-Accelerators/BenchmarkingAccelerators/Drivers/DSP_Drivers/Source/FilteringFunctions" -I../Drivers/STM32G4xx_HAL_Driver/Inc -I../Drivers/STM32G4xx_HAL_Driver/Inc/Legacy -I../Drivers/CMSIS/Device/ST/STM32G4xx/Include -I../Drivers/CMSIS/Include -O0 -ffunction-sections -fdata-sections -Wall -fstack-usage -fcyclomatic-complexity -MMD -MP -MF"Core/Src/main.d" -MT"Core/Src/main.o" --specs=nano.specs -mfpu=fpv4-sp-d16 -mfloat-abi=hard -mthumb -o "Core/Src/main.o"
arm-none-eabi-gcc "../Core/Src/stm32g4xx_it.c" -mcpu=cortex-m4 -std=gnu11 -g3 -DDEBUG -DUSE_HAL_DRIVER -DSTM32G474xx -c -I"D:/STM32G4/Benchmarking-STM32G4-Accelerators/BenchmarkingAccelerators/Drivers/DSP_Drivers/Include" -I../Core/Inc -I"D:/STM32G4/Benchmarking-STM32G4-Accelerators/BenchmarkingAccelerators/Drivers/DSP_Drivers/Source/FilteringFunctions" -I../Drivers/STM32G4xx_HAL_Driver/Inc -I../Drivers/STM32G4xx_HAL_Driver/Inc/Legacy -I../Drivers/CMSIS/Device/ST/STM32G4xx/Include -I../Drivers/CMSIS/Include -O0 -ffunction-sections -fdata-sections -Wall -fstack-usage -fcyclomatic-complexity -MMD -MP -MF"Core/Src/stm32g4xx_it.d" -MT"Core/Src/stm32g4xx_it.o" --specs=nano.specs -mfpu=fpv4-sp-d16 -mfloat-abi=hard -mthumb -o "Core/Src/stm32g4xx_it.o"
../Core/Src/main.c: In function 'main':
../Core/Src/main.c:138:34: warning: unused variable 'sFmacConfig' [-Wunused-variable]
  138 |         FMAC_FilterConfigTypeDef sFmacConfig;
      |                                  ^~~~~~~~~~~
../Core/Src/stm32g4xx_it.c: In function 'TIM6_DAC_IRQHandler':
../Core/Src/stm32g4xx_it.c:275:17: warning: unused variable 'result' [-Wunused-variable]
  275 |         int16_t result;
      |                 ^~~~~~
../Core/Src/stm32g4xx_it.c: In function 'HAL_ADC_ConvCpltCallback':
../Core/Src/stm32g4xx_it.c:359:27: warning: assignment to 'q15_t *' {aka 'short int *'} from 'short int' makes pointer from integer without a cast [-Wint-conversion]
  359 |                 filterVal = (q15_t)q15_input;
      |                           ^
../Core/Src/stm32g4xx_it.c:344:25: warning: unused variable 'result' [-Wunused-variable]
  344 |                 int16_t result;
      |                         ^~~~~~
arm-none-eabi-gcc -o "BenchmarkingAccelerators.elf" @"objects.list"  -larm_cortexM4lf_math -mcpu=cortex-m4 -T"D:\STM32G4\Benchmarking-STM32G4-Accelerators\BenchmarkingAccelerators\STM32G474RETX_FLASH.ld" --specs=nosys.specs -Wl,-Map="BenchmarkingAccelerators.map" -Wl,--gc-sections -static -L"D:\STM32G4\Benchmarking-STM32G4-Accelerators\BenchmarkingAccelerators\Drivers\DSP_Drivers\Lib\GCC" --specs=nano.specs -mfpu=fpv4-sp-d16 -mfloat-abi=hard -mthumb -Wl,--start-group -lc -lm -Wl,--end-group
Finished building target: BenchmarkingAccelerators.elf
 
arm-none-eabi-size  BenchmarkingAccelerators.elf 
arm-none-eabi-objdump -h -S BenchmarkingAccelerators.elf  > "BenchmarkingAccelerators.list"
   text	   data	    bss	    dec	    hex	filename
  27168	    144	   2408	  29720	   7418	BenchmarkingAccelerators.elf
Finished building: default.size.stdout
 
Finished building: BenchmarkingAccelerators.list
 
17:21:52 **** Incremental Build of configuration Debug for project BenchmarkingAccelerators ****
make -j8 all 
arm-none-eabi-gcc "../Core/Src/main.c" -mcpu=cortex-m4 -std=gnu11 -g3 -DDEBUG -DUSE_HAL_DRIVER -DSTM32G474xx -c -I"D:/STM32G4/Benchmarking-STM32G4-Accelerators/BenchmarkingAccelerators/Drivers/DSP_Drivers/Include" -I../Core/Inc -I"D:/STM32G4/Benchmarking-STM32G4-Accelerators/BenchmarkingAccelerators/Drivers/DSP_Drivers/Source/FilteringFunctions" -I../Drivers/STM32G4xx_HAL_Driver/Inc -I../Drivers/STM32G4xx_HAL_Driver/Inc/Legacy -I../Drivers/CMSIS/Device/ST/STM32G4xx/Include -I../Drivers/CMSIS/Include -O0 -ffunction-sections -fdata-sections -Wall -fstack-usage -fcyclomatic-complexity -MMD -MP -MF"Core/Src/main.d" -MT"Core/Src/main.o" --specs=nano.specs -mfpu=fpv4-sp-d16 -mfloat-abi=hard -mthumb -o "Core/Src/main.o"
arm-none-eabi-gcc "../Core/Src/stm32g4xx_it.c" -mcpu=cortex-m4 -std=gnu11 -g3 -DDEBUG -DUSE_HAL_DRIVER -DSTM32G474xx -c -I"D:/STM32G4/Benchmarking-STM32G4-Accelerators/BenchmarkingAccelerators/Drivers/DSP_Drivers/Include" -I../Core/Inc -I"D:/STM32G4/Benchmarking-STM32G4-Accelerators/BenchmarkingAccelerators/Drivers/DSP_Drivers/Source/FilteringFunctions" -I../Drivers/STM32G4xx_HAL_Driver/Inc -I../Drivers/STM32G4xx_HAL_Driver/Inc/Legacy -I../Drivers/CMSIS/Device/ST/STM32G4xx/Include -I../Drivers/CMSIS/Include -O0 -ffunction-sections -fdata-sections -Wall -fstack-usage -fcyclomatic-complexity -MMD -MP -MF"Core/Src/stm32g4xx_it.d" -MT"Core/Src/stm32g4xx_it.o" --specs=nano.specs -mfpu=fpv4-sp-d16 -mfloat-abi=hard -mthumb -o "Core/Src/stm32g4xx_it.o"
../Core/Src/main.c: In function 'main':
../Core/Src/main.c:138:34: warning: unused variable 'sFmacConfig' [-Wunused-variable]
  138 |         FMAC_FilterConfigTypeDef sFmacConfig;
      |                                  ^~~~~~~~~~~
../Core/Src/stm32g4xx_it.c: In function 'TIM6_DAC_IRQHandler':
../Core/Src/stm32g4xx_it.c:275:17: warning: unused variable 'result' [-Wunused-variable]
  275 |         int16_t result;
      |                 ^~~~~~
../Core/Src/stm32g4xx_it.c: In function 'HAL_ADC_ConvCpltCallback':
../Core/Src/stm32g4xx_it.c:344:25: warning: unused variable 'result' [-Wunused-variable]
  344 |                 int16_t result;
      |                         ^~~~~~
arm-none-eabi-gcc -o "BenchmarkingAccelerators.elf" @"objects.list"  -larm_cortexM4lf_math -mcpu=cortex-m4 -T"D:\STM32G4\Benchmarking-STM32G4-Accelerators\BenchmarkingAccelerators\STM32G474RETX_FLASH.ld" --specs=nosys.specs -Wl,-Map="BenchmarkingAccelerators.map" -Wl,--gc-sections -static -L"D:\STM32G4\Benchmarking-STM32G4-Accelerators\BenchmarkingAccelerators\Drivers\DSP_Drivers\Lib\GCC" --specs=nano.specs -mfpu=fpv4-sp-d16 -mfloat-abi=hard -mthumb -Wl,--start-group -lc -lm -Wl,--end-group
Finished building target: BenchmarkingAccelerators.elf
 
arm-none-eabi-size  BenchmarkingAccelerators.elf 
arm-none-eabi-objdump -h -S BenchmarkingAccelerators.elf  > "BenchmarkingAccelerators.list"
   text	   data	    bss	    dec	    hex	filename
  27176	    144	   2408	  29728	   7420	BenchmarkingAccelerators.elf
Finished building: default.size.stdout
 
Finished building: BenchmarkingAccelerators.list
 
17:24:53 **** Incremental Build of configuration Debug for project BenchmarkingAccelerators ****
make -j8 all 
arm-none-eabi-gcc "../Core/Src/stm32g4xx_it.c" -mcpu=cortex-m4 -std=gnu11 -g3 -DDEBUG -DUSE_HAL_DRIVER -DSTM32G474xx -c -I"D:/STM32G4/Benchmarking-STM32G4-Accelerators/BenchmarkingAccelerators/Drivers/DSP_Drivers/Include" -I../Core/Inc -I"D:/STM32G4/Benchmarking-STM32G4-Accelerators/BenchmarkingAccelerators/Drivers/DSP_Drivers/Source/FilteringFunctions" -I../Drivers/STM32G4xx_HAL_Driver/Inc -I../Drivers/STM32G4xx_HAL_Driver/Inc/Legacy -I../Drivers/CMSIS/Device/ST/STM32G4xx/Include -I../Drivers/CMSIS/Include -O0 -ffunction-sections -fdata-sections -Wall -fstack-usage -fcyclomatic-complexity -MMD -MP -MF"Core/Src/stm32g4xx_it.d" -MT"Core/Src/stm32g4xx_it.o" --specs=nano.specs -mfpu=fpv4-sp-d16 -mfloat-abi=hard -mthumb -o "Core/Src/stm32g4xx_it.o"
../Core/Src/stm32g4xx_it.c: In function 'TIM6_DAC_IRQHandler':
../Core/Src/stm32g4xx_it.c:275:17: warning: unused variable 'result' [-Wunused-variable]
  275 |         int16_t result;
      |                 ^~~~~~
../Core/Src/stm32g4xx_it.c: In function 'HAL_ADC_ConvCpltCallback':
../Core/Src/stm32g4xx_it.c:344:25: warning: unused variable 'result' [-Wunused-variable]
  344 |                 int16_t result;
      |                         ^~~~~~
arm-none-eabi-gcc -o "BenchmarkingAccelerators.elf" @"objects.list"  -larm_cortexM4lf_math -mcpu=cortex-m4 -T"D:\STM32G4\Benchmarking-STM32G4-Accelerators\BenchmarkingAccelerators\STM32G474RETX_FLASH.ld" --specs=nosys.specs -Wl,-Map="BenchmarkingAccelerators.map" -Wl,--gc-sections -static -L"D:\STM32G4\Benchmarking-STM32G4-Accelerators\BenchmarkingAccelerators\Drivers\DSP_Drivers\Lib\GCC" --specs=nano.specs -mfpu=fpv4-sp-d16 -mfloat-abi=hard -mthumb -Wl,--start-group -lc -lm -Wl,--end-group
Finished building target: BenchmarkingAccelerators.elf
 
arm-none-eabi-size  BenchmarkingAccelerators.elf 
arm-none-eabi-objdump -h -S BenchmarkingAccelerators.elf  > "BenchmarkingAccelerators.list"
   text	   data	    bss	    dec	    hex	filename
  27184	    144	   2408	  29736	   7428	BenchmarkingAccelerators.elf
Finished building: default.size.stdout
 
Finished building: BenchmarkingAccelerators.list
 
17:55:28 **** Incremental Build of configuration Debug for project BenchmarkingAccelerators ****
make -j8 all 
arm-none-eabi-gcc "../Core/Src/stm32g4xx_it.c" -mcpu=cortex-m4 -std=gnu11 -g3 -DDEBUG -DUSE_HAL_DRIVER -DSTM32G474xx -c -I"D:/STM32G4/Benchmarking-STM32G4-Accelerators/BenchmarkingAccelerators/Drivers/DSP_Drivers/Include" -I../Core/Inc -I"D:/STM32G4/Benchmarking-STM32G4-Accelerators/BenchmarkingAccelerators/Drivers/DSP_Drivers/Source/FilteringFunctions" -I../Drivers/STM32G4xx_HAL_Driver/Inc -I../Drivers/STM32G4xx_HAL_Driver/Inc/Legacy -I../Drivers/CMSIS/Device/ST/STM32G4xx/Include -I../Drivers/CMSIS/Include -O0 -ffunction-sections -fdata-sections -Wall -fstack-usage -fcyclomatic-complexity -MMD -MP -MF"Core/Src/stm32g4xx_it.d" -MT"Core/Src/stm32g4xx_it.o" --specs=nano.specs -mfpu=fpv4-sp-d16 -mfloat-abi=hard -mthumb -o "Core/Src/stm32g4xx_it.o"
../Core/Src/stm32g4xx_it.c: In function 'TIM6_DAC_IRQHandler':
../Core/Src/stm32g4xx_it.c:275:17: warning: unused variable 'result' [-Wunused-variable]
  275 |         int16_t result;
      |                 ^~~~~~
../Core/Src/stm32g4xx_it.c: In function 'HAL_ADC_ConvCpltCallback':
../Core/Src/stm32g4xx_it.c:360:44: warning: passing argument 2 of 'arm_fir_q15' makes pointer from integer without a cast [-Wint-conversion]
  360 |                 arm_fir_q15(&A, inputSample[0], filteredSample, 1);
      |                                 ~~~~~~~~~~~^~~
      |                                            |
      |                                            q15_t {aka short int}
In file included from ../Core/Inc/main.h:35,
                 from ../Core/Src/stm32g4xx_it.c:21:
D:/STM32G4/Benchmarking-STM32G4-Accelerators/BenchmarkingAccelerators/Drivers/DSP_Drivers/Include/arm_math.h:1271:17: note: expected 'const q15_t *' {aka 'const short int *'} but argument is of type 'q15_t' {aka 'short int'}
 1271 |   const q15_t * pSrc,
      |   ~~~~~~~~~~~~~~^~~~
../Core/Src/stm32g4xx_it.c:344:25: warning: unused variable 'result' [-Wunused-variable]
  344 |                 int16_t result;
      |                         ^~~~~~
arm-none-eabi-gcc -o "BenchmarkingAccelerators.elf" @"objects.list"  -larm_cortexM4lf_math -mcpu=cortex-m4 -T"D:\STM32G4\Benchmarking-STM32G4-Accelerators\BenchmarkingAccelerators\STM32G474RETX_FLASH.ld" --specs=nosys.specs -Wl,-Map="BenchmarkingAccelerators.map" -Wl,--gc-sections -static -L"D:\STM32G4\Benchmarking-STM32G4-Accelerators\BenchmarkingAccelerators\Drivers\DSP_Drivers\Lib\GCC" --specs=nano.specs -mfpu=fpv4-sp-d16 -mfloat-abi=hard -mthumb -Wl,--start-group -lc -lm -Wl,--end-group
Finished building target: BenchmarkingAccelerators.elf
 
arm-none-eabi-size  BenchmarkingAccelerators.elf 
arm-none-eabi-objdump -h -S BenchmarkingAccelerators.elf  > "BenchmarkingAccelerators.list"
   text	   data	    bss	    dec	    hex	filename
  27188	    144	   2408	  29740	   742c	BenchmarkingAccelerators.elf
Finished building: default.size.stdout
 
Finished building: BenchmarkingAccelerators.list
 
17:55:55 **** Incremental Build of configuration Debug for project BenchmarkingAccelerators ****
make -j8 all 
arm-none-eabi-gcc "../Core/Src/stm32g4xx_it.c" -mcpu=cortex-m4 -std=gnu11 -g3 -DDEBUG -DUSE_HAL_DRIVER -DSTM32G474xx -c -I"D:/STM32G4/Benchmarking-STM32G4-Accelerators/BenchmarkingAccelerators/Drivers/DSP_Drivers/Include" -I../Core/Inc -I"D:/STM32G4/Benchmarking-STM32G4-Accelerators/BenchmarkingAccelerators/Drivers/DSP_Drivers/Source/FilteringFunctions" -I../Drivers/STM32G4xx_HAL_Driver/Inc -I../Drivers/STM32G4xx_HAL_Driver/Inc/Legacy -I../Drivers/CMSIS/Device/ST/STM32G4xx/Include -I../Drivers/CMSIS/Include -O0 -ffunction-sections -fdata-sections -Wall -fstack-usage -fcyclomatic-complexity -MMD -MP -MF"Core/Src/stm32g4xx_it.d" -MT"Core/Src/stm32g4xx_it.o" --specs=nano.specs -mfpu=fpv4-sp-d16 -mfloat-abi=hard -mthumb -o "Core/Src/stm32g4xx_it.o"
../Core/Src/stm32g4xx_it.c: In function 'TIM6_DAC_IRQHandler':
../Core/Src/stm32g4xx_it.c:275:17: warning: unused variable 'result' [-Wunused-variable]
  275 |         int16_t result;
      |                 ^~~~~~
../Core/Src/stm32g4xx_it.c: In function 'HAL_ADC_ConvCpltCallback':
../Core/Src/stm32g4xx_it.c:344:25: warning: unused variable 'result' [-Wunused-variable]
  344 |                 int16_t result;
      |                         ^~~~~~
arm-none-eabi-gcc -o "BenchmarkingAccelerators.elf" @"objects.list"  -larm_cortexM4lf_math -mcpu=cortex-m4 -T"D:\STM32G4\Benchmarking-STM32G4-Accelerators\BenchmarkingAccelerators\STM32G474RETX_FLASH.ld" --specs=nosys.specs -Wl,-Map="BenchmarkingAccelerators.map" -Wl,--gc-sections -static -L"D:\STM32G4\Benchmarking-STM32G4-Accelerators\BenchmarkingAccelerators\Drivers\DSP_Drivers\Lib\GCC" --specs=nano.specs -mfpu=fpv4-sp-d16 -mfloat-abi=hard -mthumb -Wl,--start-group -lc -lm -Wl,--end-group
Finished building target: BenchmarkingAccelerators.elf
 
arm-none-eabi-size  BenchmarkingAccelerators.elf 
arm-none-eabi-objdump -h -S BenchmarkingAccelerators.elf  > "BenchmarkingAccelerators.list"
   text	   data	    bss	    dec	    hex	filename
  27184	    144	   2408	  29736	   7428	BenchmarkingAccelerators.elf
Finished building: default.size.stdout
 
Finished building: BenchmarkingAccelerators.list
 
18:12:29 **** Incremental Build of configuration Debug for project BenchmarkingAccelerators ****
make -j8 all 
arm-none-eabi-gcc "../Core/Src/fmac_cmsis_interface.c" -mcpu=cortex-m4 -std=gnu11 -g3 -DDEBUG -DUSE_HAL_DRIVER -DSTM32G474xx -c -I"D:/STM32G4/Benchmarking-STM32G4-Accelerators/BenchmarkingAccelerators/Drivers/DSP_Drivers/Include" -I../Core/Inc -I"D:/STM32G4/Benchmarking-STM32G4-Accelerators/BenchmarkingAccelerators/Drivers/DSP_Drivers/Source/FilteringFunctions" -I../Drivers/STM32G4xx_HAL_Driver/Inc -I../Drivers/STM32G4xx_HAL_Driver/Inc/Legacy -I../Drivers/CMSIS/Device/ST/STM32G4xx/Include -I../Drivers/CMSIS/Include -O0 -ffunction-sections -fdata-sections -Wall -fstack-usage -fcyclomatic-complexity -MMD -MP -MF"Core/Src/fmac_cmsis_interface.d" -MT"Core/Src/fmac_cmsis_interface.o" --specs=nano.specs -mfpu=fpv4-sp-d16 -mfloat-abi=hard -mthumb -o "Core/Src/fmac_cmsis_interface.o"
arm-none-eabi-gcc "../Core/Src/main.c" -mcpu=cortex-m4 -std=gnu11 -g3 -DDEBUG -DUSE_HAL_DRIVER -DSTM32G474xx -c -I"D:/STM32G4/Benchmarking-STM32G4-Accelerators/BenchmarkingAccelerators/Drivers/DSP_Drivers/Include" -I../Core/Inc -I"D:/STM32G4/Benchmarking-STM32G4-Accelerators/BenchmarkingAccelerators/Drivers/DSP_Drivers/Source/FilteringFunctions" -I../Drivers/STM32G4xx_HAL_Driver/Inc -I../Drivers/STM32G4xx_HAL_Driver/Inc/Legacy -I../Drivers/CMSIS/Device/ST/STM32G4xx/Include -I../Drivers/CMSIS/Include -O0 -ffunction-sections -fdata-sections -Wall -fstack-usage -fcyclomatic-complexity -MMD -MP -MF"Core/Src/main.d" -MT"Core/Src/main.o" --specs=nano.specs -mfpu=fpv4-sp-d16 -mfloat-abi=hard -mthumb -o "Core/Src/main.o"
arm-none-eabi-gcc "../Core/Src/stm32g4xx_hal_msp.c" -mcpu=cortex-m4 -std=gnu11 -g3 -DDEBUG -DUSE_HAL_DRIVER -DSTM32G474xx -c -I"D:/STM32G4/Benchmarking-STM32G4-Accelerators/BenchmarkingAccelerators/Drivers/DSP_Drivers/Include" -I../Core/Inc -I"D:/STM32G4/Benchmarking-STM32G4-Accelerators/BenchmarkingAccelerators/Drivers/DSP_Drivers/Source/FilteringFunctions" -I../Drivers/STM32G4xx_HAL_Driver/Inc -I../Drivers/STM32G4xx_HAL_Driver/Inc/Legacy -I../Drivers/CMSIS/Device/ST/STM32G4xx/Include -I../Drivers/CMSIS/Include -O0 -ffunction-sections -fdata-sections -Wall -fstack-usage -fcyclomatic-complexity -MMD -MP -MF"Core/Src/stm32g4xx_hal_msp.d" -MT"Core/Src/stm32g4xx_hal_msp.o" --specs=nano.specs -mfpu=fpv4-sp-d16 -mfloat-abi=hard -mthumb -o "Core/Src/stm32g4xx_hal_msp.o"
arm-none-eabi-gcc "../Core/Src/stm32g4xx_it.c" -mcpu=cortex-m4 -std=gnu11 -g3 -DDEBUG -DUSE_HAL_DRIVER -DSTM32G474xx -c -I"D:/STM32G4/Benchmarking-STM32G4-Accelerators/BenchmarkingAccelerators/Drivers/DSP_Drivers/Include" -I../Core/Inc -I"D:/STM32G4/Benchmarking-STM32G4-Accelerators/BenchmarkingAccelerators/Drivers/DSP_Drivers/Source/FilteringFunctions" -I../Drivers/STM32G4xx_HAL_Driver/Inc -I../Drivers/STM32G4xx_HAL_Driver/Inc/Legacy -I../Drivers/CMSIS/Device/ST/STM32G4xx/Include -I../Drivers/CMSIS/Include -O0 -ffunction-sections -fdata-sections -Wall -fstack-usage -fcyclomatic-complexity -MMD -MP -MF"Core/Src/stm32g4xx_it.d" -MT"Core/Src/stm32g4xx_it.o" --specs=nano.specs -mfpu=fpv4-sp-d16 -mfloat-abi=hard -mthumb -o "Core/Src/stm32g4xx_it.o"
../Core/Src/fmac_cmsis_interface.c: In function 'fmac_StartWithTimerIRQ':
../Core/Src/fmac_cmsis_interface.c:112:57: warning: passing argument 3 of 'HAL_FMAC_FilterStart' makes pointer from integer without a cast [-Wint-conversion]
  112 |         startStatus = HAL_FMAC_FilterStart(hfmac, NULL, 100);
      |                                                         ^~~
      |                                                         |
      |                                                         int
In file included from ../Core/Inc/stm32g4xx_hal_conf.h:264,
                 from ../Drivers/STM32G4xx_HAL_Driver/Inc/stm32g4xx_hal.h:29,
                 from ../Core/Inc/main.h:30,
                 from ../Core/Src/fmac_cmsis_interface.c:7:
../Drivers/STM32G4xx_HAL_Driver/Inc/stm32g4xx_hal_fmac.h:666:95: note: expected 'uint16_t *' {aka 'short unsigned int *'} but argument is of type 'int'
  666 | HAL_StatusTypeDef HAL_FMAC_FilterStart(FMAC_HandleTypeDef *hfmac, int16_t *pOutput, uint16_t *pOutputSize);
      |                                                                                     ~~~~~~~~~~^~~~~~~~~~~
../Core/Src/fmac_cmsis_interface.c: In function 'fmac_StartWithTimerIRQ_DMA':
../Core/Src/fmac_cmsis_interface.c:138:39: warning: passing argument 1 of 'HAL_FMAC_AppendFilterData' from incompatible pointer type [-Wincompatible-pointer-types]
  138 |         if (HAL_FMAC_AppendFilterData(&hfmac, lut, &lutSize) != HAL_OK) {
      |                                       ^~~~~~
      |                                       |
      |                                       FMAC_HandleTypeDef **
In file included from ../Core/Inc/stm32g4xx_hal_conf.h:264,
                 from ../Drivers/STM32G4xx_HAL_Driver/Inc/stm32g4xx_hal.h:29,
                 from ../Core/Inc/main.h:30,
                 from ../Core/Src/fmac_cmsis_interface.c:7:
../Drivers/STM32G4xx_HAL_Driver/Inc/stm32g4xx_hal_fmac.h:667:65: note: expected 'FMAC_HandleTypeDef *' but argument is of type 'FMAC_HandleTypeDef **'
  667 | HAL_StatusTypeDef HAL_FMAC_AppendFilterData(FMAC_HandleTypeDef *hfmac, int16_t *pInput, uint16_t *pInputSize);
      |                                             ~~~~~~~~~~~~~~~~~~~~^~~~~
../Core/Src/fmac_cmsis_interface.c:151:57: warning: passing argument 3 of 'HAL_FMAC_FilterStart' makes pointer from integer without a cast [-Wint-conversion]
  151 |         startStatus = HAL_FMAC_FilterStart(hfmac, NULL, 100);
      |                                                         ^~~
      |                                                         |
      |                                                         int
In file included from ../Core/Inc/stm32g4xx_hal_conf.h:264,
                 from ../Drivers/STM32G4xx_HAL_Driver/Inc/stm32g4xx_hal.h:29,
                 from ../Core/Inc/main.h:30,
                 from ../Core/Src/fmac_cmsis_interface.c:7:
../Drivers/STM32G4xx_HAL_Driver/Inc/stm32g4xx_hal_fmac.h:666:95: note: expected 'uint16_t *' {aka 'short unsigned int *'} but argument is of type 'int'
  666 | HAL_StatusTypeDef HAL_FMAC_FilterStart(FMAC_HandleTypeDef *hfmac, int16_t *pOutput, uint16_t *pOutputSize);
      |                                                                                     ~~~~~~~~~~^~~~~~~~~~~
../Core/Src/main.c: In function 'main':
../Core/Src/fmac_cmsis_interface.c:142:18: warning: unused variable 'outputLen' [-Wunused-variable]
  142 |         uint16_t outputLen = lutSize;  // same size as input
      |                  ^~~~~~~~~
../Core/Src/fmac_cmsis_interface.c: In function 'fmac_FilterSetDAC_TimerISR':
../Core/Src/fmac_cmsis_interface.c:176:34: warning: passing argument 1 of 'HAL_DAC_SetValue' from incompatible pointer type [-Wincompatible-pointer-types]
  176 |                 HAL_DAC_SetValue(&hdac1, DAC_CHANNEL_1, DAC_ALIGN_12B_R, dacVal);
      |                                  ^~~~~~
      |                                  |
      |                                  DAC_HandleTypeDef **
../Core/Src/main.c:133:34: warning: unused variable 'sFmacConfig' [-Wunused-variable]
  133 |         FMAC_FilterConfigTypeDef sFmacConfig;
      |                                  ^~~~~~~~~~~
In file included from ../Core/Inc/stm32g4xx_hal_conf.h:248,
                 from ../Drivers/STM32G4xx_HAL_Driver/Inc/stm32g4xx_hal.h:29,
                 from ../Core/Inc/main.h:30,
                 from ../Core/Src/fmac_cmsis_interface.c:7:
../Drivers/STM32G4xx_HAL_Driver/Inc/stm32g4xx_hal_dac.h:559:55: note: expected 'DAC_HandleTypeDef *' but argument is of type 'DAC_HandleTypeDef **'
  559 | HAL_StatusTypeDef HAL_DAC_SetValue(DAC_HandleTypeDef *hdac, uint32_t Channel, uint32_t Alignment, uint32_t Data);
      |                                    ~~~~~~~~~~~~~~~~~~~^~~~
../Core/Src/fmac_cmsis_interface.c:178:58: warning: comparison of constant '2' with boolean expression is always true [-Wbool-compare]
  178 |         if (__HAL_FMAC_GET_FLAG(hfmac, FMAC_FLAG_X1FULL) != FMAC_FLAG_X1FULL) {
      |                                                          ^~
../Core/Src/fmac_cmsis_interface.c: In function 'fmac_FilterSetDAC_TimerISR_DMA':
../Core/Src/fmac_cmsis_interface.c:190:58: warning: comparison of constant '2' with boolean expression is always true [-Wbool-compare]
  190 |         if (__HAL_FMAC_GET_FLAG(hfmac, FMAC_FLAG_X1FULL) != FMAC_FLAG_X1FULL) {
      |                                                          ^~
../Core/Src/stm32g4xx_it.c: In function 'TIM6_DAC_IRQHandler':
../Core/Src/stm32g4xx_it.c:274:17: warning: unused variable 'result' [-Wunused-variable]
  274 |         int16_t result;
      |                 ^~~~~~
../Core/Src/stm32g4xx_it.c: In function 'HAL_ADC_ConvCpltCallback':
../Core/Src/stm32g4xx_it.c:343:25: warning: unused variable 'result' [-Wunused-variable]
  343 |                 int16_t result;
      |                         ^~~~~~
arm-none-eabi-gcc -o "BenchmarkingAccelerators.elf" @"objects.list"  -larm_cortexM4lf_math -mcpu=cortex-m4 -T"D:\STM32G4\Benchmarking-STM32G4-Accelerators\BenchmarkingAccelerators\STM32G474RETX_FLASH.ld" --specs=nosys.specs -Wl,-Map="BenchmarkingAccelerators.map" -Wl,--gc-sections -static -L"D:\STM32G4\Benchmarking-STM32G4-Accelerators\BenchmarkingAccelerators\Drivers\DSP_Drivers\Lib\GCC" --specs=nano.specs -mfpu=fpv4-sp-d16 -mfloat-abi=hard -mthumb -Wl,--start-group -lc -lm -Wl,--end-group
Finished building target: BenchmarkingAccelerators.elf
 
arm-none-eabi-size  BenchmarkingAccelerators.elf 
arm-none-eabi-objdump -h -S BenchmarkingAccelerators.elf  > "BenchmarkingAccelerators.list"
   text	   data	    bss	    dec	    hex	filename
  27184	    144	   2408	  29736	   7428	BenchmarkingAccelerators.elf
Finished building: default.size.stdout
 
Finished building: BenchmarkingAccelerators.list
 
18:36:50 **** Incremental Build of configuration Debug for project BenchmarkingAccelerators ****
make -j8 all 
arm-none-eabi-gcc "../Core/Src/stm32g4xx_it.c" -mcpu=cortex-m4 -std=gnu11 -g3 -DDEBUG -DUSE_HAL_DRIVER -DSTM32G474xx -c -I"D:/STM32G4/Benchmarking-STM32G4-Accelerators/BenchmarkingAccelerators/Drivers/DSP_Drivers/Include" -I../Core/Inc -I"D:/STM32G4/Benchmarking-STM32G4-Accelerators/BenchmarkingAccelerators/Drivers/DSP_Drivers/Source/FilteringFunctions" -I../Drivers/STM32G4xx_HAL_Driver/Inc -I../Drivers/STM32G4xx_HAL_Driver/Inc/Legacy -I../Drivers/CMSIS/Device/ST/STM32G4xx/Include -I../Drivers/CMSIS/Include -O0 -ffunction-sections -fdata-sections -Wall -fstack-usage -fcyclomatic-complexity -MMD -MP -MF"Core/Src/stm32g4xx_it.d" -MT"Core/Src/stm32g4xx_it.o" --specs=nano.specs -mfpu=fpv4-sp-d16 -mfloat-abi=hard -mthumb -o "Core/Src/stm32g4xx_it.o"
../Core/Src/stm32g4xx_it.c: In function 'TIM6_DAC_IRQHandler':
../Core/Src/stm32g4xx_it.c:274:17: warning: unused variable 'result' [-Wunused-variable]
  274 |         int16_t result;
      |                 ^~~~~~
../Core/Src/stm32g4xx_it.c: In function 'HAL_ADC_ConvCpltCallback':
../Core/Src/stm32g4xx_it.c:343:25: warning: unused variable 'result' [-Wunused-variable]
  343 |                 int16_t result;
      |                         ^~~~~~
arm-none-eabi-gcc -o "BenchmarkingAccelerators.elf" @"objects.list"  -larm_cortexM4lf_math -mcpu=cortex-m4 -T"D:\STM32G4\Benchmarking-STM32G4-Accelerators\BenchmarkingAccelerators\STM32G474RETX_FLASH.ld" --specs=nosys.specs -Wl,-Map="BenchmarkingAccelerators.map" -Wl,--gc-sections -static -L"D:\STM32G4\Benchmarking-STM32G4-Accelerators\BenchmarkingAccelerators\Drivers\DSP_Drivers\Lib\GCC" --specs=nano.specs -mfpu=fpv4-sp-d16 -mfloat-abi=hard -mthumb -Wl,--start-group -lc -lm -Wl,--end-group
Finished building target: BenchmarkingAccelerators.elf
 
arm-none-eabi-size  BenchmarkingAccelerators.elf 
arm-none-eabi-objdump -h -S BenchmarkingAccelerators.elf  > "BenchmarkingAccelerators.list"
   text	   data	    bss	    dec	    hex	filename
  27184	    144	   2408	  29736	   7428	BenchmarkingAccelerators.elf
Finished building: default.size.stdout
 
Finished building: BenchmarkingAccelerators.list
 
18:51:28 **** Incremental Build of configuration Debug for project BenchmarkingAccelerators ****
make -j8 all 
arm-none-eabi-gcc "../Core/Src/filter_coeffs.c" -mcpu=cortex-m4 -std=gnu11 -g3 -DDEBUG -DUSE_HAL_DRIVER -DSTM32G474xx -c -I"D:/STM32G4/Benchmarking-STM32G4-Accelerators/BenchmarkingAccelerators/Drivers/DSP_Drivers/Include" -I../Core/Inc -I"D:/STM32G4/Benchmarking-STM32G4-Accelerators/BenchmarkingAccelerators/Drivers/DSP_Drivers/Source/FilteringFunctions" -I../Drivers/STM32G4xx_HAL_Driver/Inc -I../Drivers/STM32G4xx_HAL_Driver/Inc/Legacy -I../Drivers/CMSIS/Device/ST/STM32G4xx/Include -I../Drivers/CMSIS/Include -O0 -ffunction-sections -fdata-sections -Wall -fstack-usage -fcyclomatic-complexity -MMD -MP -MF"Core/Src/filter_coeffs.d" -MT"Core/Src/filter_coeffs.o" --specs=nano.specs -mfpu=fpv4-sp-d16 -mfloat-abi=hard -mthumb -o "Core/Src/filter_coeffs.o"
arm-none-eabi-gcc "../Core/Src/fmac_cmsis_interface.c" -mcpu=cortex-m4 -std=gnu11 -g3 -DDEBUG -DUSE_HAL_DRIVER -DSTM32G474xx -c -I"D:/STM32G4/Benchmarking-STM32G4-Accelerators/BenchmarkingAccelerators/Drivers/DSP_Drivers/Include" -I../Core/Inc -I"D:/STM32G4/Benchmarking-STM32G4-Accelerators/BenchmarkingAccelerators/Drivers/DSP_Drivers/Source/FilteringFunctions" -I../Drivers/STM32G4xx_HAL_Driver/Inc -I../Drivers/STM32G4xx_HAL_Driver/Inc/Legacy -I../Drivers/CMSIS/Device/ST/STM32G4xx/Include -I../Drivers/CMSIS/Include -O0 -ffunction-sections -fdata-sections -Wall -fstack-usage -fcyclomatic-complexity -MMD -MP -MF"Core/Src/fmac_cmsis_interface.d" -MT"Core/Src/fmac_cmsis_interface.o" --specs=nano.specs -mfpu=fpv4-sp-d16 -mfloat-abi=hard -mthumb -o "Core/Src/fmac_cmsis_interface.o"
arm-none-eabi-gcc "../Core/Src/main.c" -mcpu=cortex-m4 -std=gnu11 -g3 -DDEBUG -DUSE_HAL_DRIVER -DSTM32G474xx -c -I"D:/STM32G4/Benchmarking-STM32G4-Accelerators/BenchmarkingAccelerators/Drivers/DSP_Drivers/Include" -I../Core/Inc -I"D:/STM32G4/Benchmarking-STM32G4-Accelerators/BenchmarkingAccelerators/Drivers/DSP_Drivers/Source/FilteringFunctions" -I../Drivers/STM32G4xx_HAL_Driver/Inc -I../Drivers/STM32G4xx_HAL_Driver/Inc/Legacy -I../Drivers/CMSIS/Device/ST/STM32G4xx/Include -I../Drivers/CMSIS/Include -O0 -ffunction-sections -fdata-sections -Wall -fstack-usage -fcyclomatic-complexity -MMD -MP -MF"Core/Src/main.d" -MT"Core/Src/main.o" --specs=nano.specs -mfpu=fpv4-sp-d16 -mfloat-abi=hard -mthumb -o "Core/Src/main.o"
arm-none-eabi-gcc "../Core/Src/stm32g4xx_hal_msp.c" -mcpu=cortex-m4 -std=gnu11 -g3 -DDEBUG -DUSE_HAL_DRIVER -DSTM32G474xx -c -I"D:/STM32G4/Benchmarking-STM32G4-Accelerators/BenchmarkingAccelerators/Drivers/DSP_Drivers/Include" -I../Core/Inc -I"D:/STM32G4/Benchmarking-STM32G4-Accelerators/BenchmarkingAccelerators/Drivers/DSP_Drivers/Source/FilteringFunctions" -I../Drivers/STM32G4xx_HAL_Driver/Inc -I../Drivers/STM32G4xx_HAL_Driver/Inc/Legacy -I../Drivers/CMSIS/Device/ST/STM32G4xx/Include -I../Drivers/CMSIS/Include -O0 -ffunction-sections -fdata-sections -Wall -fstack-usage -fcyclomatic-complexity -MMD -MP -MF"Core/Src/stm32g4xx_hal_msp.d" -MT"Core/Src/stm32g4xx_hal_msp.o" --specs=nano.specs -mfpu=fpv4-sp-d16 -mfloat-abi=hard -mthumb -o "Core/Src/stm32g4xx_hal_msp.o"
arm-none-eabi-gcc "../Core/Src/stm32g4xx_it.c" -mcpu=cortex-m4 -std=gnu11 -g3 -DDEBUG -DUSE_HAL_DRIVER -DSTM32G474xx -c -I"D:/STM32G4/Benchmarking-STM32G4-Accelerators/BenchmarkingAccelerators/Drivers/DSP_Drivers/Include" -I../Core/Inc -I"D:/STM32G4/Benchmarking-STM32G4-Accelerators/BenchmarkingAccelerators/Drivers/DSP_Drivers/Source/FilteringFunctions" -I../Drivers/STM32G4xx_HAL_Driver/Inc -I../Drivers/STM32G4xx_HAL_Driver/Inc/Legacy -I../Drivers/CMSIS/Device/ST/STM32G4xx/Include -I../Drivers/CMSIS/Include -O0 -ffunction-sections -fdata-sections -Wall -fstack-usage -fcyclomatic-complexity -MMD -MP -MF"Core/Src/stm32g4xx_it.d" -MT"Core/Src/stm32g4xx_it.o" --specs=nano.specs -mfpu=fpv4-sp-d16 -mfloat-abi=hard -mthumb -o "Core/Src/stm32g4xx_it.o"
../Core/Src/fmac_cmsis_interface.c: In function 'fmac_StartWithTimerIRQ':
../Core/Src/fmac_cmsis_interface.c:112:57: warning: passing argument 3 of 'HAL_FMAC_FilterStart' makes pointer from integer without a cast [-Wint-conversion]
  112 |         startStatus = HAL_FMAC_FilterStart(hfmac, NULL, 100);
      |                                                         ^~~
      |                                                         |
      |                                                         int
In file included from ../Core/Inc/stm32g4xx_hal_conf.h:264,
                 from ../Drivers/STM32G4xx_HAL_Driver/Inc/stm32g4xx_hal.h:29,
                 from ../Core/Inc/main.h:30,
                 from ../Core/Src/fmac_cmsis_interface.c:7:
../Drivers/STM32G4xx_HAL_Driver/Inc/stm32g4xx_hal_fmac.h:666:95: note: expected 'uint16_t *' {aka 'short unsigned int *'} but argument is of type 'int'
  666 | HAL_StatusTypeDef HAL_FMAC_FilterStart(FMAC_HandleTypeDef *hfmac, int16_t *pOutput, uint16_t *pOutputSize);
      |                                                                                     ~~~~~~~~~~^~~~~~~~~~~
../Core/Src/fmac_cmsis_interface.c: In function 'fmac_StartWithTimerIRQ_DMA':
../Core/Src/fmac_cmsis_interface.c:138:39: warning: passing argument 1 of 'HAL_FMAC_AppendFilterData' from incompatible pointer type [-Wincompatible-pointer-types]
  138 |         if (HAL_FMAC_AppendFilterData(&hfmac, lut, &lutSize) != HAL_OK) {
      |                                       ^~~~~~
      |                                       |
      |                                       FMAC_HandleTypeDef **
In file included from ../Core/Inc/stm32g4xx_hal_conf.h:264,
                 from ../Drivers/STM32G4xx_HAL_Driver/Inc/stm32g4xx_hal.h:29,
                 from ../Core/Inc/main.h:30,
                 from ../Core/Src/fmac_cmsis_interface.c:7:
../Drivers/STM32G4xx_HAL_Driver/Inc/stm32g4xx_hal_fmac.h:667:65: note: expected 'FMAC_HandleTypeDef *' but argument is of type 'FMAC_HandleTypeDef **'
  667 | HAL_StatusTypeDef HAL_FMAC_AppendFilterData(FMAC_HandleTypeDef *hfmac, int16_t *pInput, uint16_t *pInputSize);
      |                                             ~~~~~~~~~~~~~~~~~~~~^~~~~
../Core/Src/fmac_cmsis_interface.c:151:57: warning: passing argument 3 of 'HAL_FMAC_FilterStart' makes pointer from integer without a cast [-Wint-conversion]
  151 |         startStatus = HAL_FMAC_FilterStart(hfmac, NULL, 100);
      |                                                         ^~~
      |                                                         |
      |                                                         int
In file included from ../Core/Inc/stm32g4xx_hal_conf.h:264,
                 from ../Drivers/STM32G4xx_HAL_Driver/Inc/stm32g4xx_hal.h:29,
                 from ../Core/Inc/main.h:30,
                 from ../Core/Src/fmac_cmsis_interface.c:7:
../Drivers/STM32G4xx_HAL_Driver/Inc/stm32g4xx_hal_fmac.h:666:95: note: expected 'uint16_t *' {aka 'short unsigned int *'} but argument is of type 'int'
  666 | HAL_StatusTypeDef HAL_FMAC_FilterStart(FMAC_HandleTypeDef *hfmac, int16_t *pOutput, uint16_t *pOutputSize);
      |                                                                                     ~~~~~~~~~~^~~~~~~~~~~
../Core/Src/fmac_cmsis_interface.c:142:18: warning: unused variable 'outputLen' [-Wunused-variable]
  142 |         uint16_t outputLen = lutSize;  // same size as input
      |                  ^~~~~~~~~
../Core/Src/fmac_cmsis_interface.c: In function 'fmac_FilterSetDAC_TimerISR':
../Core/Src/fmac_cmsis_interface.c:176:34: warning: passing argument 1 of 'HAL_DAC_SetValue' from incompatible pointer type [-Wincompatible-pointer-types]
  176 |                 HAL_DAC_SetValue(&hdac1, DAC_CHANNEL_1, DAC_ALIGN_12B_R, dacVal);
      |                                  ^~~~~~
      |                                  |
      |                                  DAC_HandleTypeDef **
In file included from ../Core/Inc/stm32g4xx_hal_conf.h:248,
                 from ../Drivers/STM32G4xx_HAL_Driver/Inc/stm32g4xx_hal.h:29,
                 from ../Core/Inc/main.h:30,
                 from ../Core/Src/fmac_cmsis_interface.c:7:
../Drivers/STM32G4xx_HAL_Driver/Inc/stm32g4xx_hal_dac.h:559:55: note: expected 'DAC_HandleTypeDef *' but argument is of type 'DAC_HandleTypeDef **'
  559 | HAL_StatusTypeDef HAL_DAC_SetValue(DAC_HandleTypeDef *hdac, uint32_t Channel, uint32_t Alignment, uint32_t Data);
      |                                    ~~~~~~~~~~~~~~~~~~~^~~~
../Core/Src/fmac_cmsis_interface.c:178:58: warning: comparison of constant '2' with boolean expression is always true [-Wbool-compare]
  178 |         if (__HAL_FMAC_GET_FLAG(hfmac, FMAC_FLAG_X1FULL) != FMAC_FLAG_X1FULL) {
      |                                                          ^~
../Core/Src/fmac_cmsis_interface.c: In function 'fmac_FilterSetDAC_TimerISR_DMA':
../Core/Src/fmac_cmsis_interface.c:190:58: warning: comparison of constant '2' with boolean expression is always true [-Wbool-compare]
  190 |         if (__HAL_FMAC_GET_FLAG(hfmac, FMAC_FLAG_X1FULL) != FMAC_FLAG_X1FULL) {
      |                                                          ^~
../Core/Src/main.c: In function 'main':
../Core/Src/main.c:133:34: warning: unused variable 'sFmacConfig' [-Wunused-variable]
  133 |         FMAC_FilterConfigTypeDef sFmacConfig;
      |                                  ^~~~~~~~~~~
../Core/Src/stm32g4xx_it.c: In function 'TIM6_DAC_IRQHandler':
../Core/Src/stm32g4xx_it.c:274:17: warning: unused variable 'result' [-Wunused-variable]
  274 |         int16_t result;
      |                 ^~~~~~
../Core/Src/stm32g4xx_it.c: In function 'HAL_ADC_ConvCpltCallback':
../Core/Src/stm32g4xx_it.c:343:25: warning: unused variable 'result' [-Wunused-variable]
  343 |                 int16_t result;
      |                         ^~~~~~
arm-none-eabi-gcc -o "BenchmarkingAccelerators.elf" @"objects.list"  -larm_cortexM4lf_math -mcpu=cortex-m4 -T"D:\STM32G4\Benchmarking-STM32G4-Accelerators\BenchmarkingAccelerators\STM32G474RETX_FLASH.ld" --specs=nosys.specs -Wl,-Map="BenchmarkingAccelerators.map" -Wl,--gc-sections -static -L"D:\STM32G4\Benchmarking-STM32G4-Accelerators\BenchmarkingAccelerators\Drivers\DSP_Drivers\Lib\GCC" --specs=nano.specs -mfpu=fpv4-sp-d16 -mfloat-abi=hard -mthumb -Wl,--start-group -lc -lm -Wl,--end-group
Finished building target: BenchmarkingAccelerators.elf
 
arm-none-eabi-size  BenchmarkingAccelerators.elf 
arm-none-eabi-objdump -h -S BenchmarkingAccelerators.elf  > "BenchmarkingAccelerators.list"
   text	   data	    bss	    dec	    hex	filename
  27308	     20	   2412	  29740	   742c	BenchmarkingAccelerators.elf
Finished building: default.size.stdout
 
Finished building: BenchmarkingAccelerators.list
 
19:02:32 **** Incremental Build of configuration Debug for project BenchmarkingAccelerators ****
make -j8 all 
arm-none-eabi-gcc "../Core/Src/main.c" -mcpu=cortex-m4 -std=gnu11 -g3 -DDEBUG -DUSE_HAL_DRIVER -DSTM32G474xx -c -I"D:/STM32G4/Benchmarking-STM32G4-Accelerators/BenchmarkingAccelerators/Drivers/DSP_Drivers/Include" -I../Core/Inc -I"D:/STM32G4/Benchmarking-STM32G4-Accelerators/BenchmarkingAccelerators/Drivers/DSP_Drivers/Source/FilteringFunctions" -I../Drivers/STM32G4xx_HAL_Driver/Inc -I../Drivers/STM32G4xx_HAL_Driver/Inc/Legacy -I../Drivers/CMSIS/Device/ST/STM32G4xx/Include -I../Drivers/CMSIS/Include -O0 -ffunction-sections -fdata-sections -Wall -fstack-usage -fcyclomatic-complexity -MMD -MP -MF"Core/Src/main.d" -MT"Core/Src/main.o" --specs=nano.specs -mfpu=fpv4-sp-d16 -mfloat-abi=hard -mthumb -o "Core/Src/main.o"
../Core/Src/main.c: In function 'main':
../Core/Src/main.c:135:34: warning: unused variable 'sFmacConfig' [-Wunused-variable]
  135 |         FMAC_FilterConfigTypeDef sFmacConfig;
      |                                  ^~~~~~~~~~~
arm-none-eabi-gcc -o "BenchmarkingAccelerators.elf" @"objects.list"  -larm_cortexM4lf_math -mcpu=cortex-m4 -T"D:\STM32G4\Benchmarking-STM32G4-Accelerators\BenchmarkingAccelerators\STM32G474RETX_FLASH.ld" --specs=nosys.specs -Wl,-Map="BenchmarkingAccelerators.map" -Wl,--gc-sections -static -L"D:\STM32G4\Benchmarking-STM32G4-Accelerators\BenchmarkingAccelerators\Drivers\DSP_Drivers\Lib\GCC" --specs=nano.specs -mfpu=fpv4-sp-d16 -mfloat-abi=hard -mthumb -Wl,--start-group -lc -lm -Wl,--end-group
Finished building target: BenchmarkingAccelerators.elf
 
arm-none-eabi-size  BenchmarkingAccelerators.elf 
arm-none-eabi-objdump -h -S BenchmarkingAccelerators.elf  > "BenchmarkingAccelerators.list"
   text	   data	    bss	    dec	    hex	filename
  27308	     20	   2412	  29740	   742c	BenchmarkingAccelerators.elf
Finished building: default.size.stdout
 
Finished building: BenchmarkingAccelerators.list
 
19:08:17 **** Incremental Build of configuration Debug for project BenchmarkingAccelerators ****
make -j8 all 
arm-none-eabi-size  BenchmarkingAccelerators.elf 
   text	   data	    bss	    dec	    hex	filename
  27308	     20	   2412	  29740	   742c	BenchmarkingAccelerators.elf
Finished building: default.size.stdout
 
19:26:45 **** Incremental Build of configuration Debug for project BenchmarkingAccelerators ****
make -j8 all 
arm-none-eabi-gcc "../Core/Src/fmac_cmsis_interface.c" -mcpu=cortex-m4 -std=gnu11 -g3 -DDEBUG -DUSE_HAL_DRIVER -DSTM32G474xx -c -I"D:/STM32G4/Benchmarking-STM32G4-Accelerators/BenchmarkingAccelerators/Drivers/DSP_Drivers/Include" -I../Core/Inc -I"D:/STM32G4/Benchmarking-STM32G4-Accelerators/BenchmarkingAccelerators/Drivers/DSP_Drivers/Source/FilteringFunctions" -I../Drivers/STM32G4xx_HAL_Driver/Inc -I../Drivers/STM32G4xx_HAL_Driver/Inc/Legacy -I../Drivers/CMSIS/Device/ST/STM32G4xx/Include -I../Drivers/CMSIS/Include -O0 -ffunction-sections -fdata-sections -Wall -fstack-usage -fcyclomatic-complexity -MMD -MP -MF"Core/Src/fmac_cmsis_interface.d" -MT"Core/Src/fmac_cmsis_interface.o" --specs=nano.specs -mfpu=fpv4-sp-d16 -mfloat-abi=hard -mthumb -o "Core/Src/fmac_cmsis_interface.o"
arm-none-eabi-gcc "../Core/Src/main.c" -mcpu=cortex-m4 -std=gnu11 -g3 -DDEBUG -DUSE_HAL_DRIVER -DSTM32G474xx -c -I"D:/STM32G4/Benchmarking-STM32G4-Accelerators/BenchmarkingAccelerators/Drivers/DSP_Drivers/Include" -I../Core/Inc -I"D:/STM32G4/Benchmarking-STM32G4-Accelerators/BenchmarkingAccelerators/Drivers/DSP_Drivers/Source/FilteringFunctions" -I../Drivers/STM32G4xx_HAL_Driver/Inc -I../Drivers/STM32G4xx_HAL_Driver/Inc/Legacy -I../Drivers/CMSIS/Device/ST/STM32G4xx/Include -I../Drivers/CMSIS/Include -O0 -ffunction-sections -fdata-sections -Wall -fstack-usage -fcyclomatic-complexity -MMD -MP -MF"Core/Src/main.d" -MT"Core/Src/main.o" --specs=nano.specs -mfpu=fpv4-sp-d16 -mfloat-abi=hard -mthumb -o "Core/Src/main.o"
arm-none-eabi-gcc "../Core/Src/stm32g4xx_hal_msp.c" -mcpu=cortex-m4 -std=gnu11 -g3 -DDEBUG -DUSE_HAL_DRIVER -DSTM32G474xx -c -I"D:/STM32G4/Benchmarking-STM32G4-Accelerators/BenchmarkingAccelerators/Drivers/DSP_Drivers/Include" -I../Core/Inc -I"D:/STM32G4/Benchmarking-STM32G4-Accelerators/BenchmarkingAccelerators/Drivers/DSP_Drivers/Source/FilteringFunctions" -I../Drivers/STM32G4xx_HAL_Driver/Inc -I../Drivers/STM32G4xx_HAL_Driver/Inc/Legacy -I../Drivers/CMSIS/Device/ST/STM32G4xx/Include -I../Drivers/CMSIS/Include -O0 -ffunction-sections -fdata-sections -Wall -fstack-usage -fcyclomatic-complexity -MMD -MP -MF"Core/Src/stm32g4xx_hal_msp.d" -MT"Core/Src/stm32g4xx_hal_msp.o" --specs=nano.specs -mfpu=fpv4-sp-d16 -mfloat-abi=hard -mthumb -o "Core/Src/stm32g4xx_hal_msp.o"
arm-none-eabi-gcc "../Core/Src/stm32g4xx_it.c" -mcpu=cortex-m4 -std=gnu11 -g3 -DDEBUG -DUSE_HAL_DRIVER -DSTM32G474xx -c -I"D:/STM32G4/Benchmarking-STM32G4-Accelerators/BenchmarkingAccelerators/Drivers/DSP_Drivers/Include" -I../Core/Inc -I"D:/STM32G4/Benchmarking-STM32G4-Accelerators/BenchmarkingAccelerators/Drivers/DSP_Drivers/Source/FilteringFunctions" -I../Drivers/STM32G4xx_HAL_Driver/Inc -I../Drivers/STM32G4xx_HAL_Driver/Inc/Legacy -I../Drivers/CMSIS/Device/ST/STM32G4xx/Include -I../Drivers/CMSIS/Include -O0 -ffunction-sections -fdata-sections -Wall -fstack-usage -fcyclomatic-complexity -MMD -MP -MF"Core/Src/stm32g4xx_it.d" -MT"Core/Src/stm32g4xx_it.o" --specs=nano.specs -mfpu=fpv4-sp-d16 -mfloat-abi=hard -mthumb -o "Core/Src/stm32g4xx_it.o"
../Core/Src/fmac_cmsis_interface.c: In function 'fmac_StartWithTimerIRQ':
../Core/Src/fmac_cmsis_interface.c:112:57: warning: passing argument 3 of 'HAL_FMAC_FilterStart' makes pointer from integer without a cast [-Wint-conversion]
  112 |         startStatus = HAL_FMAC_FilterStart(hfmac, NULL, 100);
      |                                                         ^~~
      |                                                         |
      |                                                         int
In file included from ../Core/Inc/stm32g4xx_hal_conf.h:264,
                 from ../Drivers/STM32G4xx_HAL_Driver/Inc/stm32g4xx_hal.h:29,
                 from ../Core/Inc/main.h:30,
                 from ../Core/Src/fmac_cmsis_interface.c:7:
../Drivers/STM32G4xx_HAL_Driver/Inc/stm32g4xx_hal_fmac.h:666:95: note: expected 'uint16_t *' {aka 'short unsigned int *'} but argument is of type 'int'
  666 | HAL_StatusTypeDef HAL_FMAC_FilterStart(FMAC_HandleTypeDef *hfmac, int16_t *pOutput, uint16_t *pOutputSize);
      |                                                                                     ~~~~~~~~~~^~~~~~~~~~~
../Core/Src/fmac_cmsis_interface.c: In function 'fmac_StartWithTimerIRQ_DMA':
../Core/Src/fmac_cmsis_interface.c:138:39: warning: passing argument 1 of 'HAL_FMAC_AppendFilterData' from incompatible pointer type [-Wincompatible-pointer-types]
  138 |         if (HAL_FMAC_AppendFilterData(&hfmac, lut, &lutSize) != HAL_OK) {
      |                                       ^~~~~~
      |                                       |
      |                                       FMAC_HandleTypeDef **
In file included from ../Core/Inc/stm32g4xx_hal_conf.h:264,
                 from ../Drivers/STM32G4xx_HAL_Driver/Inc/stm32g4xx_hal.h:29,
                 from ../Core/Inc/main.h:30,
                 from ../Core/Src/fmac_cmsis_interface.c:7:
../Drivers/STM32G4xx_HAL_Driver/Inc/stm32g4xx_hal_fmac.h:667:65: note: expected 'FMAC_HandleTypeDef *' but argument is of type 'FMAC_HandleTypeDef **'
  667 | HAL_StatusTypeDef HAL_FMAC_AppendFilterData(FMAC_HandleTypeDef *hfmac, int16_t *pInput, uint16_t *pInputSize);
      |                                             ~~~~~~~~~~~~~~~~~~~~^~~~~
../Core/Src/fmac_cmsis_interface.c:151:57: warning: passing argument 3 of 'HAL_FMAC_FilterStart' makes pointer from integer without a cast [-Wint-conversion]
  151 |         startStatus = HAL_FMAC_FilterStart(hfmac, NULL, 100);
      |                                                         ^~~
      |                                                         |
      |                                                         int
In file included from ../Core/Inc/stm32g4xx_hal_conf.h:264,
                 from ../Drivers/STM32G4xx_HAL_Driver/Inc/stm32g4xx_hal.h:29,
                 from ../Core/Inc/main.h:30,
                 from ../Core/Src/fmac_cmsis_interface.c:7:
../Drivers/STM32G4xx_HAL_Driver/Inc/stm32g4xx_hal_fmac.h:666:95: note: expected 'uint16_t *' {aka 'short unsigned int *'} but argument is of type 'int'
  666 | HAL_StatusTypeDef HAL_FMAC_FilterStart(FMAC_HandleTypeDef *hfmac, int16_t *pOutput, uint16_t *pOutputSize);
      |                                                                                     ~~~~~~~~~~^~~~~~~~~~~
../Core/Src/fmac_cmsis_interface.c:142:18: warning: unused variable 'outputLen' [-Wunused-variable]
  142 |         uint16_t outputLen = lutSize;  // same size as input
      |                  ^~~~~~~~~
../Core/Src/fmac_cmsis_interface.c: In function 'fmac_FilterSetDAC_TimerISR':
../Core/Src/fmac_cmsis_interface.c:176:34: warning: passing argument 1 of 'HAL_DAC_SetValue' from incompatible pointer type [-Wincompatible-pointer-types]
  176 |                 HAL_DAC_SetValue(&hdac1, DAC_CHANNEL_1, DAC_ALIGN_12B_R, dacVal);
      |                                  ^~~~~~
      |                                  |
      |                                  DAC_HandleTypeDef **
../Core/Src/main.c: In function 'main':
../Core/Src/stm32g4xx_it.c: In function 'TIM6_DAC_IRQHandler':
../Core/Src/stm32g4xx_it.c:274:17: warning: unused variable 'result' [-Wunused-variable]
  274 |         int16_t result;
      |                 ^~~~~~
../Core/Src/main.c:137:34: warning: unused variable 'sFmacConfig' [-Wunused-variable]
  137 |         FMAC_FilterConfigTypeDef sFmacConfig;
      |                                  ^~~~~~~~~~~
In file included from ../Core/Inc/stm32g4xx_hal_conf.h:248,
                 from ../Drivers/STM32G4xx_HAL_Driver/Inc/stm32g4xx_hal.h:29,
                 from ../Core/Inc/main.h:30,
                 from ../Core/Src/fmac_cmsis_interface.c:7:
../Drivers/STM32G4xx_HAL_Driver/Inc/stm32g4xx_hal_dac.h:559:55: note: expected 'DAC_HandleTypeDef *' but argument is of type 'DAC_HandleTypeDef **'
  559 | HAL_StatusTypeDef HAL_DAC_SetValue(DAC_HandleTypeDef *hdac, uint32_t Channel, uint32_t Alignment, uint32_t Data);
      |                                    ~~~~~~~~~~~~~~~~~~~^~~~
../Core/Src/stm32g4xx_it.c: In function 'HAL_ADC_ConvCpltCallback':
../Core/Src/stm32g4xx_it.c:343:25: warning: unused variable 'result' [-Wunused-variable]
  343 |                 int16_t result;
      |                         ^~~~~~
../Core/Src/fmac_cmsis_interface.c:178:58: warning: comparison of constant '2' with boolean expression is always true [-Wbool-compare]
  178 |         if (__HAL_FMAC_GET_FLAG(hfmac, FMAC_FLAG_X1FULL) != FMAC_FLAG_X1FULL) {
      |                                                          ^~
../Core/Src/fmac_cmsis_interface.c: In function 'fmac_FilterSetDAC_TimerISR_DMA':
../Core/Src/fmac_cmsis_interface.c:190:58: warning: comparison of constant '2' with boolean expression is always true [-Wbool-compare]
  190 |         if (__HAL_FMAC_GET_FLAG(hfmac, FMAC_FLAG_X1FULL) != FMAC_FLAG_X1FULL) {
      |                                                          ^~
arm-none-eabi-gcc -o "BenchmarkingAccelerators.elf" @"objects.list"  -larm_cortexM4lf_math -mcpu=cortex-m4 -T"D:\STM32G4\Benchmarking-STM32G4-Accelerators\BenchmarkingAccelerators\STM32G474RETX_FLASH.ld" --specs=nosys.specs -Wl,-Map="BenchmarkingAccelerators.map" -Wl,--gc-sections -static -L"D:\STM32G4\Benchmarking-STM32G4-Accelerators\BenchmarkingAccelerators\Drivers\DSP_Drivers\Lib\GCC" --specs=nano.specs -mfpu=fpv4-sp-d16 -mfloat-abi=hard -mthumb -Wl,--start-group -lc -lm -Wl,--end-group
Finished building target: BenchmarkingAccelerators.elf
 
arm-none-eabi-size  BenchmarkingAccelerators.elf 
arm-none-eabi-objdump -h -S BenchmarkingAccelerators.elf  > "BenchmarkingAccelerators.list"
   text	   data	    bss	    dec	    hex	filename
  27308	     20	   2412	  29740	   742c	BenchmarkingAccelerators.elf
Finished building: default.size.stdout
 
Finished building: BenchmarkingAccelerators.list
 
19:35:09 **** Incremental Build of configuration Debug for project BenchmarkingAccelerators ****
make -j8 all 
arm-none-eabi-gcc "../Core/Src/main.c" -mcpu=cortex-m4 -std=gnu11 -g3 -DDEBUG -DUSE_HAL_DRIVER -DSTM32G474xx -c -I"D:/STM32G4/Benchmarking-STM32G4-Accelerators/BenchmarkingAccelerators/Drivers/DSP_Drivers/Include" -I../Core/Inc -I"D:/STM32G4/Benchmarking-STM32G4-Accelerators/BenchmarkingAccelerators/Drivers/DSP_Drivers/Source/FilteringFunctions" -I../Drivers/STM32G4xx_HAL_Driver/Inc -I../Drivers/STM32G4xx_HAL_Driver/Inc/Legacy -I../Drivers/CMSIS/Device/ST/STM32G4xx/Include -I../Drivers/CMSIS/Include -O0 -ffunction-sections -fdata-sections -Wall -fstack-usage -fcyclomatic-complexity -MMD -MP -MF"Core/Src/main.d" -MT"Core/Src/main.o" --specs=nano.specs -mfpu=fpv4-sp-d16 -mfloat-abi=hard -mthumb -o "Core/Src/main.o"
arm-none-eabi-gcc "../Core/Src/stm32g4xx_it.c" -mcpu=cortex-m4 -std=gnu11 -g3 -DDEBUG -DUSE_HAL_DRIVER -DSTM32G474xx -c -I"D:/STM32G4/Benchmarking-STM32G4-Accelerators/BenchmarkingAccelerators/Drivers/DSP_Drivers/Include" -I../Core/Inc -I"D:/STM32G4/Benchmarking-STM32G4-Accelerators/BenchmarkingAccelerators/Drivers/DSP_Drivers/Source/FilteringFunctions" -I../Drivers/STM32G4xx_HAL_Driver/Inc -I../Drivers/STM32G4xx_HAL_Driver/Inc/Legacy -I../Drivers/CMSIS/Device/ST/STM32G4xx/Include -I../Drivers/CMSIS/Include -O0 -ffunction-sections -fdata-sections -Wall -fstack-usage -fcyclomatic-complexity -MMD -MP -MF"Core/Src/stm32g4xx_it.d" -MT"Core/Src/stm32g4xx_it.o" --specs=nano.specs -mfpu=fpv4-sp-d16 -mfloat-abi=hard -mthumb -o "Core/Src/stm32g4xx_it.o"
../Core/Src/main.c: In function 'main':
../Core/Src/main.c:134:34: warning: unused variable 'sFmacConfig' [-Wunused-variable]
  134 |         FMAC_FilterConfigTypeDef sFmacConfig;
      |                                  ^~~~~~~~~~~
../Core/Src/stm32g4xx_it.c: In function 'TIM6_DAC_IRQHandler':
../Core/Src/stm32g4xx_it.c:274:17: warning: unused variable 'result' [-Wunused-variable]
  274 |         int16_t result;
      |                 ^~~~~~
../Core/Src/stm32g4xx_it.c: In function 'HAL_ADC_ConvCpltCallback':
../Core/Src/stm32g4xx_it.c:343:25: warning: unused variable 'result' [-Wunused-variable]
  343 |                 int16_t result;
      |                         ^~~~~~
arm-none-eabi-gcc -o "BenchmarkingAccelerators.elf" @"objects.list"  -larm_cortexM4lf_math -mcpu=cortex-m4 -T"D:\STM32G4\Benchmarking-STM32G4-Accelerators\BenchmarkingAccelerators\STM32G474RETX_FLASH.ld" --specs=nosys.specs -Wl,-Map="BenchmarkingAccelerators.map" -Wl,--gc-sections -static -L"D:\STM32G4\Benchmarking-STM32G4-Accelerators\BenchmarkingAccelerators\Drivers\DSP_Drivers\Lib\GCC" --specs=nano.specs -mfpu=fpv4-sp-d16 -mfloat-abi=hard -mthumb -Wl,--start-group -lc -lm -Wl,--end-group
Finished building target: BenchmarkingAccelerators.elf
 
arm-none-eabi-size  BenchmarkingAccelerators.elf 
arm-none-eabi-objdump -h -S BenchmarkingAccelerators.elf  > "BenchmarkingAccelerators.list"
   text	   data	    bss	    dec	    hex	filename
  27308	     20	   2412	  29740	   742c	BenchmarkingAccelerators.elf
Finished building: default.size.stdout
 
Finished building: BenchmarkingAccelerators.list
 
19:45:30 **** Incremental Build of configuration Debug for project BenchmarkingAccelerators ****
make -j8 all 
arm-none-eabi-gcc "../Core/Src/filter_coeffs.c" -mcpu=cortex-m4 -std=gnu11 -g3 -DDEBUG -DUSE_HAL_DRIVER -DSTM32G474xx -c -I"D:/STM32G4/Benchmarking-STM32G4-Accelerators/BenchmarkingAccelerators/Drivers/DSP_Drivers/Include" -I../Core/Inc -I"D:/STM32G4/Benchmarking-STM32G4-Accelerators/BenchmarkingAccelerators/Drivers/DSP_Drivers/Source/FilteringFunctions" -I../Drivers/STM32G4xx_HAL_Driver/Inc -I../Drivers/STM32G4xx_HAL_Driver/Inc/Legacy -I../Drivers/CMSIS/Device/ST/STM32G4xx/Include -I../Drivers/CMSIS/Include -O0 -ffunction-sections -fdata-sections -Wall -fstack-usage -fcyclomatic-complexity -MMD -MP -MF"Core/Src/filter_coeffs.d" -MT"Core/Src/filter_coeffs.o" --specs=nano.specs -mfpu=fpv4-sp-d16 -mfloat-abi=hard -mthumb -o "Core/Src/filter_coeffs.o"
arm-none-eabi-gcc "../Core/Src/fmac_cmsis_interface.c" -mcpu=cortex-m4 -std=gnu11 -g3 -DDEBUG -DUSE_HAL_DRIVER -DSTM32G474xx -c -I"D:/STM32G4/Benchmarking-STM32G4-Accelerators/BenchmarkingAccelerators/Drivers/DSP_Drivers/Include" -I../Core/Inc -I"D:/STM32G4/Benchmarking-STM32G4-Accelerators/BenchmarkingAccelerators/Drivers/DSP_Drivers/Source/FilteringFunctions" -I../Drivers/STM32G4xx_HAL_Driver/Inc -I../Drivers/STM32G4xx_HAL_Driver/Inc/Legacy -I../Drivers/CMSIS/Device/ST/STM32G4xx/Include -I../Drivers/CMSIS/Include -O0 -ffunction-sections -fdata-sections -Wall -fstack-usage -fcyclomatic-complexity -MMD -MP -MF"Core/Src/fmac_cmsis_interface.d" -MT"Core/Src/fmac_cmsis_interface.o" --specs=nano.specs -mfpu=fpv4-sp-d16 -mfloat-abi=hard -mthumb -o "Core/Src/fmac_cmsis_interface.o"
arm-none-eabi-gcc "../Core/Src/main.c" -mcpu=cortex-m4 -std=gnu11 -g3 -DDEBUG -DUSE_HAL_DRIVER -DSTM32G474xx -c -I"D:/STM32G4/Benchmarking-STM32G4-Accelerators/BenchmarkingAccelerators/Drivers/DSP_Drivers/Include" -I../Core/Inc -I"D:/STM32G4/Benchmarking-STM32G4-Accelerators/BenchmarkingAccelerators/Drivers/DSP_Drivers/Source/FilteringFunctions" -I../Drivers/STM32G4xx_HAL_Driver/Inc -I../Drivers/STM32G4xx_HAL_Driver/Inc/Legacy -I../Drivers/CMSIS/Device/ST/STM32G4xx/Include -I../Drivers/CMSIS/Include -O0 -ffunction-sections -fdata-sections -Wall -fstack-usage -fcyclomatic-complexity -MMD -MP -MF"Core/Src/main.d" -MT"Core/Src/main.o" --specs=nano.specs -mfpu=fpv4-sp-d16 -mfloat-abi=hard -mthumb -o "Core/Src/main.o"
arm-none-eabi-gcc "../Core/Src/stm32g4xx_hal_msp.c" -mcpu=cortex-m4 -std=gnu11 -g3 -DDEBUG -DUSE_HAL_DRIVER -DSTM32G474xx -c -I"D:/STM32G4/Benchmarking-STM32G4-Accelerators/BenchmarkingAccelerators/Drivers/DSP_Drivers/Include" -I../Core/Inc -I"D:/STM32G4/Benchmarking-STM32G4-Accelerators/BenchmarkingAccelerators/Drivers/DSP_Drivers/Source/FilteringFunctions" -I../Drivers/STM32G4xx_HAL_Driver/Inc -I../Drivers/STM32G4xx_HAL_Driver/Inc/Legacy -I../Drivers/CMSIS/Device/ST/STM32G4xx/Include -I../Drivers/CMSIS/Include -O0 -ffunction-sections -fdata-sections -Wall -fstack-usage -fcyclomatic-complexity -MMD -MP -MF"Core/Src/stm32g4xx_hal_msp.d" -MT"Core/Src/stm32g4xx_hal_msp.o" --specs=nano.specs -mfpu=fpv4-sp-d16 -mfloat-abi=hard -mthumb -o "Core/Src/stm32g4xx_hal_msp.o"
arm-none-eabi-gcc "../Core/Src/stm32g4xx_it.c" -mcpu=cortex-m4 -std=gnu11 -g3 -DDEBUG -DUSE_HAL_DRIVER -DSTM32G474xx -c -I"D:/STM32G4/Benchmarking-STM32G4-Accelerators/BenchmarkingAccelerators/Drivers/DSP_Drivers/Include" -I../Core/Inc -I"D:/STM32G4/Benchmarking-STM32G4-Accelerators/BenchmarkingAccelerators/Drivers/DSP_Drivers/Source/FilteringFunctions" -I../Drivers/STM32G4xx_HAL_Driver/Inc -I../Drivers/STM32G4xx_HAL_Driver/Inc/Legacy -I../Drivers/CMSIS/Device/ST/STM32G4xx/Include -I../Drivers/CMSIS/Include -O0 -ffunction-sections -fdata-sections -Wall -fstack-usage -fcyclomatic-complexity -MMD -MP -MF"Core/Src/stm32g4xx_it.d" -MT"Core/Src/stm32g4xx_it.o" --specs=nano.specs -mfpu=fpv4-sp-d16 -mfloat-abi=hard -mthumb -o "Core/Src/stm32g4xx_it.o"
../Core/Src/fmac_cmsis_interface.c: In function 'fmac_StartWithTimerIRQ':
../Core/Src/fmac_cmsis_interface.c:112:57: warning: passing argument 3 of 'HAL_FMAC_FilterStart' makes pointer from integer without a cast [-Wint-conversion]
  112 |         startStatus = HAL_FMAC_FilterStart(hfmac, NULL, 100);
      |                                                         ^~~
      |                                                         |
      |                                                         int
In file included from ../Core/Inc/stm32g4xx_hal_conf.h:264,
                 from ../Drivers/STM32G4xx_HAL_Driver/Inc/stm32g4xx_hal.h:29,
                 from ../Core/Inc/main.h:30,
                 from ../Core/Src/fmac_cmsis_interface.c:7:
../Drivers/STM32G4xx_HAL_Driver/Inc/stm32g4xx_hal_fmac.h:666:95: note: expected 'uint16_t *' {aka 'short unsigned int *'} but argument is of type 'int'
  666 | HAL_StatusTypeDef HAL_FMAC_FilterStart(FMAC_HandleTypeDef *hfmac, int16_t *pOutput, uint16_t *pOutputSize);
      |                                                                                     ~~~~~~~~~~^~~~~~~~~~~
../Core/Src/fmac_cmsis_interface.c: In function 'fmac_StartWithTimerIRQ_DMA':
../Core/Src/fmac_cmsis_interface.c:138:39: warning: passing argument 1 of 'HAL_FMAC_AppendFilterData' from incompatible pointer type [-Wincompatible-pointer-types]
  138 |         if (HAL_FMAC_AppendFilterData(&hfmac, lut, &lutSize) != HAL_OK) {
      |                                       ^~~~~~
      |                                       |
      |                                       FMAC_HandleTypeDef **
In file included from ../Core/Inc/stm32g4xx_hal_conf.h:264,
                 from ../Drivers/STM32G4xx_HAL_Driver/Inc/stm32g4xx_hal.h:29,
                 from ../Core/Inc/main.h:30,
                 from ../Core/Src/fmac_cmsis_interface.c:7:
../Drivers/STM32G4xx_HAL_Driver/Inc/stm32g4xx_hal_fmac.h:667:65: note: expected 'FMAC_HandleTypeDef *' but argument is of type 'FMAC_HandleTypeDef **'
  667 | HAL_StatusTypeDef HAL_FMAC_AppendFilterData(FMAC_HandleTypeDef *hfmac, int16_t *pInput, uint16_t *pInputSize);
      |                                             ~~~~~~~~~~~~~~~~~~~~^~~~~
../Core/Src/stm32g4xx_it.c: In function 'TIM6_DAC_IRQHandler':
../Core/Src/fmac_cmsis_interface.c:151:57: warning: passing argument 3 of 'HAL_FMAC_FilterStart' makes pointer from integer without a cast [-Wint-conversion]
  151 |         startStatus = HAL_FMAC_FilterStart(hfmac, NULL, 100);
      |                                                         ^~~
      |                                                         |
      |                                                         int
In file included from ../Core/Inc/stm32g4xx_hal_conf.h:264,
                 from ../Drivers/STM32G4xx_HAL_Driver/Inc/stm32g4xx_hal.h:29,
                 from ../Core/Inc/main.h:30,
                 from ../Core/Src/fmac_cmsis_interface.c:7:
../Drivers/STM32G4xx_HAL_Driver/Inc/stm32g4xx_hal_fmac.h:666:95: note: expected 'uint16_t *' {aka 'short unsigned int *'} but argument is of type 'int'
  666 | HAL_StatusTypeDef HAL_FMAC_FilterStart(FMAC_HandleTypeDef *hfmac, int16_t *pOutput, uint16_t *pOutputSize);
      |                                                                                     ~~~~~~~~~~^~~~~~~~~~~
../Core/Src/stm32g4xx_it.c:274:17: warning: unused variable 'result' [-Wunused-variable]
  274 |         int16_t result;
      |                 ^~~~~~
../Core/Src/main.c: In function 'main':
../Core/Src/fmac_cmsis_interface.c:142:18: warning: unused variable 'outputLen' [-Wunused-variable]
  142 |         uint16_t outputLen = lutSize;  // same size as input
      |                  ^~~~~~~~~
../Core/Src/main.c:134:34: warning: unused variable 'sFmacConfig' [-Wunused-variable]
  134 |         FMAC_FilterConfigTypeDef sFmacConfig;
      |                                  ^~~~~~~~~~~
../Core/Src/fmac_cmsis_interface.c: In function 'fmac_FilterSetDAC_TimerISR':
../Core/Src/stm32g4xx_it.c: In function 'HAL_ADC_ConvCpltCallback':
[...]
      |                                       |
      |                                       FMAC_HandleTypeDef **
In file included from ../Core/Inc/stm32g4xx_hal_conf.h:264,
                 from ../Drivers/STM32G4xx_HAL_Driver/Inc/stm32g4xx_hal.h:29,
                 from ../Core/Inc/main.h:30,
                 from ../Core/Src/fmac_cmsis_interface.c:7:
../Drivers/STM32G4xx_HAL_Driver/Inc/stm32g4xx_hal_fmac.h:667:65: note: expected 'FMAC_HandleTypeDef *' but argument is of type 'FMAC_HandleTypeDef **'
  667 | HAL_StatusTypeDef HAL_FMAC_AppendFilterData(FMAC_HandleTypeDef *hfmac, int16_t *pInput, uint16_t *pInputSize);
      |                                             ~~~~~~~~~~~~~~~~~~~~^~~~~
../Core/Src/fmac_cmsis_interface.c:151:57: warning: passing argument 3 of 'HAL_FMAC_FilterStart' makes pointer from integer without a cast [-Wint-conversion]
  151 |         startStatus = HAL_FMAC_FilterStart(hfmac, NULL, 100);
      |                                                         ^~~
      |                                                         |
      |                                                         int
In file included from ../Core/Inc/stm32g4xx_hal_conf.h:264,
                 from ../Drivers/STM32G4xx_HAL_Driver/Inc/stm32g4xx_hal.h:29,
                 from ../Core/Inc/main.h:30,
                 from ../Core/Src/fmac_cmsis_interface.c:7:
../Drivers/STM32G4xx_HAL_Driver/Inc/stm32g4xx_hal_fmac.h:666:95: note: expected 'uint16_t *' {aka 'short unsigned int *'} but argument is of type 'int'
  666 | HAL_StatusTypeDef HAL_FMAC_FilterStart(FMAC_HandleTypeDef *hfmac, int16_t *pOutput, uint16_t *pOutputSize);
      |                                                                                     ~~~~~~~~~~^~~~~~~~~~~
../Core/Src/fmac_cmsis_interface.c:142:18: warning: unused variable 'outputLen' [-Wunused-variable]
  142 |         uint16_t outputLen = lutSize;  // same size as input
      |                  ^~~~~~~~~
../Core/Src/fmac_cmsis_interface.c: In function 'fmac_FilterSetDAC_TimerISR':
../Core/Src/fmac_cmsis_interface.c:176:34: warning: passing argument 1 of 'HAL_DAC_SetValue' from incompatible pointer type [-Wincompatible-pointer-types]
  176 |                 HAL_DAC_SetValue(&hdac1, DAC_CHANNEL_1, DAC_ALIGN_12B_R, dacVal);
      |                                  ^~~~~~
      |                                  |
      |                                  DAC_HandleTypeDef **
In file included from ../Core/Inc/stm32g4xx_hal_conf.h:248,
                 from ../Drivers/STM32G4xx_HAL_Driver/Inc/stm32g4xx_hal.h:29,
                 from ../Core/Inc/main.h:30,
                 from ../Core/Src/fmac_cmsis_interface.c:7:
../Drivers/STM32G4xx_HAL_Driver/Inc/stm32g4xx_hal_dac.h:559:55: note: expected 'DAC_HandleTypeDef *' but argument is of type 'DAC_HandleTypeDef **'
  559 | HAL_StatusTypeDef HAL_DAC_SetValue(DAC_HandleTypeDef *hdac, uint32_t Channel, uint32_t Alignment, uint32_t Data);
      |                                    ~~~~~~~~~~~~~~~~~~~^~~~
../Core/Src/fmac_cmsis_interface.c:178:58: warning: comparison of constant '2' with boolean expression is always true [-Wbool-compare]
  178 |         if (__HAL_FMAC_GET_FLAG(hfmac, FMAC_FLAG_X1FULL) != FMAC_FLAG_X1FULL) {
      |                                                          ^~
../Core/Src/fmac_cmsis_interface.c: In function 'fmac_FilterSetDAC_TimerISR_DMA':
../Core/Src/fmac_cmsis_interface.c:190:58: warning: comparison of constant '2' with boolean expression is always true [-Wbool-compare]
  190 |         if (__HAL_FMAC_GET_FLAG(hfmac, FMAC_FLAG_X1FULL) != FMAC_FLAG_X1FULL) {
      |                                                          ^~
arm-none-eabi-gcc -o "BenchmarkingAccelerators.elf" @"objects.list"  -larm_cortexM4lf_math -mcpu=cortex-m4 -T"D:\STM32G4\Benchmarking-STM32G4-Accelerators\BenchmarkingAccelerators\STM32G474RETX_FLASH.ld" --specs=nosys.specs -Wl,-Map="BenchmarkingAccelerators.map" -Wl,--gc-sections -static -L"D:\STM32G4\Benchmarking-STM32G4-Accelerators\BenchmarkingAccelerators\Drivers\DSP_Drivers\Lib\GCC" --specs=nano.specs -mfpu=fpv4-sp-d16 -mfloat-abi=hard -mthumb -Wl,--start-group -lc -lm -Wl,--end-group
Finished building target: BenchmarkingAccelerators.elf
 
arm-none-eabi-size  BenchmarkingAccelerators.elf 
arm-none-eabi-objdump -h -S BenchmarkingAccelerators.elf  > "BenchmarkingAccelerators.list"
   text	   data	    bss	    dec	    hex	filename
  28940	     28	   2300	  31268	   7a24	BenchmarkingAccelerators.elf
Finished building: default.size.stdout
 
Finished building: BenchmarkingAccelerators.list
 
21:14:39 **** Incremental Build of configuration Debug for project BenchmarkingAccelerators ****
make -j8 all 
arm-none-eabi-gcc "../Core/Src/stm32g4xx_it.c" -mcpu=cortex-m4 -std=gnu11 -g3 -DDEBUG -DUSE_HAL_DRIVER -DSTM32G474xx -c -I"D:/STM32G4/Benchmarking-STM32G4-Accelerators/BenchmarkingAccelerators/Drivers/DSP_Drivers/Include" -I../Core/Inc -I"D:/STM32G4/Benchmarking-STM32G4-Accelerators/BenchmarkingAccelerators/Drivers/DSP_Drivers/Source/FilteringFunctions" -I../Drivers/STM32G4xx_HAL_Driver/Inc -I../Drivers/STM32G4xx_HAL_Driver/Inc/Legacy -I../Drivers/CMSIS/Device/ST/STM32G4xx/Include -I../Drivers/CMSIS/Include -O0 -ffunction-sections -fdata-sections -Wall -fstack-usage -fcyclomatic-complexity -MMD -MP -MF"Core/Src/stm32g4xx_it.d" -MT"Core/Src/stm32g4xx_it.o" --specs=nano.specs -mfpu=fpv4-sp-d16 -mfloat-abi=hard -mthumb -o "Core/Src/stm32g4xx_it.o"
../Core/Src/stm32g4xx_it.c: In function 'TIM6_DAC_IRQHandler':
../Core/Src/stm32g4xx_it.c:275:17: warning: unused variable 'result' [-Wunused-variable]
  275 |         int16_t result;
      |                 ^~~~~~
../Core/Src/stm32g4xx_it.c: In function 'HAL_ADC_ConvCpltCallback':
../Core/Src/stm32g4xx_it.c:374:26: warning: unused variable 'dac_val' [-Wunused-variable]
  374 |                 uint32_t dac_val = (uint32_t) (((int32_t) y_prev + 32768) >> 4); //Scale to 0–4095
      |                          ^~~~~~~
../Core/Src/stm32g4xx_it.c:344:25: warning: unused variable 'result' [-Wunused-variable]
  344 |                 int16_t result;
      |                         ^~~~~~
arm-none-eabi-gcc -o "BenchmarkingAccelerators.elf" @"objects.list"  -larm_cortexM4lf_math -mcpu=cortex-m4 -T"D:\STM32G4\Benchmarking-STM32G4-Accelerators\BenchmarkingAccelerators\STM32G474RETX_FLASH.ld" --specs=nosys.specs -Wl,-Map="BenchmarkingAccelerators.map" -Wl,--gc-sections -static -L"D:\STM32G4\Benchmarking-STM32G4-Accelerators\BenchmarkingAccelerators\Drivers\DSP_Drivers\Lib\GCC" --specs=nano.specs -mfpu=fpv4-sp-d16 -mfloat-abi=hard -mthumb -Wl,--start-group -lc -lm -Wl,--end-group
Finished building target: BenchmarkingAccelerators.elf
 
arm-none-eabi-size  BenchmarkingAccelerators.elf 
arm-none-eabi-objdump -h -S BenchmarkingAccelerators.elf  > "BenchmarkingAccelerators.list"
   text	   data	    bss	    dec	    hex	filename
  26920	     28	   2300	  29248	   7240	BenchmarkingAccelerators.elf
Finished building: default.size.stdout
 
Finished building: BenchmarkingAccelerators.list
 
21:15:20 **** Incremental Build of configuration Debug for project BenchmarkingAccelerators ****
make -j8 all 
arm-none-eabi-gcc "../Core/Src/stm32g4xx_it.c" -mcpu=cortex-m4 -std=gnu11 -g3 -DDEBUG -DUSE_HAL_DRIVER -DSTM32G474xx -c -I"D:/STM32G4/Benchmarking-STM32G4-Accelerators/BenchmarkingAccelerators/Drivers/DSP_Drivers/Include" -I../Core/Inc -I"D:/STM32G4/Benchmarking-STM32G4-Accelerators/BenchmarkingAccelerators/Drivers/DSP_Drivers/Source/FilteringFunctions" -I../Drivers/STM32G4xx_HAL_Driver/Inc -I../Drivers/STM32G4xx_HAL_Driver/Inc/Legacy -I../Drivers/CMSIS/Device/ST/STM32G4xx/Include -I../Drivers/CMSIS/Include -O0 -ffunction-sections -fdata-sections -Wall -fstack-usage -fcyclomatic-complexity -MMD -MP -MF"Core/Src/stm32g4xx_it.d" -MT"Core/Src/stm32g4xx_it.o" --specs=nano.specs -mfpu=fpv4-sp-d16 -mfloat-abi=hard -mthumb -o "Core/Src/stm32g4xx_it.o"
../Core/Src/stm32g4xx_it.c: In function 'TIM6_DAC_IRQHandler':
../Core/Src/stm32g4xx_it.c:275:17: warning: unused variable 'result' [-Wunused-variable]
  275 |         int16_t result;
      |                 ^~~~~~
../Core/Src/stm32g4xx_it.c: In function 'HAL_ADC_ConvCpltCallback':
../Core/Src/stm32g4xx_it.c:344:25: warning: unused variable 'result' [-Wunused-variable]
  344 |                 int16_t result;
      |                         ^~~~~~
arm-none-eabi-gcc -o "BenchmarkingAccelerators.elf" @"objects.list"  -larm_cortexM4lf_math -mcpu=cortex-m4 -T"D:\STM32G4\Benchmarking-STM32G4-Accelerators\BenchmarkingAccelerators\STM32G474RETX_FLASH.ld" --specs=nosys.specs -Wl,-Map="BenchmarkingAccelerators.map" -Wl,--gc-sections -static -L"D:\STM32G4\Benchmarking-STM32G4-Accelerators\BenchmarkingAccelerators\Drivers\DSP_Drivers\Lib\GCC" --specs=nano.specs -mfpu=fpv4-sp-d16 -mfloat-abi=hard -mthumb -Wl,--start-group -lc -lm -Wl,--end-group
Finished building target: BenchmarkingAccelerators.elf
 
arm-none-eabi-size  BenchmarkingAccelerators.elf 
arm-none-eabi-objdump -h -S BenchmarkingAccelerators.elf  > "BenchmarkingAccelerators.list"
   text	   data	    bss	    dec	    hex	filename
  26936	     28	   2300	  29264	   7250	BenchmarkingAccelerators.elf
Finished building: default.size.stdout
 
Finished building: BenchmarkingAccelerators.list
 
21:16:28 **** Incremental Build of configuration Debug for project BenchmarkingAccelerators ****
make -j8 all 
arm-none-eabi-gcc "../Core/Src/filter_coeffs.c" -mcpu=cortex-m4 -std=gnu11 -g3 -DDEBUG -DUSE_HAL_DRIVER -DSTM32G474xx -c -I"D:/STM32G4/Benchmarking-STM32G4-Accelerators/BenchmarkingAccelerators/Drivers/DSP_Drivers/Include" -I../Core/Inc -I"D:/STM32G4/Benchmarking-STM32G4-Accelerators/BenchmarkingAccelerators/Drivers/DSP_Drivers/Source/FilteringFunctions" -I../Drivers/STM32G4xx_HAL_Driver/Inc -I../Drivers/STM32G4xx_HAL_Driver/Inc/Legacy -I../Drivers/CMSIS/Device/ST/STM32G4xx/Include -I../Drivers/CMSIS/Include -O0 -ffunction-sections -fdata-sections -Wall -fstack-usage -fcyclomatic-complexity -MMD -MP -MF"Core/Src/filter_coeffs.d" -MT"Core/Src/filter_coeffs.o" --specs=nano.specs -mfpu=fpv4-sp-d16 -mfloat-abi=hard -mthumb -o "Core/Src/filter_coeffs.o"
arm-none-eabi-gcc "../Core/Src/fmac_cmsis_interface.c" -mcpu=cortex-m4 -std=gnu11 -g3 -DDEBUG -DUSE_HAL_DRIVER -DSTM32G474xx -c -I"D:/STM32G4/Benchmarking-STM32G4-Accelerators/BenchmarkingAccelerators/Drivers/DSP_Drivers/Include" -I../Core/Inc -I"D:/STM32G4/Benchmarking-STM32G4-Accelerators/BenchmarkingAccelerators/Drivers/DSP_Drivers/Source/FilteringFunctions" -I../Drivers/STM32G4xx_HAL_Driver/Inc -I../Drivers/STM32G4xx_HAL_Driver/Inc/Legacy -I../Drivers/CMSIS/Device/ST/STM32G4xx/Include -I../Drivers/CMSIS/Include -O0 -ffunction-sections -fdata-sections -Wall -fstack-usage -fcyclomatic-complexity -MMD -MP -MF"Core/Src/fmac_cmsis_interface.d" -MT"Core/Src/fmac_cmsis_interface.o" --specs=nano.specs -mfpu=fpv4-sp-d16 -mfloat-abi=hard -mthumb -o "Core/Src/fmac_cmsis_interface.o"
arm-none-eabi-gcc "../Core/Src/main.c" -mcpu=cortex-m4 -std=gnu11 -g3 -DDEBUG -DUSE_HAL_DRIVER -DSTM32G474xx -c -I"D:/STM32G4/Benchmarking-STM32G4-Accelerators/BenchmarkingAccelerators/Drivers/DSP_Drivers/Include" -I../Core/Inc -I"D:/STM32G4/Benchmarking-STM32G4-Accelerators/BenchmarkingAccelerators/Drivers/DSP_Drivers/Source/FilteringFunctions" -I../Drivers/STM32G4xx_HAL_Driver/Inc -I../Drivers/STM32G4xx_HAL_Driver/Inc/Legacy -I../Drivers/CMSIS/Device/ST/STM32G4xx/Include -I../Drivers/CMSIS/Include -O0 -ffunction-sections -fdata-sections -Wall -fstack-usage -fcyclomatic-complexity -MMD -MP -MF"Core/Src/main.d" -MT"Core/Src/main.o" --specs=nano.specs -mfpu=fpv4-sp-d16 -mfloat-abi=hard -mthumb -o "Core/Src/main.o"
arm-none-eabi-gcc "../Core/Src/stm32g4xx_hal_msp.c" -mcpu=cortex-m4 -std=gnu11 -g3 -DDEBUG -DUSE_HAL_DRIVER -DSTM32G474xx -c -I"D:/STM32G4/Benchmarking-STM32G4-Accelerators/BenchmarkingAccelerators/Drivers/DSP_Drivers/Include" -I../Core/Inc -I"D:/STM32G4/Benchmarking-STM32G4-Accelerators/BenchmarkingAccelerators/Drivers/DSP_Drivers/Source/FilteringFunctions" -I../Drivers/STM32G4xx_HAL_Driver/Inc -I../Drivers/STM32G4xx_HAL_Driver/Inc/Legacy -I../Drivers/CMSIS/Device/ST/STM32G4xx/Include -I../Drivers/CMSIS/Include -O0 -ffunction-sections -fdata-sections -Wall -fstack-usage -fcyclomatic-complexity -MMD -MP -MF"Core/Src/stm32g4xx_hal_msp.d" -MT"Core/Src/stm32g4xx_hal_msp.o" --specs=nano.specs -mfpu=fpv4-sp-d16 -mfloat-abi=hard -mthumb -o "Core/Src/stm32g4xx_hal_msp.o"
arm-none-eabi-gcc "../Core/Src/stm32g4xx_it.c" -mcpu=cortex-m4 -std=gnu11 -g3 -DDEBUG -DUSE_HAL_DRIVER -DSTM32G474xx -c -I"D:/STM32G4/Benchmarking-STM32G4-Accelerators/BenchmarkingAccelerators/Drivers/DSP_Drivers/Include" -I../Core/Inc -I"D:/STM32G4/Benchmarking-STM32G4-Accelerators/BenchmarkingAccelerators/Drivers/DSP_Drivers/Source/FilteringFunctions" -I../Drivers/STM32G4xx_HAL_Driver/Inc -I../Drivers/STM32G4xx_HAL_Driver/Inc/Legacy -I../Drivers/CMSIS/Device/ST/STM32G4xx/Include -I../Drivers/CMSIS/Include -O0 -ffunction-sections -fdata-sections -Wall -fstack-usage -fcyclomatic-complexity -MMD -MP -MF"Core/Src/stm32g4xx_it.d" -MT"Core/Src/stm32g4xx_it.o" --specs=nano.specs -mfpu=fpv4-sp-d16 -mfloat-abi=hard -mthumb -o "Core/Src/stm32g4xx_it.o"
../Core/Src/fmac_cmsis_interface.c: In function 'fmac_StartWithTimerIRQ':
../Core/Src/fmac_cmsis_interface.c:112:57: warning: passing argument 3 of 'HAL_FMAC_FilterStart' makes pointer from integer without a cast [-Wint-conversion]
  112 |         startStatus = HAL_FMAC_FilterStart(hfmac, NULL, 100);
      |                                                         ^~~
      |                                                         |
      |                                                         int
In file included from ../Core/Inc/stm32g4xx_hal_conf.h:264,
                 from ../Drivers/STM32G4xx_HAL_Driver/Inc/stm32g4xx_hal.h:29,
                 from ../Core/Inc/main.h:30,
                 from ../Core/Src/fmac_cmsis_interface.c:7:
../Drivers/STM32G4xx_HAL_Driver/Inc/stm32g4xx_hal_fmac.h:666:95: note: expected 'uint16_t *' {aka 'short unsigned int *'} but argument is of type 'int'
  666 | HAL_StatusTypeDef HAL_FMAC_FilterStart(FMAC_HandleTypeDef *hfmac, int16_t *pOutput, uint16_t *pOutputSize);
      |                                                                                     ~~~~~~~~~~^~~~~~~~~~~
../Core/Src/fmac_cmsis_interface.c: In function 'fmac_StartWithTimerIRQ_DMA':
../Core/Src/fmac_cmsis_interface.c:138:39: warning: passing argument 1 of 'HAL_FMAC_AppendFilterData' from incompatible pointer type [-Wincompatible-pointer-types]
  138 |         if (HAL_FMAC_AppendFilterData(&hfmac, lut, &lutSize) != HAL_OK) {
      |                                       ^~~~~~
      |                                       |
      |                                       FMAC_HandleTypeDef **
In file included from ../Core/Inc/stm32g4xx_hal_conf.h:264,
                 from ../Drivers/STM32G4xx_HAL_Driver/Inc/stm32g4xx_hal.h:29,
                 from ../Core/Inc/main.h:30,
                 from ../Core/Src/fmac_cmsis_interface.c:7:
../Drivers/STM32G4xx_HAL_Driver/Inc/stm32g4xx_hal_fmac.h:667:65: note: expected 'FMAC_HandleTypeDef *' but argument is of type 'FMAC_HandleTypeDef **'
  667 | HAL_StatusTypeDef HAL_FMAC_AppendFilterData(FMAC_HandleTypeDef *hfmac, int16_t *pInput, uint16_t *pInputSize);
      |                                             ~~~~~~~~~~~~~~~~~~~~^~~~~
../Core/Src/fmac_cmsis_interface.c:151:57: warning: passing argument 3 of 'HAL_FMAC_FilterStart' makes pointer from integer without a cast [-Wint-conversion]
  151 |         startStatus = HAL_FMAC_FilterStart(hfmac, NULL, 100);
      |                                                         ^~~
      |                                                         |
      |                                                         int
In file included from ../Core/Inc/stm32g4xx_hal_conf.h:264,
                 from ../Drivers/STM32G4xx_HAL_Driver/Inc/stm32g4xx_hal.h:29,
                 from ../Core/Inc/main.h:30,
                 from ../Core/Src/fmac_cmsis_interface.c:7:
../Drivers/STM32G4xx_HAL_Driver/Inc/stm32g4xx_hal_fmac.h:666:95: note: expected 'uint16_t *' {aka 'short unsigned int *'} but argument is of type 'int'
  666 | HAL_StatusTypeDef HAL_FMAC_FilterStart(FMAC_HandleTypeDef *hfmac, int16_t *pOutput, uint16_t *pOutputSize);
      |                                                                                     ~~~~~~~~~~^~~~~~~~~~~
../Core/Src/fmac_cmsis_interface.c:142:18: warning: unused variable 'outputLen' [-Wunused-variable]
  142 |         uint16_t outputLen = lutSize;  // same size as input
      |                  ^~~~~~~~~
../Core/Src/fmac_cmsis_interface.c: In function 'fmac_FilterSetDAC_TimerISR':
../Core/Src/fmac_cmsis_interface.c:176:34: warning: passing argument 1 of 'HAL_DAC_SetValue' from incompatible pointer type [-Wincompatible-pointer-types]
  176 |                 HAL_DAC_SetValue(&hdac1, DAC_CHANNEL_1, DAC_ALIGN_12B_R, dacVal);
      |                                  ^~~~~~
      |                                  |
      |                                  DAC_HandleTypeDef **
In file included from ../Core/Inc/stm32g4xx_hal_conf.h:248,
                 from ../Drivers/STM32G4xx_HAL_Driver/Inc/stm32g4xx_hal.h:29,
                 from ../Core/Inc/main.h:30,
                 from ../Core/Src/fmac_cmsis_interface.c:7:
../Drivers/STM32G4xx_HAL_Driver/Inc/stm32g4xx_hal_dac.h:559:55: note: expected 'DAC_HandleTypeDef *' but argument is of type 'DAC_HandleTypeDef **'
  559 | HAL_StatusTypeDef HAL_DAC_SetValue(DAC_HandleTypeDef *hdac, uint32_t Channel, uint32_t Alignment, uint32_t Data);
      |                                    ~~~~~~~~~~~~~~~~~~~^~~~
../Core/Src/fmac_cmsis_interface.c:178:58: warning: comparison of constant '2' with boolean expression is always true [-Wbool-compare]
  178 |         if (__HAL_FMAC_GET_FLAG(hfmac, FMAC_FLAG_X1FULL) != FMAC_FLAG_X1FULL) {
      |                                                          ^~
../Core/Src/fmac_cmsis_interface.c: In function 'fmac_FilterSetDAC_TimerISR_DMA':
../Core/Src/fmac_cmsis_interface.c:190:58: warning: comparison of constant '2' with boolean expression is always true [-Wbool-compare]
  190 |         if (__HAL_FMAC_GET_FLAG(hfmac, FMAC_FLAG_X1FULL) != FMAC_FLAG_X1FULL) {
      |                                                          ^~
../Core/Src/main.c: In function 'main':
../Core/Src/main.c:134:34: warning: unused variable 'sFmacConfig' [-Wunused-variable]
  134 |         FMAC_FilterConfigTypeDef sFmacConfig;
      |                                  ^~~~~~~~~~~
../Core/Src/stm32g4xx_it.c: In function 'TIM6_DAC_IRQHandler':
../Core/Src/stm32g4xx_it.c:275:17: warning: unused variable 'result' [-Wunused-variable]
  275 |         int16_t result;
      |                 ^~~~~~
../Core/Src/stm32g4xx_it.c: In function 'HAL_ADC_ConvCpltCallback':
../Core/Src/stm32g4xx_it.c:344:25: warning: unused variable 'result' [-Wunused-variable]
  344 |                 int16_t result;
      |                         ^~~~~~
arm-none-eabi-gcc -o "BenchmarkingAccelerators.elf" @"objects.list"  -larm_cortexM4lf_math -mcpu=cortex-m4 -T"D:\STM32G4\Benchmarking-STM32G4-Accelerators\BenchmarkingAccelerators\STM32G474RETX_FLASH.ld" --specs=nosys.specs -Wl,-Map="BenchmarkingAccelerators.map" -Wl,--gc-sections -static -L"D:\STM32G4\Benchmarking-STM32G4-Accelerators\BenchmarkingAccelerators\Drivers\DSP_Drivers\Lib\GCC" --specs=nano.specs -mfpu=fpv4-sp-d16 -mfloat-abi=hard -mthumb -Wl,--start-group -lc -lm -Wl,--end-group
Finished building target: BenchmarkingAccelerators.elf
 
arm-none-eabi-size  BenchmarkingAccelerators.elf 
arm-none-eabi-objdump -h -S BenchmarkingAccelerators.elf  > "BenchmarkingAccelerators.list"
   text	   data	    bss	    dec	    hex	filename
  28940	     28	   2300	  31268	   7a24	BenchmarkingAccelerators.elf
Finished building: default.size.stdout
 
Finished building: BenchmarkingAccelerators.list
 
